Archive member included to satisfy reference by file (symbol)

/opt/Altera/QuartusPrime-15.1/nios2eds/bin/gnu/H-x86_64-pc-linux-gnu/bin/../lib/gcc/nios2-elf/4.9.2/../../../../../H-x86_64-pc-linux-gnu/nios2-elf/lib/libsmallc.a(lib_a-printf.o)
                              obj/default/main.o (printf)
/opt/Altera/QuartusPrime-15.1/nios2eds/bin/gnu/H-x86_64-pc-linux-gnu/bin/../lib/gcc/nios2-elf/4.9.2/../../../../../H-x86_64-pc-linux-gnu/nios2-elf/lib/libsmallc.a(lib_a-vfprintf.o)
                              /opt/Altera/QuartusPrime-15.1/nios2eds/bin/gnu/H-x86_64-pc-linux-gnu/bin/../lib/gcc/nios2-elf/4.9.2/../../../../../H-x86_64-pc-linux-gnu/nios2-elf/lib/libsmallc.a(lib_a-printf.o) (___vfprintf_internal_r)
/opt/Altera/QuartusPrime-15.1/nios2eds/bin/gnu/H-x86_64-pc-linux-gnu/bin/../lib/gcc/nios2-elf/4.9.2/../../../../../H-x86_64-pc-linux-gnu/nios2-elf/lib/libsmallc.a(lib_a-fvwrite_small_dev.o)
                              /opt/Altera/QuartusPrime-15.1/nios2eds/bin/gnu/H-x86_64-pc-linux-gnu/bin/../lib/gcc/nios2-elf/4.9.2/../../../../../H-x86_64-pc-linux-gnu/nios2-elf/lib/libsmallc.a(lib_a-printf.o) (__sfvwrite_small_dev)
/opt/Altera/QuartusPrime-15.1/nios2eds/bin/gnu/H-x86_64-pc-linux-gnu/bin/../lib/gcc/nios2-elf/4.9.2/../../../../../H-x86_64-pc-linux-gnu/nios2-elf/lib/libsmallc.a(lib_a-impure.o)
                              /opt/Altera/QuartusPrime-15.1/nios2eds/bin/gnu/H-x86_64-pc-linux-gnu/bin/../lib/gcc/nios2-elf/4.9.2/../../../../../H-x86_64-pc-linux-gnu/nios2-elf/lib/libsmallc.a(lib_a-printf.o) (_impure_ptr)
/opt/Altera/QuartusPrime-15.1/nios2eds/bin/gnu/H-x86_64-pc-linux-gnu/bin/../lib/gcc/nios2-elf/4.9.2/../../../../../H-x86_64-pc-linux-gnu/nios2-elf/lib/libsmallc.a(lib_a-strlen.o)
                              /opt/Altera/QuartusPrime-15.1/nios2eds/bin/gnu/H-x86_64-pc-linux-gnu/bin/../lib/gcc/nios2-elf/4.9.2/../../../../../H-x86_64-pc-linux-gnu/nios2-elf/lib/libsmallc.a(lib_a-vfprintf.o) (strlen)
/opt/Altera/QuartusPrime-15.1/nios2eds/bin/gnu/H-x86_64-pc-linux-gnu/bin/../lib/gcc/nios2-elf/4.9.2/../../../../../H-x86_64-pc-linux-gnu/nios2-elf/lib/libsmallc.a(lib_a-writer.o)
                              /opt/Altera/QuartusPrime-15.1/nios2eds/bin/gnu/H-x86_64-pc-linux-gnu/bin/../lib/gcc/nios2-elf/4.9.2/../../../../../H-x86_64-pc-linux-gnu/nios2-elf/lib/libsmallc.a(lib_a-fvwrite_small_dev.o) (_write_r)
/opt/Altera/QuartusPrime-15.1/nios2eds/bin/gnu/H-x86_64-pc-linux-gnu/bin/../lib/gcc/nios2-elf/4.9.2/../../../../../H-x86_64-pc-linux-gnu/nios2-elf/lib/libsmallc.a(lib_a-int_errno.o)
                              /opt/Altera/QuartusPrime-15.1/nios2eds/bin/gnu/H-x86_64-pc-linux-gnu/bin/../lib/gcc/nios2-elf/4.9.2/../../../../../H-x86_64-pc-linux-gnu/nios2-elf/lib/libsmallc.a(lib_a-writer.o) (errno)
/opt/Altera/QuartusPrime-15.1/nios2eds/bin/gnu/H-x86_64-pc-linux-gnu/bin/../lib/gcc/nios2-elf/4.9.2/libgcc.a(lib2-divmod.o)
                              /opt/Altera/QuartusPrime-15.1/nios2eds/bin/gnu/H-x86_64-pc-linux-gnu/bin/../lib/gcc/nios2-elf/4.9.2/../../../../../H-x86_64-pc-linux-gnu/nios2-elf/lib/libsmallc.a(lib_a-vfprintf.o) (__udivsi3)
../BSP//libhal_bsp.a(alt_load.o)
                              ../BSP//obj/HAL/src/crt0.o (alt_load)
../BSP//libhal_bsp.a(alt_main.o)
                              ../BSP//obj/HAL/src/crt0.o (alt_main)
../BSP//libhal_bsp.a(alt_usleep.o)
                              obj/default/main.o (usleep)
../BSP//libhal_bsp.a(alt_write.o)
                              /opt/Altera/QuartusPrime-15.1/nios2eds/bin/gnu/H-x86_64-pc-linux-gnu/bin/../lib/gcc/nios2-elf/4.9.2/../../../../../H-x86_64-pc-linux-gnu/nios2-elf/lib/libsmallc.a(lib_a-writer.o) (write)
../BSP//libhal_bsp.a(alt_sys_init.o)
                              ../BSP//libhal_bsp.a(alt_write.o) (jtag_uart)
../BSP//libhal_bsp.a(altera_avalon_jtag_uart_write.o)
                              ../BSP//libhal_bsp.a(alt_write.o) (altera_avalon_jtag_uart_write)
../BSP//libhal_bsp.a(altera_avalon_uart_write.o)
                              ../BSP//libhal_bsp.a(alt_write.o) (altera_avalon_uart_write)
../BSP//libhal_bsp.a(alt_busy_sleep.o)
                              ../BSP//libhal_bsp.a(alt_usleep.o) (alt_busy_sleep)
../BSP//libhal_bsp.a(alt_dcache_flush_all.o)
                              ../BSP//libhal_bsp.a(alt_load.o) (alt_dcache_flush_all)
../BSP//libhal_bsp.a(alt_errno.o)
                              ../BSP//libhal_bsp.a(alt_write.o) (alt_errno)
../BSP//libhal_bsp.a(alt_icache_flush_all.o)
                              ../BSP//libhal_bsp.a(alt_load.o) (alt_icache_flush_all)
../BSP//libhal_bsp.a(altera_nios2_gen2_irq.o)
                              ../BSP//libhal_bsp.a(alt_sys_init.o) (altera_nios2_gen2_irq_init)
../BSP//libhal_bsp.a(alt_icache_flush.o)
                              ../BSP//libhal_bsp.a(alt_icache_flush_all.o) (alt_icache_flush)

Allocating common symbols
Common symbol       size              file

errno               0x4               /opt/Altera/QuartusPrime-15.1/nios2eds/bin/gnu/H-x86_64-pc-linux-gnu/bin/../lib/gcc/nios2-elf/4.9.2/../../../../../H-x86_64-pc-linux-gnu/nios2-elf/lib/libsmallc.a(lib_a-int_errno.o)

Memory Configuration

Name             Origin             Length             Attributes
sdram            0x0000000002000000 0x0000000002000000
reset            0x0000000004010000 0x0000000000000020
ram              0x0000000004010020 0x0000000000009fe0
*default*        0x0000000000000000 0xffffffffffffffff

Linker script and memory map

LOAD ../BSP//obj/HAL/src/crt0.o
LOAD obj/default/main.o
LOAD /opt/Altera/QuartusPrime-15.1/nios2eds/bin/gnu/H-x86_64-pc-linux-gnu/bin/../lib/gcc/nios2-elf/4.9.2/../../../../../H-x86_64-pc-linux-gnu/nios2-elf/lib/libstdc++.a
LOAD /opt/Altera/QuartusPrime-15.1/nios2eds/bin/gnu/H-x86_64-pc-linux-gnu/bin/../lib/gcc/nios2-elf/4.9.2/../../../../../H-x86_64-pc-linux-gnu/nios2-elf/lib/libm.a
LOAD /opt/Altera/QuartusPrime-15.1/nios2eds/bin/gnu/H-x86_64-pc-linux-gnu/bin/../lib/gcc/nios2-elf/4.9.2/libgcc.a
START GROUP
LOAD /opt/Altera/QuartusPrime-15.1/nios2eds/bin/gnu/H-x86_64-pc-linux-gnu/bin/../lib/gcc/nios2-elf/4.9.2/../../../../../H-x86_64-pc-linux-gnu/nios2-elf/lib/libsmallc.a
LOAD /opt/Altera/QuartusPrime-15.1/nios2eds/bin/gnu/H-x86_64-pc-linux-gnu/bin/../lib/gcc/nios2-elf/4.9.2/libgcc.a
LOAD ../BSP//libhal_bsp.a
LOAD /opt/Altera/QuartusPrime-15.1/nios2eds/bin/gnu/H-x86_64-pc-linux-gnu/bin/../lib/gcc/nios2-elf/4.9.2/../../../../../H-x86_64-pc-linux-gnu/nios2-elf/lib/libm.a
END GROUP
LOAD /opt/Altera/QuartusPrime-15.1/nios2eds/bin/gnu/H-x86_64-pc-linux-gnu/bin/../lib/gcc/nios2-elf/4.9.2/libgcc.a
                0x0000000002000000                __alt_mem_sdram = 0x2000000
                0x0000000004010000                __alt_mem_ram = 0x4010000

.entry          0x0000000004010000       0x20
 *(.entry)
 .entry         0x0000000004010000       0x20 ../BSP//obj/HAL/src/crt0.o
                0x0000000004010000                __reset
                0x000000000401001c                _exit

.exceptions     0x0000000004010020        0x0
                0x0000000004010020                PROVIDE (__ram_exceptions_start, ABSOLUTE (.))
                0x0000000004010020                . = ALIGN (0x20)
 *(.irq)
 *(.exceptions.entry.label)
 *(.exceptions.entry.user)
 *(.exceptions.entry.ecc_fatal)
 *(.exceptions.entry)
 *(.exceptions.irqtest.user)
 *(.exceptions.irqtest)
 *(.exceptions.irqhandler.user)
 *(.exceptions.irqhandler)
 *(.exceptions.irqreturn.user)
 *(.exceptions.irqreturn)
 *(.exceptions.notirq.label)
 *(.exceptions.notirq.user)
 *(.exceptions.notirq)
 *(.exceptions.soft.user)
 *(.exceptions.soft)
 *(.exceptions.unknown.user)
 *(.exceptions.unknown)
 *(.exceptions.exit.label)
 *(.exceptions.exit.user)
 *(.exceptions.exit)
 *(.exceptions)
                0x0000000004010020                PROVIDE (__ram_exceptions_end, ABSOLUTE (.))
                0x0000000004010020                PROVIDE (__flash_exceptions_start, LOADADDR (.exceptions))

.text           0x0000000004010020     0x1044
                0x0000000004010020                PROVIDE (stext, ABSOLUTE (.))
 *(.interp)
 *(.hash)
 *(.dynsym)
 *(.dynstr)
 *(.gnu.version)
 *(.gnu.version_d)
 *(.gnu.version_r)
 *(.rel.init)
 *(.rela.init)
 *(.rel.text .rel.text.* .rel.gnu.linkonce.t.*)
 *(.rela.text .rela.text.* .rela.gnu.linkonce.t.*)
 *(.rel.fini)
 *(.rela.fini)
 *(.rel.rodata .rel.rodata.* .rel.gnu.linkonce.r.*)
 *(.rela.rodata .rela.rodata.* .rela.gnu.linkonce.r.*)
 *(.rel.data .rel.data.* .rel.gnu.linkonce.d.*)
 *(.rela.data .rela.data.* .rela.gnu.linkonce.d.*)
 *(.rel.tdata .rel.tdata.* .rel.gnu.linkonce.td.*)
 *(.rela.tdata .rela.tdata.* .rela.gnu.linkonce.td.*)
 *(.rel.tbss .rel.tbss.* .rel.gnu.linkonce.tb.*)
 *(.rela.tbss .rela.tbss.* .rela.gnu.linkonce.tb.*)
 *(.rel.ctors)
 *(.rela.ctors)
 *(.rel.dtors)
 *(.rela.dtors)
 *(.rel.got)
 *(.rela.got)
 *(.rel.sdata .rel.sdata.* .rel.gnu.linkonce.s.*)
 *(.rela.sdata .rela.sdata.* .rela.gnu.linkonce.s.*)
 *(.rel.sbss .rel.sbss.* .rel.gnu.linkonce.sb.*)
 *(.rela.sbss .rela.sbss.* .rela.gnu.linkonce.sb.*)
 *(.rel.sdata2 .rel.sdata2.* .rel.gnu.linkonce.s2.*)
 *(.rela.sdata2 .rela.sdata2.* .rela.gnu.linkonce.s2.*)
 *(.rel.sbss2 .rel.sbss2.* .rel.gnu.linkonce.sb2.*)
 *(.rela.sbss2 .rela.sbss2.* .rela.gnu.linkonce.sb2.*)
 *(.rel.bss .rel.bss.* .rel.gnu.linkonce.b.*)
 *(.rela.bss .rela.bss.* .rela.gnu.linkonce.b.*)
 *(.rel.plt)
 *(.rela.plt)
 *(.rel.dyn)
 *(.init)
 *(.plt)
 *(.text .stub .text.* .gnu.linkonce.t.*)
 .text          0x0000000004010020       0x4c ../BSP//obj/HAL/src/crt0.o
                0x0000000004010020                _start
 .text          0x000000000401006c       0x74 obj/default/main.o
                0x000000000401006c                main
 .text          0x00000000040100e0        0x0 /opt/Altera/QuartusPrime-15.1/nios2eds/bin/gnu/H-x86_64-pc-linux-gnu/bin/../lib/gcc/nios2-elf/4.9.2/../../../../../H-x86_64-pc-linux-gnu/nios2-elf/lib/libsmallc.a(lib_a-printf.o)
 .text._printf_r
                0x00000000040100e0       0x3c /opt/Altera/QuartusPrime-15.1/nios2eds/bin/gnu/H-x86_64-pc-linux-gnu/bin/../lib/gcc/nios2-elf/4.9.2/../../../../../H-x86_64-pc-linux-gnu/nios2-elf/lib/libsmallc.a(lib_a-printf.o)
                0x00000000040100e0                _printf_r
 .text.printf   0x000000000401011c       0x4c /opt/Altera/QuartusPrime-15.1/nios2eds/bin/gnu/H-x86_64-pc-linux-gnu/bin/../lib/gcc/nios2-elf/4.9.2/../../../../../H-x86_64-pc-linux-gnu/nios2-elf/lib/libsmallc.a(lib_a-printf.o)
                0x000000000401011c                printf
 .text          0x0000000004010168        0x0 /opt/Altera/QuartusPrime-15.1/nios2eds/bin/gnu/H-x86_64-pc-linux-gnu/bin/../lib/gcc/nios2-elf/4.9.2/../../../../../H-x86_64-pc-linux-gnu/nios2-elf/lib/libsmallc.a(lib_a-vfprintf.o)
 .text.print_repeat
                0x0000000004010168       0x6c /opt/Altera/QuartusPrime-15.1/nios2eds/bin/gnu/H-x86_64-pc-linux-gnu/bin/../lib/gcc/nios2-elf/4.9.2/../../../../../H-x86_64-pc-linux-gnu/nios2-elf/lib/libsmallc.a(lib_a-vfprintf.o)
 .text.___vfprintf_internal_r
                0x00000000040101d4      0x544 /opt/Altera/QuartusPrime-15.1/nios2eds/bin/gnu/H-x86_64-pc-linux-gnu/bin/../lib/gcc/nios2-elf/4.9.2/../../../../../H-x86_64-pc-linux-gnu/nios2-elf/lib/libsmallc.a(lib_a-vfprintf.o)
                0x00000000040101d4                ___vfprintf_internal_r
 .text.__vfprintf_internal
                0x0000000004010718       0x24 /opt/Altera/QuartusPrime-15.1/nios2eds/bin/gnu/H-x86_64-pc-linux-gnu/bin/../lib/gcc/nios2-elf/4.9.2/../../../../../H-x86_64-pc-linux-gnu/nios2-elf/lib/libsmallc.a(lib_a-vfprintf.o)
                0x0000000004010718                __vfprintf_internal
 .text          0x000000000401073c        0x0 /opt/Altera/QuartusPrime-15.1/nios2eds/bin/gnu/H-x86_64-pc-linux-gnu/bin/../lib/gcc/nios2-elf/4.9.2/../../../../../H-x86_64-pc-linux-gnu/nios2-elf/lib/libsmallc.a(lib_a-fvwrite_small_dev.o)
 .text.__sfvwrite_small_dev
                0x000000000401073c       0xac /opt/Altera/QuartusPrime-15.1/nios2eds/bin/gnu/H-x86_64-pc-linux-gnu/bin/../lib/gcc/nios2-elf/4.9.2/../../../../../H-x86_64-pc-linux-gnu/nios2-elf/lib/libsmallc.a(lib_a-fvwrite_small_dev.o)
                0x000000000401073c                __sfvwrite_small_dev
 .text          0x00000000040107e8        0x0 /opt/Altera/QuartusPrime-15.1/nios2eds/bin/gnu/H-x86_64-pc-linux-gnu/bin/../lib/gcc/nios2-elf/4.9.2/../../../../../H-x86_64-pc-linux-gnu/nios2-elf/lib/libsmallc.a(lib_a-impure.o)
 .text          0x00000000040107e8        0x0 /opt/Altera/QuartusPrime-15.1/nios2eds/bin/gnu/H-x86_64-pc-linux-gnu/bin/../lib/gcc/nios2-elf/4.9.2/../../../../../H-x86_64-pc-linux-gnu/nios2-elf/lib/libsmallc.a(lib_a-strlen.o)
 .text.strlen   0x00000000040107e8       0x1c /opt/Altera/QuartusPrime-15.1/nios2eds/bin/gnu/H-x86_64-pc-linux-gnu/bin/../lib/gcc/nios2-elf/4.9.2/../../../../../H-x86_64-pc-linux-gnu/nios2-elf/lib/libsmallc.a(lib_a-strlen.o)
                0x00000000040107e8                strlen
 .text          0x0000000004010804        0x0 /opt/Altera/QuartusPrime-15.1/nios2eds/bin/gnu/H-x86_64-pc-linux-gnu/bin/../lib/gcc/nios2-elf/4.9.2/../../../../../H-x86_64-pc-linux-gnu/nios2-elf/lib/libsmallc.a(lib_a-writer.o)
 .text._write_r
                0x0000000004010804       0x58 /opt/Altera/QuartusPrime-15.1/nios2eds/bin/gnu/H-x86_64-pc-linux-gnu/bin/../lib/gcc/nios2-elf/4.9.2/../../../../../H-x86_64-pc-linux-gnu/nios2-elf/lib/libsmallc.a(lib_a-writer.o)
                0x0000000004010804                _write_r
 .text          0x000000000401085c        0x0 /opt/Altera/QuartusPrime-15.1/nios2eds/bin/gnu/H-x86_64-pc-linux-gnu/bin/../lib/gcc/nios2-elf/4.9.2/../../../../../H-x86_64-pc-linux-gnu/nios2-elf/lib/libsmallc.a(lib_a-int_errno.o)
 .text          0x000000000401085c      0x12c /opt/Altera/QuartusPrime-15.1/nios2eds/bin/gnu/H-x86_64-pc-linux-gnu/bin/../lib/gcc/nios2-elf/4.9.2/libgcc.a(lib2-divmod.o)
                0x00000000040108c8                __divsi3
                0x000000000401091c                __modsi3
                0x0000000004010978                __udivsi3
                0x0000000004010980                __umodsi3
 .text          0x0000000004010988       0xe4 ../BSP//libhal_bsp.a(alt_load.o)
                0x00000000040109ec                alt_load
 .text          0x0000000004010a6c       0x4c ../BSP//libhal_bsp.a(alt_main.o)
                0x0000000004010a6c                alt_main
 .text          0x0000000004010ab8       0x30 ../BSP//libhal_bsp.a(alt_usleep.o)
                0x0000000004010ab8                usleep
 .text          0x0000000004010ae8       0xec ../BSP//libhal_bsp.a(alt_write.o)
                0x0000000004010b38                write
 .text          0x0000000004010bd4       0x54 ../BSP//libhal_bsp.a(alt_sys_init.o)
                0x0000000004010bd4                alt_irq_init
                0x0000000004010c08                alt_sys_init
 .text          0x0000000004010c28       0x94 ../BSP//libhal_bsp.a(altera_avalon_jtag_uart_write.o)
                0x0000000004010c28                altera_avalon_jtag_uart_write
 .text          0x0000000004010cbc      0x130 ../BSP//libhal_bsp.a(altera_avalon_uart_write.o)
                0x0000000004010d0c                altera_avalon_uart_write
 .text          0x0000000004010dec      0x158 ../BSP//libhal_bsp.a(alt_busy_sleep.o)
                0x0000000004010dec                alt_busy_sleep
 .text          0x0000000004010f44       0x44 ../BSP//libhal_bsp.a(alt_dcache_flush_all.o)
                0x0000000004010f44                alt_dcache_flush_all
 .text          0x0000000004010f88        0x0 ../BSP//libhal_bsp.a(alt_errno.o)
 .text          0x0000000004010f88       0x30 ../BSP//libhal_bsp.a(alt_icache_flush_all.o)
                0x0000000004010f88                alt_icache_flush_all
 .text          0x0000000004010fb8       0x20 ../BSP//libhal_bsp.a(altera_nios2_gen2_irq.o)
                0x0000000004010fb8                altera_nios2_gen2_irq_init
 .text          0x0000000004010fd8       0x8c ../BSP//libhal_bsp.a(alt_icache_flush.o)
                0x0000000004010fd8                alt_icache_flush
 *(.gnu.warning.*)
 *(.fini)
                0x0000000004011064                PROVIDE (__etext, ABSOLUTE (.))
                0x0000000004011064                PROVIDE (_etext, ABSOLUTE (.))
                0x0000000004011064                PROVIDE (etext, ABSOLUTE (.))
 *(.eh_frame_hdr)
                0x0000000004011064                . = ALIGN (0x4)
                0x0000000004011064                PROVIDE (__preinit_array_start, ABSOLUTE (.))
 *(.preinit_array)
                0x0000000004011064                PROVIDE (__preinit_array_end, ABSOLUTE (.))
                0x0000000004011064                PROVIDE (__init_array_start, ABSOLUTE (.))
 *(.init_array)
                0x0000000004011064                PROVIDE (__init_array_end, ABSOLUTE (.))
                0x0000000004011064                PROVIDE (__fini_array_start, ABSOLUTE (.))
 *(.fini_array)
                0x0000000004011064                PROVIDE (__fini_array_end, ABSOLUTE (.))
 *(.eh_frame)
 *(.gcc_except_table .gcc_except_table.*)
 *(.dynamic)
                0x0000000004011064                PROVIDE (__CTOR_LIST__, ABSOLUTE (.))
 *(.ctors)
 *(SORT(.ctors.*))
                0x0000000004011064                PROVIDE (__CTOR_END__, ABSOLUTE (.))
                0x0000000004011064                PROVIDE (__DTOR_LIST__, ABSOLUTE (.))
 *(.dtors)
 *(SORT(.dtors.*))
                0x0000000004011064                PROVIDE (__DTOR_END__, ABSOLUTE (.))
 *(.jcr)
                0x0000000004011064                . = ALIGN (0x4)

.rodata         0x0000000004011064       0x10
                0x0000000004011064                PROVIDE (__ram_rodata_start, ABSOLUTE (.))
                0x0000000004011064                . = ALIGN (0x4)
 *(.rodata .rodata.* .gnu.linkonce.r.*)
 .rodata        0x0000000004011064       0x10 obj/default/main.o
 *(.rodata1)
                0x0000000004011074                . = ALIGN (0x4)
                0x0000000004011074                PROVIDE (__ram_rodata_end, ABSOLUTE (.))
                0x0000000004011064                PROVIDE (__flash_rodata_start, LOADADDR (.rodata))

.rwdata         0x0000000004011074       0xf4 load address 0x0000000004011168
                0x0000000004011074                PROVIDE (__ram_rwdata_start, ABSOLUTE (.))
                0x0000000004011074                . = ALIGN (0x4)
 *(.got.plt)
 *(.got)
 *(.data1)
 *(.data .data.* .gnu.linkonce.d.*)
 .data          0x0000000004011074        0x0 ../BSP//obj/HAL/src/crt0.o
 .data          0x0000000004011074        0x0 obj/default/main.o
 .data          0x0000000004011074        0x0 /opt/Altera/QuartusPrime-15.1/nios2eds/bin/gnu/H-x86_64-pc-linux-gnu/bin/../lib/gcc/nios2-elf/4.9.2/../../../../../H-x86_64-pc-linux-gnu/nios2-elf/lib/libsmallc.a(lib_a-printf.o)
 .data          0x0000000004011074        0x0 /opt/Altera/QuartusPrime-15.1/nios2eds/bin/gnu/H-x86_64-pc-linux-gnu/bin/../lib/gcc/nios2-elf/4.9.2/../../../../../H-x86_64-pc-linux-gnu/nios2-elf/lib/libsmallc.a(lib_a-vfprintf.o)
 .data          0x0000000004011074        0x0 /opt/Altera/QuartusPrime-15.1/nios2eds/bin/gnu/H-x86_64-pc-linux-gnu/bin/../lib/gcc/nios2-elf/4.9.2/../../../../../H-x86_64-pc-linux-gnu/nios2-elf/lib/libsmallc.a(lib_a-fvwrite_small_dev.o)
 .data          0x0000000004011074        0x0 /opt/Altera/QuartusPrime-15.1/nios2eds/bin/gnu/H-x86_64-pc-linux-gnu/bin/../lib/gcc/nios2-elf/4.9.2/../../../../../H-x86_64-pc-linux-gnu/nios2-elf/lib/libsmallc.a(lib_a-impure.o)
 .data.impure_data
                0x0000000004011074       0xe0 /opt/Altera/QuartusPrime-15.1/nios2eds/bin/gnu/H-x86_64-pc-linux-gnu/bin/../lib/gcc/nios2-elf/4.9.2/../../../../../H-x86_64-pc-linux-gnu/nios2-elf/lib/libsmallc.a(lib_a-impure.o)
 .data          0x0000000004011154        0x0 /opt/Altera/QuartusPrime-15.1/nios2eds/bin/gnu/H-x86_64-pc-linux-gnu/bin/../lib/gcc/nios2-elf/4.9.2/../../../../../H-x86_64-pc-linux-gnu/nios2-elf/lib/libsmallc.a(lib_a-strlen.o)
 .data          0x0000000004011154        0x0 /opt/Altera/QuartusPrime-15.1/nios2eds/bin/gnu/H-x86_64-pc-linux-gnu/bin/../lib/gcc/nios2-elf/4.9.2/../../../../../H-x86_64-pc-linux-gnu/nios2-elf/lib/libsmallc.a(lib_a-writer.o)
 .data          0x0000000004011154        0x0 /opt/Altera/QuartusPrime-15.1/nios2eds/bin/gnu/H-x86_64-pc-linux-gnu/bin/../lib/gcc/nios2-elf/4.9.2/../../../../../H-x86_64-pc-linux-gnu/nios2-elf/lib/libsmallc.a(lib_a-int_errno.o)
 .data          0x0000000004011154        0x0 /opt/Altera/QuartusPrime-15.1/nios2eds/bin/gnu/H-x86_64-pc-linux-gnu/bin/../lib/gcc/nios2-elf/4.9.2/libgcc.a(lib2-divmod.o)
 .data          0x0000000004011154        0x0 ../BSP//libhal_bsp.a(alt_load.o)
 .data          0x0000000004011154        0x0 ../BSP//libhal_bsp.a(alt_main.o)
 .data          0x0000000004011154        0x0 ../BSP//libhal_bsp.a(alt_usleep.o)
 .data          0x0000000004011154        0x0 ../BSP//libhal_bsp.a(alt_write.o)
 .data          0x0000000004011154        0x0 ../BSP//libhal_bsp.a(alt_sys_init.o)
 .data          0x0000000004011154        0x0 ../BSP//libhal_bsp.a(altera_avalon_jtag_uart_write.o)
 .data          0x0000000004011154        0x0 ../BSP//libhal_bsp.a(altera_avalon_uart_write.o)
 .data          0x0000000004011154        0x0 ../BSP//libhal_bsp.a(alt_busy_sleep.o)
 .data          0x0000000004011154        0x0 ../BSP//libhal_bsp.a(alt_dcache_flush_all.o)
 .data          0x0000000004011154        0x0 ../BSP//libhal_bsp.a(alt_errno.o)
 .data          0x0000000004011154        0x0 ../BSP//libhal_bsp.a(alt_icache_flush_all.o)
 .data          0x0000000004011154        0x0 ../BSP//libhal_bsp.a(altera_nios2_gen2_irq.o)
 .data          0x0000000004011154        0x0 ../BSP//libhal_bsp.a(alt_icache_flush.o)
                0x0000000004019154                _gp = ABSOLUTE ((. + 0x8000))
                0x0000000004019154                PROVIDE (gp, _gp)
 *(.rwdata .rwdata.*)
 *(.sdata .sdata.* .gnu.linkonce.s.*)
 .sdata._global_impure_ptr
                0x0000000004011154        0x4 /opt/Altera/QuartusPrime-15.1/nios2eds/bin/gnu/H-x86_64-pc-linux-gnu/bin/../lib/gcc/nios2-elf/4.9.2/../../../../../H-x86_64-pc-linux-gnu/nios2-elf/lib/libsmallc.a(lib_a-impure.o)
                0x0000000004011154                _global_impure_ptr
 .sdata._impure_ptr
                0x0000000004011158        0x4 /opt/Altera/QuartusPrime-15.1/nios2eds/bin/gnu/H-x86_64-pc-linux-gnu/bin/../lib/gcc/nios2-elf/4.9.2/../../../../../H-x86_64-pc-linux-gnu/nios2-elf/lib/libsmallc.a(lib_a-impure.o)
                0x0000000004011158                _impure_ptr
 .sdata         0x000000000401115c        0x8 ../BSP//libhal_bsp.a(alt_sys_init.o)
                0x000000000401115c                jtag_uart
                0x0000000004011160                uart
 .sdata         0x0000000004011164        0x4 ../BSP//libhal_bsp.a(alt_errno.o)
                0x0000000004011164                alt_errno
 *(.sdata2 .sdata2.* .gnu.linkonce.s2.*)
                0x0000000004011168                . = ALIGN (0x4)
                0x0000000004011168                _edata = ABSOLUTE (.)
                0x0000000004011168                PROVIDE (edata, ABSOLUTE (.))
                0x0000000004011168                PROVIDE (__ram_rwdata_end, ABSOLUTE (.))
                0x0000000004011168                PROVIDE (__flash_rwdata_start, LOADADDR (.rwdata))

.bss            0x000000000401125c       0x18
                0x000000000401125c                __bss_start = ABSOLUTE (.)
                0x000000000401125c                PROVIDE (__sbss_start, ABSOLUTE (.))
                0x000000000401125c                PROVIDE (___sbss_start, ABSOLUTE (.))
 *(.dynsbss)
 *(.sbss .sbss.* .gnu.linkonce.sb.*)
 .sbss          0x000000000401125c        0x8 obj/default/main.o
                0x000000000401125c                i
                0x0000000004011260                j
 .sbss          0x0000000004011264        0x4 /opt/Altera/QuartusPrime-15.1/nios2eds/bin/gnu/H-x86_64-pc-linux-gnu/bin/../lib/gcc/nios2-elf/4.9.2/../../../../../H-x86_64-pc-linux-gnu/nios2-elf/lib/libsmallc.a(lib_a-int_errno.o)
                0x0000000004011264                errno
 .sbss          0x0000000004011268        0xc ../BSP//libhal_bsp.a(alt_main.o)
                0x0000000004011268                alt_argc
                0x000000000401126c                alt_argv
                0x0000000004011270                alt_envp
 *(.sbss2 .sbss2.* .gnu.linkonce.sb2.*)
 *(.scommon)
                0x0000000004011274                PROVIDE (__sbss_end, ABSOLUTE (.))
                0x0000000004011274                PROVIDE (___sbss_end, ABSOLUTE (.))
 *(.dynbss)
 *(.bss .bss.* .gnu.linkonce.b.*)
 .bss           0x0000000004011274        0x0 ../BSP//obj/HAL/src/crt0.o
 .bss           0x0000000004011274        0x0 obj/default/main.o
 .bss           0x0000000004011274        0x0 /opt/Altera/QuartusPrime-15.1/nios2eds/bin/gnu/H-x86_64-pc-linux-gnu/bin/../lib/gcc/nios2-elf/4.9.2/../../../../../H-x86_64-pc-linux-gnu/nios2-elf/lib/libsmallc.a(lib_a-printf.o)
 .bss           0x0000000004011274        0x0 /opt/Altera/QuartusPrime-15.1/nios2eds/bin/gnu/H-x86_64-pc-linux-gnu/bin/../lib/gcc/nios2-elf/4.9.2/../../../../../H-x86_64-pc-linux-gnu/nios2-elf/lib/libsmallc.a(lib_a-vfprintf.o)
 .bss           0x0000000004011274        0x0 /opt/Altera/QuartusPrime-15.1/nios2eds/bin/gnu/H-x86_64-pc-linux-gnu/bin/../lib/gcc/nios2-elf/4.9.2/../../../../../H-x86_64-pc-linux-gnu/nios2-elf/lib/libsmallc.a(lib_a-fvwrite_small_dev.o)
 .bss           0x0000000004011274        0x0 /opt/Altera/QuartusPrime-15.1/nios2eds/bin/gnu/H-x86_64-pc-linux-gnu/bin/../lib/gcc/nios2-elf/4.9.2/../../../../../H-x86_64-pc-linux-gnu/nios2-elf/lib/libsmallc.a(lib_a-impure.o)
 .bss           0x0000000004011274        0x0 /opt/Altera/QuartusPrime-15.1/nios2eds/bin/gnu/H-x86_64-pc-linux-gnu/bin/../lib/gcc/nios2-elf/4.9.2/../../../../../H-x86_64-pc-linux-gnu/nios2-elf/lib/libsmallc.a(lib_a-strlen.o)
 .bss           0x0000000004011274        0x0 /opt/Altera/QuartusPrime-15.1/nios2eds/bin/gnu/H-x86_64-pc-linux-gnu/bin/../lib/gcc/nios2-elf/4.9.2/../../../../../H-x86_64-pc-linux-gnu/nios2-elf/lib/libsmallc.a(lib_a-writer.o)
 .bss           0x0000000004011274        0x0 /opt/Altera/QuartusPrime-15.1/nios2eds/bin/gnu/H-x86_64-pc-linux-gnu/bin/../lib/gcc/nios2-elf/4.9.2/../../../../../H-x86_64-pc-linux-gnu/nios2-elf/lib/libsmallc.a(lib_a-int_errno.o)
 .bss           0x0000000004011274        0x0 /opt/Altera/QuartusPrime-15.1/nios2eds/bin/gnu/H-x86_64-pc-linux-gnu/bin/../lib/gcc/nios2-elf/4.9.2/libgcc.a(lib2-divmod.o)
 .bss           0x0000000004011274        0x0 ../BSP//libhal_bsp.a(alt_load.o)
 .bss           0x0000000004011274        0x0 ../BSP//libhal_bsp.a(alt_main.o)
 .bss           0x0000000004011274        0x0 ../BSP//libhal_bsp.a(alt_usleep.o)
 .bss           0x0000000004011274        0x0 ../BSP//libhal_bsp.a(alt_write.o)
 .bss           0x0000000004011274        0x0 ../BSP//libhal_bsp.a(alt_sys_init.o)
 .bss           0x0000000004011274        0x0 ../BSP//libhal_bsp.a(altera_avalon_jtag_uart_write.o)
 .bss           0x0000000004011274        0x0 ../BSP//libhal_bsp.a(altera_avalon_uart_write.o)
 .bss           0x0000000004011274        0x0 ../BSP//libhal_bsp.a(alt_busy_sleep.o)
 .bss           0x0000000004011274        0x0 ../BSP//libhal_bsp.a(alt_dcache_flush_all.o)
 .bss           0x0000000004011274        0x0 ../BSP//libhal_bsp.a(alt_errno.o)
 .bss           0x0000000004011274        0x0 ../BSP//libhal_bsp.a(alt_icache_flush_all.o)
 .bss           0x0000000004011274        0x0 ../BSP//libhal_bsp.a(altera_nios2_gen2_irq.o)
 .bss           0x0000000004011274        0x0 ../BSP//libhal_bsp.a(alt_icache_flush.o)
 *(COMMON)
                0x0000000004011274                . = ALIGN (0x4)
                0x0000000004011274                __bss_end = ABSOLUTE (.)

.sdram          0x0000000002000000        0x0 load address 0x0000000004011274
                0x0000000002000000                PROVIDE (_alt_partition_sdram_start, ABSOLUTE (.))
 *(.sdram .sdram. sdram.*)
                0x0000000002000000                . = ALIGN (0x4)
                0x0000000002000000                PROVIDE (_alt_partition_sdram_end, ABSOLUTE (.))
                0x0000000004011274                PROVIDE (_alt_partition_sdram_load_addr, LOADADDR (.sdram))

.ram            0x0000000004011274        0x0
                0x0000000004011274                PROVIDE (_alt_partition_ram_start, ABSOLUTE (.))
 *(.ram .ram. ram.*)
                0x0000000004011274                . = ALIGN (0x4)
                0x0000000004011274                PROVIDE (_alt_partition_ram_end, ABSOLUTE (.))
                0x0000000004011274                _end = ABSOLUTE (.)
                0x0000000004011274                end = ABSOLUTE (.)
                0x0000000004011274                __alt_stack_base = ABSOLUTE (.)
                0x0000000004011274                PROVIDE (_alt_partition_ram_load_addr, LOADADDR (.ram))

.stab
 *(.stab)

.stabstr
 *(.stabstr)

.stab.excl
 *(.stab.excl)

.stab.exclstr
 *(.stab.exclstr)

.stab.index
 *(.stab.index)

.stab.indexstr
 *(.stab.indexstr)

.comment        0x0000000000000000       0x23
 *(.comment)
 .comment       0x0000000000000000       0x23 obj/default/main.o
                                         0x24 (size before relaxing)
 .comment       0x0000000000000000       0x24 /opt/Altera/QuartusPrime-15.1/nios2eds/bin/gnu/H-x86_64-pc-linux-gnu/bin/../lib/gcc/nios2-elf/4.9.2/../../../../../H-x86_64-pc-linux-gnu/nios2-elf/lib/libsmallc.a(lib_a-printf.o)
 .comment       0x0000000000000000       0x24 /opt/Altera/QuartusPrime-15.1/nios2eds/bin/gnu/H-x86_64-pc-linux-gnu/bin/../lib/gcc/nios2-elf/4.9.2/../../../../../H-x86_64-pc-linux-gnu/nios2-elf/lib/libsmallc.a(lib_a-vfprintf.o)
 .comment       0x0000000000000000       0x24 /opt/Altera/QuartusPrime-15.1/nios2eds/bin/gnu/H-x86_64-pc-linux-gnu/bin/../lib/gcc/nios2-elf/4.9.2/../../../../../H-x86_64-pc-linux-gnu/nios2-elf/lib/libsmallc.a(lib_a-fvwrite_small_dev.o)
 .comment       0x0000000000000000       0x24 /opt/Altera/QuartusPrime-15.1/nios2eds/bin/gnu/H-x86_64-pc-linux-gnu/bin/../lib/gcc/nios2-elf/4.9.2/../../../../../H-x86_64-pc-linux-gnu/nios2-elf/lib/libsmallc.a(lib_a-impure.o)
 .comment       0x0000000000000000       0x24 /opt/Altera/QuartusPrime-15.1/nios2eds/bin/gnu/H-x86_64-pc-linux-gnu/bin/../lib/gcc/nios2-elf/4.9.2/../../../../../H-x86_64-pc-linux-gnu/nios2-elf/lib/libsmallc.a(lib_a-strlen.o)
 .comment       0x0000000000000000       0x24 /opt/Altera/QuartusPrime-15.1/nios2eds/bin/gnu/H-x86_64-pc-linux-gnu/bin/../lib/gcc/nios2-elf/4.9.2/../../../../../H-x86_64-pc-linux-gnu/nios2-elf/lib/libsmallc.a(lib_a-writer.o)
 .comment       0x0000000000000000       0x24 /opt/Altera/QuartusPrime-15.1/nios2eds/bin/gnu/H-x86_64-pc-linux-gnu/bin/../lib/gcc/nios2-elf/4.9.2/../../../../../H-x86_64-pc-linux-gnu/nios2-elf/lib/libsmallc.a(lib_a-int_errno.o)
 .comment       0x0000000000000000       0x24 /opt/Altera/QuartusPrime-15.1/nios2eds/bin/gnu/H-x86_64-pc-linux-gnu/bin/../lib/gcc/nios2-elf/4.9.2/libgcc.a(lib2-divmod.o)
 .comment       0x0000000000000000       0x24 ../BSP//libhal_bsp.a(alt_load.o)
 .comment       0x0000000000000000       0x24 ../BSP//libhal_bsp.a(alt_main.o)
 .comment       0x0000000000000000       0x24 ../BSP//libhal_bsp.a(alt_usleep.o)
 .comment       0x0000000000000000       0x24 ../BSP//libhal_bsp.a(alt_write.o)
 .comment       0x0000000000000000       0x24 ../BSP//libhal_bsp.a(alt_sys_init.o)
 .comment       0x0000000000000000       0x24 ../BSP//libhal_bsp.a(altera_avalon_jtag_uart_write.o)
 .comment       0x0000000000000000       0x24 ../BSP//libhal_bsp.a(altera_avalon_uart_write.o)
 .comment       0x0000000000000000       0x24 ../BSP//libhal_bsp.a(alt_busy_sleep.o)
 .comment       0x0000000000000000       0x24 ../BSP//libhal_bsp.a(alt_dcache_flush_all.o)
 .comment       0x0000000000000000       0x24 ../BSP//libhal_bsp.a(alt_errno.o)
 .comment       0x0000000000000000       0x24 ../BSP//libhal_bsp.a(alt_icache_flush_all.o)
 .comment       0x0000000000000000       0x24 ../BSP//libhal_bsp.a(altera_nios2_gen2_irq.o)
 .comment       0x0000000000000000       0x24 ../BSP//libhal_bsp.a(alt_icache_flush.o)

.debug
 *(.debug)

.line
 *(.line)

.debug_srcinfo
 *(.debug_srcinfo)

.debug_sfnames
 *(.debug_sfnames)

.debug_aranges  0x0000000000000000      0x2e8
 *(.debug_aranges)
 .debug_aranges
                0x0000000000000000       0x28 ../BSP//obj/HAL/src/crt0.o
 .debug_aranges
                0x0000000000000028       0x20 obj/default/main.o
 .debug_aranges
                0x0000000000000048       0x28 /opt/Altera/QuartusPrime-15.1/nios2eds/bin/gnu/H-x86_64-pc-linux-gnu/bin/../lib/gcc/nios2-elf/4.9.2/../../../../../H-x86_64-pc-linux-gnu/nios2-elf/lib/libsmallc.a(lib_a-printf.o)
 .debug_aranges
                0x0000000000000070       0x30 /opt/Altera/QuartusPrime-15.1/nios2eds/bin/gnu/H-x86_64-pc-linux-gnu/bin/../lib/gcc/nios2-elf/4.9.2/../../../../../H-x86_64-pc-linux-gnu/nios2-elf/lib/libsmallc.a(lib_a-vfprintf.o)
 .debug_aranges
                0x00000000000000a0       0x20 /opt/Altera/QuartusPrime-15.1/nios2eds/bin/gnu/H-x86_64-pc-linux-gnu/bin/../lib/gcc/nios2-elf/4.9.2/../../../../../H-x86_64-pc-linux-gnu/nios2-elf/lib/libsmallc.a(lib_a-fvwrite_small_dev.o)
 .debug_aranges
                0x00000000000000c0       0x18 /opt/Altera/QuartusPrime-15.1/nios2eds/bin/gnu/H-x86_64-pc-linux-gnu/bin/../lib/gcc/nios2-elf/4.9.2/../../../../../H-x86_64-pc-linux-gnu/nios2-elf/lib/libsmallc.a(lib_a-impure.o)
 .debug_aranges
                0x00000000000000d8       0x20 /opt/Altera/QuartusPrime-15.1/nios2eds/bin/gnu/H-x86_64-pc-linux-gnu/bin/../lib/gcc/nios2-elf/4.9.2/../../../../../H-x86_64-pc-linux-gnu/nios2-elf/lib/libsmallc.a(lib_a-strlen.o)
 .debug_aranges
                0x00000000000000f8       0x20 /opt/Altera/QuartusPrime-15.1/nios2eds/bin/gnu/H-x86_64-pc-linux-gnu/bin/../lib/gcc/nios2-elf/4.9.2/../../../../../H-x86_64-pc-linux-gnu/nios2-elf/lib/libsmallc.a(lib_a-writer.o)
 .debug_aranges
                0x0000000000000118       0x18 /opt/Altera/QuartusPrime-15.1/nios2eds/bin/gnu/H-x86_64-pc-linux-gnu/bin/../lib/gcc/nios2-elf/4.9.2/../../../../../H-x86_64-pc-linux-gnu/nios2-elf/lib/libsmallc.a(lib_a-int_errno.o)
 .debug_aranges
                0x0000000000000130       0x20 /opt/Altera/QuartusPrime-15.1/nios2eds/bin/gnu/H-x86_64-pc-linux-gnu/bin/../lib/gcc/nios2-elf/4.9.2/libgcc.a(lib2-divmod.o)
 .debug_aranges
                0x0000000000000150       0x20 ../BSP//libhal_bsp.a(alt_load.o)
 .debug_aranges
                0x0000000000000170       0x20 ../BSP//libhal_bsp.a(alt_main.o)
 .debug_aranges
                0x0000000000000190       0x20 ../BSP//libhal_bsp.a(alt_usleep.o)
 .debug_aranges
                0x00000000000001b0       0x20 ../BSP//libhal_bsp.a(alt_write.o)
 .debug_aranges
                0x00000000000001d0       0x20 ../BSP//libhal_bsp.a(alt_sys_init.o)
 .debug_aranges
                0x00000000000001f0       0x20 ../BSP//libhal_bsp.a(altera_avalon_jtag_uart_write.o)
 .debug_aranges
                0x0000000000000210       0x20 ../BSP//libhal_bsp.a(altera_avalon_uart_write.o)
 .debug_aranges
                0x0000000000000230       0x20 ../BSP//libhal_bsp.a(alt_busy_sleep.o)
 .debug_aranges
                0x0000000000000250       0x20 ../BSP//libhal_bsp.a(alt_dcache_flush_all.o)
 .debug_aranges
                0x0000000000000270       0x18 ../BSP//libhal_bsp.a(alt_errno.o)
 .debug_aranges
                0x0000000000000288       0x20 ../BSP//libhal_bsp.a(alt_icache_flush_all.o)
 .debug_aranges
                0x00000000000002a8       0x20 ../BSP//libhal_bsp.a(altera_nios2_gen2_irq.o)
 .debug_aranges
                0x00000000000002c8       0x20 ../BSP//libhal_bsp.a(alt_icache_flush.o)

.debug_pubnames
 *(.debug_pubnames)

.debug_info     0x0000000000000000     0x3696
 *(.debug_info .gnu.linkonce.wi.*)
 .debug_info    0x0000000000000000       0x62 ../BSP//obj/HAL/src/crt0.o
 .debug_info    0x0000000000000062       0xd4 obj/default/main.o
 .debug_info    0x0000000000000136      0x6c7 /opt/Altera/QuartusPrime-15.1/nios2eds/bin/gnu/H-x86_64-pc-linux-gnu/bin/../lib/gcc/nios2-elf/4.9.2/../../../../../H-x86_64-pc-linux-gnu/nios2-elf/lib/libsmallc.a(lib_a-printf.o)
 .debug_info    0x00000000000007fd      0xb38 /opt/Altera/QuartusPrime-15.1/nios2eds/bin/gnu/H-x86_64-pc-linux-gnu/bin/../lib/gcc/nios2-elf/4.9.2/../../../../../H-x86_64-pc-linux-gnu/nios2-elf/lib/libsmallc.a(lib_a-vfprintf.o)
 .debug_info    0x0000000000001335      0x656 /opt/Altera/QuartusPrime-15.1/nios2eds/bin/gnu/H-x86_64-pc-linux-gnu/bin/../lib/gcc/nios2-elf/4.9.2/../../../../../H-x86_64-pc-linux-gnu/nios2-elf/lib/libsmallc.a(lib_a-fvwrite_small_dev.o)
 .debug_info    0x000000000000198b      0x5a7 /opt/Altera/QuartusPrime-15.1/nios2eds/bin/gnu/H-x86_64-pc-linux-gnu/bin/../lib/gcc/nios2-elf/4.9.2/../../../../../H-x86_64-pc-linux-gnu/nios2-elf/lib/libsmallc.a(lib_a-impure.o)
 .debug_info    0x0000000000001f32       0xc2 /opt/Altera/QuartusPrime-15.1/nios2eds/bin/gnu/H-x86_64-pc-linux-gnu/bin/../lib/gcc/nios2-elf/4.9.2/../../../../../H-x86_64-pc-linux-gnu/nios2-elf/lib/libsmallc.a(lib_a-strlen.o)
 .debug_info    0x0000000000001ff4      0x639 /opt/Altera/QuartusPrime-15.1/nios2eds/bin/gnu/H-x86_64-pc-linux-gnu/bin/../lib/gcc/nios2-elf/4.9.2/../../../../../H-x86_64-pc-linux-gnu/nios2-elf/lib/libsmallc.a(lib_a-writer.o)
 .debug_info    0x000000000000262d       0x83 /opt/Altera/QuartusPrime-15.1/nios2eds/bin/gnu/H-x86_64-pc-linux-gnu/bin/../lib/gcc/nios2-elf/4.9.2/../../../../../H-x86_64-pc-linux-gnu/nios2-elf/lib/libsmallc.a(lib_a-int_errno.o)
 .debug_info    0x00000000000026b0      0x234 /opt/Altera/QuartusPrime-15.1/nios2eds/bin/gnu/H-x86_64-pc-linux-gnu/bin/../lib/gcc/nios2-elf/4.9.2/libgcc.a(lib2-divmod.o)
 .debug_info    0x00000000000028e4      0x13e ../BSP//libhal_bsp.a(alt_load.o)
 .debug_info    0x0000000000002a22      0x117 ../BSP//libhal_bsp.a(alt_main.o)
 .debug_info    0x0000000000002b39       0xa9 ../BSP//libhal_bsp.a(alt_usleep.o)
 .debug_info    0x0000000000002be2      0x1de ../BSP//libhal_bsp.a(alt_write.o)
 .debug_info    0x0000000000002dc0      0x19e ../BSP//libhal_bsp.a(alt_sys_init.o)
 .debug_info    0x0000000000002f5e      0x18e ../BSP//libhal_bsp.a(altera_avalon_jtag_uart_write.o)
 .debug_info    0x00000000000030ec      0x1b2 ../BSP//libhal_bsp.a(altera_avalon_uart_write.o)
 .debug_info    0x000000000000329e       0xd0 ../BSP//libhal_bsp.a(alt_busy_sleep.o)
 .debug_info    0x000000000000336e       0x9e ../BSP//libhal_bsp.a(alt_dcache_flush_all.o)
 .debug_info    0x000000000000340c       0x9f ../BSP//libhal_bsp.a(alt_errno.o)
 .debug_info    0x00000000000034ab       0x8b ../BSP//libhal_bsp.a(alt_icache_flush_all.o)
 .debug_info    0x0000000000003536       0x8b ../BSP//libhal_bsp.a(altera_nios2_gen2_irq.o)
 .debug_info    0x00000000000035c1       0xd5 ../BSP//libhal_bsp.a(alt_icache_flush.o)

.debug_abbrev   0x0000000000000000     0x130e
 *(.debug_abbrev)
 .debug_abbrev  0x0000000000000000       0x12 ../BSP//obj/HAL/src/crt0.o
 .debug_abbrev  0x0000000000000012       0x81 obj/default/main.o
 .debug_abbrev  0x0000000000000093      0x1fe /opt/Altera/QuartusPrime-15.1/nios2eds/bin/gnu/H-x86_64-pc-linux-gnu/bin/../lib/gcc/nios2-elf/4.9.2/../../../../../H-x86_64-pc-linux-gnu/nios2-elf/lib/libsmallc.a(lib_a-printf.o)
 .debug_abbrev  0x0000000000000291      0x2a1 /opt/Altera/QuartusPrime-15.1/nios2eds/bin/gnu/H-x86_64-pc-linux-gnu/bin/../lib/gcc/nios2-elf/4.9.2/../../../../../H-x86_64-pc-linux-gnu/nios2-elf/lib/libsmallc.a(lib_a-vfprintf.o)
 .debug_abbrev  0x0000000000000532      0x1c3 /opt/Altera/QuartusPrime-15.1/nios2eds/bin/gnu/H-x86_64-pc-linux-gnu/bin/../lib/gcc/nios2-elf/4.9.2/../../../../../H-x86_64-pc-linux-gnu/nios2-elf/lib/libsmallc.a(lib_a-fvwrite_small_dev.o)
 .debug_abbrev  0x00000000000006f5      0x14a /opt/Altera/QuartusPrime-15.1/nios2eds/bin/gnu/H-x86_64-pc-linux-gnu/bin/../lib/gcc/nios2-elf/4.9.2/../../../../../H-x86_64-pc-linux-gnu/nios2-elf/lib/libsmallc.a(lib_a-impure.o)
 .debug_abbrev  0x000000000000083f       0x7f /opt/Altera/QuartusPrime-15.1/nios2eds/bin/gnu/H-x86_64-pc-linux-gnu/bin/../lib/gcc/nios2-elf/4.9.2/../../../../../H-x86_64-pc-linux-gnu/nios2-elf/lib/libsmallc.a(lib_a-strlen.o)
 .debug_abbrev  0x00000000000008be      0x1a8 /opt/Altera/QuartusPrime-15.1/nios2eds/bin/gnu/H-x86_64-pc-linux-gnu/bin/../lib/gcc/nios2-elf/4.9.2/../../../../../H-x86_64-pc-linux-gnu/nios2-elf/lib/libsmallc.a(lib_a-writer.o)
 .debug_abbrev  0x0000000000000a66       0x37 /opt/Altera/QuartusPrime-15.1/nios2eds/bin/gnu/H-x86_64-pc-linux-gnu/bin/../lib/gcc/nios2-elf/4.9.2/../../../../../H-x86_64-pc-linux-gnu/nios2-elf/lib/libsmallc.a(lib_a-int_errno.o)
 .debug_abbrev  0x0000000000000a9d       0xd9 /opt/Altera/QuartusPrime-15.1/nios2eds/bin/gnu/H-x86_64-pc-linux-gnu/bin/../lib/gcc/nios2-elf/4.9.2/libgcc.a(lib2-divmod.o)
 .debug_abbrev  0x0000000000000b76       0x9f ../BSP//libhal_bsp.a(alt_load.o)
 .debug_abbrev  0x0000000000000c15       0xa9 ../BSP//libhal_bsp.a(alt_main.o)
 .debug_abbrev  0x0000000000000cbe       0x60 ../BSP//libhal_bsp.a(alt_usleep.o)
 .debug_abbrev  0x0000000000000d1e      0x10e ../BSP//libhal_bsp.a(alt_write.o)
 .debug_abbrev  0x0000000000000e2c       0xeb ../BSP//libhal_bsp.a(alt_sys_init.o)
 .debug_abbrev  0x0000000000000f17       0xd5 ../BSP//libhal_bsp.a(altera_avalon_jtag_uart_write.o)
 .debug_abbrev  0x0000000000000fec       0xe0 ../BSP//libhal_bsp.a(altera_avalon_uart_write.o)
 .debug_abbrev  0x00000000000010cc       0x7e ../BSP//libhal_bsp.a(alt_busy_sleep.o)
 .debug_abbrev  0x000000000000114a       0x5a ../BSP//libhal_bsp.a(alt_dcache_flush_all.o)
 .debug_abbrev  0x00000000000011a4       0x5a ../BSP//libhal_bsp.a(alt_errno.o)
 .debug_abbrev  0x00000000000011fe       0x42 ../BSP//libhal_bsp.a(alt_icache_flush_all.o)
 .debug_abbrev  0x0000000000001240       0x42 ../BSP//libhal_bsp.a(altera_nios2_gen2_irq.o)
 .debug_abbrev  0x0000000000001282       0x8c ../BSP//libhal_bsp.a(alt_icache_flush.o)

.debug_line     0x0000000000000000     0x16b0
 *(.debug_line)
 .debug_line    0x0000000000000000       0x72 ../BSP//obj/HAL/src/crt0.o
 .debug_line    0x0000000000000072       0x6f obj/default/main.o
 .debug_line    0x00000000000000e1      0x205 /opt/Altera/QuartusPrime-15.1/nios2eds/bin/gnu/H-x86_64-pc-linux-gnu/bin/../lib/gcc/nios2-elf/4.9.2/../../../../../H-x86_64-pc-linux-gnu/nios2-elf/lib/libsmallc.a(lib_a-printf.o)
 .debug_line    0x00000000000002e6      0x353 /opt/Altera/QuartusPrime-15.1/nios2eds/bin/gnu/H-x86_64-pc-linux-gnu/bin/../lib/gcc/nios2-elf/4.9.2/../../../../../H-x86_64-pc-linux-gnu/nios2-elf/lib/libsmallc.a(lib_a-vfprintf.o)
 .debug_line    0x0000000000000639      0x1ef /opt/Altera/QuartusPrime-15.1/nios2eds/bin/gnu/H-x86_64-pc-linux-gnu/bin/../lib/gcc/nios2-elf/4.9.2/../../../../../H-x86_64-pc-linux-gnu/nios2-elf/lib/libsmallc.a(lib_a-fvwrite_small_dev.o)
 .debug_line    0x0000000000000828      0x153 /opt/Altera/QuartusPrime-15.1/nios2eds/bin/gnu/H-x86_64-pc-linux-gnu/bin/../lib/gcc/nios2-elf/4.9.2/../../../../../H-x86_64-pc-linux-gnu/nios2-elf/lib/libsmallc.a(lib_a-impure.o)
 .debug_line    0x000000000000097b      0x159 /opt/Altera/QuartusPrime-15.1/nios2eds/bin/gnu/H-x86_64-pc-linux-gnu/bin/../lib/gcc/nios2-elf/4.9.2/../../../../../H-x86_64-pc-linux-gnu/nios2-elf/lib/libsmallc.a(lib_a-strlen.o)
 .debug_line    0x0000000000000ad4      0x1ea /opt/Altera/QuartusPrime-15.1/nios2eds/bin/gnu/H-x86_64-pc-linux-gnu/bin/../lib/gcc/nios2-elf/4.9.2/../../../../../H-x86_64-pc-linux-gnu/nios2-elf/lib/libsmallc.a(lib_a-writer.o)
 .debug_line    0x0000000000000cbe       0x5c /opt/Altera/QuartusPrime-15.1/nios2eds/bin/gnu/H-x86_64-pc-linux-gnu/bin/../lib/gcc/nios2-elf/4.9.2/../../../../../H-x86_64-pc-linux-gnu/nios2-elf/lib/libsmallc.a(lib_a-int_errno.o)
 .debug_line    0x0000000000000d1a       0xc4 /opt/Altera/QuartusPrime-15.1/nios2eds/bin/gnu/H-x86_64-pc-linux-gnu/bin/../lib/gcc/nios2-elf/4.9.2/libgcc.a(lib2-divmod.o)
 .debug_line    0x0000000000000dde       0x8d ../BSP//libhal_bsp.a(alt_load.o)
 .debug_line    0x0000000000000e6b       0x99 ../BSP//libhal_bsp.a(alt_main.o)
 .debug_line    0x0000000000000f04       0xb9 ../BSP//libhal_bsp.a(alt_usleep.o)
 .debug_line    0x0000000000000fbd      0x18a ../BSP//libhal_bsp.a(alt_write.o)
 .debug_line    0x0000000000001147      0x102 ../BSP//libhal_bsp.a(alt_sys_init.o)
 .debug_line    0x0000000000001249       0xf4 ../BSP//libhal_bsp.a(altera_avalon_jtag_uart_write.o)
 .debug_line    0x000000000000133d       0xff ../BSP//libhal_bsp.a(altera_avalon_uart_write.o)
 .debug_line    0x000000000000143c       0xa0 ../BSP//libhal_bsp.a(alt_busy_sleep.o)
 .debug_line    0x00000000000014dc       0x61 ../BSP//libhal_bsp.a(alt_dcache_flush_all.o)
 .debug_line    0x000000000000153d       0x51 ../BSP//libhal_bsp.a(alt_errno.o)
 .debug_line    0x000000000000158e       0x50 ../BSP//libhal_bsp.a(alt_icache_flush_all.o)
 .debug_line    0x00000000000015de       0x51 ../BSP//libhal_bsp.a(altera_nios2_gen2_irq.o)
 .debug_line    0x000000000000162f       0x81 ../BSP//libhal_bsp.a(alt_icache_flush.o)

.debug_frame    0x0000000000000000      0x54c
 *(.debug_frame)
 .debug_frame   0x0000000000000000       0x2c obj/default/main.o
 .debug_frame   0x000000000000002c       0x48 /opt/Altera/QuartusPrime-15.1/nios2eds/bin/gnu/H-x86_64-pc-linux-gnu/bin/../lib/gcc/nios2-elf/4.9.2/../../../../../H-x86_64-pc-linux-gnu/nios2-elf/lib/libsmallc.a(lib_a-printf.o)
 .debug_frame   0x0000000000000074       0x8c /opt/Altera/QuartusPrime-15.1/nios2eds/bin/gnu/H-x86_64-pc-linux-gnu/bin/../lib/gcc/nios2-elf/4.9.2/../../../../../H-x86_64-pc-linux-gnu/nios2-elf/lib/libsmallc.a(lib_a-vfprintf.o)
 .debug_frame   0x0000000000000100       0x40 /opt/Altera/QuartusPrime-15.1/nios2eds/bin/gnu/H-x86_64-pc-linux-gnu/bin/../lib/gcc/nios2-elf/4.9.2/../../../../../H-x86_64-pc-linux-gnu/nios2-elf/lib/libsmallc.a(lib_a-fvwrite_small_dev.o)
 .debug_frame   0x0000000000000140       0x20 /opt/Altera/QuartusPrime-15.1/nios2eds/bin/gnu/H-x86_64-pc-linux-gnu/bin/../lib/gcc/nios2-elf/4.9.2/../../../../../H-x86_64-pc-linux-gnu/nios2-elf/lib/libsmallc.a(lib_a-strlen.o)
 .debug_frame   0x0000000000000160       0x38 /opt/Altera/QuartusPrime-15.1/nios2eds/bin/gnu/H-x86_64-pc-linux-gnu/bin/../lib/gcc/nios2-elf/4.9.2/../../../../../H-x86_64-pc-linux-gnu/nios2-elf/lib/libsmallc.a(lib_a-writer.o)
 .debug_frame   0x0000000000000198       0x8c /opt/Altera/QuartusPrime-15.1/nios2eds/bin/gnu/H-x86_64-pc-linux-gnu/bin/../lib/gcc/nios2-elf/4.9.2/libgcc.a(lib2-divmod.o)
 .debug_frame   0x0000000000000224       0x5c ../BSP//libhal_bsp.a(alt_load.o)
 .debug_frame   0x0000000000000280       0x38 ../BSP//libhal_bsp.a(alt_main.o)
 .debug_frame   0x00000000000002b8       0x38 ../BSP//libhal_bsp.a(alt_usleep.o)
 .debug_frame   0x00000000000002f0       0x60 ../BSP//libhal_bsp.a(alt_write.o)
 .debug_frame   0x0000000000000350       0x5c ../BSP//libhal_bsp.a(alt_sys_init.o)
 .debug_frame   0x00000000000003ac       0x34 ../BSP//libhal_bsp.a(altera_avalon_jtag_uart_write.o)
 .debug_frame   0x00000000000003e0       0x60 ../BSP//libhal_bsp.a(altera_avalon_uart_write.o)
 .debug_frame   0x0000000000000440       0x38 ../BSP//libhal_bsp.a(alt_busy_sleep.o)
 .debug_frame   0x0000000000000478       0x34 ../BSP//libhal_bsp.a(alt_dcache_flush_all.o)
 .debug_frame   0x00000000000004ac       0x38 ../BSP//libhal_bsp.a(alt_icache_flush_all.o)
 .debug_frame   0x00000000000004e4       0x34 ../BSP//libhal_bsp.a(altera_nios2_gen2_irq.o)
 .debug_frame   0x0000000000000518       0x34 ../BSP//libhal_bsp.a(alt_icache_flush.o)

.debug_str      0x0000000000000000      0xf60
 *(.debug_str)
 .debug_str     0x0000000000000000       0xc9 obj/default/main.o
                                        0x10e (size before relaxing)
 .debug_str     0x00000000000000c9      0x41d /opt/Altera/QuartusPrime-15.1/nios2eds/bin/gnu/H-x86_64-pc-linux-gnu/bin/../lib/gcc/nios2-elf/4.9.2/../../../../../H-x86_64-pc-linux-gnu/nios2-elf/lib/libsmallc.a(lib_a-printf.o)
                                        0x4e2 (size before relaxing)
 .debug_str     0x00000000000004e6      0x1fa /opt/Altera/QuartusPrime-15.1/nios2eds/bin/gnu/H-x86_64-pc-linux-gnu/bin/../lib/gcc/nios2-elf/4.9.2/../../../../../H-x86_64-pc-linux-gnu/nios2-elf/lib/libsmallc.a(lib_a-vfprintf.o)
                                        0x66b (size before relaxing)
 .debug_str     0x00000000000006e0       0x7e /opt/Altera/QuartusPrime-15.1/nios2eds/bin/gnu/H-x86_64-pc-linux-gnu/bin/../lib/gcc/nios2-elf/4.9.2/../../../../../H-x86_64-pc-linux-gnu/nios2-elf/lib/libsmallc.a(lib_a-fvwrite_small_dev.o)
                                        0x4bd (size before relaxing)
 .debug_str     0x000000000000075e       0xe2 /opt/Altera/QuartusPrime-15.1/nios2eds/bin/gnu/H-x86_64-pc-linux-gnu/bin/../lib/gcc/nios2-elf/4.9.2/../../../../../H-x86_64-pc-linux-gnu/nios2-elf/lib/libsmallc.a(lib_a-impure.o)
                                        0x497 (size before relaxing)
 .debug_str     0x0000000000000840       0xc5 /opt/Altera/QuartusPrime-15.1/nios2eds/bin/gnu/H-x86_64-pc-linux-gnu/bin/../lib/gcc/nios2-elf/4.9.2/../../../../../H-x86_64-pc-linux-gnu/nios2-elf/lib/libsmallc.a(lib_a-strlen.o)
                                        0x1be (size before relaxing)
 .debug_str     0x0000000000000905       0x39 /opt/Altera/QuartusPrime-15.1/nios2eds/bin/gnu/H-x86_64-pc-linux-gnu/bin/../lib/gcc/nios2-elf/4.9.2/../../../../../H-x86_64-pc-linux-gnu/nios2-elf/lib/libsmallc.a(lib_a-writer.o)
                                        0x491 (size before relaxing)
 .debug_str     0x000000000000093e       0x3c /opt/Altera/QuartusPrime-15.1/nios2eds/bin/gnu/H-x86_64-pc-linux-gnu/bin/../lib/gcc/nios2-elf/4.9.2/../../../../../H-x86_64-pc-linux-gnu/nios2-elf/lib/libsmallc.a(lib_a-int_errno.o)
                                        0x1b1 (size before relaxing)
 .debug_str     0x000000000000097a      0x16c /opt/Altera/QuartusPrime-15.1/nios2eds/bin/gnu/H-x86_64-pc-linux-gnu/bin/../lib/gcc/nios2-elf/4.9.2/libgcc.a(lib2-divmod.o)
                                        0x1b7 (size before relaxing)
 .debug_str     0x0000000000000ae6      0x11f ../BSP//libhal_bsp.a(alt_load.o)
                                        0x1e6 (size before relaxing)
 .debug_str     0x0000000000000c05       0x70 ../BSP//libhal_bsp.a(alt_main.o)
                                        0x16a (size before relaxing)
 .debug_str     0x0000000000000c75       0x20 ../BSP//libhal_bsp.a(alt_usleep.o)
                                        0x11c (size before relaxing)
 .debug_str     0x0000000000000c95       0xa8 ../BSP//libhal_bsp.a(alt_write.o)
                                        0x1eb (size before relaxing)
 .debug_str     0x0000000000000d3d       0x9e ../BSP//libhal_bsp.a(alt_sys_init.o)
                                        0x216 (size before relaxing)
 .debug_str     0x0000000000000ddb       0x2c ../BSP//libhal_bsp.a(altera_avalon_jtag_uart_write.o)
                                        0x1e9 (size before relaxing)
 .debug_str     0x0000000000000e07       0x34 ../BSP//libhal_bsp.a(altera_avalon_uart_write.o)
                                        0x1dd (size before relaxing)
 .debug_str     0x0000000000000e3b       0x42 ../BSP//libhal_bsp.a(alt_busy_sleep.o)
                                        0x13f (size before relaxing)
 .debug_str     0x0000000000000e7d       0x34 ../BSP//libhal_bsp.a(alt_dcache_flush_all.o)
                                        0x129 (size before relaxing)
 .debug_str     0x0000000000000eb1       0x14 ../BSP//libhal_bsp.a(alt_errno.o)
                                        0x119 (size before relaxing)
 .debug_str     0x0000000000000ec5       0x34 ../BSP//libhal_bsp.a(alt_icache_flush_all.o)
                                        0x129 (size before relaxing)
 .debug_str     0x0000000000000ef9       0x3b ../BSP//libhal_bsp.a(altera_nios2_gen2_irq.o)
                                        0x130 (size before relaxing)
 .debug_str     0x0000000000000f34       0x2c ../BSP//libhal_bsp.a(alt_icache_flush.o)
                                        0x12f (size before relaxing)

.debug_loc      0x0000000000000000      0xdff
 *(.debug_loc)
 .debug_loc     0x0000000000000000       0xc6 /opt/Altera/QuartusPrime-15.1/nios2eds/bin/gnu/H-x86_64-pc-linux-gnu/bin/../lib/gcc/nios2-elf/4.9.2/../../../../../H-x86_64-pc-linux-gnu/nios2-elf/lib/libsmallc.a(lib_a-printf.o)
 .debug_loc     0x00000000000000c6      0x946 /opt/Altera/QuartusPrime-15.1/nios2eds/bin/gnu/H-x86_64-pc-linux-gnu/bin/../lib/gcc/nios2-elf/4.9.2/../../../../../H-x86_64-pc-linux-gnu/nios2-elf/lib/libsmallc.a(lib_a-vfprintf.o)
 .debug_loc     0x0000000000000a0c       0xbd /opt/Altera/QuartusPrime-15.1/nios2eds/bin/gnu/H-x86_64-pc-linux-gnu/bin/../lib/gcc/nios2-elf/4.9.2/../../../../../H-x86_64-pc-linux-gnu/nios2-elf/lib/libsmallc.a(lib_a-fvwrite_small_dev.o)
 .debug_loc     0x0000000000000ac9       0x1e /opt/Altera/QuartusPrime-15.1/nios2eds/bin/gnu/H-x86_64-pc-linux-gnu/bin/../lib/gcc/nios2-elf/4.9.2/../../../../../H-x86_64-pc-linux-gnu/nios2-elf/lib/libsmallc.a(lib_a-strlen.o)
 .debug_loc     0x0000000000000ae7       0xa5 /opt/Altera/QuartusPrime-15.1/nios2eds/bin/gnu/H-x86_64-pc-linux-gnu/bin/../lib/gcc/nios2-elf/4.9.2/../../../../../H-x86_64-pc-linux-gnu/nios2-elf/lib/libsmallc.a(lib_a-writer.o)
 .debug_loc     0x0000000000000b8c      0x273 /opt/Altera/QuartusPrime-15.1/nios2eds/bin/gnu/H-x86_64-pc-linux-gnu/bin/../lib/gcc/nios2-elf/4.9.2/libgcc.a(lib2-divmod.o)

.debug_macinfo
 *(.debug_macinfo)

.debug_weaknames
 *(.debug_weaknames)

.debug_funcnames
 *(.debug_funcnames)

.debug_typenames
 *(.debug_typenames)

.debug_varnames
 *(.debug_varnames)

.debug_alt_sim_info
                0x0000000000000000       0x60
 *(.debug_alt_sim_info)
 .debug_alt_sim_info
                0x0000000000000000       0x30 ../BSP//obj/HAL/src/crt0.o
 .debug_alt_sim_info
                0x0000000000000030       0x30 ../BSP//libhal_bsp.a(alt_busy_sleep.o)
                0x000000000401a000                __alt_data_end = 0x401a000
                0x000000000401a000                PROVIDE (__alt_stack_pointer, __alt_data_end)
                0x0000000004011274                PROVIDE (__alt_stack_limit, __alt_stack_base)
                0x0000000004011274                PROVIDE (__alt_heap_start, end)
                0x000000000401a000                PROVIDE (__alt_heap_limit, 0x401a000)
OUTPUT(t0.elf elf32-littlenios2)

.debug_ranges   0x0000000000000000      0x158
 .debug_ranges  0x0000000000000000       0x20 ../BSP//obj/HAL/src/crt0.o
 .debug_ranges  0x0000000000000020       0x18 /opt/Altera/QuartusPrime-15.1/nios2eds/bin/gnu/H-x86_64-pc-linux-gnu/bin/../lib/gcc/nios2-elf/4.9.2/../../../../../H-x86_64-pc-linux-gnu/nios2-elf/lib/libsmallc.a(lib_a-printf.o)
 .debug_ranges  0x0000000000000038       0xd8 /opt/Altera/QuartusPrime-15.1/nios2eds/bin/gnu/H-x86_64-pc-linux-gnu/bin/../lib/gcc/nios2-elf/4.9.2/../../../../../H-x86_64-pc-linux-gnu/nios2-elf/lib/libsmallc.a(lib_a-vfprintf.o)
 .debug_ranges  0x0000000000000110       0x28 /opt/Altera/QuartusPrime-15.1/nios2eds/bin/gnu/H-x86_64-pc-linux-gnu/bin/../lib/gcc/nios2-elf/4.9.2/../../../../../H-x86_64-pc-linux-gnu/nios2-elf/lib/libsmallc.a(lib_a-fvwrite_small_dev.o)
 .debug_ranges  0x0000000000000138       0x10 /opt/Altera/QuartusPrime-15.1/nios2eds/bin/gnu/H-x86_64-pc-linux-gnu/bin/../lib/gcc/nios2-elf/4.9.2/../../../../../H-x86_64-pc-linux-gnu/nios2-elf/lib/libsmallc.a(lib_a-strlen.o)
 .debug_ranges  0x0000000000000148       0x10 /opt/Altera/QuartusPrime-15.1/nios2eds/bin/gnu/H-x86_64-pc-linux-gnu/bin/../lib/gcc/nios2-elf/4.9.2/../../../../../H-x86_64-pc-linux-gnu/nios2-elf/lib/libsmallc.a(lib_a-writer.o)
