Archive member included to satisfy reference by file (symbol)

/opt/Altera/QuartusPrime-15.1/nios2eds/bin/gnu/H-x86_64-pc-linux-gnu/bin/../lib/gcc/nios2-elf/4.9.2/../../../../../H-x86_64-pc-linux-gnu/nios2-elf/lib/libc.a(lib_a-printf.o)
                              obj/default/main.o (printf)
/opt/Altera/QuartusPrime-15.1/nios2eds/bin/gnu/H-x86_64-pc-linux-gnu/bin/../lib/gcc/nios2-elf/4.9.2/../../../../../H-x86_64-pc-linux-gnu/nios2-elf/lib/libc.a(lib_a-vfprintf.o)
                              /opt/Altera/QuartusPrime-15.1/nios2eds/bin/gnu/H-x86_64-pc-linux-gnu/bin/../lib/gcc/nios2-elf/4.9.2/../../../../../H-x86_64-pc-linux-gnu/nios2-elf/lib/libc.a(lib_a-printf.o) (___vfprintf_internal_r)
/opt/Altera/QuartusPrime-15.1/nios2eds/bin/gnu/H-x86_64-pc-linux-gnu/bin/../lib/gcc/nios2-elf/4.9.2/../../../../../H-x86_64-pc-linux-gnu/nios2-elf/lib/libc.a(lib_a-wsetup.o)
                              /opt/Altera/QuartusPrime-15.1/nios2eds/bin/gnu/H-x86_64-pc-linux-gnu/bin/../lib/gcc/nios2-elf/4.9.2/../../../../../H-x86_64-pc-linux-gnu/nios2-elf/lib/libc.a(lib_a-vfprintf.o) (__swsetup_r)
/opt/Altera/QuartusPrime-15.1/nios2eds/bin/gnu/H-x86_64-pc-linux-gnu/bin/../lib/gcc/nios2-elf/4.9.2/../../../../../H-x86_64-pc-linux-gnu/nios2-elf/lib/libc.a(lib_a-dtoa.o)
                              /opt/Altera/QuartusPrime-15.1/nios2eds/bin/gnu/H-x86_64-pc-linux-gnu/bin/../lib/gcc/nios2-elf/4.9.2/../../../../../H-x86_64-pc-linux-gnu/nios2-elf/lib/libc.a(lib_a-vfprintf.o) (_dtoa_r)
/opt/Altera/QuartusPrime-15.1/nios2eds/bin/gnu/H-x86_64-pc-linux-gnu/bin/../lib/gcc/nios2-elf/4.9.2/../../../../../H-x86_64-pc-linux-gnu/nios2-elf/lib/libc.a(lib_a-fflush.o)
                              /opt/Altera/QuartusPrime-15.1/nios2eds/bin/gnu/H-x86_64-pc-linux-gnu/bin/../lib/gcc/nios2-elf/4.9.2/../../../../../H-x86_64-pc-linux-gnu/nios2-elf/lib/libc.a(lib_a-vfprintf.o) (_fflush_r)
/opt/Altera/QuartusPrime-15.1/nios2eds/bin/gnu/H-x86_64-pc-linux-gnu/bin/../lib/gcc/nios2-elf/4.9.2/../../../../../H-x86_64-pc-linux-gnu/nios2-elf/lib/libc.a(lib_a-findfp.o)
                              /opt/Altera/QuartusPrime-15.1/nios2eds/bin/gnu/H-x86_64-pc-linux-gnu/bin/../lib/gcc/nios2-elf/4.9.2/../../../../../H-x86_64-pc-linux-gnu/nios2-elf/lib/libc.a(lib_a-vfprintf.o) (__sinit)
/opt/Altera/QuartusPrime-15.1/nios2eds/bin/gnu/H-x86_64-pc-linux-gnu/bin/../lib/gcc/nios2-elf/4.9.2/../../../../../H-x86_64-pc-linux-gnu/nios2-elf/lib/libc.a(lib_a-freer.o)
                              /opt/Altera/QuartusPrime-15.1/nios2eds/bin/gnu/H-x86_64-pc-linux-gnu/bin/../lib/gcc/nios2-elf/4.9.2/../../../../../H-x86_64-pc-linux-gnu/nios2-elf/lib/libc.a(lib_a-wsetup.o) (_free_r)
/opt/Altera/QuartusPrime-15.1/nios2eds/bin/gnu/H-x86_64-pc-linux-gnu/bin/../lib/gcc/nios2-elf/4.9.2/../../../../../H-x86_64-pc-linux-gnu/nios2-elf/lib/libc.a(lib_a-fwalk.o)
                              /opt/Altera/QuartusPrime-15.1/nios2eds/bin/gnu/H-x86_64-pc-linux-gnu/bin/../lib/gcc/nios2-elf/4.9.2/../../../../../H-x86_64-pc-linux-gnu/nios2-elf/lib/libc.a(lib_a-findfp.o) (_fwalk)
/opt/Altera/QuartusPrime-15.1/nios2eds/bin/gnu/H-x86_64-pc-linux-gnu/bin/../lib/gcc/nios2-elf/4.9.2/../../../../../H-x86_64-pc-linux-gnu/nios2-elf/lib/libc.a(lib_a-impure.o)
                              /opt/Altera/QuartusPrime-15.1/nios2eds/bin/gnu/H-x86_64-pc-linux-gnu/bin/../lib/gcc/nios2-elf/4.9.2/../../../../../H-x86_64-pc-linux-gnu/nios2-elf/lib/libc.a(lib_a-fflush.o) (_global_impure_ptr)
/opt/Altera/QuartusPrime-15.1/nios2eds/bin/gnu/H-x86_64-pc-linux-gnu/bin/../lib/gcc/nios2-elf/4.9.2/../../../../../H-x86_64-pc-linux-gnu/nios2-elf/lib/libc.a(lib_a-locale.o)
                              /opt/Altera/QuartusPrime-15.1/nios2eds/bin/gnu/H-x86_64-pc-linux-gnu/bin/../lib/gcc/nios2-elf/4.9.2/../../../../../H-x86_64-pc-linux-gnu/nios2-elf/lib/libc.a(lib_a-vfprintf.o) (_localeconv_r)
/opt/Altera/QuartusPrime-15.1/nios2eds/bin/gnu/H-x86_64-pc-linux-gnu/bin/../lib/gcc/nios2-elf/4.9.2/../../../../../H-x86_64-pc-linux-gnu/nios2-elf/lib/libc.a(lib_a-makebuf.o)
                              /opt/Altera/QuartusPrime-15.1/nios2eds/bin/gnu/H-x86_64-pc-linux-gnu/bin/../lib/gcc/nios2-elf/4.9.2/../../../../../H-x86_64-pc-linux-gnu/nios2-elf/lib/libc.a(lib_a-wsetup.o) (__smakebuf_r)
/opt/Altera/QuartusPrime-15.1/nios2eds/bin/gnu/H-x86_64-pc-linux-gnu/bin/../lib/gcc/nios2-elf/4.9.2/../../../../../H-x86_64-pc-linux-gnu/nios2-elf/lib/libc.a(lib_a-mallocr.o)
                              /opt/Altera/QuartusPrime-15.1/nios2eds/bin/gnu/H-x86_64-pc-linux-gnu/bin/../lib/gcc/nios2-elf/4.9.2/../../../../../H-x86_64-pc-linux-gnu/nios2-elf/lib/libc.a(lib_a-findfp.o) (_malloc_r)
/opt/Altera/QuartusPrime-15.1/nios2eds/bin/gnu/H-x86_64-pc-linux-gnu/bin/../lib/gcc/nios2-elf/4.9.2/../../../../../H-x86_64-pc-linux-gnu/nios2-elf/lib/libc.a(lib_a-memchr.o)
[...]
Memory Configuration

Name             Origin             Length             Attributes
reset            0x0000000002000000 0x0000000000000020
sdram            0x0000000002000020 0x0000000001ffffe0
ram              0x0000000004010000 0x000000000000a000
*default*        0x0000000000000000 0xffffffffffffffff

Linker script and memory map

LOAD ../BSP//obj/HAL/src/crt0.o
LOAD obj/default/main.o
LOAD /opt/Altera/QuartusPrime-15.1/nios2eds/bin/gnu/H-x86_64-pc-linux-gnu/bin/../lib/gcc/nios2-elf/4.9.2/../../../../../H-x86_64-pc-linux-gnu/nios2-elf/lib/libstdc++.a
LOAD /opt/Altera/QuartusPrime-15.1/nios2eds/bin/gnu/H-x86_64-pc-linux-gnu/bin/../lib/gcc/nios2-elf/4.9.2/../../../../../H-x86_64-pc-linux-gnu/nios2-elf/lib/libm.a
LOAD /opt/Altera/QuartusPrime-15.1/nios2eds/bin/gnu/H-x86_64-pc-linux-gnu/bin/../lib/gcc/nios2-elf/4.9.2/libgcc.a
START GROUP
LOAD /opt/Altera/QuartusPrime-15.1/nios2eds/bin/gnu/H-x86_64-pc-linux-gnu/bin/../lib/gcc/nios2-elf/4.9.2/../../../../../H-x86_64-pc-linux-gnu/nios2-elf/lib/libc.a
LOAD /opt/Altera/QuartusPrime-15.1/nios2eds/bin/gnu/H-x86_64-pc-linux-gnu/bin/../lib/gcc/nios2-elf/4.9.2/libgcc.a
LOAD ../BSP//libhal_bsp.a
LOAD /opt/Altera/QuartusPrime-15.1/nios2eds/bin/gnu/H-x86_64-pc-linux-gnu/bin/../lib/gcc/nios2-elf/4.9.2/../../../../../H-x86_64-pc-linux-gnu/nios2-elf/lib/libm.a
END GROUP
LOAD /opt/Altera/QuartusPrime-15.1/nios2eds/bin/gnu/H-x86_64-pc-linux-gnu/bin/../lib/gcc/nios2-elf/4.9.2/libgcc.a
                0x0000000002000000                __alt_mem_sdram = 0x2000000
                0x0000000004010000                __alt_mem_ram = 0x4010000

.entry          0x0000000002000000       0x20
 *(.entry)
 .entry         0x0000000002000000       0x20 ../BSP//obj/HAL/src/crt0.o
                0x0000000002000000                __reset

.exceptions     0x0000000002000020      0x220
                0x0000000002000020                PROVIDE (__ram_exceptions_start, ABSOLUTE (.))
                0x0000000002000020                . = ALIGN (0x20)
 *(.irq)
 *(.exceptions.entry.label)
 .exceptions.entry.label
                0x0000000002000020        0x0 ../BSP//libhal_bsp.a(alt_irq_entry.o)
                0x0000000002000020                alt_irq_entry
 .exceptions.entry.label
                0x0000000002000020        0x0 ../BSP//libhal_bsp.a(alt_exception_entry.o)
                0x0000000002000020                alt_exception
 *(.exceptions.entry.user)
 *(.exceptions.entry.ecc_fatal)
 *(.exceptions.entry)
 .exceptions.entry
                0x0000000002000020       0x54 ../BSP//libhal_bsp.a(alt_exception_entry.o)
 *(.exceptions.irqtest.user)
 *(.exceptions.irqtest)
 .exceptions.irqtest
                0x0000000002000074       0x10 ../BSP//libhal_bsp.a(alt_irq_entry.o)
 *(.exceptions.irqhandler.user)
 *(.exceptions.irqhandler)
 .exceptions.irqhandler
                0x0000000002000084        0x4 ../BSP//libhal_bsp.a(alt_irq_entry.o)
 *(.exceptions.irqreturn.user)
 *(.exceptions.irqreturn)
 .exceptions.irqreturn
                0x0000000002000088        0x4 ../BSP//libhal_bsp.a(alt_irq_entry.o)
 *(.exceptions.notirq.label)
 .exceptions.notirq.label
                0x000000000200008c        0x0 ../BSP//libhal_bsp.a(alt_irq_entry.o)
 *(.exceptions.notirq.user)
 *(.exceptions.notirq)
 .exceptions.notirq
                0x000000000200008c        0x8 ../BSP//libhal_bsp.a(alt_exception_entry.o)
 *(.exceptions.soft.user)
 *(.exceptions.soft)
 *(.exceptions.unknown.user)
 *(.exceptions.unknown)
 .exceptions.unknown
                0x0000000002000094       0x14 ../BSP//libhal_bsp.a(alt_exception_entry.o)
 *(.exceptions.exit.label)
 .exceptions.exit.label
                0x00000000020000a8        0x0 ../BSP//libhal_bsp.a(alt_irq_entry.o)
 .exceptions.exit.label
                0x00000000020000a8        0x0 ../BSP//libhal_bsp.a(alt_exception_entry.o)
 *(.exceptions.exit.user)
 *(.exceptions.exit)
 .exceptions.exit
                0x00000000020000a8       0x54 ../BSP//libhal_bsp.a(alt_exception_entry.o)
 *(.exceptions)
 .exceptions    0x00000000020000fc       0xd0 ../BSP//libhal_bsp.a(alt_irq_handler.o)
                0x00000000020000fc                alt_irq_handler
 .exceptions    0x00000000020001cc       0x74 ../BSP//libhal_bsp.a(alt_instruction_exception_entry.o)
                0x00000000020001cc                alt_instruction_exception_entry
                0x0000000002000240                PROVIDE (__ram_exceptions_end, ABSOLUTE (.))
                0x0000000002000020                PROVIDE (__flash_exceptions_start, LOADADDR (.exceptions))

.text           0x0000000002000240     0xf644
                0x0000000002000240                PROVIDE (stext, ABSOLUTE (.))
 *(.interp)
 *(.hash)
 *(.dynsym)
 *(.dynstr)
 *(.gnu.version)
 *(.gnu.version_d)
 *(.gnu.version_r)
 *(.rel.init)
 *(.rela.init)
 *(.rel.text .rel.text.* .rel.gnu.linkonce.t.*)
 *(.rela.text .rela.text.* .rela.gnu.linkonce.t.*)
 *(.rel.fini)
 *(.rela.fini)
 *(.rel.rodata .rel.rodata.* .rel.gnu.linkonce.r.*)
 *(.rela.rodata .rela.rodata.* .rela.gnu.linkonce.r.*)
 *(.rel.data .rel.data.* .rel.gnu.linkonce.d.*)
 *(.rela.data .rela.data.* .rela.gnu.linkonce.d.*)
 *(.rel.tdata .rel.tdata.* .rel.gnu.linkonce.td.*)
 *(.rela.tdata .rela.tdata.* .rela.gnu.linkonce.td.*)
 *(.rel.tbss .rel.tbss.* .rel.gnu.linkonce.tb.*)
 *(.rela.tbss .rela.tbss.* .rela.gnu.linkonce.tb.*)
 *(.rel.ctors)
 *(.rela.ctors)
 *(.rel.dtors)
 *(.rela.dtors)
 *(.rel.got)
 *(.rela.got)
 *(.rel.sdata .rel.sdata.* .rel.gnu.linkonce.s.*)
 *(.rela.sdata .rela.sdata.* .rela.gnu.linkonce.s.*)
 *(.rel.sbss .rel.sbss.* .rel.gnu.linkonce.sb.*)
 *(.rela.sbss .rela.sbss.* .rela.gnu.linkonce.sb.*)
 *(.rel.sdata2 .rel.sdata2.* .rel.gnu.linkonce.s2.*)
 *(.rela.sdata2 .rela.sdata2.* .rela.gnu.linkonce.s2.*)
 *(.rel.sbss2 .rel.sbss2.* .rel.gnu.linkonce.sb2.*)
 *(.rela.sbss2 .rela.sbss2.* .rela.gnu.linkonce.sb2.*)
 *(.rel.bss .rel.bss.* .rel.gnu.linkonce.b.*)
 *(.rela.bss .rela.bss.* .rela.gnu.linkonce.b.*)
 *(.rel.plt)
 *(.rela.plt)
 *(.rel.dyn)
 *(.init)
 *(.plt)
 *(.text .stub .text.* .gnu.linkonce.t.*)
 .text          0x0000000002000240       0x4c ../BSP//obj/HAL/src/crt0.o
                0x0000000002000240                _start
 .text          0x000000000200028c       0xfc obj/default/main.o
                0x000000000200028c                dude
                0x000000000200030c                main
 .text          0x0000000002000388        0x0 /opt/Altera/QuartusPrime-15.1/nios2eds/bin/gnu/H-x86_64-pc-linux-gnu/bin/../lib/gcc/nios2-elf/4.9.2/../../../../../H-x86_64-pc-linux-gnu/nios2-elf/lib/libc.a(lib_a-printf.o)
 .text._printf_r
                0x0000000002000388       0x2c /opt/Altera/QuartusPrime-15.1/nios2eds/bin/gnu/H-x86_64-pc-linux-gnu/bin/../lib/gcc/nios2-elf/4.9.2/../../../../../H-x86_64-pc-linux-gnu/nios2-elf/lib/libc.a(lib_a-printf.o)
                0x0000000002000388                _printf_r
 .text.printf   0x00000000020003b4       0x3c /opt/Altera/QuartusPrime-15.1/nios2eds/bin/gnu/H-x86_64-pc-linux-gnu/bin/../lib/gcc/nios2-elf/4.9.2/../../../../../H-x86_64-pc-linux-gnu/nios2-elf/lib/libc.a(lib_a-printf.o)
                0x00000000020003b4                printf
 .text          0x00000000020003f0        0x0 /opt/Altera/QuartusPrime-15.1/nios2eds/bin/gnu/H-x86_64-pc-linux-gnu/bin/../lib/gcc/nios2-elf/4.9.2/../../../../../H-x86_64-pc-linux-gnu/nios2-elf/lib/libc.a(lib_a-vfprintf.o)
 .text.___vfprintf_internal_r
                0x00000000020003f0     0x1f50 /opt/Altera/QuartusPrime-15.1/nios2eds/bin/gnu/H-x86_64-pc-linux-gnu/bin/../lib/gcc/nios2-elf/4.9.2/../../../../../H-x86_64-pc-linux-gnu/nios2-elf/lib/libc.a(lib_a-vfprintf.o)
                0x00000000020003f0                ___vfprintf_internal_r
 .text.__vfprintf_internal
                0x0000000002002340       0x24 /opt/Altera/QuartusPrime-15.1/nios2eds/bin/gnu/H-x86_64-pc-linux-gnu/bin/../lib/gcc/nios2-elf/4.9.2/../../../../../H-x86_64-pc-linux-gnu/nios2-elf/lib/libc.a(lib_a-vfprintf.o)
                0x0000000002002340                __vfprintf_internal
 .text.__sbprintf
                0x0000000002002364       0xbc /opt/Altera/QuartusPrime-15.1/nios2eds/bin/gnu/H-x86_64-pc-linux-gnu/bin/../lib/gcc/nios2-elf/4.9.2/../../../../../H-x86_64-pc-linux-gnu/nios2-elf/lib/libc.a(lib_a-vfprintf.o)
 .text          0x0000000002002420        0x0 /opt/Altera/QuartusPrime-15.1/nios2eds/bin/gnu/H-x86_64-pc-linux-gnu/bin/../lib/gcc/nios2-elf/4.9.2/../../../../../H-x86_64-pc-linux-gnu/nios2-elf/lib/libc.a(lib_a-wsetup.o)
 .text.__swsetup_r
                0x0000000002002420      0x154 /opt/Altera/QuartusPrime-15.1/nios2eds/bin/gnu/H-x86_64-pc-linux-gnu/bin/../lib/gcc/nios2-elf/4.9.2/../../../../../H-x86_64-pc-linux-gnu/nios2-elf/lib/libc.a(lib_a-wsetup.o)
                0x0000000002002420                __swsetup_r
 .text          0x0000000002002574        0x0 /opt/Altera/QuartusPrime-15.1/nios2eds/bin/gnu/H-x86_64-pc-linux-gnu/bin/../lib/gcc/nios2-elf/4.9.2/../../../../../H-x86_64-pc-linux-gnu/nios2-elf/lib/libc.a(lib_a-dtoa.o)
 .text.quorem   0x0000000002002574      0x200 /opt/Altera/QuartusPrime-15.1/nios2eds/bin/gnu/H-x86_64-pc-linux-gnu/bin/../lib/gcc/nios2-elf/4.9.2/../../../../../H-x86_64-pc-linux-gnu/nios2-elf/lib/libc.a(lib_a-dtoa.o)
 .text._dtoa_r  0x0000000002002774     0x1728 /opt/Altera/QuartusPrime-15.1/nios2eds/bin/gnu/H-x86_64-pc-linux-gnu/bin/../lib/gcc/nios2-elf/4.9.2/../../../../../H-x86_64-pc-linux-gnu/nios2-elf/lib/libc.a(lib_a-dtoa.o)
                0x0000000002002774                _dtoa_r
 .text          0x0000000002003e9c        0x0 /opt/Altera/QuartusPrime-15.1/nios2eds/bin/gnu/H-x86_64-pc-linux-gnu/bin/../lib/gcc/nios2-elf/4.9.2/../../../../../H-x86_64-pc-linux-gnu/nios2-elf/lib/libc.a(lib_a-fflush.o)
 .text.__sflush_r
                0x0000000002003e9c      0x208 /opt/Altera/QuartusPrime-15.1/nios2eds/bin/gnu/H-x86_64-pc-linux-gnu/bin/../lib/gcc/nios2-elf/4.9.2/../../../../../H-x86_64-pc-linux-gnu/nios2-elf/lib/libc.a(lib_a-fflush.o)
                0x0000000002003e9c                __sflush_r
 .text._fflush_r
                0x00000000020040a4       0x5c /opt/Altera/QuartusPrime-15.1/nios2eds/bin/gnu/H-x86_64-pc-linux-gnu/bin/../lib/gcc/nios2-elf/4.9.2/../../../../../H-x86_64-pc-linux-gnu/nios2-elf/lib/libc.a(lib_a-fflush.o)
                0x00000000020040a4                _fflush_r
 .text.fflush   0x0000000002004100       0x30 /opt/Altera/QuartusPrime-15.1/nios2eds/bin/gnu/H-x86_64-pc-linux-gnu/bin/../lib/gcc/nios2-elf/4.9.2/../../../../../H-x86_64-pc-linux-gnu/nios2-elf/lib/libc.a(lib_a-fflush.o)
                0x0000000002004100                fflush
 .text          0x0000000002004130        0x0 /opt/Altera/QuartusPrime-15.1/nios2eds/bin/gnu/H-x86_64-pc-linux-gnu/bin/../lib/gcc/nios2-elf/4.9.2/../../../../../H-x86_64-pc-linux-gnu/nios2-elf/lib/libc.a(lib_a-findfp.o)
 .text.__fp_lock
                0x0000000002004130        0x8 /opt/Altera/QuartusPrime-15.1/nios2eds/bin/gnu/H-x86_64-pc-linux-gnu/bin/../lib/gcc/nios2-elf/4.9.2/../../../../../H-x86_64-pc-linux-gnu/nios2-elf/lib/libc.a(lib_a-findfp.o)
 .text.__fp_unlock
                0x0000000002004138        0x8 /opt/Altera/QuartusPrime-15.1/nios2eds/bin/gnu/H-x86_64-pc-linux-gnu/bin/../lib/gcc/nios2-elf/4.9.2/../../../../../H-x86_64-pc-linux-gnu/nios2-elf/lib/libc.a(lib_a-findfp.o)
 .text._cleanup_r
                0x0000000002004140        0xc /opt/Altera/QuartusPrime-15.1/nios2eds/bin/gnu/H-x86_64-pc-linux-gnu/bin/../lib/gcc/nios2-elf/4.9.2/../../../../../H-x86_64-pc-linux-gnu/nios2-elf/lib/libc.a(lib_a-findfp.o)
                0x0000000002004140                _cleanup_r
 .text.__sinit.part.1
                0x000000000200414c      0x19c /opt/Altera/QuartusPrime-15.1/nios2eds/bin/gnu/H-x86_64-pc-linux-gnu/bin/../lib/gcc/nios2-elf/4.9.2/../../../../../H-x86_64-pc-linux-gnu/nios2-elf/lib/libc.a(lib_a-findfp.o)
 .text.__sfmoreglue
                0x00000000020042e8       0x68 /opt/Altera/QuartusPrime-15.1/nios2eds/bin/gnu/H-x86_64-pc-linux-gnu/bin/../lib/gcc/nios2-elf/4.9.2/../../../../../H-x86_64-pc-linux-gnu/nios2-elf/lib/libc.a(lib_a-findfp.o)
                0x00000000020042e8                __sfmoreglue
 .text.__sfp    0x0000000002004350      0x118 /opt/Altera/QuartusPrime-15.1/nios2eds/bin/gnu/H-x86_64-pc-linux-gnu/bin/../lib/gcc/nios2-elf/4.9.2/../../../../../H-x86_64-pc-linux-gnu/nios2-elf/lib/libc.a(lib_a-findfp.o)
                0x0000000002004350                __sfp
 .text._cleanup
                0x0000000002004468       0x18 /opt/Altera/QuartusPrime-15.1/nios2eds/bin/gnu/H-x86_64-pc-linux-gnu/bin/../lib/gcc/nios2-elf/4.9.2/../../../../../H-x86_64-pc-linux-gnu/nios2-elf/lib/libc.a(lib_a-findfp.o)
                0x0000000002004468                _cleanup
 .text.__sinit  0x0000000002004480       0x10 /opt/Altera/QuartusPrime-15.1/nios2eds/bin/gnu/H-x86_64-pc-linux-gnu/bin/../lib/gcc/nios2-elf/4.9.2/../../../../../H-x86_64-pc-linux-gnu/nios2-elf/lib/libc.a(lib_a-findfp.o)
                0x0000000002004480                __sinit
 .text.__sfp_lock_acquire
                0x0000000002004490        0x4 /opt/Altera/QuartusPrime-15.1/nios2eds/bin/gnu/H-x86_64-pc-linux-gnu/bin/../lib/gcc/nios2-elf/4.9.2/../../../../../H-x86_64-pc-linux-gnu/nios2-elf/lib/libc.a(lib_a-findfp.o)
                0x0000000002004490                __sfp_lock_acquire
 .text.__sfp_lock_release
                0x0000000002004494        0x4 /opt/Altera/QuartusPrime-15.1/nios2eds/bin/gnu/H-x86_64-pc-linux-gnu/bin/../lib/gcc/nios2-elf/4.9.2/../../../../../H-x86_64-pc-linux-gnu/nios2-elf/lib/libc.a(lib_a-findfp.o)
                0x0000000002004494                __sfp_lock_release
 .text.__sinit_lock_acquire
                0x0000000002004498        0x4 /opt/Altera/QuartusPrime-15.1/nios2eds/bin/gnu/H-x86_64-pc-linux-gnu/bin/../lib/gcc/nios2-elf/4.9.2/../../../../../H-x86_64-pc-linux-gnu/nios2-elf/lib/libc.a(lib_a-findfp.o)
                0x0000000002004498                __sinit_lock_acquire
 .text.__sinit_lock_release
                0x000000000200449c        0x4 /opt/Altera/QuartusPrime-15.1/nios2eds/bin/gnu/H-x86_64-pc-linux-gnu/bin/../lib/gcc/nios2-elf/4.9.2/../../../../../H-x86_64-pc-linux-gnu/nios2-elf/lib/libc.a(lib_a-findfp.o)
                0x000000000200449c                __sinit_lock_release
 .text.__fp_lock_all
                0x00000000020044a0       0x18 /opt/Altera/QuartusPrime-15.1/nios2eds/bin/gnu/H-x86_64-pc-linux-gnu/bin/../lib/gcc/nios2-elf/4.9.2/../../../../../H-x86_64-pc-linux-gnu/nios2-elf/lib/libc.a(lib_a-findfp.o)
                0x00000000020044a0                __fp_lock_all
 .text.__fp_unlock_all
                0x00000000020044b8       0x18 /opt/Altera/QuartusPrime-15.1/nios2eds/bin/gnu/H-x86_64-pc-linux-gnu/bin/../lib/gcc/nios2-elf/4.9.2/../../../../../H-x86_64-pc-linux-gnu/nios2-elf/lib/libc.a(lib_a-findfp.o)
                0x00000000020044b8                __fp_unlock_all
 .text          0x00000000020044d0        0x0 /opt/Altera/QuartusPrime-15.1/nios2eds/bin/gnu/H-x86_64-pc-linux-gnu/bin/../lib/gcc/nios2-elf/4.9.2/../../../../../H-x86_64-pc-linux-gnu/nios2-elf/lib/libc.a(lib_a-freer.o)
 .text._malloc_trim_r
                0x00000000020044d0      0x124 /opt/Altera/QuartusPrime-15.1/nios2eds/bin/gnu/H-x86_64-pc-linux-gnu/bin/../lib/gcc/nios2-elf/4.9.2/../../../../../H-x86_64-pc-linux-gnu/nios2-elf/lib/libc.a(lib_a-freer.o)
                0x00000000020044d0                _malloc_trim_r
 .text._free_r  0x00000000020045f4      0x2f0 /opt/Altera/QuartusPrime-15.1/nios2eds/bin/gnu/H-x86_64-pc-linux-gnu/bin/../lib/gcc/nios2-elf/4.9.2/../../../../../H-x86_64-pc-linux-gnu/nios2-elf/lib/libc.a(lib_a-freer.o)
                0x00000000020045f4                _free_r
 .text          0x00000000020048e4        0x0 /opt/Altera/QuartusPrime-15.1/nios2eds/bin/gnu/H-x86_64-pc-linux-gnu/bin/../lib/gcc/nios2-elf/4.9.2/../../../../../H-x86_64-pc-linux-gnu/nios2-elf/lib/libc.a(lib_a-fwalk.o)
 .text._fwalk   0x00000000020048e4       0xc4 /opt/Altera/QuartusPrime-15.1/nios2eds/bin/gnu/H-x86_64-pc-linux-gnu/bin/../lib/gcc/nios2-elf/4.9.2/../../../../../H-x86_64-pc-linux-gnu/nios2-elf/lib/libc.a(lib_a-fwalk.o)
                0x00000000020048e4                _fwalk
 .text._fwalk_reent
                0x00000000020049a8       0xc4 /opt/Altera/QuartusPrime-15.1/nios2eds/bin/gnu/H-x86_64-pc-linux-gnu/bin/../lib/gcc/nios2-elf/4.9.2/../../../../../H-x86_64-pc-linux-gnu/nios2-elf/lib/libc.a(lib_a-fwalk.o)
                0x00000000020049a8                _fwalk_reent
 .text          0x0000000002004a6c        0x0 /opt/Altera/QuartusPrime-15.1/nios2eds/bin/gnu/H-x86_64-pc-linux-gnu/bin/../lib/gcc/nios2-elf/4.9.2/../../../../../H-x86_64-pc-linux-gnu/nios2-elf/lib/libc.a(lib_a-impure.o)
 .text          0x0000000002004a6c        0x0 /opt/Altera/QuartusPrime-15.1/nios2eds/bin/gnu/H-x86_64-pc-linux-gnu/bin/../lib/gcc/nios2-elf/4.9.2/../../../../../H-x86_64-pc-linux-gnu/nios2-elf/lib/libc.a(lib_a-locale.o)
 .text._setlocale_r
                0x0000000002004a6c       0x7c /opt/Altera/QuartusPrime-15.1/nios2eds/bin/gnu/H-x86_64-pc-linux-gnu/bin/../lib/gcc/nios2-elf/4.9.2/../../../../../H-x86_64-pc-linux-gnu/nios2-elf/lib/libc.a(lib_a-locale.o)
                0x0000000002004a6c                _setlocale_r
 .text.__locale_charset
                0x0000000002004ae8        0xc /opt/Altera/QuartusPrime-15.1/nios2eds/bin/gnu/H-x86_64-pc-linux-gnu/bin/../lib/gcc/nios2-elf/4.9.2/../../../../../H-x86_64-pc-linux-gnu/nios2-elf/lib/libc.a(lib_a-locale.o)
                0x0000000002004ae8                __locale_charset
 .text.__locale_mb_cur_max
                0x0000000002004af4       0x10 /opt/Altera/QuartusPrime-15.1/nios2eds/bin/gnu/H-x86_64-pc-linux-gnu/bin/../lib/gcc/nios2-elf/4.9.2/../../../../../H-x86_64-pc-linux-gnu/nios2-elf/lib/libc.a(lib_a-locale.o)
                0x0000000002004af4                __locale_mb_cur_max
 .text.__locale_msgcharset
                0x0000000002004b04        0xc /opt/Altera/QuartusPrime-15.1/nios2eds/bin/gnu/H-x86_64-pc-linux-gnu/bin/../lib/gcc/nios2-elf/4.9.2/../../../../../H-x86_64-pc-linux-gnu/nios2-elf/lib/libc.a(lib_a-locale.o)
                0x0000000002004b04                __locale_msgcharset
 .text.__locale_cjk_lang
                0x0000000002004b10        0x8 /opt/Altera/QuartusPrime-15.1/nios2eds/bin/gnu/H-x86_64-pc-linux-gnu/bin/../lib/gcc/nios2-elf/4.9.2/../../../../../H-x86_64-pc-linux-gnu/nios2-elf/lib/libc.a(lib_a-locale.o)
                0x0000000002004b10                __locale_cjk_lang
 .text._localeconv_r
                0x0000000002004b18        0xc /opt/Altera/QuartusPrime-15.1/nios2eds/bin/gnu/H-x86_64-pc-linux-gnu/bin/../lib/gcc/nios2-elf/4.9.2/../../../../../H-x86_64-pc-linux-gnu/nios2-elf/lib/libc.a(lib_a-locale.o)
                0x0000000002004b18                _localeconv_r
 .text.setlocale
                0x0000000002004b24       0x1c /opt/Altera/QuartusPrime-15.1/nios2eds/bin/gnu/H-x86_64-pc-linux-gnu/bin/../lib/gcc/nios2-elf/4.9.2/../../../../../H-x86_64-pc-linux-gnu/nios2-elf/lib/libc.a(lib_a-locale.o)
                0x0000000002004b24                setlocale
 .text.localeconv
                0x0000000002004b40        0xc /opt/Altera/QuartusPrime-15.1/nios2eds/bin/gnu/H-x86_64-pc-linux-gnu/bin/../lib/gcc/nios2-elf/4.9.2/../../../../../H-x86_64-pc-linux-gnu/nios2-elf/lib/libc.a(lib_a-locale.o)
                0x0000000002004b40                localeconv
 .text          0x0000000002004b4c        0x0 /opt/Altera/QuartusPrime-15.1/nios2eds/bin/gnu/H-x86_64-pc-linux-gnu/bin/../lib/gcc/nios2-elf/4.9.2/../../../../../H-x86_64-pc-linux-gnu/nios2-elf/lib/libc.a(lib_a-makebuf.o)
 .text.__smakebuf_r
                0x0000000002004b4c      0x1b8 /opt/Altera/QuartusPrime-15.1/nios2eds/bin/gnu/H-x86_64-pc-linux-gnu/bin/../lib/gcc/nios2-elf/4.9.2/../../../../../H-x86_64-pc-linux-gnu/nios2-elf/lib/libc.a(lib_a-makebuf.o)
                0x0000000002004b4c                __smakebuf_r
 .text          0x0000000002004d04        0x0 /opt/Altera/QuartusPrime-15.1/nios2eds/bin/gnu/H-x86_64-pc-linux-gnu/bin/../lib/gcc/nios2-elf/4.9.2/../../../../../H-x86_64-pc-linux-gnu/nios2-elf/lib/libc.a(lib_a-mallocr.o)
 .text._malloc_r
                0x0000000002004d04      0x7a8 /opt/Altera/QuartusPrime-15.1/nios2eds/bin/gnu/H-x86_64-pc-linux-gnu/bin/../lib/gcc/nios2-elf/4.9.2/../../../../../H-x86_64-pc-linux-gnu/nios2-elf/lib/libc.a(lib_a-mallocr.o)
                0x0000000002004d04                _malloc_r
 .text          0x00000000020054ac        0x0 /opt/Altera/QuartusPrime-15.1/nios2eds/bin/gnu/H-x86_64-pc-linux-gnu/bin/../lib/gcc/nios2-elf/4.9.2/../../../../../H-x86_64-pc-linux-gnu/nios2-elf/lib/libc.a(lib_a-memchr.o)
 .text.memchr   0x00000000020054ac       0xe8 /opt/Altera/QuartusPrime-15.1/nios2eds/bin/gnu/H-x86_64-pc-linux-gnu/bin/../lib/gcc/nios2-elf/4.9.2/../../../../../H-x86_64-pc-linux-gnu/nios2-elf/lib/libc.a(lib_a-memchr.o)
                0x00000000020054ac                memchr
 .text          0x0000000002005594        0x0 /opt/Altera/QuartusPrime-15.1/nios2eds/bin/gnu/H-x86_64-pc-linux-gnu/bin/../lib/gcc/nios2-elf/4.9.2/../../../../../H-x86_64-pc-linux-gnu/nios2-elf/lib/libc.a(lib_a-memcpy.o)
 .text.memcpy   0x0000000002005594      0x138 /opt/Altera/QuartusPrime-15.1/nios2eds/bin/gnu/H-x86_64-pc-linux-gnu/bin/../lib/gcc/nios2-elf/4.9.2/../../../../../H-x86_64-pc-linux-gnu/nios2-elf/lib/libc.a(lib_a-memcpy.o)
                0x0000000002005594                memcpy
 .text          0x00000000020056cc        0x0 /opt/Altera/QuartusPrime-15.1/nios2eds/bin/gnu/H-x86_64-pc-linux-gnu/bin/../lib/gcc/nios2-elf/4.9.2/../../../../../H-x86_64-pc-linux-gnu/nios2-elf/lib/libc.a(lib_a-memset.o)
 .text.memset   0x00000000020056cc      0x124 /opt/Altera/QuartusPrime-15.1/nios2eds/bin/gnu/H-x86_64-pc-linux-gnu/bin/../lib/gcc/nios2-elf/4.9.2/../../../../../H-x86_64-pc-linux-gnu/nios2-elf/lib/libc.a(lib_a-memset.o)
                0x00000000020056cc                memset
 .text          0x00000000020057f0        0x0 /opt/Altera/QuartusPrime-15.1/nios2eds/bin/gnu/H-x86_64-pc-linux-gnu/bin/../lib/gcc/nios2-elf/4.9.2/../../../../../H-x86_64-pc-linux-gnu/nios2-elf/lib/libc.a(lib_a-mprec.o)
 .text._Balloc  0x00000000020057f0       0xa8 /opt/Altera/QuartusPrime-15.1/nios2eds/bin/gnu/H-x86_64-pc-linux-gnu/bin/../lib/gcc/nios2-elf/4.9.2/../../../../../H-x86_64-pc-linux-gnu/nios2-elf/lib/libc.a(lib_a-mprec.o)
                0x00000000020057f0                _Balloc
 .text._Bfree   0x0000000002005898       0x28 /opt/Altera/QuartusPrime-15.1/nios2eds/bin/gnu/H-x86_64-pc-linux-gnu/bin/../lib/gcc/nios2-elf/4.9.2/../../../../../H-x86_64-pc-linux-gnu/nios2-elf/lib/libc.a(lib_a-mprec.o)
                0x0000000002005898                _Bfree
 .text.__multadd
                0x00000000020058c0      0x120 /opt/Altera/QuartusPrime-15.1/nios2eds/bin/gnu/H-x86_64-pc-linux-gnu/bin/../lib/gcc/nios2-elf/4.9.2/../../../../../H-x86_64-pc-linux-gnu/nios2-elf/lib/libc.a(lib_a-mprec.o)
                0x00000000020058c0                __multadd
 .text.__s2b    0x00000000020059e0      0x104 /opt/Altera/QuartusPrime-15.1/nios2eds/bin/gnu/H-x86_64-pc-linux-gnu/bin/../lib/gcc/nios2-elf/4.9.2/../../../../../H-x86_64-pc-linux-gnu/nios2-elf/lib/libc.a(lib_a-mprec.o)
                0x00000000020059e0                __s2b
 .text.__hi0bits
                0x0000000002005ae4       0x68 /opt/Altera/QuartusPrime-15.1/nios2eds/bin/gnu/H-x86_64-pc-linux-gnu/bin/../lib/gcc/nios2-elf/4.9.2/../../../../../H-x86_64-pc-linux-gnu/nios2-elf/lib/libc.a(lib_a-mprec.o)
                0x0000000002005ae4                __hi0bits
 .text.__lo0bits
                0x0000000002005b4c       0xb0 /opt/Altera/QuartusPrime-15.1/nios2eds/bin/gnu/H-x86_64-pc-linux-gnu/bin/../lib/gcc/nios2-elf/4.9.2/../../../../../H-x86_64-pc-linux-gnu/nios2-elf/lib/libc.a(lib_a-mprec.o)
                0x0000000002005b4c                __lo0bits
 .text.__i2b    0x0000000002005bfc       0x3c /opt/Altera/QuartusPrime-15.1/nios2eds/bin/gnu/H-x86_64-pc-linux-gnu/bin/../lib/gcc/nios2-elf/4.9.2/../../../../../H-x86_64-pc-linux-gnu/nios2-elf/lib/libc.a(lib_a-mprec.o)
                0x0000000002005bfc                __i2b
 .text.__multiply
                0x0000000002005c38      0x1fc /opt/Altera/QuartusPrime-15.1/nios2eds/bin/gnu/H-x86_64-pc-linux-gnu/bin/../lib/gcc/nios2-elf/4.9.2/../../../../../H-x86_64-pc-linux-gnu/nios2-elf/lib/libc.a(lib_a-mprec.o)
                0x0000000002005c38                __multiply
 .text.__pow5mult
                0x0000000002005e34      0x140 /opt/Altera/QuartusPrime-15.1/nios2eds/bin/gnu/H-x86_64-pc-linux-gnu/bin/../lib/gcc/nios2-elf/4.9.2/../../../../../H-x86_64-pc-linux-gnu/nios2-elf/lib/libc.a(lib_a-mprec.o)
                0x0000000002005e34                __pow5mult
 .text.__lshift
                0x0000000002005f74      0x150 /opt/Altera/QuartusPrime-15.1/nios2eds/bin/gnu/H-x86_64-pc-linux-gnu/bin/../lib/gcc/nios2-elf/4.9.2/../../../../../H-x86_64-pc-linux-gnu/nios2-elf/lib/libc.a(lib_a-mprec.o)
                0x0000000002005f74                __lshift
 .text.__mcmp   0x00000000020060c4       0x60 /opt/Altera/QuartusPrime-15.1/nios2eds/bin/gnu/H-x86_64-pc-linux-gnu/bin/../lib/gcc/nios2-elf/4.9.2/../../../../../H-x86_64-pc-linux-gnu/nios2-elf/lib/libc.a(lib_a-mprec.o)
                0x00000000020060c4                __mcmp
 .text.__mdiff  0x0000000002006124      0x198 /opt/Altera/QuartusPrime-15.1/nios2eds/bin/gnu/H-x86_64-pc-linux-gnu/bin/../lib/gcc/nios2-elf/4.9.2/../../../../../H-x86_64-pc-linux-gnu/nios2-elf/lib/libc.a(lib_a-mprec.o)
                0x0000000002006124                __mdiff
 .text.__ulp    0x00000000020062bc       0x60 /opt/Altera/QuartusPrime-15.1/nios2eds/bin/gnu/H-x86_64-pc-linux-gnu/bin/../lib/gcc/nios2-elf/4.9.2/../../../../../H-x86_64-pc-linux-gnu/nios2-elf/lib/libc.a(lib_a-mprec.o)
                0x00000000020062bc                __ulp
 .text.__b2d    0x000000000200631c      0x11c /opt/Altera/QuartusPrime-15.1/nios2eds/bin/gnu/H-x86_64-pc-linux-gnu/bin/../lib/gcc/nios2-elf/4.9.2/../../../../../H-x86_64-pc-linux-gnu/nios2-elf/lib/libc.a(lib_a-mprec.o)
                0x000000000200631c                __b2d
 .text.__d2b    0x0000000002006438      0x13c /opt/Altera/QuartusPrime-15.1/nios2eds/bin/gnu/H-x86_64-pc-linux-gnu/bin/../lib/gcc/nios2-elf/4.9.2/../../../../../H-x86_64-pc-linux-gnu/nios2-elf/lib/libc.a(lib_a-mprec.o)
                0x0000000002006438                __d2b
 .text.__ratio  0x0000000002006574       0xa4 /opt/Altera/QuartusPrime-15.1/nios2eds/bin/gnu/H-x86_64-pc-linux-gnu/bin/../lib/gcc/nios2-elf/4.9.2/../../../../../H-x86_64-pc-linux-gnu/nios2-elf/lib/libc.a(lib_a-mprec.o)
                0x0000000002006574                __ratio
 .text._mprec_log10
                0x0000000002006618       0x74 /opt/Altera/QuartusPrime-15.1/nios2eds/bin/gnu/H-x86_64-pc-linux-gnu/bin/../lib/gcc/nios2-elf/4.9.2/../../../../../H-x86_64-pc-linux-gnu/nios2-elf/lib/libc.a(lib_a-mprec.o)
                0x0000000002006618                _mprec_log10
 .text.__copybits
                0x000000000200668c       0x78 /opt/Altera/QuartusPrime-15.1/nios2eds/bin/gnu/H-x86_64-pc-linux-gnu/bin/../lib/gcc/nios2-elf/4.9.2/../../../../../H-x86_64-pc-linux-gnu/nios2-elf/lib/libc.a(lib_a-mprec.o)
                0x000000000200668c                __copybits
 .text.__any_on
                0x0000000002006704       0x8c /opt/Altera/QuartusPrime-15.1/nios2eds/bin/gnu/H-x86_64-pc-linux-gnu/bin/../lib/gcc/nios2-elf/4.9.2/../../../../../H-x86_64-pc-linux-gnu/nios2-elf/lib/libc.a(lib_a-mprec.o)
                0x0000000002006704                __any_on
 .text          0x0000000002006790        0x0 /opt/Altera/QuartusPrime-15.1/nios2eds/bin/gnu/H-x86_64-pc-linux-gnu/bin/../lib/gcc/nios2-elf/4.9.2/../../../../../H-x86_64-pc-linux-gnu/nios2-elf/lib/libc.a(lib_a-s_fpclassify.o)
 .text.__fpclassifyd
                0x0000000002006790       0x74 /opt/Altera/QuartusPrime-15.1/nios2eds/bin/gnu/H-x86_64-pc-linux-gnu/bin/../lib/gcc/nios2-elf/4.9.2/../../../../../H-x86_64-pc-linux-gnu/nios2-elf/lib/libc.a(lib_a-s_fpclassify.o)
                0x0000000002006790                __fpclassifyd
 .text          0x0000000002006804        0x0 /opt/Altera/QuartusPrime-15.1/nios2eds/bin/gnu/H-x86_64-pc-linux-gnu/bin/../lib/gcc/nios2-elf/4.9.2/../../../../../H-x86_64-pc-linux-gnu/nios2-elf/lib/libc.a(lib_a-sbrkr.o)
 .text._sbrk_r  0x0000000002006804       0x54 /opt/Altera/QuartusPrime-15.1/nios2eds/bin/gnu/H-x86_64-pc-linux-gnu/bin/../lib/gcc/nios2-elf/4.9.2/../../../../../H-x86_64-pc-linux-gnu/nios2-elf/lib/libc.a(lib_a-sbrkr.o)
                0x0000000002006804                _sbrk_r
 .text          0x0000000002006858        0x0 /opt/Altera/QuartusPrime-15.1/nios2eds/bin/gnu/H-x86_64-pc-linux-gnu/bin/../lib/gcc/nios2-elf/4.9.2/../../../../../H-x86_64-pc-linux-gnu/nios2-elf/lib/libc.a(lib_a-stdio.o)
 .text.__sread  0x0000000002006858       0x54 /opt/Altera/QuartusPrime-15.1/nios2eds/bin/gnu/H-x86_64-pc-linux-gnu/bin/../lib/gcc/nios2-elf/4.9.2/../../../../../H-x86_64-pc-linux-gnu/nios2-elf/lib/libc.a(lib_a-stdio.o)
                0x0000000002006858                __sread
 .text.__seofread
                0x00000000020068ac        0x8 /opt/Altera/QuartusPrime-15.1/nios2eds/bin/gnu/H-x86_64-pc-linux-gnu/bin/../lib/gcc/nios2-elf/4.9.2/../../../../../H-x86_64-pc-linux-gnu/nios2-elf/lib/libc.a(lib_a-stdio.o)
                0x00000000020068ac                __seofread
 .text.__swrite
                0x00000000020068b4       0x7c /opt/Altera/QuartusPrime-15.1/nios2eds/bin/gnu/H-x86_64-pc-linux-gnu/bin/../lib/gcc/nios2-elf/4.9.2/../../../../../H-x86_64-pc-linux-gnu/nios2-elf/lib/libc.a(lib_a-stdio.o)
                0x00000000020068b4                __swrite
 .text.__sseek  0x0000000002006930       0x5c /opt/Altera/QuartusPrime-15.1/nios2eds/bin/gnu/H-x86_64-pc-linux-gnu/bin/../lib/gcc/nios2-elf/4.9.2/../../../../../H-x86_64-pc-linux-gnu/nios2-elf/lib/libc.a(lib_a-stdio.o)
                0x0000000002006930                __sseek
 .text.__sclose
                0x000000000200698c        0x8 /opt/Altera/QuartusPrime-15.1/nios2eds/bin/gnu/H-x86_64-pc-linux-gnu/bin/../lib/gcc/nios2-elf/4.9.2/../../../../../H-x86_64-pc-linux-gnu/nios2-elf/lib/libc.a(lib_a-stdio.o)
                0x000000000200698c                __sclose
 .text          0x0000000002006994        0x0 /opt/Altera/QuartusPrime-15.1/nios2eds/bin/gnu/H-x86_64-pc-linux-gnu/bin/../lib/gcc/nios2-elf/4.9.2/../../../../../H-x86_64-pc-linux-gnu/nios2-elf/lib/libc.a(lib_a-strcmp.o)
 .text.strcmp   0x0000000002006994       0xa4 /opt/Altera/QuartusPrime-15.1/nios2eds/bin/gnu/H-x86_64-pc-linux-gnu/bin/../lib/gcc/nios2-elf/4.9.2/../../../../../H-x86_64-pc-linux-gnu/nios2-elf/lib/libc.a(lib_a-strcmp.o)
                0x0000000002006994                strcmp
 .text          0x0000000002006a38        0x0 /opt/Altera/QuartusPrime-15.1/nios2eds/bin/gnu/H-x86_64-pc-linux-gnu/bin/../lib/gcc/nios2-elf/4.9.2/../../../../../H-x86_64-pc-linux-gnu/nios2-elf/lib/libc.a(lib_a-strlen.o)
 .text.strlen   0x0000000002006a38       0x98 /opt/Altera/QuartusPrime-15.1/nios2eds/bin/gnu/H-x86_64-pc-linux-gnu/bin/../lib/gcc/nios2-elf/4.9.2/../../../../../H-x86_64-pc-linux-gnu/nios2-elf/lib/libc.a(lib_a-strlen.o)
                0x0000000002006a38                strlen
 .text          0x0000000002006ad0        0x0 /opt/Altera/QuartusPrime-15.1/nios2eds/bin/gnu/H-x86_64-pc-linux-gnu/bin/../lib/gcc/nios2-elf/4.9.2/../../../../../H-x86_64-pc-linux-gnu/nios2-elf/lib/libc.a(lib_a-vfiprintf.o)
 .text.__sprint_r.part.0
                0x0000000002006ad0       0xfc /opt/Altera/QuartusPrime-15.1/nios2eds/bin/gnu/H-x86_64-pc-linux-gnu/bin/../lib/gcc/nios2-elf/4.9.2/../../../../../H-x86_64-pc-linux-gnu/nios2-elf/lib/libc.a(lib_a-vfiprintf.o)
 .text.__sprint_r
                0x0000000002006bcc       0x18 /opt/Altera/QuartusPrime-15.1/nios2eds/bin/gnu/H-x86_64-pc-linux-gnu/bin/../lib/gcc/nios2-elf/4.9.2/../../../../../H-x86_64-pc-linux-gnu/nios2-elf/lib/libc.a(lib_a-vfiprintf.o)
                0x0000000002006bcc                __sprint_r
 .text.___vfiprintf_internal_r
                0x0000000002006be4     0x12d0 /opt/Altera/QuartusPrime-15.1/nios2eds/bin/gnu/H-x86_64-pc-linux-gnu/bin/../lib/gcc/nios2-elf/4.9.2/../../../../../H-x86_64-pc-linux-gnu/nios2-elf/lib/libc.a(lib_a-vfiprintf.o)
                0x0000000002006be4                ___vfiprintf_internal_r
 .text.__vfiprintf_internal
                0x0000000002007eb4       0x24 /opt/Altera/QuartusPrime-15.1/nios2eds/bin/gnu/H-x86_64-pc-linux-gnu/bin/../lib/gcc/nios2-elf/4.9.2/../../../../../H-x86_64-pc-linux-gnu/nios2-elf/lib/libc.a(lib_a-vfiprintf.o)
                0x0000000002007eb4                __vfiprintf_internal
 .text.__sbprintf
                0x0000000002007ed8       0xbc /opt/Altera/QuartusPrime-15.1/nios2eds/bin/gnu/H-x86_64-pc-linux-gnu/bin/../lib/gcc/nios2-elf/4.9.2/../../../../../H-x86_64-pc-linux-gnu/nios2-elf/lib/libc.a(lib_a-vfiprintf.o)
 .text          0x0000000002007f94        0x0 /opt/Altera/QuartusPrime-15.1/nios2eds/bin/gnu/H-x86_64-pc-linux-gnu/bin/../lib/gcc/nios2-elf/4.9.2/../../../../../H-x86_64-pc-linux-gnu/nios2-elf/lib/libc.a(lib_a-writer.o)
 .text._write_r
                0x0000000002007f94       0x5c /opt/Altera/QuartusPrime-15.1/nios2eds/bin/gnu/H-x86_64-pc-linux-gnu/bin/../lib/gcc/nios2-elf/4.9.2/../../../../../H-x86_64-pc-linux-gnu/nios2-elf/lib/libc.a(lib_a-writer.o)
                0x0000000002007f94                _write_r
 .text          0x0000000002007ff0        0x0 /opt/Altera/QuartusPrime-15.1/nios2eds/bin/gnu/H-x86_64-pc-linux-gnu/bin/../lib/gcc/nios2-elf/4.9.2/../../../../../H-x86_64-pc-linux-gnu/nios2-elf/lib/libc.a(closer.o)
 .text._close_r
                0x0000000002007ff0       0x54 /opt/Altera/QuartusPrime-15.1/nios2eds/bin/gnu/H-x86_64-pc-linux-gnu/bin/../lib/gcc/nios2-elf/4.9.2/../../../../../H-x86_64-pc-linux-gnu/nios2-elf/lib/libc.a(closer.o)
                0x0000000002007ff0                _close_r
 .text          0x0000000002008044        0x0 /opt/Altera/QuartusPrime-15.1/nios2eds/bin/gnu/H-x86_64-pc-linux-gnu/bin/../lib/gcc/nios2-elf/4.9.2/../../../../../H-x86_64-pc-linux-gnu/nios2-elf/lib/libc.a(lib_a-callocr.o)
 .text._calloc_r
                0x0000000002008044       0xc4 /opt/Altera/QuartusPrime-15.1/nios2eds/bin/gnu/H-x86_64-pc-linux-gnu/bin/../lib/gcc/nios2-elf/4.9.2/../../../../../H-x86_64-pc-linux-gnu/nios2-elf/lib/libc.a(lib_a-callocr.o)
                0x0000000002008044                _calloc_r
 .text          0x0000000002008108        0x0 /opt/Altera/QuartusPrime-15.1/nios2eds/bin/gnu/H-x86_64-pc-linux-gnu/bin/../lib/gcc/nios2-elf/4.9.2/../../../../../H-x86_64-pc-linux-gnu/nios2-elf/lib/libc.a(lib_a-fclose.o)
 .text._fclose_r
                0x0000000002008108       0xf0 /opt/Altera/QuartusPrime-15.1/nios2eds/bin/gnu/H-x86_64-pc-linux-gnu/bin/../lib/gcc/nios2-elf/4.9.2/../../../../../H-x86_64-pc-linux-gnu/nios2-elf/lib/libc.a(lib_a-fclose.o)
                0x0000000002008108                _fclose_r
 .text.fclose   0x00000000020081f8       0x14 /opt/Altera/QuartusPrime-15.1/nios2eds/bin/gnu/H-x86_64-pc-linux-gnu/bin/../lib/gcc/nios2-elf/4.9.2/../../../../../H-x86_64-pc-linux-gnu/nios2-elf/lib/libc.a(lib_a-fclose.o)
                0x00000000020081f8                fclose
 .text          0x000000000200820c        0x0 /opt/Altera/QuartusPrime-15.1/nios2eds/bin/gnu/H-x86_64-pc-linux-gnu/bin/../lib/gcc/nios2-elf/4.9.2/../../../../../H-x86_64-pc-linux-gnu/nios2-elf/lib/libc.a(lib_a-fputwc.o)
 .text._fputwc_r
                0x000000000200820c      0x184 /opt/Altera/QuartusPrime-15.1/nios2eds/bin/gnu/H-x86_64-pc-linux-gnu/bin/../lib/gcc/nios2-elf/4.9.2/../../../../../H-x86_64-pc-linux-gnu/nios2-elf/lib/libc.a(lib_a-fputwc.o)
                0x000000000200820c                _fputwc_r
 .text.fputwc   0x0000000002008390       0x5c /opt/Altera/QuartusPrime-15.1/nios2eds/bin/gnu/H-x86_64-pc-linux-gnu/bin/../lib/gcc/nios2-elf/4.9.2/../../../../../H-x86_64-pc-linux-gnu/nios2-elf/lib/libc.a(lib_a-fputwc.o)
                0x0000000002008390                fputwc
 .text          0x00000000020083ec        0x0 /opt/Altera/QuartusPrime-15.1/nios2eds/bin/gnu/H-x86_64-pc-linux-gnu/bin/../lib/gcc/nios2-elf/4.9.2/../../../../../H-x86_64-pc-linux-gnu/nios2-elf/lib/libc.a(lib_a-fstatr.o)
 .text._fstat_r
                0x00000000020083ec       0x58 /opt/Altera/QuartusPrime-15.1/nios2eds/bin/gnu/H-x86_64-pc-linux-gnu/bin/../lib/gcc/nios2-elf/4.9.2/../../../../../H-x86_64-pc-linux-gnu/nios2-elf/lib/libc.a(lib_a-fstatr.o)
                0x00000000020083ec                _fstat_r
 .text          0x0000000002008444        0x0 /opt/Altera/QuartusPrime-15.1/nios2eds/bin/gnu/H-x86_64-pc-linux-gnu/bin/../lib/gcc/nios2-elf/4.9.2/../../../../../H-x86_64-pc-linux-gnu/nios2-elf/lib/libc.a(lib_a-fvwrite.o)
 .text.__sfvwrite_r
                0x0000000002008444      0x4c0 /opt/Altera/QuartusPrime-15.1/nios2eds/bin/gnu/H-x86_64-pc-linux-gnu/bin/../lib/gcc/nios2-elf/4.9.2/../../../../../H-x86_64-pc-linux-gnu/nios2-elf/lib/libc.a(lib_a-fvwrite.o)
                0x0000000002008444                __sfvwrite_r
 .text          0x0000000002008904        0x0 /opt/Altera/QuartusPrime-15.1/nios2eds/bin/gnu/H-x86_64-pc-linux-gnu/bin/../lib/gcc/nios2-elf/4.9.2/../../../../../H-x86_64-pc-linux-gnu/nios2-elf/lib/libc.a(lib_a-int_errno.o)
 .text          0x0000000002008904        0x0 /opt/Altera/QuartusPrime-15.1/nios2eds/bin/gnu/H-x86_64-pc-linux-gnu/bin/../lib/gcc/nios2-elf/4.9.2/../../../../../H-x86_64-pc-linux-gnu/nios2-elf/lib/libc.a(lib_a-isattyr.o)
 .text._isatty_r
                0x0000000002008904       0x54 /opt/Altera/QuartusPrime-15.1/nios2eds/bin/gnu/H-x86_64-pc-linux-gnu/bin/../lib/gcc/nios2-elf/4.9.2/../../../../../H-x86_64-pc-linux-gnu/nios2-elf/lib/libc.a(lib_a-isattyr.o)
                0x0000000002008904                _isatty_r
 .text          0x0000000002008958        0x0 /opt/Altera/QuartusPrime-15.1/nios2eds/bin/gnu/H-x86_64-pc-linux-gnu/bin/../lib/gcc/nios2-elf/4.9.2/../../../../../H-x86_64-pc-linux-gnu/nios2-elf/lib/libc.a(lib_a-lseekr.o)
 .text._lseek_r
                0x0000000002008958       0x5c /opt/Altera/QuartusPrime-15.1/nios2eds/bin/gnu/H-x86_64-pc-linux-gnu/bin/../lib/gcc/nios2-elf/4.9.2/../../../../../H-x86_64-pc-linux-gnu/nios2-elf/lib/libc.a(lib_a-lseekr.o)
                0x0000000002008958                _lseek_r
 .text          0x00000000020089b4        0x0 /opt/Altera/QuartusPrime-15.1/nios2eds/bin/gnu/H-x86_64-pc-linux-gnu/bin/../lib/gcc/nios2-elf/4.9.2/../../../../../H-x86_64-pc-linux-gnu/nios2-elf/lib/libc.a(lib_a-memmove.o)
 .text.memmove  0x00000000020089b4      0x15c /opt/Altera/QuartusPrime-15.1/nios2eds/bin/gnu/H-x86_64-pc-linux-gnu/bin/../lib/gcc/nios2-elf/4.9.2/../../../../../H-x86_64-pc-linux-gnu/nios2-elf/lib/libc.a(lib_a-memmove.o)
                0x00000000020089b4                memmove
 .text          0x0000000002008b10        0x0 /opt/Altera/QuartusPrime-15.1/nios2eds/bin/gnu/H-x86_64-pc-linux-gnu/bin/../lib/gcc/nios2-elf/4.9.2/../../../../../H-x86_64-pc-linux-gnu/nios2-elf/lib/libc.a(lib_a-readr.o)
 .text._read_r  0x0000000002008b10       0x5c /opt/Altera/QuartusPrime-15.1/nios2eds/bin/gnu/H-x86_64-pc-linux-gnu/bin/../lib/gcc/nios2-elf/4.9.2/../../../../../H-x86_64-pc-linux-gnu/nios2-elf/lib/libc.a(lib_a-readr.o)
                0x0000000002008b10                _read_r
 .text          0x0000000002008b6c        0x0 /opt/Altera/QuartusPrime-15.1/nios2eds/bin/gnu/H-x86_64-pc-linux-gnu/bin/../lib/gcc/nios2-elf/4.9.2/../../../../../H-x86_64-pc-linux-gnu/nios2-elf/lib/libc.a(lib_a-reallocr.o)
 .text._realloc_r
                0x0000000002008b6c      0x568 /opt/Altera/QuartusPrime-15.1/nios2eds/bin/gnu/H-x86_64-pc-linux-gnu/bin/../lib/gcc/nios2-elf/4.9.2/../../../../../H-x86_64-pc-linux-gnu/nios2-elf/lib/libc.a(lib_a-reallocr.o)
                0x0000000002008b6c                _realloc_r
 .text          0x00000000020090d4        0x0 /opt/Altera/QuartusPrime-15.1/nios2eds/bin/gnu/H-x86_64-pc-linux-gnu/bin/../lib/gcc/nios2-elf/4.9.2/../../../../../H-x86_64-pc-linux-gnu/nios2-elf/lib/libc.a(lib_a-wbuf.o)
 .text.__swbuf_r
                0x00000000020090d4      0x138 /opt/Altera/QuartusPrime-15.1/nios2eds/bin/gnu/H-x86_64-pc-linux-gnu/bin/../lib/gcc/nios2-elf/4.9.2/../../../../../H-x86_64-pc-linux-gnu/nios2-elf/lib/libc.a(lib_a-wbuf.o)
                0x00000000020090d4                __swbuf_r
 .text.__swbuf  0x000000000200920c       0x1c /opt/Altera/QuartusPrime-15.1/nios2eds/bin/gnu/H-x86_64-pc-linux-gnu/bin/../lib/gcc/nios2-elf/4.9.2/../../../../../H-x86_64-pc-linux-gnu/nios2-elf/lib/libc.a(lib_a-wbuf.o)
                0x000000000200920c                __swbuf
 .text          0x0000000002009228        0x0 /opt/Altera/QuartusPrime-15.1/nios2eds/bin/gnu/H-x86_64-pc-linux-gnu/bin/../lib/gcc/nios2-elf/4.9.2/../../../../../H-x86_64-pc-linux-gnu/nios2-elf/lib/libc.a(lib_a-wcrtomb.o)
 .text._wcrtomb_r
                0x0000000002009228       0x9c /opt/Altera/QuartusPrime-15.1/nios2eds/bin/gnu/H-x86_64-pc-linux-gnu/bin/../lib/gcc/nios2-elf/4.9.2/../../../../../H-x86_64-pc-linux-gnu/nios2-elf/lib/libc.a(lib_a-wcrtomb.o)
                0x0000000002009228                _wcrtomb_r
 .text.wcrtomb  0x00000000020092c4       0xc0 /opt/Altera/QuartusPrime-15.1/nios2eds/bin/gnu/H-x86_64-pc-linux-gnu/bin/../lib/gcc/nios2-elf/4.9.2/../../../../../H-x86_64-pc-linux-gnu/nios2-elf/lib/libc.a(lib_a-wcrtomb.o)
                0x00000000020092c4                wcrtomb
 .text          0x0000000002009384        0x0 /opt/Altera/QuartusPrime-15.1/nios2eds/bin/gnu/H-x86_64-pc-linux-gnu/bin/../lib/gcc/nios2-elf/4.9.2/../../../../../H-x86_64-pc-linux-gnu/nios2-elf/lib/libc.a(lib_a-wctomb_r.o)
 .text.__ascii_wctomb
                0x0000000002009384       0x30 /opt/Altera/QuartusPrime-15.1/nios2eds/bin/gnu/H-x86_64-pc-linux-gnu/bin/../lib/gcc/nios2-elf/4.9.2/../../../../../H-x86_64-pc-linux-gnu/nios2-elf/lib/libc.a(lib_a-wctomb_r.o)
                0x0000000002009384                __ascii_wctomb
 .text._wctomb_r
                0x00000000020093b4       0x5c /opt/Altera/QuartusPrime-15.1/nios2eds/bin/gnu/H-x86_64-pc-linux-gnu/bin/../lib/gcc/nios2-elf/4.9.2/../../../../../H-x86_64-pc-linux-gnu/nios2-elf/lib/libc.a(lib_a-wctomb_r.o)
                0x00000000020093b4                _wctomb_r
 .text          0x0000000002009410      0x5c0 /opt/Altera/QuartusPrime-15.1/nios2eds/bin/gnu/H-x86_64-pc-linux-gnu/bin/../lib/gcc/nios2-elf/4.9.2/libgcc.a(_udivdi3.o)
                0x0000000002009410                __udivdi3
 .text          0x00000000020099d0      0x590 /opt/Altera/QuartusPrime-15.1/nios2eds/bin/gnu/H-x86_64-pc-linux-gnu/bin/../lib/gcc/nios2-elf/4.9.2/libgcc.a(_umoddi3.o)
                0x00000000020099d0                __umoddi3
 .text          0x0000000002009f60      0x12c /opt/Altera/QuartusPrime-15.1/nios2eds/bin/gnu/H-x86_64-pc-linux-gnu/bin/../lib/gcc/nios2-elf/4.9.2/libgcc.a(lib2-divmod.o)
                0x0000000002009fcc                __divsi3
                0x000000000200a020                __modsi3
                0x000000000200a07c                __udivsi3
                0x000000000200a084                __umodsi3
 .text          0x000000000200a08c      0x89c /opt/Altera/QuartusPrime-15.1/nios2eds/bin/gnu/H-x86_64-pc-linux-gnu/bin/../lib/gcc/nios2-elf/4.9.2/libgcc.a(adddf3.o)
                0x000000000200a08c                __adddf3
 .text          0x000000000200a928      0x8cc /opt/Altera/QuartusPrime-15.1/nios2eds/bin/gnu/H-x86_64-pc-linux-gnu/bin/../lib/gcc/nios2-elf/4.9.2/libgcc.a(divdf3.o)
                0x000000000200a928                __divdf3
 .text          0x000000000200b1f4       0x84 /opt/Altera/QuartusPrime-15.1/nios2eds/bin/gnu/H-x86_64-pc-linux-gnu/bin/../lib/gcc/nios2-elf/4.9.2/libgcc.a(eqdf2.o)
                0x000000000200b1f4                __eqdf2
                0x000000000200b1f4                __nedf2
 .text          0x000000000200b278       0xe0 /opt/Altera/QuartusPrime-15.1/nios2eds/bin/gnu/H-x86_64-pc-linux-gnu/bin/../lib/gcc/nios2-elf/4.9.2/libgcc.a(gedf2.o)
                0x000000000200b278                __gtdf2
                0x000000000200b278                __gedf2
 .text          0x000000000200b358       0xe0 /opt/Altera/QuartusPrime-15.1/nios2eds/bin/gnu/H-x86_64-pc-linux-gnu/bin/../lib/gcc/nios2-elf/4.9.2/libgcc.a(ledf2.o)
                0x000000000200b358                __ltdf2
                0x000000000200b358                __ledf2
 .text          0x000000000200b438      0x724 /opt/Altera/QuartusPrime-15.1/nios2eds/bin/gnu/H-x86_64-pc-linux-gnu/bin/../lib/gcc/nios2-elf/4.9.2/libgcc.a(muldf3.o)
                0x000000000200b438                __muldf3
 .text          0x000000000200bb5c      0x8d0 /opt/Altera/QuartusPrime-15.1/nios2eds/bin/gnu/H-x86_64-pc-linux-gnu/bin/../lib/gcc/nios2-elf/4.9.2/libgcc.a(subdf3.o)
                0x000000000200bb5c                __subdf3
 .text          0x000000000200c42c       0x88 /opt/Altera/QuartusPrime-15.1/nios2eds/bin/gnu/H-x86_64-pc-linux-gnu/bin/../lib/gcc/nios2-elf/4.9.2/libgcc.a(fixdfsi.o)
                0x000000000200c42c                __fixdfsi
 .text          0x000000000200c4b4       0xd0 /opt/Altera/QuartusPrime-15.1/nios2eds/bin/gnu/H-x86_64-pc-linux-gnu/bin/../lib/gcc/nios2-elf/4.9.2/libgcc.a(floatsidf.o)
                0x000000000200c4b4                __floatsidf
 .text          0x000000000200c584       0xa4 /opt/Altera/QuartusPrime-15.1/nios2eds/bin/gnu/H-x86_64-pc-linux-gnu/bin/../lib/gcc/nios2-elf/4.9.2/libgcc.a(floatunsidf.o)
                0x000000000200c584                __floatunsidf
 .text          0x000000000200c628        0x0 /opt/Altera/QuartusPrime-15.1/nios2eds/bin/gnu/H-x86_64-pc-linux-gnu/bin/../lib/gcc/nios2-elf/4.9.2/libgcc.a(_clz.o)
 .text          0x000000000200c628       0x64 /opt/Altera/QuartusPrime-15.1/nios2eds/bin/gnu/H-x86_64-pc-linux-gnu/bin/../lib/gcc/nios2-elf/4.9.2/libgcc.a(_clzsi2.o)
                0x000000000200c628                __clzsi2
 .text          0x000000000200c68c      0x120 ../BSP//libhal_bsp.a(alt_close.o)
                0x000000000200c6dc                close
 .text          0x000000000200c7ac       0x2c ../BSP//libhal_bsp.a(alt_dev.o)
 .text          0x000000000200c7d8        0x0 ../BSP//libhal_bsp.a(alt_errno.o)
 .text          0x000000000200c7d8      0x100 ../BSP//libhal_bsp.a(alt_fstat.o)
                0x000000000200c828                fstat
 .text          0x000000000200c8d8       0xf4 ../BSP//libhal_bsp.a(alt_isatty.o)
                0x000000000200c928                isatty
 .text          0x000000000200c9cc       0xe4 ../BSP//libhal_bsp.a(alt_load.o)
                0x000000000200ca30                alt_load
 .text          0x000000000200cab0      0x124 ../BSP//libhal_bsp.a(alt_lseek.o)
                0x000000000200cb00                lseek
 .text          0x000000000200cbd4       0x78 ../BSP//libhal_bsp.a(alt_main.o)
                0x000000000200cbd4                alt_main
 .text          0x000000000200cc4c       0x40 ../BSP//libhal_bsp.a(alt_malloc_lock.o)
                0x000000000200cc4c                __malloc_lock
                0x000000000200cc6c                __malloc_unlock
 .text          0x000000000200cc8c      0x14c ../BSP//libhal_bsp.a(alt_read.o)
                0x000000000200ccdc                read
 .text          0x000000000200cdd8       0x60 ../BSP//libhal_bsp.a(alt_release_fd.o)
                0x000000000200cdd8                alt_release_fd
 .text          0x000000000200ce38       0xb0 ../BSP//libhal_bsp.a(alt_sbrk.o)
                0x000000000200ce38                sbrk
 .text          0x000000000200cee8       0x30 ../BSP//libhal_bsp.a(alt_usleep.o)
                0x000000000200cee8                usleep
 .text          0x000000000200cf18      0x148 ../BSP//libhal_bsp.a(alt_write.o)
                0x000000000200cf68                write
 .text          0x000000000200d060       0xd4 ../BSP//libhal_bsp.a(alt_sys_init.o)
                0x000000000200d098                alt_irq_init
                0x000000000200d0cc                alt_sys_init
 .text          0x000000000200d134      0x164 ../BSP//libhal_bsp.a(altera_avalon_jtag_uart_fd.o)
                0x000000000200d134                altera_avalon_jtag_uart_read_fd
                0x000000000200d194                altera_avalon_jtag_uart_write_fd
                0x000000000200d1f4                altera_avalon_jtag_uart_close_fd
                0x000000000200d244                altera_avalon_jtag_uart_ioctl_fd
 .text          0x000000000200d298      0x3d8 ../BSP//libhal_bsp.a(altera_avalon_jtag_uart_init.o)
                0x000000000200d298                altera_avalon_jtag_uart_init
                0x000000000200d608                altera_avalon_jtag_uart_close
 .text          0x000000000200d670       0xec ../BSP//libhal_bsp.a(altera_avalon_jtag_uart_ioctl.o)
                0x000000000200d670                altera_avalon_jtag_uart_ioctl
 .text          0x000000000200d75c      0x20c ../BSP//libhal_bsp.a(altera_avalon_jtag_uart_read.o)
                0x000000000200d75c                altera_avalon_jtag_uart_read
 .text          0x000000000200d968      0x218 ../BSP//libhal_bsp.a(altera_avalon_jtag_uart_write.o)
                0x000000000200d968                altera_avalon_jtag_uart_write
 .text          0x000000000200db80      0x110 ../BSP//libhal_bsp.a(altera_avalon_uart_fd.o)
                0x000000000200db80                altera_avalon_uart_read_fd
                0x000000000200dbe0                altera_avalon_uart_write_fd
                0x000000000200dc40                altera_avalon_uart_close_fd
 .text          0x000000000200dc90      0x3b8 ../BSP//libhal_bsp.a(altera_avalon_uart_init.o)
                0x000000000200dc90                altera_avalon_uart_init
                0x000000000200dff4                altera_avalon_uart_close
 .text          0x000000000200e048      0x22c ../BSP//libhal_bsp.a(altera_avalon_uart_read.o)
                0x000000000200e098                altera_avalon_uart_read
 .text          0x000000000200e274      0x1fc ../BSP//libhal_bsp.a(altera_avalon_uart_write.o)
                0x000000000200e2c4                altera_avalon_uart_write
 .text          0x000000000200e470      0x140 ../BSP//libhal_bsp.a(alt_alarm_start.o)
                0x000000000200e470                alt_alarm_start
 .text          0x000000000200e5b0      0x158 ../BSP//libhal_bsp.a(alt_busy_sleep.o)
                0x000000000200e5b0                alt_busy_sleep
 .text          0x000000000200e708       0x44 ../BSP//libhal_bsp.a(alt_dcache_flush_all.o)
                0x000000000200e708                alt_dcache_flush_all
 .text          0x000000000200e74c       0xf4 ../BSP//libhal_bsp.a(alt_dev_llist_insert.o)
                0x000000000200e79c                alt_dev_llist_insert
 .text          0x000000000200e840       0x5c ../BSP//libhal_bsp.a(alt_do_ctors.o)
                0x000000000200e840                _do_ctors
 .text          0x000000000200e89c       0x5c ../BSP//libhal_bsp.a(alt_do_dtors.o)
                0x000000000200e89c                _do_dtors
 .text          0x000000000200e8f8       0x30 ../BSP//libhal_bsp.a(alt_icache_flush_all.o)
                0x000000000200e8f8                alt_icache_flush_all
 .text          0x000000000200e928      0x1e0 ../BSP//libhal_bsp.a(alt_iic.o)
                0x000000000200e928                alt_ic_isr_register
                0x000000000200e978                alt_ic_irq_enable
                0x000000000200ea18                alt_ic_irq_disable
                0x000000000200eabc                alt_ic_irq_enabled
 .text          0x000000000200eb08       0xf0 ../BSP//libhal_bsp.a(alt_iic_isr_register.o)
                0x000000000200eb08                alt_iic_isr_register
 .text          0x000000000200ebf8      0x138 ../BSP//libhal_bsp.a(alt_io_redirect.o)
                0x000000000200ecb8                alt_io_redirect
 .text          0x000000000200ed30        0x0 ../BSP//libhal_bsp.a(alt_irq_entry.o)
 .text          0x000000000200ed30        0x0 ../BSP//libhal_bsp.a(alt_irq_handler.o)
 .text          0x000000000200ed30        0x0 ../BSP//libhal_bsp.a(alt_irq_vars.o)
 .text          0x000000000200ed30      0x274 ../BSP//libhal_bsp.a(alt_open.o)
                0x000000000200ee4c                open
 .text          0x000000000200efa4      0x19c ../BSP//libhal_bsp.a(alt_tick.o)
                0x000000000200efa4                alt_alarm_stop
                0x000000000200f03c                alt_tick
 .text          0x000000000200f140       0x20 ../BSP//libhal_bsp.a(altera_nios2_gen2_irq.o)
                0x000000000200f140                altera_nios2_gen2_irq_init
 .text          0x000000000200f160        0x0 ../BSP//libhal_bsp.a(alt_exception_entry.o)
 .text          0x000000000200f160       0x90 ../BSP//libhal_bsp.a(alt_find_dev.o)
                0x000000000200f160                alt_find_dev
 .text          0x000000000200f1f0      0x114 ../BSP//libhal_bsp.a(alt_find_file.o)
                0x000000000200f1f0                alt_find_file
 .text          0x000000000200f304       0xb4 ../BSP//libhal_bsp.a(alt_get_fd.o)
                0x000000000200f304                alt_get_fd
 .text          0x000000000200f3b8       0x8c ../BSP//libhal_bsp.a(alt_icache_flush.o)
                0x000000000200f3b8                alt_icache_flush
 .text          0x000000000200f444       0x9c ../BSP//libhal_bsp.a(alt_instruction_exception_entry.o)
                0x000000000200f444                alt_exception_cause_generated_bad_addr
 .text          0x000000000200f4e0        0x0 /opt/Altera/QuartusPrime-15.1/nios2eds/bin/gnu/H-x86_64-pc-linux-gnu/bin/../lib/gcc/nios2-elf/4.9.2/../../../../../H-x86_64-pc-linux-gnu/nios2-elf/lib/libc.a(lib_a-atexit.o)
 .text.atexit   0x000000000200f4e0       0x14 /opt/Altera/QuartusPrime-15.1/nios2eds/bin/gnu/H-x86_64-pc-linux-gnu/bin/../lib/gcc/nios2-elf/4.9.2/../../../../../H-x86_64-pc-linux-gnu/nios2-elf/lib/libc.a(lib_a-atexit.o)
                0x000000000200f4e0                atexit
 .text          0x000000000200f4f4        0x0 /opt/Altera/QuartusPrime-15.1/nios2eds/bin/gnu/H-x86_64-pc-linux-gnu/bin/../lib/gcc/nios2-elf/4.9.2/../../../../../H-x86_64-pc-linux-gnu/nios2-elf/lib/libc.a(lib_a-exit.o)
 .text.exit     0x000000000200f4f4       0x38 /opt/Altera/QuartusPrime-15.1/nios2eds/bin/gnu/H-x86_64-pc-linux-gnu/bin/../lib/gcc/nios2-elf/4.9.2/../../../../../H-x86_64-pc-linux-gnu/nios2-elf/lib/libc.a(lib_a-exit.o)
                0x000000000200f4f4                exit
 .text          0x000000000200f52c        0x0 /opt/Altera/QuartusPrime-15.1/nios2eds/bin/gnu/H-x86_64-pc-linux-gnu/bin/../lib/gcc/nios2-elf/4.9.2/../../../../../H-x86_64-pc-linux-gnu/nios2-elf/lib/libc.a(lib_a-memcmp.o)
 .text.memcmp   0x000000000200f52c       0x7c /opt/Altera/QuartusPrime-15.1/nios2eds/bin/gnu/H-x86_64-pc-linux-gnu/bin/../lib/gcc/nios2-elf/4.9.2/../../../../../H-x86_64-pc-linux-gnu/nios2-elf/lib/libc.a(lib_a-memcmp.o)
                0x000000000200f52c                memcmp
 .text          0x000000000200f5a8        0x0 /opt/Altera/QuartusPrime-15.1/nios2eds/bin/gnu/H-x86_64-pc-linux-gnu/bin/../lib/gcc/nios2-elf/4.9.2/../../../../../H-x86_64-pc-linux-gnu/nios2-elf/lib/libc.a(lib_a-__atexit.o)
 .text.__register_exitproc
                0x000000000200f5a8      0x114 /opt/Altera/QuartusPrime-15.1/nios2eds/bin/gnu/H-x86_64-pc-linux-gnu/bin/../lib/gcc/nios2-elf/4.9.2/../../../../../H-x86_64-pc-linux-gnu/nios2-elf/lib/libc.a(lib_a-__atexit.o)
                0x000000000200f5a8                __register_exitproc
 .text          0x000000000200f6bc        0x0 /opt/Altera/QuartusPrime-15.1/nios2eds/bin/gnu/H-x86_64-pc-linux-gnu/bin/../lib/gcc/nios2-elf/4.9.2/../../../../../H-x86_64-pc-linux-gnu/nios2-elf/lib/libc.a(lib_a-__call_atexit.o)
 .text.__call_exitprocs
                0x000000000200f6bc      0x194 /opt/Altera/QuartusPrime-15.1/nios2eds/bin/gnu/H-x86_64-pc-linux-gnu/bin/../lib/gcc/nios2-elf/4.9.2/../../../../../H-x86_64-pc-linux-gnu/nios2-elf/lib/libc.a(lib_a-__call_atexit.o)
                0x000000000200f6bc                __call_exitprocs
 .text          0x000000000200f850       0x34 ../BSP//libhal_bsp.a(alt_exit.o)
                0x000000000200f850                _exit
 *(.gnu.warning.*)
 *(.fini)
                0x000000000200f884                PROVIDE (__etext, ABSOLUTE (.))
                0x000000000200f884                PROVIDE (_etext, ABSOLUTE (.))
                0x000000000200f884                PROVIDE (etext, ABSOLUTE (.))
 *(.eh_frame_hdr)
                0x000000000200f884                . = ALIGN (0x4)
                0x000000000200f884                PROVIDE (__preinit_array_start, ABSOLUTE (.))
 *(.preinit_array)
                0x000000000200f884                PROVIDE (__preinit_array_end, ABSOLUTE (.))
                0x000000000200f884                PROVIDE (__init_array_start, ABSOLUTE (.))
 *(.init_array)
                0x000000000200f884                PROVIDE (__init_array_end, ABSOLUTE (.))
                0x000000000200f884                PROVIDE (__fini_array_start, ABSOLUTE (.))
 *(.fini_array)
                0x000000000200f884                PROVIDE (__fini_array_end, ABSOLUTE (.))
 *(.eh_frame)
 *(.gcc_except_table .gcc_except_table.*)
 *(.dynamic)
                0x000000000200f884                PROVIDE (__CTOR_LIST__, ABSOLUTE (.))
 *(.ctors)
 *(SORT(.ctors.*))
                0x000000000200f884                PROVIDE (__CTOR_END__, ABSOLUTE (.))
                0x000000000200f884                PROVIDE (__DTOR_LIST__, ABSOLUTE (.))
 *(.dtors)
 *(SORT(.dtors.*))
                0x000000000200f884                PROVIDE (__DTOR_END__, ABSOLUTE (.))
 *(.jcr)
                0x000000000200f884                . = ALIGN (0x4)

.rodata         0x000000000200f884      0x320
                0x000000000200f884                PROVIDE (__ram_rodata_start, ABSOLUTE (.))
                0x000000000200f884                . = ALIGN (0x4)
 *(.rodata .rodata.* .gnu.linkonce.r.*)
 .rodata        0x000000000200f884       0x14 obj/default/main.o
 .rodata.str1.4
                0x000000000200f898       0x42 /opt/Altera/QuartusPrime-15.1/nios2eds/bin/gnu/H-x86_64-pc-linux-gnu/bin/../lib/gcc/nios2-elf/4.9.2/../../../../../H-x86_64-pc-linux-gnu/nios2-elf/lib/libc.a(lib_a-vfprintf.o)
                                         0x44 (size before relaxing)
 .rodata.zeroes.4255
                0x000000000200f8da       0x10 /opt/Altera/QuartusPrime-15.1/nios2eds/bin/gnu/H-x86_64-pc-linux-gnu/bin/../lib/gcc/nios2-elf/4.9.2/../../../../../H-x86_64-pc-linux-gnu/nios2-elf/lib/libc.a(lib_a-vfprintf.o)
 .rodata.blanks.4254
                0x000000000200f8ea       0x10 /opt/Altera/QuartusPrime-15.1/nios2eds/bin/gnu/H-x86_64-pc-linux-gnu/bin/../lib/gcc/nios2-elf/4.9.2/../../../../../H-x86_64-pc-linux-gnu/nios2-elf/lib/libc.a(lib_a-vfprintf.o)
 *fill*         0x000000000200f8fa        0x2 
 .rodata.str1.4
                0x000000000200f8fc       0x10 /opt/Altera/QuartusPrime-15.1/nios2eds/bin/gnu/H-x86_64-pc-linux-gnu/bin/../lib/gcc/nios2-elf/4.9.2/../../../../../H-x86_64-pc-linux-gnu/nios2-elf/lib/libc.a(lib_a-dtoa.o)
                                         0x14 (size before relaxing)
 .rodata.str1.4
                0x000000000200f90c        0x2 /opt/Altera/QuartusPrime-15.1/nios2eds/bin/gnu/H-x86_64-pc-linux-gnu/bin/../lib/gcc/nios2-elf/4.9.2/../../../../../H-x86_64-pc-linux-gnu/nios2-elf/lib/libc.a(lib_a-impure.o)
                                          0x4 (size before relaxing)
 *fill*         0x000000000200f90e        0x2 
 .rodata.str1.4
                0x000000000200f910        0xc /opt/Altera/QuartusPrime-15.1/nios2eds/bin/gnu/H-x86_64-pc-linux-gnu/bin/../lib/gcc/nios2-elf/4.9.2/../../../../../H-x86_64-pc-linux-gnu/nios2-elf/lib/libc.a(lib_a-locale.o)
                                         0x14 (size before relaxing)
 .rodata.p05.2710
                0x000000000200f91c        0xc /opt/Altera/QuartusPrime-15.1/nios2eds/bin/gnu/H-x86_64-pc-linux-gnu/bin/../lib/gcc/nios2-elf/4.9.2/../../../../../H-x86_64-pc-linux-gnu/nios2-elf/lib/libc.a(lib_a-mprec.o)
 .rodata.__mprec_tinytens
                0x000000000200f928       0x28 /opt/Altera/QuartusPrime-15.1/nios2eds/bin/gnu/H-x86_64-pc-linux-gnu/bin/../lib/gcc/nios2-elf/4.9.2/../../../../../H-x86_64-pc-linux-gnu/nios2-elf/lib/libc.a(lib_a-mprec.o)
                0x000000000200f928                __mprec_tinytens
 .rodata.__mprec_bigtens
                0x000000000200f950       0x28 /opt/Altera/QuartusPrime-15.1/nios2eds/bin/gnu/H-x86_64-pc-linux-gnu/bin/../lib/gcc/nios2-elf/4.9.2/../../../../../H-x86_64-pc-linux-gnu/nios2-elf/lib/libc.a(lib_a-mprec.o)
                0x000000000200f950                __mprec_bigtens
 .rodata.__mprec_tens
                0x000000000200f978       0xc8 /opt/Altera/QuartusPrime-15.1/nios2eds/bin/gnu/H-x86_64-pc-linux-gnu/bin/../lib/gcc/nios2-elf/4.9.2/../../../../../H-x86_64-pc-linux-gnu/nios2-elf/lib/libc.a(lib_a-mprec.o)
                0x000000000200f978                __mprec_tens
 .rodata.str1.4
                0x0000000000000000       0x30 /opt/Altera/QuartusPrime-15.1/nios2eds/bin/gnu/H-x86_64-pc-linux-gnu/bin/../lib/gcc/nios2-elf/4.9.2/../../../../../H-x86_64-pc-linux-gnu/nios2-elf/lib/libc.a(lib_a-vfiprintf.o)
 .rodata.zeroes.4200
                0x000000000200fa40       0x10 /opt/Altera/QuartusPrime-15.1/nios2eds/bin/gnu/H-x86_64-pc-linux-gnu/bin/../lib/gcc/nios2-elf/4.9.2/../../../../../H-x86_64-pc-linux-gnu/nios2-elf/lib/libc.a(lib_a-vfiprintf.o)
 .rodata.blanks.4199
                0x000000000200fa50       0x10 /opt/Altera/QuartusPrime-15.1/nios2eds/bin/gnu/H-x86_64-pc-linux-gnu/bin/../lib/gcc/nios2-elf/4.9.2/../../../../../H-x86_64-pc-linux-gnu/nios2-elf/lib/libc.a(lib_a-vfiprintf.o)
 .rodata        0x000000000200fa60      0x100 /opt/Altera/QuartusPrime-15.1/nios2eds/bin/gnu/H-x86_64-pc-linux-gnu/bin/../lib/gcc/nios2-elf/4.9.2/libgcc.a(_clz.o)
                0x000000000200fa60                __clz_tab
 .rodata        0x000000000200fb60        0xc ../BSP//libhal_bsp.a(alt_dev.o)
 .rodata        0x000000000200fb6c       0x1c ../BSP//libhal_bsp.a(alt_main.o)
 .rodata        0x000000000200fb88       0x1c ../BSP//libhal_bsp.a(alt_sys_init.o)
 *(.rodata1)
                0x000000000200fba4                . = ALIGN (0x4)
                0x000000000200fba4                PROVIDE (__ram_rodata_end, ABSOLUTE (.))
                0x000000000200f884                PROVIDE (__flash_rodata_start, LOADADDR (.rodata))

.rwdata         0x000000000200fba4     0x1bb0 load address 0x0000000002011754
                0x000000000200fba4                PROVIDE (__ram_rwdata_start, ABSOLUTE (.))
                0x000000000200fba4                . = ALIGN (0x4)
 *(.got.plt)
 *(.got)
 *(.data1)
 *(.data .data.* .gnu.linkonce.d.*)
 .data          0x000000000200fba4        0x0 ../BSP//obj/HAL/src/crt0.o
 .data          0x000000000200fba4        0x0 obj/default/main.o
 .data          0x000000000200fba4        0x0 /opt/Altera/QuartusPrime-15.1/nios2eds/bin/gnu/H-x86_64-pc-linux-gnu/bin/../lib/gcc/nios2-elf/4.9.2/../../../../../H-x86_64-pc-linux-gnu/nios2-elf/lib/libc.a(lib_a-printf.o)
 .data          0x000000000200fba4        0x0 /opt/Altera/QuartusPrime-15.1/nios2eds/bin/gnu/H-x86_64-pc-linux-gnu/bin/../lib/gcc/nios2-elf/4.9.2/../../../../../H-x86_64-pc-linux-gnu/nios2-elf/lib/libc.a(lib_a-vfprintf.o)
 .data          0x000000000200fba4        0x0 /opt/Altera/QuartusPrime-15.1/nios2eds/bin/gnu/H-x86_64-pc-linux-gnu/bin/../lib/gcc/nios2-elf/4.9.2/../../../../../H-x86_64-pc-linux-gnu/nios2-elf/lib/libc.a(lib_a-wsetup.o)
 .data          0x000000000200fba4        0x0 /opt/Altera/QuartusPrime-15.1/nios2eds/bin/gnu/H-x86_64-pc-linux-gnu/bin/../lib/gcc/nios2-elf/4.9.2/../../../../../H-x86_64-pc-linux-gnu/nios2-elf/lib/libc.a(lib_a-dtoa.o)
 .data          0x000000000200fba4        0x0 /opt/Altera/QuartusPrime-15.1/nios2eds/bin/gnu/H-x86_64-pc-linux-gnu/bin/../lib/gcc/nios2-elf/4.9.2/../../../../../H-x86_64-pc-linux-gnu/nios2-elf/lib/libc.a(lib_a-fflush.o)
 .data          0x000000000200fba4        0x0 /opt/Altera/QuartusPrime-15.1/nios2eds/bin/gnu/H-x86_64-pc-linux-gnu/bin/../lib/gcc/nios2-elf/4.9.2/../../../../../H-x86_64-pc-linux-gnu/nios2-elf/lib/libc.a(lib_a-findfp.o)
 .data          0x000000000200fba4        0x0 /opt/Altera/QuartusPrime-15.1/nios2eds/bin/gnu/H-x86_64-pc-linux-gnu/bin/../lib/gcc/nios2-elf/4.9.2/../../../../../H-x86_64-pc-linux-gnu/nios2-elf/lib/libc.a(lib_a-freer.o)
 .data          0x000000000200fba4        0x0 /opt/Altera/QuartusPrime-15.1/nios2eds/bin/gnu/H-x86_64-pc-linux-gnu/bin/../lib/gcc/nios2-elf/4.9.2/../../../../../H-x86_64-pc-linux-gnu/nios2-elf/lib/libc.a(lib_a-fwalk.o)
 .data          0x000000000200fba4        0x0 /opt/Altera/QuartusPrime-15.1/nios2eds/bin/gnu/H-x86_64-pc-linux-gnu/bin/../lib/gcc/nios2-elf/4.9.2/../../../../../H-x86_64-pc-linux-gnu/nios2-elf/lib/libc.a(lib_a-impure.o)
 .data.impure_data
                0x000000000200fba4      0x424 /opt/Altera/QuartusPrime-15.1/nios2eds/bin/gnu/H-x86_64-pc-linux-gnu/bin/../lib/gcc/nios2-elf/4.9.2/../../../../../H-x86_64-pc-linux-gnu/nios2-elf/lib/libc.a(lib_a-impure.o)
 .data          0x000000000200ffc8        0x0 /opt/Altera/QuartusPrime-15.1/nios2eds/bin/gnu/H-x86_64-pc-linux-gnu/bin/../lib/gcc/nios2-elf/4.9.2/../../../../../H-x86_64-pc-linux-gnu/nios2-elf/lib/libc.a(lib_a-locale.o)
 .data.lc_message_charset
                0x000000000200ffc8       0x20 /opt/Altera/QuartusPrime-15.1/nios2eds/bin/gnu/H-x86_64-pc-linux-gnu/bin/../lib/gcc/nios2-elf/4.9.2/../../../../../H-x86_64-pc-linux-gnu/nios2-elf/lib/libc.a(lib_a-locale.o)
 .data.lc_ctype_charset
                0x000000000200ffe8       0x20 /opt/Altera/QuartusPrime-15.1/nios2eds/bin/gnu/H-x86_64-pc-linux-gnu/bin/../lib/gcc/nios2-elf/4.9.2/../../../../../H-x86_64-pc-linux-gnu/nios2-elf/lib/libc.a(lib_a-locale.o)
 .data.lconv    0x0000000002010008       0x38 /opt/Altera/QuartusPrime-15.1/nios2eds/bin/gnu/H-x86_64-pc-linux-gnu/bin/../lib/gcc/nios2-elf/4.9.2/../../../../../H-x86_64-pc-linux-gnu/nios2-elf/lib/libc.a(lib_a-locale.o)
 .data          0x0000000002010040        0x0 /opt/Altera/QuartusPrime-15.1/nios2eds/bin/gnu/H-x86_64-pc-linux-gnu/bin/../lib/gcc/nios2-elf/4.9.2/../../../../../H-x86_64-pc-linux-gnu/nios2-elf/lib/libc.a(lib_a-makebuf.o)
 .data          0x0000000002010040        0x0 /opt/Altera/QuartusPrime-15.1/nios2eds/bin/gnu/H-x86_64-pc-linux-gnu/bin/../lib/gcc/nios2-elf/4.9.2/../../../../../H-x86_64-pc-linux-gnu/nios2-elf/lib/libc.a(lib_a-mallocr.o)
 .data.__malloc_av_
                0x0000000002010040      0x408 /opt/Altera/QuartusPrime-15.1/nios2eds/bin/gnu/H-x86_64-pc-linux-gnu/bin/../lib/gcc/nios2-elf/4.9.2/../../../../../H-x86_64-pc-linux-gnu/nios2-elf/lib/libc.a(lib_a-mallocr.o)
                0x0000000002010040                __malloc_av_
 .data          0x0000000002010448        0x0 /opt/Altera/QuartusPrime-15.1/nios2eds/bin/gnu/H-x86_64-pc-linux-gnu/bin/../lib/gcc/nios2-elf/4.9.2/../../../../../H-x86_64-pc-linux-gnu/nios2-elf/lib/libc.a(lib_a-memchr.o)
 .data          0x0000000002010448        0x0 /opt/Altera/QuartusPrime-15.1/nios2eds/bin/gnu/H-x86_64-pc-linux-gnu/bin/../lib/gcc/nios2-elf/4.9.2/../../../../../H-x86_64-pc-linux-gnu/nios2-elf/lib/libc.a(lib_a-memcpy.o)
 .data          0x0000000002010448        0x0 /opt/Altera/QuartusPrime-15.1/nios2eds/bin/gnu/H-x86_64-pc-linux-gnu/bin/../lib/gcc/nios2-elf/4.9.2/../../../../../H-x86_64-pc-linux-gnu/nios2-elf/lib/libc.a(lib_a-memset.o)
 .data          0x0000000002010448        0x0 /opt/Altera/QuartusPrime-15.1/nios2eds/bin/gnu/H-x86_64-pc-linux-gnu/bin/../lib/gcc/nios2-elf/4.9.2/../../../../../H-x86_64-pc-linux-gnu/nios2-elf/lib/libc.a(lib_a-mprec.o)
 .data          0x0000000002010448        0x0 /opt/Altera/QuartusPrime-15.1/nios2eds/bin/gnu/H-x86_64-pc-linux-gnu/bin/../lib/gcc/nios2-elf/4.9.2/../../../../../H-x86_64-pc-linux-gnu/nios2-elf/lib/libc.a(lib_a-s_fpclassify.o)
 .data          0x0000000002010448        0x0 /opt/Altera/QuartusPrime-15.1/nios2eds/bin/gnu/H-x86_64-pc-linux-gnu/bin/../lib/gcc/nios2-elf/4.9.2/../../../../../H-x86_64-pc-linux-gnu/nios2-elf/lib/libc.a(lib_a-sbrkr.o)
 .data          0x0000000002010448        0x0 /opt/Altera/QuartusPrime-15.1/nios2eds/bin/gnu/H-x86_64-pc-linux-gnu/bin/../lib/gcc/nios2-elf/4.9.2/../../../../../H-x86_64-pc-linux-gnu/nios2-elf/lib/libc.a(lib_a-stdio.o)
 .data          0x0000000002010448        0x0 /opt/Altera/QuartusPrime-15.1/nios2eds/bin/gnu/H-x86_64-pc-linux-gnu/bin/../lib/gcc/nios2-elf/4.9.2/../../../../../H-x86_64-pc-linux-gnu/nios2-elf/lib/libc.a(lib_a-strcmp.o)
 .data          0x0000000002010448        0x0 /opt/Altera/QuartusPrime-15.1/nios2eds/bin/gnu/H-x86_64-pc-linux-gnu/bin/../lib/gcc/nios2-elf/4.9.2/../../../../../H-x86_64-pc-linux-gnu/nios2-elf/lib/libc.a(lib_a-strlen.o)
 .data          0x0000000002010448        0x0 /opt/Altera/QuartusPrime-15.1/nios2eds/bin/gnu/H-x86_64-pc-linux-gnu/bin/../lib/gcc/nios2-elf/4.9.2/../../../../../H-x86_64-pc-linux-gnu/nios2-elf/lib/libc.a(lib_a-vfiprintf.o)
 .data          0x0000000002010448        0x0 /opt/Altera/QuartusPrime-15.1/nios2eds/bin/gnu/H-x86_64-pc-linux-gnu/bin/../lib/gcc/nios2-elf/4.9.2/../../../../../H-x86_64-pc-linux-gnu/nios2-elf/lib/libc.a(lib_a-writer.o)
 .data          0x0000000002010448        0x0 /opt/Altera/QuartusPrime-15.1/nios2eds/bin/gnu/H-x86_64-pc-linux-gnu/bin/../lib/gcc/nios2-elf/4.9.2/../../../../../H-x86_64-pc-linux-gnu/nios2-elf/lib/libc.a(closer.o)
 .data          0x0000000002010448        0x0 /opt/Altera/QuartusPrime-15.1/nios2eds/bin/gnu/H-x86_64-pc-linux-gnu/bin/../lib/gcc/nios2-elf/4.9.2/../../../../../H-x86_64-pc-linux-gnu/nios2-elf/lib/libc.a(lib_a-callocr.o)
 .data          0x0000000002010448        0x0 /opt/Altera/QuartusPrime-15.1/nios2eds/bin/gnu/H-x86_64-pc-linux-gnu/bin/../lib/gcc/nios2-elf/4.9.2/../../../../../H-x86_64-pc-linux-gnu/nios2-elf/lib/libc.a(lib_a-fclose.o)
 .data          0x0000000002010448        0x0 /opt/Altera/QuartusPrime-15.1/nios2eds/bin/gnu/H-x86_64-pc-linux-gnu/bin/../lib/gcc/nios2-elf/4.9.2/../../../../../H-x86_64-pc-linux-gnu/nios2-elf/lib/libc.a(lib_a-fputwc.o)
 .data          0x0000000002010448        0x0 /opt/Altera/QuartusPrime-15.1/nios2eds/bin/gnu/H-x86_64-pc-linux-gnu/bin/../lib/gcc/nios2-elf/4.9.2/../../../../../H-x86_64-pc-linux-gnu/nios2-elf/lib/libc.a(lib_a-fstatr.o)
 .data          0x0000000002010448        0x0 /opt/Altera/QuartusPrime-15.1/nios2eds/bin/gnu/H-x86_64-pc-linux-gnu/bin/../lib/gcc/nios2-elf/4.9.2/../../../../../H-x86_64-pc-linux-gnu/nios2-elf/lib/libc.a(lib_a-fvwrite.o)
 .data          0x0000000002010448        0x0 /opt/Altera/QuartusPrime-15.1/nios2eds/bin/gnu/H-x86_64-pc-linux-gnu/bin/../lib/gcc/nios2-elf/4.9.2/../../../../../H-x86_64-pc-linux-gnu/nios2-elf/lib/libc.a(lib_a-int_errno.o)
 .data          0x0000000002010448        0x0 /opt/Altera/QuartusPrime-15.1/nios2eds/bin/gnu/H-x86_64-pc-linux-gnu/bin/../lib/gcc/nios2-elf/4.9.2/../../../../../H-x86_64-pc-linux-gnu/nios2-elf/lib/libc.a(lib_a-isattyr.o)
 .data          0x0000000002010448        0x0 /opt/Altera/QuartusPrime-15.1/nios2eds/bin/gnu/H-x86_64-pc-linux-gnu/bin/../lib/gcc/nios2-elf/4.9.2/../../../../../H-x86_64-pc-linux-gnu/nios2-elf/lib/libc.a(lib_a-lseekr.o)
 .data          0x0000000002010448        0x0 /opt/Altera/QuartusPrime-15.1/nios2eds/bin/gnu/H-x86_64-pc-linux-gnu/bin/../lib/gcc/nios2-elf/4.9.2/../../../../../H-x86_64-pc-linux-gnu/nios2-elf/lib/libc.a(lib_a-memmove.o)
 .data          0x0000000002010448        0x0 /opt/Altera/QuartusPrime-15.1/nios2eds/bin/gnu/H-x86_64-pc-linux-gnu/bin/../lib/gcc/nios2-elf/4.9.2/../../../../../H-x86_64-pc-linux-gnu/nios2-elf/lib/libc.a(lib_a-readr.o)
 .data          0x0000000002010448        0x0 /opt/Altera/QuartusPrime-15.1/nios2eds/bin/gnu/H-x86_64-pc-linux-gnu/bin/../lib/gcc/nios2-elf/4.9.2/../../../../../H-x86_64-pc-linux-gnu/nios2-elf/lib/libc.a(lib_a-reallocr.o)
 .data          0x0000000002010448        0x0 /opt/Altera/QuartusPrime-15.1/nios2eds/bin/gnu/H-x86_64-pc-linux-gnu/bin/../lib/gcc/nios2-elf/4.9.2/../../../../../H-x86_64-pc-linux-gnu/nios2-elf/lib/libc.a(lib_a-wbuf.o)
 .data          0x0000000002010448        0x0 /opt/Altera/QuartusPrime-15.1/nios2eds/bin/gnu/H-x86_64-pc-linux-gnu/bin/../lib/gcc/nios2-elf/4.9.2/../../../../../H-x86_64-pc-linux-gnu/nios2-elf/lib/libc.a(lib_a-wcrtomb.o)
 .data          0x0000000002010448        0x0 /opt/Altera/QuartusPrime-15.1/nios2eds/bin/gnu/H-x86_64-pc-linux-gnu/bin/../lib/gcc/nios2-elf/4.9.2/../../../../../H-x86_64-pc-linux-gnu/nios2-elf/lib/libc.a(lib_a-wctomb_r.o)
 .data          0x0000000002010448        0x0 /opt/Altera/QuartusPrime-15.1/nios2eds/bin/gnu/H-x86_64-pc-linux-gnu/bin/../lib/gcc/nios2-elf/4.9.2/libgcc.a(_udivdi3.o)
 .data          0x0000000002010448        0x0 /opt/Altera/QuartusPrime-15.1/nios2eds/bin/gnu/H-x86_64-pc-linux-gnu/bin/../lib/gcc/nios2-elf/4.9.2/libgcc.a(_umoddi3.o)
 .data          0x0000000002010448        0x0 /opt/Altera/QuartusPrime-15.1/nios2eds/bin/gnu/H-x86_64-pc-linux-gnu/bin/../lib/gcc/nios2-elf/4.9.2/libgcc.a(lib2-divmod.o)
 .data          0x0000000002010448        0x0 /opt/Altera/QuartusPrime-15.1/nios2eds/bin/gnu/H-x86_64-pc-linux-gnu/bin/../lib/gcc/nios2-elf/4.9.2/libgcc.a(adddf3.o)
 .data          0x0000000002010448        0x0 /opt/Altera/QuartusPrime-15.1/nios2eds/bin/gnu/H-x86_64-pc-linux-gnu/bin/../lib/gcc/nios2-elf/4.9.2/libgcc.a(divdf3.o)
 .data          0x0000000002010448        0x0 /opt/Altera/QuartusPrime-15.1/nios2eds/bin/gnu/H-x86_64-pc-linux-gnu/bin/../lib/gcc/nios2-elf/4.9.2/libgcc.a(eqdf2.o)
 .data          0x0000000002010448        0x0 /opt/Altera/QuartusPrime-15.1/nios2eds/bin/gnu/H-x86_64-pc-linux-gnu/bin/../lib/gcc/nios2-elf/4.9.2/libgcc.a(gedf2.o)
 .data          0x0000000002010448        0x0 /opt/Altera/QuartusPrime-15.1/nios2eds/bin/gnu/H-x86_64-pc-linux-gnu/bin/../lib/gcc/nios2-elf/4.9.2/libgcc.a(ledf2.o)
 .data          0x0000000002010448        0x0 /opt/Altera/QuartusPrime-15.1/nios2eds/bin/gnu/H-x86_64-pc-linux-gnu/bin/../lib/gcc/nios2-elf/4.9.2/libgcc.a(muldf3.o)
 .data          0x0000000002010448        0x0 /opt/Altera/QuartusPrime-15.1/nios2eds/bin/gnu/H-x86_64-pc-linux-gnu/bin/../lib/gcc/nios2-elf/4.9.2/libgcc.a(subdf3.o)
 .data          0x0000000002010448        0x0 /opt/Altera/QuartusPrime-15.1/nios2eds/bin/gnu/H-x86_64-pc-linux-gnu/bin/../lib/gcc/nios2-elf/4.9.2/libgcc.a(fixdfsi.o)
 .data          0x0000000002010448        0x0 /opt/Altera/QuartusPrime-15.1/nios2eds/bin/gnu/H-x86_64-pc-linux-gnu/bin/../lib/gcc/nios2-elf/4.9.2/libgcc.a(floatsidf.o)
 .data          0x0000000002010448        0x0 /opt/Altera/QuartusPrime-15.1/nios2eds/bin/gnu/H-x86_64-pc-linux-gnu/bin/../lib/gcc/nios2-elf/4.9.2/libgcc.a(floatunsidf.o)
 .data          0x0000000002010448        0x0 /opt/Altera/QuartusPrime-15.1/nios2eds/bin/gnu/H-x86_64-pc-linux-gnu/bin/../lib/gcc/nios2-elf/4.9.2/libgcc.a(_clz.o)
 .data          0x0000000002010448        0x0 /opt/Altera/QuartusPrime-15.1/nios2eds/bin/gnu/H-x86_64-pc-linux-gnu/bin/../lib/gcc/nios2-elf/4.9.2/libgcc.a(_clzsi2.o)
 .data          0x0000000002010448        0x0 ../BSP//libhal_bsp.a(alt_close.o)
 .data          0x0000000002010448      0x1a8 ../BSP//libhal_bsp.a(alt_dev.o)
                0x0000000002010448                alt_dev_null
                0x0000000002010470                alt_fd_list
 .data          0x00000000020105f0        0x0 ../BSP//libhal_bsp.a(alt_errno.o)
 .data          0x00000000020105f0        0x0 ../BSP//libhal_bsp.a(alt_fstat.o)
 .data          0x00000000020105f0        0x0 ../BSP//libhal_bsp.a(alt_isatty.o)
 .data          0x00000000020105f0        0x0 ../BSP//libhal_bsp.a(alt_load.o)
 .data          0x00000000020105f0        0x0 ../BSP//libhal_bsp.a(alt_lseek.o)
 .data          0x00000000020105f0        0x0 ../BSP//libhal_bsp.a(alt_main.o)
 .data          0x00000000020105f0        0x0 ../BSP//libhal_bsp.a(alt_malloc_lock.o)
 .data          0x00000000020105f0        0x0 ../BSP//libhal_bsp.a(alt_read.o)
 .data          0x00000000020105f0        0x0 ../BSP//libhal_bsp.a(alt_release_fd.o)
 .data          0x00000000020105f0        0x0 ../BSP//libhal_bsp.a(alt_sbrk.o)
 .data          0x00000000020105f0        0x0 ../BSP//libhal_bsp.a(alt_usleep.o)
 .data          0x00000000020105f0        0x0 ../BSP//libhal_bsp.a(alt_write.o)
 .data          0x00000000020105f0     0x1124 ../BSP//libhal_bsp.a(alt_sys_init.o)
 .data          0x0000000002011714        0x0 ../BSP//libhal_bsp.a(altera_avalon_jtag_uart_fd.o)
 .data          0x0000000002011714        0x0 ../BSP//libhal_bsp.a(altera_avalon_jtag_uart_init.o)
 .data          0x0000000002011714        0x0 ../BSP//libhal_bsp.a(altera_avalon_jtag_uart_ioctl.o)
 .data          0x0000000002011714        0x0 ../BSP//libhal_bsp.a(altera_avalon_jtag_uart_read.o)
 .data          0x0000000002011714        0x0 ../BSP//libhal_bsp.a(altera_avalon_jtag_uart_write.o)
 .data          0x0000000002011714        0x0 ../BSP//libhal_bsp.a(altera_avalon_uart_fd.o)
 .data          0x0000000002011714        0x0 ../BSP//libhal_bsp.a(altera_avalon_uart_init.o)
 .data          0x0000000002011714        0x0 ../BSP//libhal_bsp.a(altera_avalon_uart_read.o)
 .data          0x0000000002011714        0x0 ../BSP//libhal_bsp.a(altera_avalon_uart_write.o)
 .data          0x0000000002011714        0x0 ../BSP//libhal_bsp.a(alt_alarm_start.o)
 .data          0x0000000002011714        0x0 ../BSP//libhal_bsp.a(alt_busy_sleep.o)
 .data          0x0000000002011714        0x0 ../BSP//libhal_bsp.a(alt_dcache_flush_all.o)
 .data          0x0000000002011714        0x0 ../BSP//libhal_bsp.a(alt_dev_llist_insert.o)
 .data          0x0000000002011714        0x0 ../BSP//libhal_bsp.a(alt_do_ctors.o)
 .data          0x0000000002011714        0x0 ../BSP//libhal_bsp.a(alt_do_dtors.o)
 .data          0x0000000002011714        0x0 ../BSP//libhal_bsp.a(alt_icache_flush_all.o)
 .data          0x0000000002011714        0x0 ../BSP//libhal_bsp.a(alt_iic.o)
 .data          0x0000000002011714        0x0 ../BSP//libhal_bsp.a(alt_iic_isr_register.o)
 .data          0x0000000002011714        0x0 ../BSP//libhal_bsp.a(alt_io_redirect.o)
 .data          0x0000000002011714        0x0 ../BSP//libhal_bsp.a(alt_irq_entry.o)
 .data          0x0000000002011714        0x0 ../BSP//libhal_bsp.a(alt_irq_handler.o)
 .data          0x0000000002011714        0x0 ../BSP//libhal_bsp.a(alt_irq_vars.o)
 .data          0x0000000002011714        0x0 ../BSP//libhal_bsp.a(alt_open.o)
 .data          0x0000000002011714        0x0 ../BSP//libhal_bsp.a(alt_tick.o)
 .data          0x0000000002011714        0x0 ../BSP//libhal_bsp.a(altera_nios2_gen2_irq.o)
 .data          0x0000000002011714        0x0 ../BSP//libhal_bsp.a(alt_exception_entry.o)
 .data          0x0000000002011714        0x0 ../BSP//libhal_bsp.a(alt_find_dev.o)
 .data          0x0000000002011714        0x0 ../BSP//libhal_bsp.a(alt_find_file.o)
 .data          0x0000000002011714        0x0 ../BSP//libhal_bsp.a(alt_get_fd.o)
 .data          0x0000000002011714        0x0 ../BSP//libhal_bsp.a(alt_icache_flush.o)
 .data          0x0000000002011714        0x0 ../BSP//libhal_bsp.a(alt_instruction_exception_entry.o)
 .data          0x0000000002011714        0x0 /opt/Altera/QuartusPrime-15.1/nios2eds/bin/gnu/H-x86_64-pc-linux-gnu/bin/../lib/gcc/nios2-elf/4.9.2/../../../../../H-x86_64-pc-linux-gnu/nios2-elf/lib/libc.a(lib_a-atexit.o)
 .data          0x0000000002011714        0x0 /opt/Altera/QuartusPrime-15.1/nios2eds/bin/gnu/H-x86_64-pc-linux-gnu/bin/../lib/gcc/nios2-elf/4.9.2/../../../../../H-x86_64-pc-linux-gnu/nios2-elf/lib/libc.a(lib_a-exit.o)
 .data          0x0000000002011714        0x0 /opt/Altera/QuartusPrime-15.1/nios2eds/bin/gnu/H-x86_64-pc-linux-gnu/bin/../lib/gcc/nios2-elf/4.9.2/../../../../../H-x86_64-pc-linux-gnu/nios2-elf/lib/libc.a(lib_a-memcmp.o)
 .data          0x0000000002011714        0x0 /opt/Altera/QuartusPrime-15.1/nios2eds/bin/gnu/H-x86_64-pc-linux-gnu/bin/../lib/gcc/nios2-elf/4.9.2/../../../../../H-x86_64-pc-linux-gnu/nios2-elf/lib/libc.a(lib_a-__atexit.o)
 .data          0x0000000002011714        0x0 /opt/Altera/QuartusPrime-15.1/nios2eds/bin/gnu/H-x86_64-pc-linux-gnu/bin/../lib/gcc/nios2-elf/4.9.2/../../../../../H-x86_64-pc-linux-gnu/nios2-elf/lib/libc.a(lib_a-__call_atexit.o)
 .data          0x0000000002011714        0x0 ../BSP//libhal_bsp.a(alt_exit.o)
                0x0000000002019714                _gp = ABSOLUTE ((. + 0x8000))
                0x0000000002019714                PROVIDE (gp, _gp)
 *(.rwdata .rwdata.*)
 *(.sdata .sdata.* .gnu.linkonce.s.*)
 .sdata._global_impure_ptr
                0x0000000002011714        0x4 /opt/Altera/QuartusPrime-15.1/nios2eds/bin/gnu/H-x86_64-pc-linux-gnu/bin/../lib/gcc/nios2-elf/4.9.2/../../../../../H-x86_64-pc-linux-gnu/nios2-elf/lib/libc.a(lib_a-impure.o)
                0x0000000002011714                _global_impure_ptr
 .sdata._impure_ptr
                0x0000000002011718        0x4 /opt/Altera/QuartusPrime-15.1/nios2eds/bin/gnu/H-x86_64-pc-linux-gnu/bin/../lib/gcc/nios2-elf/4.9.2/../../../../../H-x86_64-pc-linux-gnu/nios2-elf/lib/libc.a(lib_a-impure.o)
                0x0000000002011718                _impure_ptr
 .sdata.__mb_cur_max
                0x000000000201171c        0x4 /opt/Altera/QuartusPrime-15.1/nios2eds/bin/gnu/H-x86_64-pc-linux-gnu/bin/../lib/gcc/nios2-elf/4.9.2/../../../../../H-x86_64-pc-linux-gnu/nios2-elf/lib/libc.a(lib_a-locale.o)
                0x000000000201171c                __mb_cur_max
 .sdata.__malloc_sbrk_base
                0x0000000002011720        0x4 /opt/Altera/QuartusPrime-15.1/nios2eds/bin/gnu/H-x86_64-pc-linux-gnu/bin/../lib/gcc/nios2-elf/4.9.2/../../../../../H-x86_64-pc-linux-gnu/nios2-elf/lib/libc.a(lib_a-mallocr.o)
                0x0000000002011720                __malloc_sbrk_base
 .sdata.__malloc_trim_threshold
                0x0000000002011724        0x4 /opt/Altera/QuartusPrime-15.1/nios2eds/bin/gnu/H-x86_64-pc-linux-gnu/bin/../lib/gcc/nios2-elf/4.9.2/../../../../../H-x86_64-pc-linux-gnu/nios2-elf/lib/libc.a(lib_a-mallocr.o)
                0x0000000002011724                __malloc_trim_threshold
 .sdata.__wctomb
                0x0000000002011728        0x4 /opt/Altera/QuartusPrime-15.1/nios2eds/bin/gnu/H-x86_64-pc-linux-gnu/bin/../lib/gcc/nios2-elf/4.9.2/../../../../../H-x86_64-pc-linux-gnu/nios2-elf/lib/libc.a(lib_a-wctomb_r.o)
                0x0000000002011728                __wctomb
 .sdata         0x000000000201172c       0x14 ../BSP//libhal_bsp.a(alt_dev.o)
                0x000000000201172c                alt_fs_list
                0x0000000002011734                alt_dev_list
                0x000000000201173c                alt_max_fd
 .sdata         0x0000000002011740        0x4 ../BSP//libhal_bsp.a(alt_errno.o)
                0x0000000002011740                alt_errno
 .sdata         0x0000000002011744        0x4 ../BSP//libhal_bsp.a(alt_sbrk.o)
 .sdata         0x0000000002011748        0x4 ../BSP//libhal_bsp.a(alt_irq_vars.o)
                0x0000000002011748                alt_priority_mask
 .sdata         0x000000000201174c        0x8 ../BSP//libhal_bsp.a(alt_tick.o)
                0x000000000201174c                alt_alarm_list
 *(.sdata2 .sdata2.* .gnu.linkonce.s2.*)
                0x0000000002011754                . = ALIGN (0x4)
                0x0000000002011754                _edata = ABSOLUTE (.)
                0x0000000002011754                PROVIDE (edata, ABSOLUTE (.))
                0x0000000002011754                PROVIDE (__ram_rwdata_end, ABSOLUTE (.))
                0x0000000002011754                PROVIDE (__flash_rwdata_start, LOADADDR (.rwdata))

.bss            0x0000000002013304      0x168
                0x0000000002013304                __bss_start = ABSOLUTE (.)
                0x0000000002013304                PROVIDE (__sbss_start, ABSOLUTE (.))
                0x0000000002013304                PROVIDE (___sbss_start, ABSOLUTE (.))
 *(.dynsbss)
 *(.sbss .sbss.* .gnu.linkonce.sb.*)
 .sbss          0x0000000002013304        0x8 obj/default/main.o
                0x0000000002013304                i
                0x0000000002013308                j
 .sbss._PathLocale
                0x000000000201330c        0x4 /opt/Altera/QuartusPrime-15.1/nios2eds/bin/gnu/H-x86_64-pc-linux-gnu/bin/../lib/gcc/nios2-elf/4.9.2/../../../../../H-x86_64-pc-linux-gnu/nios2-elf/lib/libc.a(lib_a-locale.o)
                0x000000000201330c                _PathLocale
 .sbss.__mlocale_changed
                0x0000000002013310        0x4 /opt/Altera/QuartusPrime-15.1/nios2eds/bin/gnu/H-x86_64-pc-linux-gnu/bin/../lib/gcc/nios2-elf/4.9.2/../../../../../H-x86_64-pc-linux-gnu/nios2-elf/lib/libc.a(lib_a-locale.o)
                0x0000000002013310                __mlocale_changed
 .sbss.__nlocale_changed
                0x0000000002013314        0x4 /opt/Altera/QuartusPrime-15.1/nios2eds/bin/gnu/H-x86_64-pc-linux-gnu/bin/../lib/gcc/nios2-elf/4.9.2/../../../../../H-x86_64-pc-linux-gnu/nios2-elf/lib/libc.a(lib_a-locale.o)
                0x0000000002013314                __nlocale_changed
 .sbss.__malloc_max_total_mem
                0x0000000002013318        0x4 /opt/Altera/QuartusPrime-15.1/nios2eds/bin/gnu/H-x86_64-pc-linux-gnu/bin/../lib/gcc/nios2-elf/4.9.2/../../../../../H-x86_64-pc-linux-gnu/nios2-elf/lib/libc.a(lib_a-mallocr.o)
                0x0000000002013318                __malloc_max_total_mem
 .sbss.__malloc_max_sbrked_mem
                0x000000000201331c        0x4 /opt/Altera/QuartusPrime-15.1/nios2eds/bin/gnu/H-x86_64-pc-linux-gnu/bin/../lib/gcc/nios2-elf/4.9.2/../../../../../H-x86_64-pc-linux-gnu/nios2-elf/lib/libc.a(lib_a-mallocr.o)
                0x000000000201331c                __malloc_max_sbrked_mem
 .sbss.__malloc_top_pad
                0x0000000002013320        0x4 /opt/Altera/QuartusPrime-15.1/nios2eds/bin/gnu/H-x86_64-pc-linux-gnu/bin/../lib/gcc/nios2-elf/4.9.2/../../../../../H-x86_64-pc-linux-gnu/nios2-elf/lib/libc.a(lib_a-mallocr.o)
                0x0000000002013320                __malloc_top_pad
 .sbss          0x0000000002013324        0x4 /opt/Altera/QuartusPrime-15.1/nios2eds/bin/gnu/H-x86_64-pc-linux-gnu/bin/../lib/gcc/nios2-elf/4.9.2/../../../../../H-x86_64-pc-linux-gnu/nios2-elf/lib/libc.a(lib_a-int_errno.o)
                0x0000000002013324                errno
 .sbss          0x0000000002013328        0xc ../BSP//libhal_bsp.a(alt_main.o)
                0x0000000002013328                alt_argc
                0x000000000201332c                alt_argv
                0x0000000002013330                alt_envp
 .sbss          0x0000000002013334        0x4 ../BSP//libhal_bsp.a(alt_irq_vars.o)
                0x0000000002013334                alt_irq_active
 .sbss          0x0000000002013338        0x8 ../BSP//libhal_bsp.a(alt_tick.o)
                0x0000000002013338                _alt_tick_rate
                0x000000000201333c                _alt_nticks
 .sbss          0x0000000002013340        0x4 ../BSP//libhal_bsp.a(alt_instruction_exception_entry.o)
                0x0000000002013340                alt_instruction_exception_handler
 *(.sbss2 .sbss2.* .gnu.linkonce.sb2.*)
 *(.scommon)
                0x0000000002013344                PROVIDE (__sbss_end, ABSOLUTE (.))
                0x0000000002013344                PROVIDE (___sbss_end, ABSOLUTE (.))
 *(.dynbss)
 *(.bss .bss.* .gnu.linkonce.b.*)
 .bss           0x0000000002013344        0x0 ../BSP//obj/HAL/src/crt0.o
 .bss           0x0000000002013344        0x0 obj/default/main.o
 .bss           0x0000000002013344        0x0 /opt/Altera/QuartusPrime-15.1/nios2eds/bin/gnu/H-x86_64-pc-linux-gnu/bin/../lib/gcc/nios2-elf/4.9.2/../../../../../H-x86_64-pc-linux-gnu/nios2-elf/lib/libc.a(lib_a-printf.o)
 .bss           0x0000000002013344        0x0 /opt/Altera/QuartusPrime-15.1/nios2eds/bin/gnu/H-x86_64-pc-linux-gnu/bin/../lib/gcc/nios2-elf/4.9.2/../../../../../H-x86_64-pc-linux-gnu/nios2-elf/lib/libc.a(lib_a-vfprintf.o)
 .bss           0x0000000002013344        0x0 /opt/Altera/QuartusPrime-15.1/nios2eds/bin/gnu/H-x86_64-pc-linux-gnu/bin/../lib/gcc/nios2-elf/4.9.2/../../../../../H-x86_64-pc-linux-gnu/nios2-elf/lib/libc.a(lib_a-wsetup.o)
 .bss           0x0000000002013344        0x0 /opt/Altera/QuartusPrime-15.1/nios2eds/bin/gnu/H-x86_64-pc-linux-gnu/bin/../lib/gcc/nios2-elf/4.9.2/../../../../../H-x86_64-pc-linux-gnu/nios2-elf/lib/libc.a(lib_a-dtoa.o)
 .bss           0x0000000002013344        0x0 /opt/Altera/QuartusPrime-15.1/nios2eds/bin/gnu/H-x86_64-pc-linux-gnu/bin/../lib/gcc/nios2-elf/4.9.2/../../../../../H-x86_64-pc-linux-gnu/nios2-elf/lib/libc.a(lib_a-fflush.o)
 .bss           0x0000000002013344        0x0 /opt/Altera/QuartusPrime-15.1/nios2eds/bin/gnu/H-x86_64-pc-linux-gnu/bin/../lib/gcc/nios2-elf/4.9.2/../../../../../H-x86_64-pc-linux-gnu/nios2-elf/lib/libc.a(lib_a-findfp.o)
 .bss           0x0000000002013344        0x0 /opt/Altera/QuartusPrime-15.1/nios2eds/bin/gnu/H-x86_64-pc-linux-gnu/bin/../lib/gcc/nios2-elf/4.9.2/../../../../../H-x86_64-pc-linux-gnu/nios2-elf/lib/libc.a(lib_a-freer.o)
 .bss           0x0000000002013344        0x0 /opt/Altera/QuartusPrime-15.1/nios2eds/bin/gnu/H-x86_64-pc-linux-gnu/bin/../lib/gcc/nios2-elf/4.9.2/../../../../../H-x86_64-pc-linux-gnu/nios2-elf/lib/libc.a(lib_a-fwalk.o)
 .bss           0x0000000002013344        0x0 /opt/Altera/QuartusPrime-15.1/nios2eds/bin/gnu/H-x86_64-pc-linux-gnu/bin/../lib/gcc/nios2-elf/4.9.2/../../../../../H-x86_64-pc-linux-gnu/nios2-elf/lib/libc.a(lib_a-impure.o)
 .bss           0x0000000002013344        0x0 /opt/Altera/QuartusPrime-15.1/nios2eds/bin/gnu/H-x86_64-pc-linux-gnu/bin/../lib/gcc/nios2-elf/4.9.2/../../../../../H-x86_64-pc-linux-gnu/nios2-elf/lib/libc.a(lib_a-locale.o)
 .bss           0x0000000002013344        0x0 /opt/Altera/QuartusPrime-15.1/nios2eds/bin/gnu/H-x86_64-pc-linux-gnu/bin/../lib/gcc/nios2-elf/4.9.2/../../../../../H-x86_64-pc-linux-gnu/nios2-elf/lib/libc.a(lib_a-makebuf.o)
 .bss           0x0000000002013344        0x0 /opt/Altera/QuartusPrime-15.1/nios2eds/bin/gnu/H-x86_64-pc-linux-gnu/bin/../lib/gcc/nios2-elf/4.9.2/../../../../../H-x86_64-pc-linux-gnu/nios2-elf/lib/libc.a(lib_a-mallocr.o)
 .bss.__malloc_current_mallinfo
                0x0000000002013344       0x28 /opt/Altera/QuartusPrime-15.1/nios2eds/bin/gnu/H-x86_64-pc-linux-gnu/bin/../lib/gcc/nios2-elf/4.9.2/../../../../../H-x86_64-pc-linux-gnu/nios2-elf/lib/libc.a(lib_a-mallocr.o)
                0x0000000002013344                __malloc_current_mallinfo
 .bss           0x000000000201336c        0x0 /opt/Altera/QuartusPrime-15.1/nios2eds/bin/gnu/H-x86_64-pc-linux-gnu/bin/../lib/gcc/nios2-elf/4.9.2/../../../../../H-x86_64-pc-linux-gnu/nios2-elf/lib/libc.a(lib_a-memchr.o)
 .bss           0x000000000201336c        0x0 /opt/Altera/QuartusPrime-15.1/nios2eds/bin/gnu/H-x86_64-pc-linux-gnu/bin/../lib/gcc/nios2-elf/4.9.2/../../../../../H-x86_64-pc-linux-gnu/nios2-elf/lib/libc.a(lib_a-memcpy.o)
 .bss           0x000000000201336c        0x0 /opt/Altera/QuartusPrime-15.1/nios2eds/bin/gnu/H-x86_64-pc-linux-gnu/bin/../lib/gcc/nios2-elf/4.9.2/../../../../../H-x86_64-pc-linux-gnu/nios2-elf/lib/libc.a(lib_a-memset.o)
 .bss           0x000000000201336c        0x0 /opt/Altera/QuartusPrime-15.1/nios2eds/bin/gnu/H-x86_64-pc-linux-gnu/bin/../lib/gcc/nios2-elf/4.9.2/../../../../../H-x86_64-pc-linux-gnu/nios2-elf/lib/libc.a(lib_a-mprec.o)
 .bss           0x000000000201336c        0x0 /opt/Altera/QuartusPrime-15.1/nios2eds/bin/gnu/H-x86_64-pc-linux-gnu/bin/../lib/gcc/nios2-elf/4.9.2/../../../../../H-x86_64-pc-linux-gnu/nios2-elf/lib/libc.a(lib_a-s_fpclassify.o)
 .bss           0x000000000201336c        0x0 /opt/Altera/QuartusPrime-15.1/nios2eds/bin/gnu/H-x86_64-pc-linux-gnu/bin/../lib/gcc/nios2-elf/4.9.2/../../../../../H-x86_64-pc-linux-gnu/nios2-elf/lib/libc.a(lib_a-sbrkr.o)
 .bss           0x000000000201336c        0x0 /opt/Altera/QuartusPrime-15.1/nios2eds/bin/gnu/H-x86_64-pc-linux-gnu/bin/../lib/gcc/nios2-elf/4.9.2/../../../../../H-x86_64-pc-linux-gnu/nios2-elf/lib/libc.a(lib_a-stdio.o)
 .bss           0x000000000201336c        0x0 /opt/Altera/QuartusPrime-15.1/nios2eds/bin/gnu/H-x86_64-pc-linux-gnu/bin/../lib/gcc/nios2-elf/4.9.2/../../../../../H-x86_64-pc-linux-gnu/nios2-elf/lib/libc.a(lib_a-strcmp.o)
 .bss           0x000000000201336c        0x0 /opt/Altera/QuartusPrime-15.1/nios2eds/bin/gnu/H-x86_64-pc-linux-gnu/bin/../lib/gcc/nios2-elf/4.9.2/../../../../../H-x86_64-pc-linux-gnu/nios2-elf/lib/libc.a(lib_a-strlen.o)
 .bss           0x000000000201336c        0x0 /opt/Altera/QuartusPrime-15.1/nios2eds/bin/gnu/H-x86_64-pc-linux-gnu/bin/../lib/gcc/nios2-elf/4.9.2/../../../../../H-x86_64-pc-linux-gnu/nios2-elf/lib/libc.a(lib_a-vfiprintf.o)
 .bss           0x000000000201336c        0x0 /opt/Altera/QuartusPrime-15.1/nios2eds/bin/gnu/H-x86_64-pc-linux-gnu/bin/../lib/gcc/nios2-elf/4.9.2/../../../../../H-x86_64-pc-linux-gnu/nios2-elf/lib/libc.a(lib_a-writer.o)
 .bss           0x000000000201336c        0x0 /opt/Altera/QuartusPrime-15.1/nios2eds/bin/gnu/H-x86_64-pc-linux-gnu/bin/../lib/gcc/nios2-elf/4.9.2/../../../../../H-x86_64-pc-linux-gnu/nios2-elf/lib/libc.a(closer.o)
 .bss           0x000000000201336c        0x0 /opt/Altera/QuartusPrime-15.1/nios2eds/bin/gnu/H-x86_64-pc-linux-gnu/bin/../lib/gcc/nios2-elf/4.9.2/../../../../../H-x86_64-pc-linux-gnu/nios2-elf/lib/libc.a(lib_a-callocr.o)
 .bss           0x000000000201336c        0x0 /opt/Altera/QuartusPrime-15.1/nios2eds/bin/gnu/H-x86_64-pc-linux-gnu/bin/../lib/gcc/nios2-elf/4.9.2/../../../../../H-x86_64-pc-linux-gnu/nios2-elf/lib/libc.a(lib_a-fclose.o)
 .bss           0x000000000201336c        0x0 /opt/Altera/QuartusPrime-15.1/nios2eds/bin/gnu/H-x86_64-pc-linux-gnu/bin/../lib/gcc/nios2-elf/4.9.2/../../../../../H-x86_64-pc-linux-gnu/nios2-elf/lib/libc.a(lib_a-fputwc.o)
 .bss           0x000000000201336c        0x0 /opt/Altera/QuartusPrime-15.1/nios2eds/bin/gnu/H-x86_64-pc-linux-gnu/bin/../lib/gcc/nios2-elf/4.9.2/../../../../../H-x86_64-pc-linux-gnu/nios2-elf/lib/libc.a(lib_a-fstatr.o)
 .bss           0x000000000201336c        0x0 /opt/Altera/QuartusPrime-15.1/nios2eds/bin/gnu/H-x86_64-pc-linux-gnu/bin/../lib/gcc/nios2-elf/4.9.2/../../../../../H-x86_64-pc-linux-gnu/nios2-elf/lib/libc.a(lib_a-fvwrite.o)
 .bss           0x000000000201336c        0x0 /opt/Altera/QuartusPrime-15.1/nios2eds/bin/gnu/H-x86_64-pc-linux-gnu/bin/../lib/gcc/nios2-elf/4.9.2/../../../../../H-x86_64-pc-linux-gnu/nios2-elf/lib/libc.a(lib_a-int_errno.o)
 .bss           0x000000000201336c        0x0 /opt/Altera/QuartusPrime-15.1/nios2eds/bin/gnu/H-x86_64-pc-linux-gnu/bin/../lib/gcc/nios2-elf/4.9.2/../../../../../H-x86_64-pc-linux-gnu/nios2-elf/lib/libc.a(lib_a-isattyr.o)
 .bss           0x000000000201336c        0x0 /opt/Altera/QuartusPrime-15.1/nios2eds/bin/gnu/H-x86_64-pc-linux-gnu/bin/../lib/gcc/nios2-elf/4.9.2/../../../../../H-x86_64-pc-linux-gnu/nios2-elf/lib/libc.a(lib_a-lseekr.o)