Archive member included to satisfy reference by file (symbol)

/opt/Altera/QuartusPrime-15.1/nios2eds/bin/gnu/H-x86_64-pc-linux-gnu/bin/../lib/gcc/nios2-elf/4.9.2/libgcc.a(lib2-divmod.o)
                              obj/default/stereo.o (__divsi3)
/opt/Altera/QuartusPrime-15.1/nios2eds/bin/gnu/H-x86_64-pc-linux-gnu/bin/../lib/gcc/nios2-elf/4.9.2/../../../../../H-x86_64-pc-linux-gnu/nios2-elf/lib/libc.a(lib_a-assert.o)
                              obj/default/data.o (__assert_func)
/opt/Altera/QuartusPrime-15.1/nios2eds/bin/gnu/H-x86_64-pc-linux-gnu/bin/../lib/gcc/nios2-elf/4.9.2/../../../../../H-x86_64-pc-linux-gnu/nios2-elf/lib/libc.a(lib_a-fiprintf.o)
                              /opt/Altera/QuartusPrime-15.1/nios2eds/bin/gnu/H-x86_64-pc-linux-gnu/bin/../lib/gcc/nios2-elf/4.9.2/../../../../../H-x86_64-pc-linux-gnu/nios2-elf/lib/libc.a(lib_a-assert.o) (fiprintf)
/opt/Altera/QuartusPrime-15.1/nios2eds/bin/gnu/H-x86_64-pc-linux-gnu/bin/../lib/gcc/nios2-elf/4.9.2/../../../../../H-x86_64-pc-linux-gnu/nios2-elf/lib/libc.a(lib_a-fprintf.o)
                              obj/default/data.o (fprintf)
/opt/Altera/QuartusPrime-15.1/nios2eds/bin/gnu/H-x86_64-pc-linux-gnu/bin/../lib/gcc/nios2-elf/4.9.2/../../../../../H-x86_64-pc-linux-gnu/nios2-elf/lib/libc.a(lib_a-getc.o)
                              obj/default/data.o (getc)
/opt/Altera/QuartusPrime-15.1/nios2eds/bin/gnu/H-x86_64-pc-linux-gnu/bin/../lib/gcc/nios2-elf/4.9.2/../../../../../H-x86_64-pc-linux-gnu/nios2-elf/lib/libc.a(lib_a-gets.o)
                              obj/default/data.o (gets)
/opt/Altera/QuartusPrime-15.1/nios2eds/bin/gnu/H-x86_64-pc-linux-gnu/bin/../lib/gcc/nios2-elf/4.9.2/../../../../../H-x86_64-pc-linux-gnu/nios2-elf/lib/libc.a(lib_a-impure.o)
                              obj/default/data.o (_impure_ptr)
/opt/Altera/QuartusPrime-15.1/nios2eds/bin/gnu/H-x86_64-pc-linux-gnu/bin/../lib/gcc/nios2-elf/4.9.2/../../../../../H-x86_64-pc-linux-gnu/nios2-elf/lib/libc.a(lib_a-malloc.o)
                              obj/default/data.o (malloc)
/opt/Altera/QuartusPrime-15.1/nios2eds/bin/gnu/H-x86_64-pc-linux-gnu/bin/../lib/gcc/nios2-elf/4.9.2/../../../../../H-x86_64-pc-linux-gnu/nios2-elf/lib/libc.a(lib_a-mallocr.o)
                              /opt/Altera/QuartusPrime-15.1/nios2eds/bin/gnu/H-x86_64-pc-linux-gnu/bin/../lib/gcc/nios2-elf/4.9.2/../../../../../H-x86_64-pc-linux-gnu/nios2-elf/lib/libc.a(lib_a-malloc.o) (_malloc_r)
/opt/Altera/QuartusPrime-15.1/nios2eds/bin/gnu/H-x86_64-pc-linux-gnu/bin/../lib/gcc/nios2-elf/4.9.2/../../../../../H-x86_64-pc-linux-gnu/nios2-elf/lib/libc.a(lib_a-memcpy.o)
                              obj/default/stereo.o (memcpy)
/opt/Altera/QuartusPrime-15.1/nios2eds/bin/gnu/H-x86_64-pc-linux-gnu/bin/../lib/gcc/nios2-elf/4.9.2/../../../../../H-x86_64-pc-linux-gnu/nios2-elf/lib/libc.a(lib_a-printf.o)
                              obj/default/data.o (printf)
/opt/Altera/QuartusPrime-15.1/nios2eds/bin/gnu/H-x86_64-pc-linux-gnu/bin/../lib/gcc/nios2-elf/4.9.2/../../../../../H-x86_64-pc-linux-gnu/nios2-elf/lib/libc.a(lib_a-putc.o)
                              obj/default/data.o (putc)
/opt/Altera/QuartusPrime-15.1/nios2eds/bin/gnu/H-x86_64-pc-linux-gnu/bin/../lib/gcc/nios2-elf/4.9.2/../../../../../H-x86_64-pc-linux-gnu/nios2-elf/lib/libc.a(lib_a-puts.o)
                              obj/default/data.o (puts)
/opt/Altera/QuartusPrime-15.1/nios2eds/bin/gnu/H-x86_64-pc-linux-gnu/bin/../lib/gcc/nios2-elf/4.9.2/../../../../../H-x86_64-pc-linux-gnu/nios2-elf/lib/libc.a(lib_a-rget.o)
                              /opt/Altera/QuartusPrime-15.1/nios2eds/bin/gnu/H-x86_64-pc-linux-gnu/bin/../lib/gcc/nios2-elf/4.9.2/../../../../../H-x86_64-pc-linux-gnu/nios2-elf/lib/libc.a(lib_a-getc.o) (__srget_r)
/opt/Altera/QuartusPrime-15.1/nios2eds/bin/gnu/H-x86_64-pc-linux-gnu/bin/../lib/gcc/nios2-elf/4.9.2/../../../../../H-x86_64-pc-linux-gnu/nios2-elf/lib/libc.a(lib_a-sbrkr.o)
                              /opt/Altera/QuartusPrime-15.1/nios2eds/bin/gnu/H-x86_64-pc-linux-gnu/bin/../lib/gcc/nios2-elf/4.9.2/../../../../../H-x86_64-pc-linux-gnu/nios2-elf/lib/libc.a(lib_a-mallocr.o) (_sbrk_r)
/opt/Altera/QuartusPrime-15.1/nios2eds/bin/gnu/H-x86_64-pc-linux-gnu/bin/../lib/gcc/nios2-elf/4.9.2/../../../../../H-x86_64-pc-linux-gnu/nios2-elf/lib/libc.a(lib_a-scanf.o)
                              obj/default/data.o (scanf)
/opt/Altera/QuartusPrime-15.1/nios2eds/bin/gnu/H-x86_64-pc-linux-gnu/bin/../lib/gcc/nios2-elf/4.9.2/../../../../../H-x86_64-pc-linux-gnu/nios2-elf/lib/libc.a(lib_a-strcmp.o)
                              obj/default/data.o (strcmp)
/opt/Altera/QuartusPrime-15.1/nios2eds/bin/gnu/H-x86_64-pc-linux-gnu/bin/../lib/gcc/nios2-elf/4.9.2/../../../../../H-x86_64-pc-linux-gnu/nios2-elf/lib/libc.a(lib_a-strcpy.o)
                              obj/default/data.o (strcpy)
/opt/Altera/QuartusPrime-15.1/nios2eds/bin/gnu/H-x86_64-pc-linux-gnu/bin/../lib/gcc/nios2-elf/4.9.2/../../../../../H-x86_64-pc-linux-gnu/nios2-elf/lib/libc.a(lib_a-strlen.o)
[...]
Memory Configuration

Name             Origin             Length             Attributes
reset            0x0000000002000000 0x0000000000000020
sdram            0x0000000002000020 0x0000000001fff7e0
interrupt_stack  0x0000000003fff800 0x0000000000000400
exception_stack  0x0000000003fffc00 0x0000000000000400
ram              0x0000000004010000 0x000000000000a000
*default*        0x0000000000000000 0xffffffffffffffff

Linker script and memory map

LOAD ../BSP1//obj/HAL/src/crt0.o
LOAD obj/default/crc32.o
LOAD obj/default/data.o
LOAD obj/default/main.o
LOAD obj/default/seg6.o
LOAD obj/default/stereo.o
LOAD /opt/Altera/QuartusPrime-15.1/nios2eds/bin/gnu/H-x86_64-pc-linux-gnu/bin/../lib/gcc/nios2-elf/4.9.2/../../../../../H-x86_64-pc-linux-gnu/nios2-elf/lib/libstdc++.a
LOAD /opt/Altera/QuartusPrime-15.1/nios2eds/bin/gnu/H-x86_64-pc-linux-gnu/bin/../lib/gcc/nios2-elf/4.9.2/../../../../../H-x86_64-pc-linux-gnu/nios2-elf/lib/libm.a
LOAD /opt/Altera/QuartusPrime-15.1/nios2eds/bin/gnu/H-x86_64-pc-linux-gnu/bin/../lib/gcc/nios2-elf/4.9.2/libgcc.a
START GROUP
LOAD /opt/Altera/QuartusPrime-15.1/nios2eds/bin/gnu/H-x86_64-pc-linux-gnu/bin/../lib/gcc/nios2-elf/4.9.2/../../../../../H-x86_64-pc-linux-gnu/nios2-elf/lib/libc.a
LOAD /opt/Altera/QuartusPrime-15.1/nios2eds/bin/gnu/H-x86_64-pc-linux-gnu/bin/../lib/gcc/nios2-elf/4.9.2/libgcc.a
LOAD ../BSP1//libhal_bsp.a
LOAD /opt/Altera/QuartusPrime-15.1/nios2eds/bin/gnu/H-x86_64-pc-linux-gnu/bin/../lib/gcc/nios2-elf/4.9.2/../../../../../H-x86_64-pc-linux-gnu/nios2-elf/lib/libm.a
END GROUP
LOAD /opt/Altera/QuartusPrime-15.1/nios2eds/bin/gnu/H-x86_64-pc-linux-gnu/bin/../lib/gcc/nios2-elf/4.9.2/libgcc.a
                0x0000000002000000                __alt_mem_sdram = 0x2000000
                0x0000000004010000                __alt_mem_ram = 0x4010000

.entry          0x0000000002000000       0x20
 *(.entry)
 .entry         0x0000000002000000       0x20 ../BSP1//obj/HAL/src/crt0.o
                0x0000000002000000                __reset

.exceptions     0x0000000002000020      0x22c
                0x0000000002000020                PROVIDE (__ram_exceptions_start, ABSOLUTE (.))
                0x0000000002000020                . = ALIGN (0x20)
 *(.irq)
 *(.exceptions.entry.label)
 .exceptions.entry.label
                0x0000000002000020        0x0 ../BSP1//libhal_bsp.a(alt_irq_entry.o)
                0x0000000002000020                alt_irq_entry
 .exceptions.entry.label
                0x0000000002000020        0x0 ../BSP1//libhal_bsp.a(alt_exception_entry.o)
                0x0000000002000020                alt_exception
 *(.exceptions.entry.user)
 *(.exceptions.entry.ecc_fatal)
 *(.exceptions.entry)
 .exceptions.entry
                0x0000000002000020       0x60 ../BSP1//libhal_bsp.a(alt_exception_entry.o)
 *(.exceptions.irqtest.user)
 *(.exceptions.irqtest)
 .exceptions.irqtest
                0x0000000002000080       0x10 ../BSP1//libhal_bsp.a(alt_irq_entry.o)
 *(.exceptions.irqhandler.user)
 *(.exceptions.irqhandler)
 .exceptions.irqhandler
                0x0000000002000090        0x4 ../BSP1//libhal_bsp.a(alt_irq_entry.o)
 *(.exceptions.irqreturn.user)
 *(.exceptions.irqreturn)
 .exceptions.irqreturn
                0x0000000002000094        0x4 ../BSP1//libhal_bsp.a(alt_irq_entry.o)
 *(.exceptions.notirq.label)
 .exceptions.notirq.label
                0x0000000002000098        0x0 ../BSP1//libhal_bsp.a(alt_irq_entry.o)
 *(.exceptions.notirq.user)
 *(.exceptions.notirq)
 .exceptions.notirq
                0x0000000002000098        0x8 ../BSP1//libhal_bsp.a(alt_exception_entry.o)
 *(.exceptions.soft.user)
 *(.exceptions.soft)
 *(.exceptions.unknown.user)
 *(.exceptions.unknown)
 .exceptions.unknown
                0x00000000020000a0       0x14 ../BSP1//libhal_bsp.a(alt_exception_entry.o)
 *(.exceptions.exit.label)
 .exceptions.exit.label
                0x00000000020000b4        0x0 ../BSP1//libhal_bsp.a(alt_irq_entry.o)
 .exceptions.exit.label
                0x00000000020000b4        0x0 ../BSP1//libhal_bsp.a(alt_exception_entry.o)
 *(.exceptions.exit.user)
 *(.exceptions.exit)
 .exceptions.exit
                0x00000000020000b4       0x54 ../BSP1//libhal_bsp.a(alt_exception_entry.o)
 *(.exceptions)
 .exceptions    0x0000000002000108       0xd0 ../BSP1//libhal_bsp.a(alt_irq_handler.o)
                0x0000000002000108                alt_irq_handler
 .exceptions    0x00000000020001d8       0x74 ../BSP1//libhal_bsp.a(alt_instruction_exception_entry.o)
                0x00000000020001d8                alt_instruction_exception_entry
                0x000000000200024c                PROVIDE (__ram_exceptions_end, ABSOLUTE (.))
                0x0000000002000020                PROVIDE (__flash_exceptions_start, LOADADDR (.exceptions))

.text           0x000000000200024c    0x19ca8
                0x000000000200024c                PROVIDE (stext, ABSOLUTE (.))
 *(.interp)
 *(.hash)
 *(.dynsym)
 *(.dynstr)
 *(.gnu.version)
 *(.gnu.version_d)
 *(.gnu.version_r)
 *(.rel.init)
 *(.rela.init)
 *(.rel.text .rel.text.* .rel.gnu.linkonce.t.*)
 *(.rela.text .rela.text.* .rela.gnu.linkonce.t.*)
 *(.rel.fini)
 *(.rela.fini)
 *(.rel.rodata .rel.rodata.* .rel.gnu.linkonce.r.*)
 *(.rela.rodata .rela.rodata.* .rela.gnu.linkonce.r.*)
 *(.rel.data .rel.data.* .rel.gnu.linkonce.d.*)
 *(.rela.data .rela.data.* .rela.gnu.linkonce.d.*)
 *(.rel.tdata .rel.tdata.* .rel.gnu.linkonce.td.*)
 *(.rela.tdata .rela.tdata.* .rela.gnu.linkonce.td.*)
 *(.rel.tbss .rel.tbss.* .rel.gnu.linkonce.tb.*)
 *(.rela.tbss .rela.tbss.* .rela.gnu.linkonce.tb.*)
 *(.rel.ctors)
 *(.rela.ctors)
 *(.rel.dtors)
 *(.rela.dtors)
 *(.rel.got)
 *(.rela.got)
 *(.rel.sdata .rel.sdata.* .rel.gnu.linkonce.s.*)
 *(.rela.sdata .rela.sdata.* .rela.gnu.linkonce.s.*)
 *(.rel.sbss .rel.sbss.* .rel.gnu.linkonce.sb.*)
 *(.rela.sbss .rela.sbss.* .rela.gnu.linkonce.sb.*)
 *(.rel.sdata2 .rel.sdata2.* .rel.gnu.linkonce.s2.*)
 *(.rela.sdata2 .rela.sdata2.* .rela.gnu.linkonce.s2.*)
 *(.rel.sbss2 .rel.sbss2.* .rel.gnu.linkonce.sb2.*)
 *(.rela.sbss2 .rela.sbss2.* .rela.gnu.linkonce.sb2.*)
 *(.rel.bss .rel.bss.* .rel.gnu.linkonce.b.*)
 *(.rela.bss .rela.bss.* .rela.gnu.linkonce.b.*)
 *(.rel.plt)
 *(.rela.plt)
 *(.rel.dyn)
 *(.init)
 *(.plt)
 *(.text .stub .text.* .gnu.linkonce.t.*)
 .text          0x000000000200024c       0x4c ../BSP1//obj/HAL/src/crt0.o
                0x000000000200024c                _start
 .text          0x0000000002000298      0x1f0 obj/default/crc32.o
                0x0000000002000298                crc32_direct
 .text          0x0000000002000488      0x82c obj/default/data.o
                0x0000000002000488                request
                0x0000000002000578                listen
                0x0000000002000668                readParams
                0x0000000002000768                readImage
                0x0000000002000b08                writeImage
 .text          0x0000000002000cb4      0x1ec obj/default/main.o
                0x0000000002000cb4                main
 .text          0x0000000002000ea0       0xb8 obj/default/seg6.o
                0x0000000002000ea0                disp6
                0x0000000002000ed0                disp33
                0x0000000002000f2c                setDot
 .text          0x0000000002000f58      0xb34 obj/default/stereo.o
                0x0000000002000f58                dump8
                0x0000000002000ff0                dump16
                0x0000000002001088                twotoone
                0x00000000020011b0                quadtoone
                0x00000000020012c0                validate
                0x0000000002001384                calcRange
                0x0000000002001600                avgFilter
                0x0000000002001834                calcAverage
                0x0000000002001928                stereoMatch
 .text          0x0000000002001a8c      0x12c /opt/Altera/QuartusPrime-15.1/nios2eds/bin/gnu/H-x86_64-pc-linux-gnu/bin/../lib/gcc/nios2-elf/4.9.2/libgcc.a(lib2-divmod.o)
                0x0000000002001af8                __divsi3
                0x0000000002001b4c                __modsi3
                0x0000000002001ba8                __udivsi3
                0x0000000002001bb0                __umodsi3
 .text          0x0000000002001bb8        0x0 /opt/Altera/QuartusPrime-15.1/nios2eds/bin/gnu/H-x86_64-pc-linux-gnu/bin/../lib/gcc/nios2-elf/4.9.2/../../../../../H-x86_64-pc-linux-gnu/nios2-elf/lib/libc.a(lib_a-assert.o)
 .text.__assert_func
                0x0000000002001bb8       0x64 /opt/Altera/QuartusPrime-15.1/nios2eds/bin/gnu/H-x86_64-pc-linux-gnu/bin/../lib/gcc/nios2-elf/4.9.2/../../../../../H-x86_64-pc-linux-gnu/nios2-elf/lib/libc.a(lib_a-assert.o)
                0x0000000002001bb8                __assert_func
 .text.__assert
                0x0000000002001c1c       0x14 /opt/Altera/QuartusPrime-15.1/nios2eds/bin/gnu/H-x86_64-pc-linux-gnu/bin/../lib/gcc/nios2-elf/4.9.2/../../../../../H-x86_64-pc-linux-gnu/nios2-elf/lib/libc.a(lib_a-assert.o)
                0x0000000002001c1c                __assert
 .text          0x0000000002001c30        0x0 /opt/Altera/QuartusPrime-15.1/nios2eds/bin/gnu/H-x86_64-pc-linux-gnu/bin/../lib/gcc/nios2-elf/4.9.2/../../../../../H-x86_64-pc-linux-gnu/nios2-elf/lib/libc.a(lib_a-fiprintf.o)
 .text._fiprintf_r
                0x0000000002001c30       0x20 /opt/Altera/QuartusPrime-15.1/nios2eds/bin/gnu/H-x86_64-pc-linux-gnu/bin/../lib/gcc/nios2-elf/4.9.2/../../../../../H-x86_64-pc-linux-gnu/nios2-elf/lib/libc.a(lib_a-fiprintf.o)
                0x0000000002001c30                _fiprintf_r
 .text.fiprintf
                0x0000000002001c50       0x3c /opt/Altera/QuartusPrime-15.1/nios2eds/bin/gnu/H-x86_64-pc-linux-gnu/bin/../lib/gcc/nios2-elf/4.9.2/../../../../../H-x86_64-pc-linux-gnu/nios2-elf/lib/libc.a(lib_a-fiprintf.o)
                0x0000000002001c50                fiprintf
 .text          0x0000000002001c8c        0x0 /opt/Altera/QuartusPrime-15.1/nios2eds/bin/gnu/H-x86_64-pc-linux-gnu/bin/../lib/gcc/nios2-elf/4.9.2/../../../../../H-x86_64-pc-linux-gnu/nios2-elf/lib/libc.a(lib_a-fprintf.o)
 .text._fprintf_r
                0x0000000002001c8c       0x28 /opt/Altera/QuartusPrime-15.1/nios2eds/bin/gnu/H-x86_64-pc-linux-gnu/bin/../lib/gcc/nios2-elf/4.9.2/../../../../../H-x86_64-pc-linux-gnu/nios2-elf/lib/libc.a(lib_a-fprintf.o)
                0x0000000002001c8c                _fprintf_r
 .text.fprintf  0x0000000002001cb4       0x24 /opt/Altera/QuartusPrime-15.1/nios2eds/bin/gnu/H-x86_64-pc-linux-gnu/bin/../lib/gcc/nios2-elf/4.9.2/../../../../../H-x86_64-pc-linux-gnu/nios2-elf/lib/libc.a(lib_a-fprintf.o)
                0x0000000002001cb4                fprintf
 .text          0x0000000002001cd8        0x0 /opt/Altera/QuartusPrime-15.1/nios2eds/bin/gnu/H-x86_64-pc-linux-gnu/bin/../lib/gcc/nios2-elf/4.9.2/../../../../../H-x86_64-pc-linux-gnu/nios2-elf/lib/libc.a(lib_a-getc.o)
 .text._getc_r  0x0000000002001cd8       0x70 /opt/Altera/QuartusPrime-15.1/nios2eds/bin/gnu/H-x86_64-pc-linux-gnu/bin/../lib/gcc/nios2-elf/4.9.2/../../../../../H-x86_64-pc-linux-gnu/nios2-elf/lib/libc.a(lib_a-getc.o)
                0x0000000002001cd8                _getc_r
 .text.getc     0x0000000002001d48       0x88 /opt/Altera/QuartusPrime-15.1/nios2eds/bin/gnu/H-x86_64-pc-linux-gnu/bin/../lib/gcc/nios2-elf/4.9.2/../../../../../H-x86_64-pc-linux-gnu/nios2-elf/lib/libc.a(lib_a-getc.o)
                0x0000000002001d48                getc
 .text          0x0000000002001dd0        0x0 /opt/Altera/QuartusPrime-15.1/nios2eds/bin/gnu/H-x86_64-pc-linux-gnu/bin/../lib/gcc/nios2-elf/4.9.2/../../../../../H-x86_64-pc-linux-gnu/nios2-elf/lib/libc.a(lib_a-gets.o)
 .text._gets_r  0x0000000002001dd0       0xbc /opt/Altera/QuartusPrime-15.1/nios2eds/bin/gnu/H-x86_64-pc-linux-gnu/bin/../lib/gcc/nios2-elf/4.9.2/../../../../../H-x86_64-pc-linux-gnu/nios2-elf/lib/libc.a(lib_a-gets.o)
                0x0000000002001dd0                _gets_r
 .text.gets     0x0000000002001e8c       0x14 /opt/Altera/QuartusPrime-15.1/nios2eds/bin/gnu/H-x86_64-pc-linux-gnu/bin/../lib/gcc/nios2-elf/4.9.2/../../../../../H-x86_64-pc-linux-gnu/nios2-elf/lib/libc.a(lib_a-gets.o)
                0x0000000002001e8c                gets
 .text          0x0000000002001ea0        0x0 /opt/Altera/QuartusPrime-15.1/nios2eds/bin/gnu/H-x86_64-pc-linux-gnu/bin/../lib/gcc/nios2-elf/4.9.2/../../../../../H-x86_64-pc-linux-gnu/nios2-elf/lib/libc.a(lib_a-impure.o)
 .text          0x0000000002001ea0        0x0 /opt/Altera/QuartusPrime-15.1/nios2eds/bin/gnu/H-x86_64-pc-linux-gnu/bin/../lib/gcc/nios2-elf/4.9.2/../../../../../H-x86_64-pc-linux-gnu/nios2-elf/lib/libc.a(lib_a-malloc.o)
 .text.malloc   0x0000000002001ea0       0x14 /opt/Altera/QuartusPrime-15.1/nios2eds/bin/gnu/H-x86_64-pc-linux-gnu/bin/../lib/gcc/nios2-elf/4.9.2/../../../../../H-x86_64-pc-linux-gnu/nios2-elf/lib/libc.a(lib_a-malloc.o)
                0x0000000002001ea0                malloc
 .text.free     0x0000000002001eb4       0x14 /opt/Altera/QuartusPrime-15.1/nios2eds/bin/gnu/H-x86_64-pc-linux-gnu/bin/../lib/gcc/nios2-elf/4.9.2/../../../../../H-x86_64-pc-linux-gnu/nios2-elf/lib/libc.a(lib_a-malloc.o)
                0x0000000002001eb4                free
 .text          0x0000000002001ec8        0x0 /opt/Altera/QuartusPrime-15.1/nios2eds/bin/gnu/H-x86_64-pc-linux-gnu/bin/../lib/gcc/nios2-elf/4.9.2/../../../../../H-x86_64-pc-linux-gnu/nios2-elf/lib/libc.a(lib_a-mallocr.o)
 .text._malloc_r
                0x0000000002001ec8      0x7a8 /opt/Altera/QuartusPrime-15.1/nios2eds/bin/gnu/H-x86_64-pc-linux-gnu/bin/../lib/gcc/nios2-elf/4.9.2/../../../../../H-x86_64-pc-linux-gnu/nios2-elf/lib/libc.a(lib_a-mallocr.o)
                0x0000000002001ec8                _malloc_r
 .text          0x0000000002002670        0x0 /opt/Altera/QuartusPrime-15.1/nios2eds/bin/gnu/H-x86_64-pc-linux-gnu/bin/../lib/gcc/nios2-elf/4.9.2/../../../../../H-x86_64-pc-linux-gnu/nios2-elf/lib/libc.a(lib_a-memcpy.o)
 .text.memcpy   0x0000000002002670      0x138 /opt/Altera/QuartusPrime-15.1/nios2eds/bin/gnu/H-x86_64-pc-linux-gnu/bin/../lib/gcc/nios2-elf/4.9.2/../../../../../H-x86_64-pc-linux-gnu/nios2-elf/lib/libc.a(lib_a-memcpy.o)
                0x0000000002002670                memcpy
 .text          0x00000000020027a8        0x0 /opt/Altera/QuartusPrime-15.1/nios2eds/bin/gnu/H-x86_64-pc-linux-gnu/bin/../lib/gcc/nios2-elf/4.9.2/../../../../../H-x86_64-pc-linux-gnu/nios2-elf/lib/libc.a(lib_a-printf.o)
 .text._printf_r
                0x00000000020027a8       0x2c /opt/Altera/QuartusPrime-15.1/nios2eds/bin/gnu/H-x86_64-pc-linux-gnu/bin/../lib/gcc/nios2-elf/4.9.2/../../../../../H-x86_64-pc-linux-gnu/nios2-elf/lib/libc.a(lib_a-printf.o)
                0x00000000020027a8                _printf_r
 .text.printf   0x00000000020027d4       0x3c /opt/Altera/QuartusPrime-15.1/nios2eds/bin/gnu/H-x86_64-pc-linux-gnu/bin/../lib/gcc/nios2-elf/4.9.2/../../../../../H-x86_64-pc-linux-gnu/nios2-elf/lib/libc.a(lib_a-printf.o)
                0x00000000020027d4                printf
 .text          0x0000000002002810        0x0 /opt/Altera/QuartusPrime-15.1/nios2eds/bin/gnu/H-x86_64-pc-linux-gnu/bin/../lib/gcc/nios2-elf/4.9.2/../../../../../H-x86_64-pc-linux-gnu/nios2-elf/lib/libc.a(lib_a-putc.o)
 .text._putc_r  0x0000000002002810       0xa0 /opt/Altera/QuartusPrime-15.1/nios2eds/bin/gnu/H-x86_64-pc-linux-gnu/bin/../lib/gcc/nios2-elf/4.9.2/../../../../../H-x86_64-pc-linux-gnu/nios2-elf/lib/libc.a(lib_a-putc.o)
                0x0000000002002810                _putc_r
 .text.putc     0x00000000020028b0       0xcc /opt/Altera/QuartusPrime-15.1/nios2eds/bin/gnu/H-x86_64-pc-linux-gnu/bin/../lib/gcc/nios2-elf/4.9.2/../../../../../H-x86_64-pc-linux-gnu/nios2-elf/lib/libc.a(lib_a-putc.o)
                0x00000000020028b0                putc
 .text          0x000000000200297c        0x0 /opt/Altera/QuartusPrime-15.1/nios2eds/bin/gnu/H-x86_64-pc-linux-gnu/bin/../lib/gcc/nios2-elf/4.9.2/../../../../../H-x86_64-pc-linux-gnu/nios2-elf/lib/libc.a(lib_a-puts.o)
 .text._puts_r  0x000000000200297c       0xa8 /opt/Altera/QuartusPrime-15.1/nios2eds/bin/gnu/H-x86_64-pc-linux-gnu/bin/../lib/gcc/nios2-elf/4.9.2/../../../../../H-x86_64-pc-linux-gnu/nios2-elf/lib/libc.a(lib_a-puts.o)
                0x000000000200297c                _puts_r
 .text.puts     0x0000000002002a24       0x14 /opt/Altera/QuartusPrime-15.1/nios2eds/bin/gnu/H-x86_64-pc-linux-gnu/bin/../lib/gcc/nios2-elf/4.9.2/../../../../../H-x86_64-pc-linux-gnu/nios2-elf/lib/libc.a(lib_a-puts.o)
                0x0000000002002a24                puts
 .text          0x0000000002002a38        0x0 /opt/Altera/QuartusPrime-15.1/nios2eds/bin/gnu/H-x86_64-pc-linux-gnu/bin/../lib/gcc/nios2-elf/4.9.2/../../../../../H-x86_64-pc-linux-gnu/nios2-elf/lib/libc.a(lib_a-rget.o)
 .text.__srget_r
                0x0000000002002a38       0x74 /opt/Altera/QuartusPrime-15.1/nios2eds/bin/gnu/H-x86_64-pc-linux-gnu/bin/../lib/gcc/nios2-elf/4.9.2/../../../../../H-x86_64-pc-linux-gnu/nios2-elf/lib/libc.a(lib_a-rget.o)
                0x0000000002002a38                __srget_r
 .text.__srget  0x0000000002002aac       0x14 /opt/Altera/QuartusPrime-15.1/nios2eds/bin/gnu/H-x86_64-pc-linux-gnu/bin/../lib/gcc/nios2-elf/4.9.2/../../../../../H-x86_64-pc-linux-gnu/nios2-elf/lib/libc.a(lib_a-rget.o)
                0x0000000002002aac                __srget
 .text          0x0000000002002ac0        0x0 /opt/Altera/QuartusPrime-15.1/nios2eds/bin/gnu/H-x86_64-pc-linux-gnu/bin/../lib/gcc/nios2-elf/4.9.2/../../../../../H-x86_64-pc-linux-gnu/nios2-elf/lib/libc.a(lib_a-sbrkr.o)
 .text._sbrk_r  0x0000000002002ac0       0x54 /opt/Altera/QuartusPrime-15.1/nios2eds/bin/gnu/H-x86_64-pc-linux-gnu/bin/../lib/gcc/nios2-elf/4.9.2/../../../../../H-x86_64-pc-linux-gnu/nios2-elf/lib/libc.a(lib_a-sbrkr.o)
                0x0000000002002ac0                _sbrk_r
 .text          0x0000000002002b14        0x0 /opt/Altera/QuartusPrime-15.1/nios2eds/bin/gnu/H-x86_64-pc-linux-gnu/bin/../lib/gcc/nios2-elf/4.9.2/../../../../../H-x86_64-pc-linux-gnu/nios2-elf/lib/libc.a(lib_a-scanf.o)
 .text.scanf    0x0000000002002b14       0x3c /opt/Altera/QuartusPrime-15.1/nios2eds/bin/gnu/H-x86_64-pc-linux-gnu/bin/../lib/gcc/nios2-elf/4.9.2/../../../../../H-x86_64-pc-linux-gnu/nios2-elf/lib/libc.a(lib_a-scanf.o)
                0x0000000002002b14                scanf
 .text._scanf_r
                0x0000000002002b50       0x2c /opt/Altera/QuartusPrime-15.1/nios2eds/bin/gnu/H-x86_64-pc-linux-gnu/bin/../lib/gcc/nios2-elf/4.9.2/../../../../../H-x86_64-pc-linux-gnu/nios2-elf/lib/libc.a(lib_a-scanf.o)
                0x0000000002002b50                _scanf_r
 .text          0x0000000002002b7c        0x0 /opt/Altera/QuartusPrime-15.1/nios2eds/bin/gnu/H-x86_64-pc-linux-gnu/bin/../lib/gcc/nios2-elf/4.9.2/../../../../../H-x86_64-pc-linux-gnu/nios2-elf/lib/libc.a(lib_a-strcmp.o)
 .text.strcmp   0x0000000002002b7c       0xa4 /opt/Altera/QuartusPrime-15.1/nios2eds/bin/gnu/H-x86_64-pc-linux-gnu/bin/../lib/gcc/nios2-elf/4.9.2/../../../../../H-x86_64-pc-linux-gnu/nios2-elf/lib/libc.a(lib_a-strcmp.o)
                0x0000000002002b7c                strcmp
 .text          0x0000000002002c20        0x0 /opt/Altera/QuartusPrime-15.1/nios2eds/bin/gnu/H-x86_64-pc-linux-gnu/bin/../lib/gcc/nios2-elf/4.9.2/../../../../../H-x86_64-pc-linux-gnu/nios2-elf/lib/libc.a(lib_a-strcpy.o)
 .text.strcpy   0x0000000002002c20       0x90 /opt/Altera/QuartusPrime-15.1/nios2eds/bin/gnu/H-x86_64-pc-linux-gnu/bin/../lib/gcc/nios2-elf/4.9.2/../../../../../H-x86_64-pc-linux-gnu/nios2-elf/lib/libc.a(lib_a-strcpy.o)
                0x0000000002002c20                strcpy
 .text          0x0000000002002cb0        0x0 /opt/Altera/QuartusPrime-15.1/nios2eds/bin/gnu/H-x86_64-pc-linux-gnu/bin/../lib/gcc/nios2-elf/4.9.2/../../../../../H-x86_64-pc-linux-gnu/nios2-elf/lib/libc.a(lib_a-strlen.o)
 .text.strlen   0x0000000002002cb0       0x98 /opt/Altera/QuartusPrime-15.1/nios2eds/bin/gnu/H-x86_64-pc-linux-gnu/bin/../lib/gcc/nios2-elf/4.9.2/../../../../../H-x86_64-pc-linux-gnu/nios2-elf/lib/libc.a(lib_a-strlen.o)
                0x0000000002002cb0                strlen
 .text          0x0000000002002d48        0x0 /opt/Altera/QuartusPrime-15.1/nios2eds/bin/gnu/H-x86_64-pc-linux-gnu/bin/../lib/gcc/nios2-elf/4.9.2/../../../../../H-x86_64-pc-linux-gnu/nios2-elf/lib/libc.a(lib_a-vfiprintfr_1.o)
 .text._vfiprintf_r
                0x0000000002002d48       0x1c /opt/Altera/QuartusPrime-15.1/nios2eds/bin/gnu/H-x86_64-pc-linux-gnu/bin/../lib/gcc/nios2-elf/4.9.2/../../../../../H-x86_64-pc-linux-gnu/nios2-elf/lib/libc.a(lib_a-vfiprintfr_1.o)
                0x0000000002002d48                _vfiprintf_r
 .text          0x0000000002002d64        0x0 /opt/Altera/QuartusPrime-15.1/nios2eds/bin/gnu/H-x86_64-pc-linux-gnu/bin/../lib/gcc/nios2-elf/4.9.2/../../../../../H-x86_64-pc-linux-gnu/nios2-elf/lib/libc.a(lib_a-vfprintf.o)
 .text.___vfprintf_internal_r
                0x0000000002002d64     0x1f50 /opt/Altera/QuartusPrime-15.1/nios2eds/bin/gnu/H-x86_64-pc-linux-gnu/bin/../lib/gcc/nios2-elf/4.9.2/../../../../../H-x86_64-pc-linux-gnu/nios2-elf/lib/libc.a(lib_a-vfprintf.o)
                0x0000000002002d64                ___vfprintf_internal_r
 .text.__vfprintf_internal
                0x0000000002004cb4       0x24 /opt/Altera/QuartusPrime-15.1/nios2eds/bin/gnu/H-x86_64-pc-linux-gnu/bin/../lib/gcc/nios2-elf/4.9.2/../../../../../H-x86_64-pc-linux-gnu/nios2-elf/lib/libc.a(lib_a-vfprintf.o)
                0x0000000002004cb4                __vfprintf_internal
 .text.__sbprintf
                0x0000000002004cd8       0xbc /opt/Altera/QuartusPrime-15.1/nios2eds/bin/gnu/H-x86_64-pc-linux-gnu/bin/../lib/gcc/nios2-elf/4.9.2/../../../../../H-x86_64-pc-linux-gnu/nios2-elf/lib/libc.a(lib_a-vfprintf.o)
 .text          0x0000000002004d94        0x0 /opt/Altera/QuartusPrime-15.1/nios2eds/bin/gnu/H-x86_64-pc-linux-gnu/bin/../lib/gcc/nios2-elf/4.9.2/../../../../../H-x86_64-pc-linux-gnu/nios2-elf/lib/libc.a(lib_a-vfscanf.o)
 .text.__svfscanf_r
                0x0000000002004d94     0x16f8 /opt/Altera/QuartusPrime-15.1/nios2eds/bin/gnu/H-x86_64-pc-linux-gnu/bin/../lib/gcc/nios2-elf/4.9.2/../../../../../H-x86_64-pc-linux-gnu/nios2-elf/lib/libc.a(lib_a-vfscanf.o)
                0x0000000002004d94                __svfscanf_r
 .text.vfscanf  0x000000000200648c       0x6c /opt/Altera/QuartusPrime-15.1/nios2eds/bin/gnu/H-x86_64-pc-linux-gnu/bin/../lib/gcc/nios2-elf/4.9.2/../../../../../H-x86_64-pc-linux-gnu/nios2-elf/lib/libc.a(lib_a-vfscanf.o)
                0x000000000200648c                vfscanf
 .text.__svfscanf
                0x00000000020064f8       0x24 /opt/Altera/QuartusPrime-15.1/nios2eds/bin/gnu/H-x86_64-pc-linux-gnu/bin/../lib/gcc/nios2-elf/4.9.2/../../../../../H-x86_64-pc-linux-gnu/nios2-elf/lib/libc.a(lib_a-vfscanf.o)
                0x00000000020064f8                __svfscanf
 .text._vfscanf_r
                0x000000000200651c       0x4c /opt/Altera/QuartusPrime-15.1/nios2eds/bin/gnu/H-x86_64-pc-linux-gnu/bin/../lib/gcc/nios2-elf/4.9.2/../../../../../H-x86_64-pc-linux-gnu/nios2-elf/lib/libc.a(lib_a-vfscanf.o)
                0x000000000200651c                _vfscanf_r
 .text          0x0000000002006568        0x0 /opt/Altera/QuartusPrime-15.1/nios2eds/bin/gnu/H-x86_64-pc-linux-gnu/bin/../lib/gcc/nios2-elf/4.9.2/../../../../../H-x86_64-pc-linux-gnu/nios2-elf/lib/libc.a(lib_a-wbuf.o)
 .text.__swbuf_r
                0x0000000002006568      0x138 /opt/Altera/QuartusPrime-15.1/nios2eds/bin/gnu/H-x86_64-pc-linux-gnu/bin/../lib/gcc/nios2-elf/4.9.2/../../../../../H-x86_64-pc-linux-gnu/nios2-elf/lib/libc.a(lib_a-wbuf.o)
                0x0000000002006568                __swbuf_r
 .text.__swbuf  0x00000000020066a0       0x1c /opt/Altera/QuartusPrime-15.1/nios2eds/bin/gnu/H-x86_64-pc-linux-gnu/bin/../lib/gcc/nios2-elf/4.9.2/../../../../../H-x86_64-pc-linux-gnu/nios2-elf/lib/libc.a(lib_a-wbuf.o)
                0x00000000020066a0                __swbuf
 .text          0x00000000020066bc        0x0 /opt/Altera/QuartusPrime-15.1/nios2eds/bin/gnu/H-x86_64-pc-linux-gnu/bin/../lib/gcc/nios2-elf/4.9.2/../../../../../H-x86_64-pc-linux-gnu/nios2-elf/lib/libc.a(lib_a-wsetup.o)
 .text.__swsetup_r
                0x00000000020066bc      0x154 /opt/Altera/QuartusPrime-15.1/nios2eds/bin/gnu/H-x86_64-pc-linux-gnu/bin/../lib/gcc/nios2-elf/4.9.2/../../../../../H-x86_64-pc-linux-gnu/nios2-elf/lib/libc.a(lib_a-wsetup.o)
                0x00000000020066bc                __swsetup_r
 .text          0x0000000002006810        0x0 /opt/Altera/QuartusPrime-15.1/nios2eds/bin/gnu/H-x86_64-pc-linux-gnu/bin/../lib/gcc/nios2-elf/4.9.2/../../../../../H-x86_64-pc-linux-gnu/nios2-elf/lib/libc.a(lib_a-abort.o)
 .text.abort    0x0000000002006810       0x18 /opt/Altera/QuartusPrime-15.1/nios2eds/bin/gnu/H-x86_64-pc-linux-gnu/bin/../lib/gcc/nios2-elf/4.9.2/../../../../../H-x86_64-pc-linux-gnu/nios2-elf/lib/libc.a(lib_a-abort.o)
                0x0000000002006810                abort
 .text          0x0000000002006828        0x0 /opt/Altera/QuartusPrime-15.1/nios2eds/bin/gnu/H-x86_64-pc-linux-gnu/bin/../lib/gcc/nios2-elf/4.9.2/../../../../../H-x86_64-pc-linux-gnu/nios2-elf/lib/libc.a(lib_a-ctype_.o)
 .text          0x0000000002006828        0x0 /opt/Altera/QuartusPrime-15.1/nios2eds/bin/gnu/H-x86_64-pc-linux-gnu/bin/../lib/gcc/nios2-elf/4.9.2/../../../../../H-x86_64-pc-linux-gnu/nios2-elf/lib/libc.a(lib_a-dtoa.o)
 .text.quorem   0x0000000002006828      0x200 /opt/Altera/QuartusPrime-15.1/nios2eds/bin/gnu/H-x86_64-pc-linux-gnu/bin/../lib/gcc/nios2-elf/4.9.2/../../../../../H-x86_64-pc-linux-gnu/nios2-elf/lib/libc.a(lib_a-dtoa.o)
 .text._dtoa_r  0x0000000002006a28     0x1728 /opt/Altera/QuartusPrime-15.1/nios2eds/bin/gnu/H-x86_64-pc-linux-gnu/bin/../lib/gcc/nios2-elf/4.9.2/../../../../../H-x86_64-pc-linux-gnu/nios2-elf/lib/libc.a(lib_a-dtoa.o)
                0x0000000002006a28                _dtoa_r
 .text          0x0000000002008150        0x0 /opt/Altera/QuartusPrime-15.1/nios2eds/bin/gnu/H-x86_64-pc-linux-gnu/bin/../lib/gcc/nios2-elf/4.9.2/../../../../../H-x86_64-pc-linux-gnu/nios2-elf/lib/libc.a(lib_a-fflush.o)
 .text.__sflush_r
                0x0000000002008150      0x208 /opt/Altera/QuartusPrime-15.1/nios2eds/bin/gnu/H-x86_64-pc-linux-gnu/bin/../lib/gcc/nios2-elf/4.9.2/../../../../../H-x86_64-pc-linux-gnu/nios2-elf/lib/libc.a(lib_a-fflush.o)
                0x0000000002008150                __sflush_r
 .text._fflush_r
                0x0000000002008358       0x5c /opt/Altera/QuartusPrime-15.1/nios2eds/bin/gnu/H-x86_64-pc-linux-gnu/bin/../lib/gcc/nios2-elf/4.9.2/../../../../../H-x86_64-pc-linux-gnu/nios2-elf/lib/libc.a(lib_a-fflush.o)
                0x0000000002008358                _fflush_r
 .text.fflush   0x00000000020083b4       0x30 /opt/Altera/QuartusPrime-15.1/nios2eds/bin/gnu/H-x86_64-pc-linux-gnu/bin/../lib/gcc/nios2-elf/4.9.2/../../../../../H-x86_64-pc-linux-gnu/nios2-elf/lib/libc.a(lib_a-fflush.o)
                0x00000000020083b4                fflush
 .text          0x00000000020083e4        0x0 /opt/Altera/QuartusPrime-15.1/nios2eds/bin/gnu/H-x86_64-pc-linux-gnu/bin/../lib/gcc/nios2-elf/4.9.2/../../../../../H-x86_64-pc-linux-gnu/nios2-elf/lib/libc.a(lib_a-findfp.o)
 .text.__fp_lock
                0x00000000020083e4        0x8 /opt/Altera/QuartusPrime-15.1/nios2eds/bin/gnu/H-x86_64-pc-linux-gnu/bin/../lib/gcc/nios2-elf/4.9.2/../../../../../H-x86_64-pc-linux-gnu/nios2-elf/lib/libc.a(lib_a-findfp.o)
 .text.__fp_unlock
                0x00000000020083ec        0x8 /opt/Altera/QuartusPrime-15.1/nios2eds/bin/gnu/H-x86_64-pc-linux-gnu/bin/../lib/gcc/nios2-elf/4.9.2/../../../../../H-x86_64-pc-linux-gnu/nios2-elf/lib/libc.a(lib_a-findfp.o)
 .text._cleanup_r
                0x00000000020083f4        0xc /opt/Altera/QuartusPrime-15.1/nios2eds/bin/gnu/H-x86_64-pc-linux-gnu/bin/../lib/gcc/nios2-elf/4.9.2/../../../../../H-x86_64-pc-linux-gnu/nios2-elf/lib/libc.a(lib_a-findfp.o)
                0x00000000020083f4                _cleanup_r
 .text.__sinit.part.1
                0x0000000002008400      0x19c /opt/Altera/QuartusPrime-15.1/nios2eds/bin/gnu/H-x86_64-pc-linux-gnu/bin/../lib/gcc/nios2-elf/4.9.2/../../../../../H-x86_64-pc-linux-gnu/nios2-elf/lib/libc.a(lib_a-findfp.o)
 .text.__sfmoreglue
                0x000000000200859c       0x68 /opt/Altera/QuartusPrime-15.1/nios2eds/bin/gnu/H-x86_64-pc-linux-gnu/bin/../lib/gcc/nios2-elf/4.9.2/../../../../../H-x86_64-pc-linux-gnu/nios2-elf/lib/libc.a(lib_a-findfp.o)
                0x000000000200859c                __sfmoreglue
 .text.__sfp    0x0000000002008604      0x118 /opt/Altera/QuartusPrime-15.1/nios2eds/bin/gnu/H-x86_64-pc-linux-gnu/bin/../lib/gcc/nios2-elf/4.9.2/../../../../../H-x86_64-pc-linux-gnu/nios2-elf/lib/libc.a(lib_a-findfp.o)
                0x0000000002008604                __sfp
 .text._cleanup
                0x000000000200871c       0x18 /opt/Altera/QuartusPrime-15.1/nios2eds/bin/gnu/H-x86_64-pc-linux-gnu/bin/../lib/gcc/nios2-elf/4.9.2/../../../../../H-x86_64-pc-linux-gnu/nios2-elf/lib/libc.a(lib_a-findfp.o)
                0x000000000200871c                _cleanup
 .text.__sinit  0x0000000002008734       0x10 /opt/Altera/QuartusPrime-15.1/nios2eds/bin/gnu/H-x86_64-pc-linux-gnu/bin/../lib/gcc/nios2-elf/4.9.2/../../../../../H-x86_64-pc-linux-gnu/nios2-elf/lib/libc.a(lib_a-findfp.o)
                0x0000000002008734                __sinit
 .text.__sfp_lock_acquire
                0x0000000002008744        0x4 /opt/Altera/QuartusPrime-15.1/nios2eds/bin/gnu/H-x86_64-pc-linux-gnu/bin/../lib/gcc/nios2-elf/4.9.2/../../../../../H-x86_64-pc-linux-gnu/nios2-elf/lib/libc.a(lib_a-findfp.o)
                0x0000000002008744                __sfp_lock_acquire
 .text.__sfp_lock_release
                0x0000000002008748        0x4 /opt/Altera/QuartusPrime-15.1/nios2eds/bin/gnu/H-x86_64-pc-linux-gnu/bin/../lib/gcc/nios2-elf/4.9.2/../../../../../H-x86_64-pc-linux-gnu/nios2-elf/lib/libc.a(lib_a-findfp.o)
                0x0000000002008748                __sfp_lock_release
 .text.__sinit_lock_acquire
                0x000000000200874c        0x4 /opt/Altera/QuartusPrime-15.1/nios2eds/bin/gnu/H-x86_64-pc-linux-gnu/bin/../lib/gcc/nios2-elf/4.9.2/../../../../../H-x86_64-pc-linux-gnu/nios2-elf/lib/libc.a(lib_a-findfp.o)
                0x000000000200874c                __sinit_lock_acquire
 .text.__sinit_lock_release
                0x0000000002008750        0x4 /opt/Altera/QuartusPrime-15.1/nios2eds/bin/gnu/H-x86_64-pc-linux-gnu/bin/../lib/gcc/nios2-elf/4.9.2/../../../../../H-x86_64-pc-linux-gnu/nios2-elf/lib/libc.a(lib_a-findfp.o)
                0x0000000002008750                __sinit_lock_release
 .text.__fp_lock_all
                0x0000000002008754       0x18 /opt/Altera/QuartusPrime-15.1/nios2eds/bin/gnu/H-x86_64-pc-linux-gnu/bin/../lib/gcc/nios2-elf/4.9.2/../../../../../H-x86_64-pc-linux-gnu/nios2-elf/lib/libc.a(lib_a-findfp.o)
                0x0000000002008754                __fp_lock_all
 .text.__fp_unlock_all
                0x000000000200876c       0x18 /opt/Altera/QuartusPrime-15.1/nios2eds/bin/gnu/H-x86_64-pc-linux-gnu/bin/../lib/gcc/nios2-elf/4.9.2/../../../../../H-x86_64-pc-linux-gnu/nios2-elf/lib/libc.a(lib_a-findfp.o)
                0x000000000200876c                __fp_unlock_all
 .text          0x0000000002008784        0x0 /opt/Altera/QuartusPrime-15.1/nios2eds/bin/gnu/H-x86_64-pc-linux-gnu/bin/../lib/gcc/nios2-elf/4.9.2/../../../../../H-x86_64-pc-linux-gnu/nios2-elf/lib/libc.a(lib_a-fread.o)
 .text._fread_r
                0x0000000002008784      0x230 /opt/Altera/QuartusPrime-15.1/nios2eds/bin/gnu/H-x86_64-pc-linux-gnu/bin/../lib/gcc/nios2-elf/4.9.2/../../../../../H-x86_64-pc-linux-gnu/nios2-elf/lib/libc.a(lib_a-fread.o)
                0x0000000002008784                _fread_r
 .text.fread    0x00000000020089b4       0x40 /opt/Altera/QuartusPrime-15.1/nios2eds/bin/gnu/H-x86_64-pc-linux-gnu/bin/../lib/gcc/nios2-elf/4.9.2/../../../../../H-x86_64-pc-linux-gnu/nios2-elf/lib/libc.a(lib_a-fread.o)
                0x00000000020089b4                fread
 .text          0x00000000020089f4        0x0 /opt/Altera/QuartusPrime-15.1/nios2eds/bin/gnu/H-x86_64-pc-linux-gnu/bin/../lib/gcc/nios2-elf/4.9.2/../../../../../H-x86_64-pc-linux-gnu/nios2-elf/lib/libc.a(lib_a-freer.o)
 .text._malloc_trim_r
                0x00000000020089f4      0x124 /opt/Altera/QuartusPrime-15.1/nios2eds/bin/gnu/H-x86_64-pc-linux-gnu/bin/../lib/gcc/nios2-elf/4.9.2/../../../../../H-x86_64-pc-linux-gnu/nios2-elf/lib/libc.a(lib_a-freer.o)
                0x00000000020089f4                _malloc_trim_r
 .text._free_r  0x0000000002008b18      0x2f0 /opt/Altera/QuartusPrime-15.1/nios2eds/bin/gnu/H-x86_64-pc-linux-gnu/bin/../lib/gcc/nios2-elf/4.9.2/../../../../../H-x86_64-pc-linux-gnu/nios2-elf/lib/libc.a(lib_a-freer.o)
                0x0000000002008b18                _free_r
 .text          0x0000000002008e08        0x0 /opt/Altera/QuartusPrime-15.1/nios2eds/bin/gnu/H-x86_64-pc-linux-gnu/bin/../lib/gcc/nios2-elf/4.9.2/../../../../../H-x86_64-pc-linux-gnu/nios2-elf/lib/libc.a(lib_a-fvwrite.o)
 .text.__sfvwrite_r
                0x0000000002008e08      0x4c0 /opt/Altera/QuartusPrime-15.1/nios2eds/bin/gnu/H-x86_64-pc-linux-gnu/bin/../lib/gcc/nios2-elf/4.9.2/../../../../../H-x86_64-pc-linux-gnu/nios2-elf/lib/libc.a(lib_a-fvwrite.o)
                0x0000000002008e08                __sfvwrite_r
 .text          0x00000000020092c8        0x0 /opt/Altera/QuartusPrime-15.1/nios2eds/bin/gnu/H-x86_64-pc-linux-gnu/bin/../lib/gcc/nios2-elf/4.9.2/../../../../../H-x86_64-pc-linux-gnu/nios2-elf/lib/libc.a(lib_a-fwalk.o)
 .text._fwalk   0x00000000020092c8       0xc4 /opt/Altera/QuartusPrime-15.1/nios2eds/bin/gnu/H-x86_64-pc-linux-gnu/bin/../lib/gcc/nios2-elf/4.9.2/../../../../../H-x86_64-pc-linux-gnu/nios2-elf/lib/libc.a(lib_a-fwalk.o)
                0x00000000020092c8                _fwalk
 .text._fwalk_reent
                0x000000000200938c       0xc4 /opt/Altera/QuartusPrime-15.1/nios2eds/bin/gnu/H-x86_64-pc-linux-gnu/bin/../lib/gcc/nios2-elf/4.9.2/../../../../../H-x86_64-pc-linux-gnu/nios2-elf/lib/libc.a(lib_a-fwalk.o)
                0x000000000200938c                _fwalk_reent
 .text          0x0000000002009450        0x0 /opt/Altera/QuartusPrime-15.1/nios2eds/bin/gnu/H-x86_64-pc-linux-gnu/bin/../lib/gcc/nios2-elf/4.9.2/../../../../../H-x86_64-pc-linux-gnu/nios2-elf/lib/libc.a(lib_a-int_errno.o)
 .text          0x0000000002009450        0x0 /opt/Altera/QuartusPrime-15.1/nios2eds/bin/gnu/H-x86_64-pc-linux-gnu/bin/../lib/gcc/nios2-elf/4.9.2/../../../../../H-x86_64-pc-linux-gnu/nios2-elf/lib/libc.a(lib_a-iswspace.o)
 .text.iswspace
                0x0000000002009450       0x30 /opt/Altera/QuartusPrime-15.1/nios2eds/bin/gnu/H-x86_64-pc-linux-gnu/bin/../lib/gcc/nios2-elf/4.9.2/../../../../../H-x86_64-pc-linux-gnu/nios2-elf/lib/libc.a(lib_a-iswspace.o)
                0x0000000002009450                iswspace
 .text          0x0000000002009480        0x0 /opt/Altera/QuartusPrime-15.1/nios2eds/bin/gnu/H-x86_64-pc-linux-gnu/bin/../lib/gcc/nios2-elf/4.9.2/../../../../../H-x86_64-pc-linux-gnu/nios2-elf/lib/libc.a(lib_a-locale.o)
 .text._setlocale_r
                0x0000000002009480       0x7c /opt/Altera/QuartusPrime-15.1/nios2eds/bin/gnu/H-x86_64-pc-linux-gnu/bin/../lib/gcc/nios2-elf/4.9.2/../../../../../H-x86_64-pc-linux-gnu/nios2-elf/lib/libc.a(lib_a-locale.o)
                0x0000000002009480                _setlocale_r
 .text.__locale_charset
                0x00000000020094fc        0xc /opt/Altera/QuartusPrime-15.1/nios2eds/bin/gnu/H-x86_64-pc-linux-gnu/bin/../lib/gcc/nios2-elf/4.9.2/../../../../../H-x86_64-pc-linux-gnu/nios2-elf/lib/libc.a(lib_a-locale.o)
                0x00000000020094fc                __locale_charset
 .text.__locale_mb_cur_max
                0x0000000002009508       0x10 /opt/Altera/QuartusPrime-15.1/nios2eds/bin/gnu/H-x86_64-pc-linux-gnu/bin/../lib/gcc/nios2-elf/4.9.2/../../../../../H-x86_64-pc-linux-gnu/nios2-elf/lib/libc.a(lib_a-locale.o)
                0x0000000002009508                __locale_mb_cur_max
 .text.__locale_msgcharset
                0x0000000002009518        0xc /opt/Altera/QuartusPrime-15.1/nios2eds/bin/gnu/H-x86_64-pc-linux-gnu/bin/../lib/gcc/nios2-elf/4.9.2/../../../../../H-x86_64-pc-linux-gnu/nios2-elf/lib/libc.a(lib_a-locale.o)
                0x0000000002009518                __locale_msgcharset
 .text.__locale_cjk_lang
                0x0000000002009524        0x8 /opt/Altera/QuartusPrime-15.1/nios2eds/bin/gnu/H-x86_64-pc-linux-gnu/bin/../lib/gcc/nios2-elf/4.9.2/../../../../../H-x86_64-pc-linux-gnu/nios2-elf/lib/libc.a(lib_a-locale.o)
                0x0000000002009524                __locale_cjk_lang
 .text._localeconv_r
                0x000000000200952c        0xc /opt/Altera/QuartusPrime-15.1/nios2eds/bin/gnu/H-x86_64-pc-linux-gnu/bin/../lib/gcc/nios2-elf/4.9.2/../../../../../H-x86_64-pc-linux-gnu/nios2-elf/lib/libc.a(lib_a-locale.o)
                0x000000000200952c                _localeconv_r
 .text.setlocale
                0x0000000002009538       0x1c /opt/Altera/QuartusPrime-15.1/nios2eds/bin/gnu/H-x86_64-pc-linux-gnu/bin/../lib/gcc/nios2-elf/4.9.2/../../../../../H-x86_64-pc-linux-gnu/nios2-elf/lib/libc.a(lib_a-locale.o)
                0x0000000002009538                setlocale
 .text.localeconv
                0x0000000002009554        0xc /opt/Altera/QuartusPrime-15.1/nios2eds/bin/gnu/H-x86_64-pc-linux-gnu/bin/../lib/gcc/nios2-elf/4.9.2/../../../../../H-x86_64-pc-linux-gnu/nios2-elf/lib/libc.a(lib_a-locale.o)
                0x0000000002009554                localeconv
 .text          0x0000000002009560        0x0 /opt/Altera/QuartusPrime-15.1/nios2eds/bin/gnu/H-x86_64-pc-linux-gnu/bin/../lib/gcc/nios2-elf/4.9.2/../../../../../H-x86_64-pc-linux-gnu/nios2-elf/lib/libc.a(lib_a-makebuf.o)
 .text.__smakebuf_r
                0x0000000002009560      0x1b8 /opt/Altera/QuartusPrime-15.1/nios2eds/bin/gnu/H-x86_64-pc-linux-gnu/bin/../lib/gcc/nios2-elf/4.9.2/../../../../../H-x86_64-pc-linux-gnu/nios2-elf/lib/libc.a(lib_a-makebuf.o)
                0x0000000002009560                __smakebuf_r
 .text          0x0000000002009718        0x0 /opt/Altera/QuartusPrime-15.1/nios2eds/bin/gnu/H-x86_64-pc-linux-gnu/bin/../lib/gcc/nios2-elf/4.9.2/../../../../../H-x86_64-pc-linux-gnu/nios2-elf/lib/libc.a(lib_a-mbrtowc.o)
 .text._mbrtowc_r
                0x0000000002009718       0xac /opt/Altera/QuartusPrime-15.1/nios2eds/bin/gnu/H-x86_64-pc-linux-gnu/bin/../lib/gcc/nios2-elf/4.9.2/../../../../../H-x86_64-pc-linux-gnu/nios2-elf/lib/libc.a(lib_a-mbrtowc.o)
                0x0000000002009718                _mbrtowc_r
 .text.mbrtowc  0x00000000020097c4       0xd8 /opt/Altera/QuartusPrime-15.1/nios2eds/bin/gnu/H-x86_64-pc-linux-gnu/bin/../lib/gcc/nios2-elf/4.9.2/../../../../../H-x86_64-pc-linux-gnu/nios2-elf/lib/libc.a(lib_a-mbrtowc.o)
                0x00000000020097c4                mbrtowc
 .text          0x000000000200989c        0x0 /opt/Altera/QuartusPrime-15.1/nios2eds/bin/gnu/H-x86_64-pc-linux-gnu/bin/../lib/gcc/nios2-elf/4.9.2/../../../../../H-x86_64-pc-linux-gnu/nios2-elf/lib/libc.a(lib_a-mbtowc_r.o)
 .text.__ascii_mbtowc
                0x000000000200989c       0x44 /opt/Altera/QuartusPrime-15.1/nios2eds/bin/gnu/H-x86_64-pc-linux-gnu/bin/../lib/gcc/nios2-elf/4.9.2/../../../../../H-x86_64-pc-linux-gnu/nios2-elf/lib/libc.a(lib_a-mbtowc_r.o)
                0x000000000200989c                __ascii_mbtowc
 .text._mbtowc_r
                0x00000000020098e0       0x5c /opt/Altera/QuartusPrime-15.1/nios2eds/bin/gnu/H-x86_64-pc-linux-gnu/bin/../lib/gcc/nios2-elf/4.9.2/../../../../../H-x86_64-pc-linux-gnu/nios2-elf/lib/libc.a(lib_a-mbtowc_r.o)
                0x00000000020098e0                _mbtowc_r
 .text          0x000000000200993c        0x0 /opt/Altera/QuartusPrime-15.1/nios2eds/bin/gnu/H-x86_64-pc-linux-gnu/bin/../lib/gcc/nios2-elf/4.9.2/../../../../../H-x86_64-pc-linux-gnu/nios2-elf/lib/libc.a(lib_a-memchr.o)
 .text.memchr   0x000000000200993c       0xe8 /opt/Altera/QuartusPrime-15.1/nios2eds/bin/gnu/H-x86_64-pc-linux-gnu/bin/../lib/gcc/nios2-elf/4.9.2/../../../../../H-x86_64-pc-linux-gnu/nios2-elf/lib/libc.a(lib_a-memchr.o)
                0x000000000200993c                memchr
 .text          0x0000000002009a24        0x0 /opt/Altera/QuartusPrime-15.1/nios2eds/bin/gnu/H-x86_64-pc-linux-gnu/bin/../lib/gcc/nios2-elf/4.9.2/../../../../../H-x86_64-pc-linux-gnu/nios2-elf/lib/libc.a(lib_a-memmove.o)
 .text.memmove  0x0000000002009a24      0x15c /opt/Altera/QuartusPrime-15.1/nios2eds/bin/gnu/H-x86_64-pc-linux-gnu/bin/../lib/gcc/nios2-elf/4.9.2/../../../../../H-x86_64-pc-linux-gnu/nios2-elf/lib/libc.a(lib_a-memmove.o)
                0x0000000002009a24                memmove
 .text          0x0000000002009b80        0x0 /opt/Altera/QuartusPrime-15.1/nios2eds/bin/gnu/H-x86_64-pc-linux-gnu/bin/../lib/gcc/nios2-elf/4.9.2/../../../../../H-x86_64-pc-linux-gnu/nios2-elf/lib/libc.a(lib_a-memset.o)
 .text.memset   0x0000000002009b80      0x124 /opt/Altera/QuartusPrime-15.1/nios2eds/bin/gnu/H-x86_64-pc-linux-gnu/bin/../lib/gcc/nios2-elf/4.9.2/../../../../../H-x86_64-pc-linux-gnu/nios2-elf/lib/libc.a(lib_a-memset.o)
                0x0000000002009b80                memset
 .text          0x0000000002009ca4        0x0 /opt/Altera/QuartusPrime-15.1/nios2eds/bin/gnu/H-x86_64-pc-linux-gnu/bin/../lib/gcc/nios2-elf/4.9.2/../../../../../H-x86_64-pc-linux-gnu/nios2-elf/lib/libc.a(lib_a-mprec.o)
 .text._Balloc  0x0000000002009ca4       0xa8 /opt/Altera/QuartusPrime-15.1/nios2eds/bin/gnu/H-x86_64-pc-linux-gnu/bin/../lib/gcc/nios2-elf/4.9.2/../../../../../H-x86_64-pc-linux-gnu/nios2-elf/lib/libc.a(lib_a-mprec.o)
                0x0000000002009ca4                _Balloc
 .text._Bfree   0x0000000002009d4c       0x28 /opt/Altera/QuartusPrime-15.1/nios2eds/bin/gnu/H-x86_64-pc-linux-gnu/bin/../lib/gcc/nios2-elf/4.9.2/../../../../../H-x86_64-pc-linux-gnu/nios2-elf/lib/libc.a(lib_a-mprec.o)
                0x0000000002009d4c                _Bfree
 .text.__multadd
                0x0000000002009d74      0x120 /opt/Altera/QuartusPrime-15.1/nios2eds/bin/gnu/H-x86_64-pc-linux-gnu/bin/../lib/gcc/nios2-elf/4.9.2/../../../../../H-x86_64-pc-linux-gnu/nios2-elf/lib/libc.a(lib_a-mprec.o)
                0x0000000002009d74                __multadd
 .text.__s2b    0x0000000002009e94      0x104 /opt/Altera/QuartusPrime-15.1/nios2eds/bin/gnu/H-x86_64-pc-linux-gnu/bin/../lib/gcc/nios2-elf/4.9.2/../../../../../H-x86_64-pc-linux-gnu/nios2-elf/lib/libc.a(lib_a-mprec.o)
                0x0000000002009e94                __s2b
 .text.__hi0bits
                0x0000000002009f98       0x68 /opt/Altera/QuartusPrime-15.1/nios2eds/bin/gnu/H-x86_64-pc-linux-gnu/bin/../lib/gcc/nios2-elf/4.9.2/../../../../../H-x86_64-pc-linux-gnu/nios2-elf/lib/libc.a(lib_a-mprec.o)
                0x0000000002009f98                __hi0bits
 .text.__lo0bits
                0x000000000200a000       0xb0 /opt/Altera/QuartusPrime-15.1/nios2eds/bin/gnu/H-x86_64-pc-linux-gnu/bin/../lib/gcc/nios2-elf/4.9.2/../../../../../H-x86_64-pc-linux-gnu/nios2-elf/lib/libc.a(lib_a-mprec.o)
                0x000000000200a000                __lo0bits
 .text.__i2b    0x000000000200a0b0       0x3c /opt/Altera/QuartusPrime-15.1/nios2eds/bin/gnu/H-x86_64-pc-linux-gnu/bin/../lib/gcc/nios2-elf/4.9.2/../../../../../H-x86_64-pc-linux-gnu/nios2-elf/lib/libc.a(lib_a-mprec.o)
                0x000000000200a0b0                __i2b
 .text.__multiply
                0x000000000200a0ec      0x1fc /opt/Altera/QuartusPrime-15.1/nios2eds/bin/gnu/H-x86_64-pc-linux-gnu/bin/../lib/gcc/nios2-elf/4.9.2/../../../../../H-x86_64-pc-linux-gnu/nios2-elf/lib/libc.a(lib_a-mprec.o)
                0x000000000200a0ec                __multiply
 .text.__pow5mult
                0x000000000200a2e8      0x140 /opt/Altera/QuartusPrime-15.1/nios2eds/bin/gnu/H-x86_64-pc-linux-gnu/bin/../lib/gcc/nios2-elf/4.9.2/../../../../../H-x86_64-pc-linux-gnu/nios2-elf/lib/libc.a(lib_a-mprec.o)
                0x000000000200a2e8                __pow5mult
 .text.__lshift
                0x000000000200a428      0x150 /opt/Altera/QuartusPrime-15.1/nios2eds/bin/gnu/H-x86_64-pc-linux-gnu/bin/../lib/gcc/nios2-elf/4.9.2/../../../../../H-x86_64-pc-linux-gnu/nios2-elf/lib/libc.a(lib_a-mprec.o)
                0x000000000200a428                __lshift
 .text.__mcmp   0x000000000200a578       0x60 /opt/Altera/QuartusPrime-15.1/nios2eds/bin/gnu/H-x86_64-pc-linux-gnu/bin/../lib/gcc/nios2-elf/4.9.2/../../../../../H-x86_64-pc-linux-gnu/nios2-elf/lib/libc.a(lib_a-mprec.o)
                0x000000000200a578                __mcmp
 .text.__mdiff  0x000000000200a5d8      0x198 /opt/Altera/QuartusPrime-15.1/nios2eds/bin/gnu/H-x86_64-pc-linux-gnu/bin/../lib/gcc/nios2-elf/4.9.2/../../../../../H-x86_64-pc-linux-gnu/nios2-elf/lib/libc.a(lib_a-mprec.o)
                0x000000000200a5d8                __mdiff
 .text.__ulp    0x000000000200a770       0x60 /opt/Altera/QuartusPrime-15.1/nios2eds/bin/gnu/H-x86_64-pc-linux-gnu/bin/../lib/gcc/nios2-elf/4.9.2/../../../../../H-x86_64-pc-linux-gnu/nios2-elf/lib/libc.a(lib_a-mprec.o)
                0x000000000200a770                __ulp
 .text.__b2d    0x000000000200a7d0      0x11c /opt/Altera/QuartusPrime-15.1/nios2eds/bin/gnu/H-x86_64-pc-linux-gnu/bin/../lib/gcc/nios2-elf/4.9.2/../../../../../H-x86_64-pc-linux-gnu/nios2-elf/lib/libc.a(lib_a-mprec.o)
                0x000000000200a7d0                __b2d
 .text.__d2b    0x000000000200a8ec      0x13c /opt/Altera/QuartusPrime-15.1/nios2eds/bin/gnu/H-x86_64-pc-linux-gnu/bin/../lib/gcc/nios2-elf/4.9.2/../../../../../H-x86_64-pc-linux-gnu/nios2-elf/lib/libc.a(lib_a-mprec.o)
                0x000000000200a8ec                __d2b
 .text.__ratio  0x000000000200aa28       0xa4 /opt/Altera/QuartusPrime-15.1/nios2eds/bin/gnu/H-x86_64-pc-linux-gnu/bin/../lib/gcc/nios2-elf/4.9.2/../../../../../H-x86_64-pc-linux-gnu/nios2-elf/lib/libc.a(lib_a-mprec.o)
                0x000000000200aa28                __ratio
 .text._mprec_log10
                0x000000000200aacc       0x74 /opt/Altera/QuartusPrime-15.1/nios2eds/bin/gnu/H-x86_64-pc-linux-gnu/bin/../lib/gcc/nios2-elf/4.9.2/../../../../../H-x86_64-pc-linux-gnu/nios2-elf/lib/libc.a(lib_a-mprec.o)
                0x000000000200aacc                _mprec_log10
 .text.__copybits
                0x000000000200ab40       0x78 /opt/Altera/QuartusPrime-15.1/nios2eds/bin/gnu/H-x86_64-pc-linux-gnu/bin/../lib/gcc/nios2-elf/4.9.2/../../../../../H-x86_64-pc-linux-gnu/nios2-elf/lib/libc.a(lib_a-mprec.o)
                0x000000000200ab40                __copybits
 .text.__any_on
                0x000000000200abb8       0x8c /opt/Altera/QuartusPrime-15.1/nios2eds/bin/gnu/H-x86_64-pc-linux-gnu/bin/../lib/gcc/nios2-elf/4.9.2/../../../../../H-x86_64-pc-linux-gnu/nios2-elf/lib/libc.a(lib_a-mprec.o)
                0x000000000200abb8                __any_on
 .text          0x000000000200ac44        0x0 /opt/Altera/QuartusPrime-15.1/nios2eds/bin/gnu/H-x86_64-pc-linux-gnu/bin/../lib/gcc/nios2-elf/4.9.2/../../../../../H-x86_64-pc-linux-gnu/nios2-elf/lib/libc.a(lib_a-reallocr.o)
 .text._realloc_r
                0x000000000200ac44      0x568 /opt/Altera/QuartusPrime-15.1/nios2eds/bin/gnu/H-x86_64-pc-linux-gnu/bin/../lib/gcc/nios2-elf/4.9.2/../../../../../H-x86_64-pc-linux-gnu/nios2-elf/lib/libc.a(lib_a-reallocr.o)
                0x000000000200ac44                _realloc_r
 .text          0x000000000200b1ac        0x0 /opt/Altera/QuartusPrime-15.1/nios2eds/bin/gnu/H-x86_64-pc-linux-gnu/bin/../lib/gcc/nios2-elf/4.9.2/../../../../../H-x86_64-pc-linux-gnu/nios2-elf/lib/libc.a(lib_a-refill.o)
 .text.lflush   0x000000000200b1ac       0x1c /opt/Altera/QuartusPrime-15.1/nios2eds/bin/gnu/H-x86_64-pc-linux-gnu/bin/../lib/gcc/nios2-elf/4.9.2/../../../../../H-x86_64-pc-linux-gnu/nios2-elf/lib/libc.a(lib_a-refill.o)
 .text.__srefill_r
                0x000000000200b1c8      0x1d4 /opt/Altera/QuartusPrime-15.1/nios2eds/bin/gnu/H-x86_64-pc-linux-gnu/bin/../lib/gcc/nios2-elf/4.9.2/../../../../../H-x86_64-pc-linux-gnu/nios2-elf/lib/libc.a(lib_a-refill.o)
                0x000000000200b1c8                __srefill_r
 .text          0x000000000200b39c        0x0 /opt/Altera/QuartusPrime-15.1/nios2eds/bin/gnu/H-x86_64-pc-linux-gnu/bin/../lib/gcc/nios2-elf/4.9.2/../../../../../H-x86_64-pc-linux-gnu/nios2-elf/lib/libc.a(lib_a-s_fpclassify.o)
 .text.__fpclassifyd
                0x000000000200b39c       0x74 /opt/Altera/QuartusPrime-15.1/nios2eds/bin/gnu/H-x86_64-pc-linux-gnu/bin/../lib/gcc/nios2-elf/4.9.2/../../../../../H-x86_64-pc-linux-gnu/nios2-elf/lib/libc.a(lib_a-s_fpclassify.o)
                0x000000000200b39c                __fpclassifyd
 .text          0x000000000200b410        0x0 /opt/Altera/QuartusPrime-15.1/nios2eds/bin/gnu/H-x86_64-pc-linux-gnu/bin/../lib/gcc/nios2-elf/4.9.2/../../../../../H-x86_64-pc-linux-gnu/nios2-elf/lib/libc.a(lib_a-sccl.o)
 .text.__sccl   0x000000000200b410       0xc0 /opt/Altera/QuartusPrime-15.1/nios2eds/bin/gnu/H-x86_64-pc-linux-gnu/bin/../lib/gcc/nios2-elf/4.9.2/../../../../../H-x86_64-pc-linux-gnu/nios2-elf/lib/libc.a(lib_a-sccl.o)
                0x000000000200b410                __sccl
 .text          0x000000000200b4d0        0x0 /opt/Altera/QuartusPrime-15.1/nios2eds/bin/gnu/H-x86_64-pc-linux-gnu/bin/../lib/gcc/nios2-elf/4.9.2/../../../../../H-x86_64-pc-linux-gnu/nios2-elf/lib/libc.a(lib_a-sf_nan.o)
 .text.nanf     0x000000000200b4d0        0x8 /opt/Altera/QuartusPrime-15.1/nios2eds/bin/gnu/H-x86_64-pc-linux-gnu/bin/../lib/gcc/nios2-elf/4.9.2/../../../../../H-x86_64-pc-linux-gnu/nios2-elf/lib/libc.a(lib_a-sf_nan.o)
                0x000000000200b4d0                nanf
 .text          0x000000000200b4d8        0x0 /opt/Altera/QuartusPrime-15.1/nios2eds/bin/gnu/H-x86_64-pc-linux-gnu/bin/../lib/gcc/nios2-elf/4.9.2/../../../../../H-x86_64-pc-linux-gnu/nios2-elf/lib/libc.a(lib_a-signal.o)
 .text._init_signal_r
                0x000000000200b4d8       0x68 /opt/Altera/QuartusPrime-15.1/nios2eds/bin/gnu/H-x86_64-pc-linux-gnu/bin/../lib/gcc/nios2-elf/4.9.2/../../../../../H-x86_64-pc-linux-gnu/nios2-elf/lib/libc.a(lib_a-signal.o)
                0x000000000200b4d8                _init_signal_r
 .text._signal_r
                0x000000000200b540       0x84 /opt/Altera/QuartusPrime-15.1/nios2eds/bin/gnu/H-x86_64-pc-linux-gnu/bin/../lib/gcc/nios2-elf/4.9.2/../../../../../H-x86_64-pc-linux-gnu/nios2-elf/lib/libc.a(lib_a-signal.o)
                0x000000000200b540                _signal_r
 .text._raise_r
                0x000000000200b5c4       0xbc /opt/Altera/QuartusPrime-15.1/nios2eds/bin/gnu/H-x86_64-pc-linux-gnu/bin/../lib/gcc/nios2-elf/4.9.2/../../../../../H-x86_64-pc-linux-gnu/nios2-elf/lib/libc.a(lib_a-signal.o)
                0x000000000200b5c4                _raise_r
 .text.__sigtramp_r
                0x000000000200b680       0xa8 /opt/Altera/QuartusPrime-15.1/nios2eds/bin/gnu/H-x86_64-pc-linux-gnu/bin/../lib/gcc/nios2-elf/4.9.2/../../../../../H-x86_64-pc-linux-gnu/nios2-elf/lib/libc.a(lib_a-signal.o)
                0x000000000200b680                __sigtramp_r
 .text.raise    0x000000000200b728       0x14 /opt/Altera/QuartusPrime-15.1/nios2eds/bin/gnu/H-x86_64-pc-linux-gnu/bin/../lib/gcc/nios2-elf/4.9.2/../../../../../H-x86_64-pc-linux-gnu/nios2-elf/lib/libc.a(lib_a-signal.o)
                0x000000000200b728                raise
 .text.signal   0x000000000200b73c       0x1c /opt/Altera/QuartusPrime-15.1/nios2eds/bin/gnu/H-x86_64-pc-linux-gnu/bin/../lib/gcc/nios2-elf/4.9.2/../../../../../H-x86_64-pc-linux-gnu/nios2-elf/lib/libc.a(lib_a-signal.o)
                0x000000000200b73c                signal
 .text._init_signal
                0x000000000200b758       0x10 /opt/Altera/QuartusPrime-15.1/nios2eds/bin/gnu/H-x86_64-pc-linux-gnu/bin/../lib/gcc/nios2-elf/4.9.2/../../../../../H-x86_64-pc-linux-gnu/nios2-elf/lib/libc.a(lib_a-signal.o)
                0x000000000200b758                _init_signal
 .text.__sigtramp
                0x000000000200b768       0x14 /opt/Altera/QuartusPrime-15.1/nios2eds/bin/gnu/H-x86_64-pc-linux-gnu/bin/../lib/gcc/nios2-elf/4.9.2/../../../../../H-x86_64-pc-linux-gnu/nios2-elf/lib/libc.a(lib_a-signal.o)
                0x000000000200b768                __sigtramp
 .text          0x000000000200b77c        0x0 /opt/Altera/QuartusPrime-15.1/nios2eds/bin/gnu/H-x86_64-pc-linux-gnu/bin/../lib/gcc/nios2-elf/4.9.2/../../../../../H-x86_64-pc-linux-gnu/nios2-elf/lib/libc.a(lib_a-signalr.o)
 .text._kill_r  0x000000000200b77c       0x58 /opt/Altera/QuartusPrime-15.1/nios2eds/bin/gnu/H-x86_64-pc-linux-gnu/bin/../lib/gcc/nios2-elf/4.9.2/../../../../../H-x86_64-pc-linux-gnu/nios2-elf/lib/libc.a(lib_a-signalr.o)
                0x000000000200b77c                _kill_r
 .text._getpid_r
                0x000000000200b7d4        0x4 /opt/Altera/QuartusPrime-15.1/nios2eds/bin/gnu/H-x86_64-pc-linux-gnu/bin/../lib/gcc/nios2-elf/4.9.2/../../../../../H-x86_64-pc-linux-gnu/nios2-elf/lib/libc.a(lib_a-signalr.o)
                0x000000000200b7d4                _getpid_r
 .text          0x000000000200b7d8        0x0 /opt/Altera/QuartusPrime-15.1/nios2eds/bin/gnu/H-x86_64-pc-linux-gnu/bin/../lib/gcc/nios2-elf/4.9.2/../../../../../H-x86_64-pc-linux-gnu/nios2-elf/lib/libc.a(lib_a-sprintf.o)
 .text._sprintf_r
                0x000000000200b7d8       0x58 /opt/Altera/QuartusPrime-15.1/nios2eds/bin/gnu/H-x86_64-pc-linux-gnu/bin/../lib/gcc/nios2-elf/4.9.2/../../../../../H-x86_64-pc-linux-gnu/nios2-elf/lib/libc.a(lib_a-sprintf.o)
                0x000000000200b7d8                _sprintf_r
 .text.sprintf  0x000000000200b830       0x6c /opt/Altera/QuartusPrime-15.1/nios2eds/bin/gnu/H-x86_64-pc-linux-gnu/bin/../lib/gcc/nios2-elf/4.9.2/../../../../../H-x86_64-pc-linux-gnu/nios2-elf/lib/libc.a(lib_a-sprintf.o)
                0x000000000200b830                sprintf
 .text          0x000000000200b89c        0x0 /opt/Altera/QuartusPrime-15.1/nios2eds/bin/gnu/H-x86_64-pc-linux-gnu/bin/../lib/gcc/nios2-elf/4.9.2/../../../../../H-x86_64-pc-linux-gnu/nios2-elf/lib/libc.a(lib_a-stdio.o)
 .text.__sread  0x000000000200b89c       0x54 /opt/Altera/QuartusPrime-15.1/nios2eds/bin/gnu/H-x86_64-pc-linux-gnu/bin/../lib/gcc/nios2-elf/4.9.2/../../../../../H-x86_64-pc-linux-gnu/nios2-elf/lib/libc.a(lib_a-stdio.o)
                0x000000000200b89c                __sread
 .text.__seofread
                0x000000000200b8f0        0x8 /opt/Altera/QuartusPrime-15.1/nios2eds/bin/gnu/H-x86_64-pc-linux-gnu/bin/../lib/gcc/nios2-elf/4.9.2/../../../../../H-x86_64-pc-linux-gnu/nios2-elf/lib/libc.a(lib_a-stdio.o)
                0x000000000200b8f0                __seofread
 .text.__swrite
                0x000000000200b8f8       0x7c /opt/Altera/QuartusPrime-15.1/nios2eds/bin/gnu/H-x86_64-pc-linux-gnu/bin/../lib/gcc/nios2-elf/4.9.2/../../../../../H-x86_64-pc-linux-gnu/nios2-elf/lib/libc.a(lib_a-stdio.o)
                0x000000000200b8f8                __swrite
 .text.__sseek  0x000000000200b974       0x5c /opt/Altera/QuartusPrime-15.1/nios2eds/bin/gnu/H-x86_64-pc-linux-gnu/bin/../lib/gcc/nios2-elf/4.9.2/../../../../../H-x86_64-pc-linux-gnu/nios2-elf/lib/libc.a(lib_a-stdio.o)
                0x000000000200b974                __sseek
 .text.__sclose
                0x000000000200b9d0        0x8 /opt/Altera/QuartusPrime-15.1/nios2eds/bin/gnu/H-x86_64-pc-linux-gnu/bin/../lib/gcc/nios2-elf/4.9.2/../../../../../H-x86_64-pc-linux-gnu/nios2-elf/lib/libc.a(lib_a-stdio.o)
                0x000000000200b9d0                __sclose
 .text          0x000000000200b9d8        0x0 /opt/Altera/QuartusPrime-15.1/nios2eds/bin/gnu/H-x86_64-pc-linux-gnu/bin/../lib/gcc/nios2-elf/4.9.2/../../../../../H-x86_64-pc-linux-gnu/nios2-elf/lib/libc.a(lib_a-strtod.o)
 .text.sulp     0x000000000200b9d8       0x64 /opt/Altera/QuartusPrime-15.1/nios2eds/bin/gnu/H-x86_64-pc-linux-gnu/bin/../lib/gcc/nios2-elf/4.9.2/../../../../../H-x86_64-pc-linux-gnu/nios2-elf/lib/libc.a(lib_a-strtod.o)
 .text._strtod_r
                0x000000000200ba3c     0x15ec /opt/Altera/QuartusPrime-15.1/nios2eds/bin/gnu/H-x86_64-pc-linux-gnu/bin/../lib/gcc/nios2-elf/4.9.2/../../../../../H-x86_64-pc-linux-gnu/nios2-elf/lib/libc.a(lib_a-strtod.o)
                0x000000000200ba3c                _strtod_r
 .text.strtod   0x000000000200d028       0x1c /opt/Altera/QuartusPrime-15.1/nios2eds/bin/gnu/H-x86_64-pc-linux-gnu/bin/../lib/gcc/nios2-elf/4.9.2/../../../../../H-x86_64-pc-linux-gnu/nios2-elf/lib/libc.a(lib_a-strtod.o)
                0x000000000200d028                strtod
 .text.strtof   0x000000000200d044      0x104 /opt/Altera/QuartusPrime-15.1/nios2eds/bin/gnu/H-x86_64-pc-linux-gnu/bin/../lib/gcc/nios2-elf/4.9.2/../../../../../H-x86_64-pc-linux-gnu/nios2-elf/lib/libc.a(lib_a-strtod.o)
                0x000000000200d044                strtof
 .text          0x000000000200d148        0x0 /opt/Altera/QuartusPrime-15.1/nios2eds/bin/gnu/H-x86_64-pc-linux-gnu/bin/../lib/gcc/nios2-elf/4.9.2/../../../../../H-x86_64-pc-linux-gnu/nios2-elf/lib/libc.a(lib_a-strtol.o)
 .text._strtol_r
                0x000000000200d148      0x240 /opt/Altera/QuartusPrime-15.1/nios2eds/bin/gnu/H-x86_64-pc-linux-gnu/bin/../lib/gcc/nios2-elf/4.9.2/../../../../../H-x86_64-pc-linux-gnu/nios2-elf/lib/libc.a(lib_a-strtol.o)
                0x000000000200d148                _strtol_r
 .text.strtol   0x000000000200d388       0x24 /opt/Altera/QuartusPrime-15.1/nios2eds/bin/gnu/H-x86_64-pc-linux-gnu/bin/../lib/gcc/nios2-elf/4.9.2/../../../../../H-x86_64-pc-linux-gnu/nios2-elf/lib/libc.a(lib_a-strtol.o)
                0x000000000200d388                strtol
 .text          0x000000000200d3ac        0x0 /opt/Altera/QuartusPrime-15.1/nios2eds/bin/gnu/H-x86_64-pc-linux-gnu/bin/../lib/gcc/nios2-elf/4.9.2/../../../../../H-x86_64-pc-linux-gnu/nios2-elf/lib/libc.a(lib_a-strtoll_r.o)
 .text._strtoll_r
                0x000000000200d3ac      0x2f4 /opt/Altera/QuartusPrime-15.1/nios2eds/bin/gnu/H-x86_64-pc-linux-gnu/bin/../lib/gcc/nios2-elf/4.9.2/../../../../../H-x86_64-pc-linux-gnu/nios2-elf/lib/libc.a(lib_a-strtoll_r.o)
                0x000000000200d3ac                _strtoll_r
 .text          0x000000000200d6a0        0x0 /opt/Altera/QuartusPrime-15.1/nios2eds/bin/gnu/H-x86_64-pc-linux-gnu/bin/../lib/gcc/nios2-elf/4.9.2/../../../../../H-x86_64-pc-linux-gnu/nios2-elf/lib/libc.a(lib_a-strtoul.o)
 .text._strtoul_r
                0x000000000200d6a0      0x268 /opt/Altera/QuartusPrime-15.1/nios2eds/bin/gnu/H-x86_64-pc-linux-gnu/bin/../lib/gcc/nios2-elf/4.9.2/../../../../../H-x86_64-pc-linux-gnu/nios2-elf/lib/libc.a(lib_a-strtoul.o)
                0x000000000200d6a0                _strtoul_r
 .text.strtoul  0x000000000200d908       0x24 /opt/Altera/QuartusPrime-15.1/nios2eds/bin/gnu/H-x86_64-pc-linux-gnu/bin/../lib/gcc/nios2-elf/4.9.2/../../../../../H-x86_64-pc-linux-gnu/nios2-elf/lib/libc.a(lib_a-strtoul.o)
                0x000000000200d908                strtoul
 .text          0x000000000200d92c        0x0 /opt/Altera/QuartusPrime-15.1/nios2eds/bin/gnu/H-x86_64-pc-linux-gnu/bin/../lib/gcc/nios2-elf/4.9.2/../../../../../H-x86_64-pc-linux-gnu/nios2-elf/lib/libc.a(lib_a-strtoull_r.o)
 .text._strtoull_r
                0x000000000200d92c      0x334 /opt/Altera/QuartusPrime-15.1/nios2eds/bin/gnu/H-x86_64-pc-linux-gnu/bin/../lib/gcc/nios2-elf/4.9.2/../../../../../H-x86_64-pc-linux-gnu/nios2-elf/lib/libc.a(lib_a-strtoull_r.o)
                0x000000000200d92c                _strtoull_r
 .text          0x000000000200dc60        0x0 /opt/Altera/QuartusPrime-15.1/nios2eds/bin/gnu/H-x86_64-pc-linux-gnu/bin/../lib/gcc/nios2-elf/4.9.2/../../../../../H-x86_64-pc-linux-gnu/nios2-elf/lib/libc.a(lib_a-svfprintf.o)
 .text.___svfprintf_internal_r
                0x000000000200dc60     0x1f90 /opt/Altera/QuartusPrime-15.1/nios2eds/bin/gnu/H-x86_64-pc-linux-gnu/bin/../lib/gcc/nios2-elf/4.9.2/../../../../../H-x86_64-pc-linux-gnu/nios2-elf/lib/libc.a(lib_a-svfprintf.o)
                0x000000000200dc60                ___svfprintf_internal_r
 .text          0x000000000200fbf0        0x0 /opt/Altera/QuartusPrime-15.1/nios2eds/bin/gnu/H-x86_64-pc-linux-gnu/bin/../lib/gcc/nios2-elf/4.9.2/../../../../../H-x86_64-pc-linux-gnu/nios2-elf/lib/libc.a(lib_a-ungetc.o)
 .text.__submore
                0x000000000200fbf0       0xd4 /opt/Altera/QuartusPrime-15.1/nios2eds/bin/gnu/H-x86_64-pc-linux-gnu/bin/../lib/gcc/nios2-elf/4.9.2/../../../../../H-x86_64-pc-linux-gnu/nios2-elf/lib/libc.a(lib_a-ungetc.o)
                0x000000000200fbf0                __submore
 .text._ungetc_r
                0x000000000200fcc4      0x188 /opt/Altera/QuartusPrime-15.1/nios2eds/bin/gnu/H-x86_64-pc-linux-gnu/bin/../lib/gcc/nios2-elf/4.9.2/../../../../../H-x86_64-pc-linux-gnu/nios2-elf/lib/libc.a(lib_a-ungetc.o)
                0x000000000200fcc4                _ungetc_r
 .text.ungetc   0x000000000200fe4c       0x1c /opt/Altera/QuartusPrime-15.1/nios2eds/bin/gnu/H-x86_64-pc-linux-gnu/bin/../lib/gcc/nios2-elf/4.9.2/../../../../../H-x86_64-pc-linux-gnu/nios2-elf/lib/libc.a(lib_a-ungetc.o)
                0x000000000200fe4c                ungetc
 .text          0x000000000200fe68        0x0 /opt/Altera/QuartusPrime-15.1/nios2eds/bin/gnu/H-x86_64-pc-linux-gnu/bin/../lib/gcc/nios2-elf/4.9.2/../../../../../H-x86_64-pc-linux-gnu/nios2-elf/lib/libc.a(lib_a-vfiprintf.o)
 .text.__sprint_r.part.0
                0x000000000200fe68       0xfc /opt/Altera/QuartusPrime-15.1/nios2eds/bin/gnu/H-x86_64-pc-linux-gnu/bin/../lib/gcc/nios2-elf/4.9.2/../../../../../H-x86_64-pc-linux-gnu/nios2-elf/lib/libc.a(lib_a-vfiprintf.o)
 .text.__sprint_r
                0x000000000200ff64       0x18 /opt/Altera/QuartusPrime-15.1/nios2eds/bin/gnu/H-x86_64-pc-linux-gnu/bin/../lib/gcc/nios2-elf/4.9.2/../../../../../H-x86_64-pc-linux-gnu/nios2-elf/lib/libc.a(lib_a-vfiprintf.o)
                0x000000000200ff64                __sprint_r
 .text.___vfiprintf_internal_r
                0x000000000200ff7c     0x12d0 /opt/Altera/QuartusPrime-15.1/nios2eds/bin/gnu/H-x86_64-pc-linux-gnu/bin/../lib/gcc/nios2-elf/4.9.2/../../../../../H-x86_64-pc-linux-gnu/nios2-elf/lib/libc.a(lib_a-vfiprintf.o)
                0x000000000200ff7c                ___vfiprintf_internal_r
 .text.__vfiprintf_internal
                0x000000000201124c       0x24 /opt/Altera/QuartusPrime-15.1/nios2eds/bin/gnu/H-x86_64-pc-linux-gnu/bin/../lib/gcc/nios2-elf/4.9.2/../../../../../H-x86_64-pc-linux-gnu/nios2-elf/lib/libc.a(lib_a-vfiprintf.o)
                0x000000000201124c                __vfiprintf_internal
 .text.__sbprintf
                0x0000000002011270       0xbc /opt/Altera/QuartusPrime-15.1/nios2eds/bin/gnu/H-x86_64-pc-linux-gnu/bin/../lib/gcc/nios2-elf/4.9.2/../../../../../H-x86_64-pc-linux-gnu/nios2-elf/lib/libc.a(lib_a-vfiprintf.o)
 .text          0x000000000201132c        0x0 /opt/Altera/QuartusPrime-15.1/nios2eds/bin/gnu/H-x86_64-pc-linux-gnu/bin/../lib/gcc/nios2-elf/4.9.2/../../../../../H-x86_64-pc-linux-gnu/nios2-elf/lib/libc.a(lib_a-writer.o)
 .text._write_r
                0x000000000201132c       0x5c /opt/Altera/QuartusPrime-15.1/nios2eds/bin/gnu/H-x86_64-pc-linux-gnu/bin/../lib/gcc/nios2-elf/4.9.2/../../../../../H-x86_64-pc-linux-gnu/nios2-elf/lib/libc.a(lib_a-writer.o)
                0x000000000201132c                _write_r
 .text          0x0000000002011388        0x0 /opt/Altera/QuartusPrime-15.1/nios2eds/bin/gnu/H-x86_64-pc-linux-gnu/bin/../lib/gcc/nios2-elf/4.9.2/../../../../../H-x86_64-pc-linux-gnu/nios2-elf/lib/libc.a(closer.o)
 .text._close_r
                0x0000000002011388       0x54 /opt/Altera/QuartusPrime-15.1/nios2eds/bin/gnu/H-x86_64-pc-linux-gnu/bin/../lib/gcc/nios2-elf/4.9.2/../../../../../H-x86_64-pc-linux-gnu/nios2-elf/lib/libc.a(closer.o)
                0x0000000002011388                _close_r
 .text          0x00000000020113dc        0x0 /opt/Altera/QuartusPrime-15.1/nios2eds/bin/gnu/H-x86_64-pc-linux-gnu/bin/../lib/gcc/nios2-elf/4.9.2/../../../../../H-x86_64-pc-linux-gnu/nios2-elf/lib/libc.a(lib_a-callocr.o)
 .text._calloc_r
                0x00000000020113dc       0xc4 /opt/Altera/QuartusPrime-15.1/nios2eds/bin/gnu/H-x86_64-pc-linux-gnu/bin/../lib/gcc/nios2-elf/4.9.2/../../../../../H-x86_64-pc-linux-gnu/nios2-elf/lib/libc.a(lib_a-callocr.o)
                0x00000000020113dc                _calloc_r
 .text          0x00000000020114a0        0x0 /opt/Altera/QuartusPrime-15.1/nios2eds/bin/gnu/H-x86_64-pc-linux-gnu/bin/../lib/gcc/nios2-elf/4.9.2/../../../../../H-x86_64-pc-linux-gnu/nios2-elf/lib/libc.a(lib_a-fclose.o)
 .text._fclose_r
                0x00000000020114a0       0xf0 /opt/Altera/QuartusPrime-15.1/nios2eds/bin/gnu/H-x86_64-pc-linux-gnu/bin/../lib/gcc/nios2-elf/4.9.2/../../../../../H-x86_64-pc-linux-gnu/nios2-elf/lib/libc.a(lib_a-fclose.o)
                0x00000000020114a0                _fclose_r
 .text.fclose   0x0000000002011590       0x14 /opt/Altera/QuartusPrime-15.1/nios2eds/bin/gnu/H-x86_64-pc-linux-gnu/bin/../lib/gcc/nios2-elf/4.9.2/../../../../../H-x86_64-pc-linux-gnu/nios2-elf/lib/libc.a(lib_a-fclose.o)
                0x0000000002011590                fclose
 .text          0x00000000020115a4        0x0 /opt/Altera/QuartusPrime-15.1/nios2eds/bin/gnu/H-x86_64-pc-linux-gnu/bin/../lib/gcc/nios2-elf/4.9.2/../../../../../H-x86_64-pc-linux-gnu/nios2-elf/lib/libc.a(lib_a-fputwc.o)
 .text._fputwc_r
                0x00000000020115a4      0x184 /opt/Altera/QuartusPrime-15.1/nios2eds/bin/gnu/H-x86_64-pc-linux-gnu/bin/../lib/gcc/nios2-elf/4.9.2/../../../../../H-x86_64-pc-linux-gnu/nios2-elf/lib/libc.a(lib_a-fputwc.o)
                0x00000000020115a4                _fputwc_r
 .text.fputwc   0x0000000002011728       0x5c /opt/Altera/QuartusPrime-15.1/nios2eds/bin/gnu/H-x86_64-pc-linux-gnu/bin/../lib/gcc/nios2-elf/4.9.2/../../../../../H-x86_64-pc-linux-gnu/nios2-elf/lib/libc.a(lib_a-fputwc.o)
                0x0000000002011728                fputwc
 .text          0x0000000002011784        0x0 /opt/Altera/QuartusPrime-15.1/nios2eds/bin/gnu/H-x86_64-pc-linux-gnu/bin/../lib/gcc/nios2-elf/4.9.2/../../../../../H-x86_64-pc-linux-gnu/nios2-elf/lib/libc.a(lib_a-fstatr.o)
 .text._fstat_r
                0x0000000002011784       0x58 /opt/Altera/QuartusPrime-15.1/nios2eds/bin/gnu/H-x86_64-pc-linux-gnu/bin/../lib/gcc/nios2-elf/4.9.2/../../../../../H-x86_64-pc-linux-gnu/nios2-elf/lib/libc.a(lib_a-fstatr.o)
                0x0000000002011784                _fstat_r
 .text          0x00000000020117dc        0x0 /opt/Altera/QuartusPrime-15.1/nios2eds/bin/gnu/H-x86_64-pc-linux-gnu/bin/../lib/gcc/nios2-elf/4.9.2/../../../../../H-x86_64-pc-linux-gnu/nios2-elf/lib/libc.a(lib_a-gdtoa-gethex.o)
 .text.rshift   0x00000000020117dc      0x100 /opt/Altera/QuartusPrime-15.1/nios2eds/bin/gnu/H-x86_64-pc-linux-gnu/bin/../lib/gcc/nios2-elf/4.9.2/../../../../../H-x86_64-pc-linux-gnu/nios2-elf/lib/libc.a(lib_a-gdtoa-gethex.o)
 .text.__gethex
                0x00000000020118dc      0x834 /opt/Altera/QuartusPrime-15.1/nios2eds/bin/gnu/H-x86_64-pc-linux-gnu/bin/../lib/gcc/nios2-elf/4.9.2/../../../../../H-x86_64-pc-linux-gnu/nios2-elf/lib/libc.a(lib_a-gdtoa-gethex.o)
                0x00000000020118dc                __gethex
 .text          0x0000000002012110        0x0 /opt/Altera/QuartusPrime-15.1/nios2eds/bin/gnu/H-x86_64-pc-linux-gnu/bin/../lib/gcc/nios2-elf/4.9.2/../../../../../H-x86_64-pc-linux-gnu/nios2-elf/lib/libc.a(lib_a-gdtoa-hexnan.o)
 .text.__hexnan
                0x0000000002012110      0x26c /opt/Altera/QuartusPrime-15.1/nios2eds/bin/gnu/H-x86_64-pc-linux-gnu/bin/../lib/gcc/nios2-elf/4.9.2/../../../../../H-x86_64-pc-linux-gnu/nios2-elf/lib/libc.a(lib_a-gdtoa-hexnan.o)
                0x0000000002012110                __hexnan
 .text          0x000000000201237c        0x0 /opt/Altera/QuartusPrime-15.1/nios2eds/bin/gnu/H-x86_64-pc-linux-gnu/bin/../lib/gcc/nios2-elf/4.9.2/../../../../../H-x86_64-pc-linux-gnu/nios2-elf/lib/libc.a(lib_a-isattyr.o)
 .text._isatty_r
                0x000000000201237c       0x54 /opt/Altera/QuartusPrime-15.1/nios2eds/bin/gnu/H-x86_64-pc-linux-gnu/bin/../lib/gcc/nios2-elf/4.9.2/../../../../../H-x86_64-pc-linux-gnu/nios2-elf/lib/libc.a(lib_a-isattyr.o)
                0x000000000201237c                _isatty_r
 .text          0x00000000020123d0        0x0 /opt/Altera/QuartusPrime-15.1/nios2eds/bin/gnu/H-x86_64-pc-linux-gnu/bin/../lib/gcc/nios2-elf/4.9.2/../../../../../H-x86_64-pc-linux-gnu/nios2-elf/lib/libc.a(lib_a-lseekr.o)
 .text._lseek_r
                0x00000000020123d0       0x5c /opt/Altera/QuartusPrime-15.1/nios2eds/bin/gnu/H-x86_64-pc-linux-gnu/bin/../lib/gcc/nios2-elf/4.9.2/../../../../../H-x86_64-pc-linux-gnu/nios2-elf/lib/libc.a(lib_a-lseekr.o)
                0x00000000020123d0                _lseek_r
 .text          0x000000000201242c        0x0 /opt/Altera/QuartusPrime-15.1/nios2eds/bin/gnu/H-x86_64-pc-linux-gnu/bin/../lib/gcc/nios2-elf/4.9.2/../../../../../H-x86_64-pc-linux-gnu/nios2-elf/lib/libc.a(lib_a-readr.o)
 .text._read_r  0x000000000201242c       0x5c /opt/Altera/QuartusPrime-15.1/nios2eds/bin/gnu/H-x86_64-pc-linux-gnu/bin/../lib/gcc/nios2-elf/4.9.2/../../../../../H-x86_64-pc-linux-gnu/nios2-elf/lib/libc.a(lib_a-readr.o)
                0x000000000201242c                _read_r
 .text          0x0000000002012488        0x0 /opt/Altera/QuartusPrime-15.1/nios2eds/bin/gnu/H-x86_64-pc-linux-gnu/bin/../lib/gcc/nios2-elf/4.9.2/../../../../../H-x86_64-pc-linux-gnu/nios2-elf/lib/libc.a(lib_a-strncmp.o)
 .text.strncmp  0x0000000002012488       0xc0 /opt/Altera/QuartusPrime-15.1/nios2eds/bin/gnu/H-x86_64-pc-linux-gnu/bin/../lib/gcc/nios2-elf/4.9.2/../../../../../H-x86_64-pc-linux-gnu/nios2-elf/lib/libc.a(lib_a-strncmp.o)
                0x0000000002012488                strncmp
 .text          0x0000000002012548        0x0 /opt/Altera/QuartusPrime-15.1/nios2eds/bin/gnu/H-x86_64-pc-linux-gnu/bin/../lib/gcc/nios2-elf/4.9.2/../../../../../H-x86_64-pc-linux-gnu/nios2-elf/lib/libc.a(lib_a-svfiprintf.o)
 .text.__ssprint_r
                0x0000000002012548      0x1cc /opt/Altera/QuartusPrime-15.1/nios2eds/bin/gnu/H-x86_64-pc-linux-gnu/bin/../lib/gcc/nios2-elf/4.9.2/../../../../../H-x86_64-pc-linux-gnu/nios2-elf/lib/libc.a(lib_a-svfiprintf.o)
                0x0000000002012548                __ssprint_r
 .text.___svfiprintf_internal_r
                0x0000000002012714     0x1038 /opt/Altera/QuartusPrime-15.1/nios2eds/bin/gnu/H-x86_64-pc-linux-gnu/bin/../lib/gcc/nios2-elf/4.9.2/../../../../../H-x86_64-pc-linux-gnu/nios2-elf/lib/libc.a(lib_a-svfiprintf.o)
                0x0000000002012714                ___svfiprintf_internal_r
 .text          0x000000000201374c        0x0 /opt/Altera/QuartusPrime-15.1/nios2eds/bin/gnu/H-x86_64-pc-linux-gnu/bin/../lib/gcc/nios2-elf/4.9.2/../../../../../H-x86_64-pc-linux-gnu/nios2-elf/lib/libc.a(lib_a-wcrtomb.o)
 .text._wcrtomb_r
                0x000000000201374c       0x9c /opt/Altera/QuartusPrime-15.1/nios2eds/bin/gnu/H-x86_64-pc-linux-gnu/bin/../lib/gcc/nios2-elf/4.9.2/../../../../../H-x86_64-pc-linux-gnu/nios2-elf/lib/libc.a(lib_a-wcrtomb.o)
                0x000000000201374c                _wcrtomb_r
 .text.wcrtomb  0x00000000020137e8       0xc0 /opt/Altera/QuartusPrime-15.1/nios2eds/bin/gnu/H-x86_64-pc-linux-gnu/bin/../lib/gcc/nios2-elf/4.9.2/../../../../../H-x86_64-pc-linux-gnu/nios2-elf/lib/libc.a(lib_a-wcrtomb.o)
                0x00000000020137e8                wcrtomb
 .text          0x00000000020138a8        0x0 /opt/Altera/QuartusPrime-15.1/nios2eds/bin/gnu/H-x86_64-pc-linux-gnu/bin/../lib/gcc/nios2-elf/4.9.2/../../../../../H-x86_64-pc-linux-gnu/nios2-elf/lib/libc.a(lib_a-wctomb_r.o)
 .text.__ascii_wctomb
                0x00000000020138a8       0x30 /opt/Altera/QuartusPrime-15.1/nios2eds/bin/gnu/H-x86_64-pc-linux-gnu/bin/../lib/gcc/nios2-elf/4.9.2/../../../../../H-x86_64-pc-linux-gnu/nios2-elf/lib/libc.a(lib_a-wctomb_r.o)
                0x00000000020138a8                __ascii_wctomb
 .text._wctomb_r
                0x00000000020138d8       0x5c /opt/Altera/QuartusPrime-15.1/nios2eds/bin/gnu/H-x86_64-pc-linux-gnu/bin/../lib/gcc/nios2-elf/4.9.2/../../../../../H-x86_64-pc-linux-gnu/nios2-elf/lib/libc.a(lib_a-wctomb_r.o)
                0x00000000020138d8                _wctomb_r
 .text          0x0000000002013934       0x60 /opt/Altera/QuartusPrime-15.1/nios2eds/bin/gnu/H-x86_64-pc-linux-gnu/bin/../lib/gcc/nios2-elf/4.9.2/libgcc.a(_muldi3.o)
                0x0000000002013934                __muldi3
 .text          0x0000000002013994       0x74 /opt/Altera/QuartusPrime-15.1/nios2eds/bin/gnu/H-x86_64-pc-linux-gnu/bin/../lib/gcc/nios2-elf/4.9.2/libgcc.a(_fixunsdfsi.o)
                0x0000000002013994                __fixunsdfsi
 .text          0x0000000002013a08      0x5c0 /opt/Altera/QuartusPrime-15.1/nios2eds/bin/gnu/H-x86_64-pc-linux-gnu/bin/../lib/gcc/nios2-elf/4.9.2/libgcc.a(_udivdi3.o)
                0x0000000002013a08                __udivdi3
 .text          0x0000000002013fc8      0x590 /opt/Altera/QuartusPrime-15.1/nios2eds/bin/gnu/H-x86_64-pc-linux-gnu/bin/../lib/gcc/nios2-elf/4.9.2/libgcc.a(_umoddi3.o)
                0x0000000002013fc8                __umoddi3
 .text          0x0000000002014558       0x74 /opt/Altera/QuartusPrime-15.1/nios2eds/bin/gnu/H-x86_64-pc-linux-gnu/bin/../lib/gcc/nios2-elf/4.9.2/libgcc.a(eqsf2.o)
                0x0000000002014558                __nesf2
                0x0000000002014558                __eqsf2
 .text          0x00000000020145cc       0xb8 /opt/Altera/QuartusPrime-15.1/nios2eds/bin/gnu/H-x86_64-pc-linux-gnu/bin/../lib/gcc/nios2-elf/4.9.2/libgcc.a(gesf2.o)
                0x00000000020145cc                __gtsf2
                0x00000000020145cc                __gesf2
 .text          0x0000000002014684       0xb8 /opt/Altera/QuartusPrime-15.1/nios2eds/bin/gnu/H-x86_64-pc-linux-gnu/bin/../lib/gcc/nios2-elf/4.9.2/libgcc.a(lesf2.o)
                0x0000000002014684                __lesf2
                0x0000000002014684                __ltsf2
 .text          0x000000000201473c      0x89c /opt/Altera/QuartusPrime-15.1/nios2eds/bin/gnu/H-x86_64-pc-linux-gnu/bin/../lib/gcc/nios2-elf/4.9.2/libgcc.a(adddf3.o)
                0x000000000201473c                __adddf3
 .text          0x0000000002014fd8      0x8cc /opt/Altera/QuartusPrime-15.1/nios2eds/bin/gnu/H-x86_64-pc-linux-gnu/bin/../lib/gcc/nios2-elf/4.9.2/libgcc.a(divdf3.o)
                0x0000000002014fd8                __divdf3
 .text          0x00000000020158a4       0x84 /opt/Altera/QuartusPrime-15.1/nios2eds/bin/gnu/H-x86_64-pc-linux-gnu/bin/../lib/gcc/nios2-elf/4.9.2/libgcc.a(eqdf2.o)
                0x00000000020158a4                __eqdf2
                0x00000000020158a4                __nedf2
 .text          0x0000000002015928       0xe0 /opt/Altera/QuartusPrime-15.1/nios2eds/bin/gnu/H-x86_64-pc-linux-gnu/bin/../lib/gcc/nios2-elf/4.9.2/libgcc.a(gedf2.o)
                0x0000000002015928                __gtdf2
                0x0000000002015928                __gedf2
 .text          0x0000000002015a08       0xe0 /opt/Altera/QuartusPrime-15.1/nios2eds/bin/gnu/H-x86_64-pc-linux-gnu/bin/../lib/gcc/nios2-elf/4.9.2/libgcc.a(ledf2.o)
                0x0000000002015a08                __ltdf2
                0x0000000002015a08                __ledf2
 .text          0x0000000002015ae8      0x724 /opt/Altera/QuartusPrime-15.1/nios2eds/bin/gnu/H-x86_64-pc-linux-gnu/bin/../lib/gcc/nios2-elf/4.9.2/libgcc.a(muldf3.o)
                0x0000000002015ae8                __muldf3
 .text          0x000000000201620c      0x8d0 /opt/Altera/QuartusPrime-15.1/nios2eds/bin/gnu/H-x86_64-pc-linux-gnu/bin/../lib/gcc/nios2-elf/4.9.2/libgcc.a(subdf3.o)
                0x000000000201620c                __subdf3
 .text          0x0000000002016adc       0x88 /opt/Altera/QuartusPrime-15.1/nios2eds/bin/gnu/H-x86_64-pc-linux-gnu/bin/../lib/gcc/nios2-elf/4.9.2/libgcc.a(fixdfsi.o)
                0x0000000002016adc                __fixdfsi
 .text          0x0000000002016b64       0xd0 /opt/Altera/QuartusPrime-15.1/nios2eds/bin/gnu/H-x86_64-pc-linux-gnu/bin/../lib/gcc/nios2-elf/4.9.2/libgcc.a(floatsidf.o)
                0x0000000002016b64                __floatsidf
 .text          0x0000000002016c34       0xa4 /opt/Altera/QuartusPrime-15.1/nios2eds/bin/gnu/H-x86_64-pc-linux-gnu/bin/../lib/gcc/nios2-elf/4.9.2/libgcc.a(floatunsidf.o)
                0x0000000002016c34                __floatunsidf
 .text          0x0000000002016cd8      0x198 /opt/Altera/QuartusPrime-15.1/nios2eds/bin/gnu/H-x86_64-pc-linux-gnu/bin/../lib/gcc/nios2-elf/4.9.2/libgcc.a(truncdfsf2.o)
                0x0000000002016cd8                __truncdfsf2
 .text          0x0000000002016e70        0x0 /opt/Altera/QuartusPrime-15.1/nios2eds/bin/gnu/H-x86_64-pc-linux-gnu/bin/../lib/gcc/nios2-elf/4.9.2/libgcc.a(_clz.o)
 .text          0x0000000002016e70       0x64 /opt/Altera/QuartusPrime-15.1/nios2eds/bin/gnu/H-x86_64-pc-linux-gnu/bin/../lib/gcc/nios2-elf/4.9.2/libgcc.a(_clzsi2.o)
                0x0000000002016e70                __clzsi2
 .text          0x0000000002016ed4      0x120 ../BSP1//libhal_bsp.a(alt_close.o)
                0x0000000002016f24                close
 .text          0x0000000002016ff4       0x2c ../BSP1//libhal_bsp.a(alt_dev.o)
 .text          0x0000000002017020        0x0 ../BSP1//libhal_bsp.a(alt_errno.o)
 .text          0x0000000002017020       0x34 ../BSP1//libhal_bsp.a(alt_exit.o)
                0x0000000002017020                _exit
 .text          0x0000000002017054      0x100 ../BSP1//libhal_bsp.a(alt_fstat.o)
                0x00000000020170a4                fstat
 .text          0x0000000002017154       0x20 ../BSP1//libhal_bsp.a(alt_getpid.o)
                0x0000000002017154                getpid
 .text          0x0000000002017174       0xf4 ../BSP1//libhal_bsp.a(alt_isatty.o)
                0x00000000020171c4                isatty
 .text          0x0000000002017268      0x180 ../BSP1//libhal_bsp.a(alt_kill.o)
                0x00000000020172b8                kill
 .text          0x00000000020173e8       0xe4 ../BSP1//libhal_bsp.a(alt_load.o)
                0x000000000201744c                alt_load
 .text          0x00000000020174cc      0x124 ../BSP1//libhal_bsp.a(alt_lseek.o)
                0x000000000201751c                lseek
 .text          0x00000000020175f0       0x68 ../BSP1//libhal_bsp.a(alt_main.o)
                0x00000000020175f0                alt_main
 .text          0x0000000002017658       0x40 ../BSP1//libhal_bsp.a(alt_malloc_lock.o)
                0x0000000002017658                __malloc_lock
                0x0000000002017678                __malloc_unlock
 .text          0x0000000002017698      0x14c ../BSP1//libhal_bsp.a(alt_read.o)
                0x00000000020176e8                read
 .text          0x00000000020177e4       0x60 ../BSP1//libhal_bsp.a(alt_release_fd.o)
                0x00000000020177e4                alt_release_fd
 .text          0x0000000002017844       0xb0 ../BSP1//libhal_bsp.a(alt_sbrk.o)
                0x0000000002017844                sbrk
 .text          0x00000000020178f4      0x148 ../BSP1//libhal_bsp.a(alt_write.o)
                0x0000000002017944                write
 .text          0x0000000002017a3c       0xd4 ../BSP1//libhal_bsp.a(alt_sys_init.o)
                0x0000000002017a74                alt_irq_init
                0x0000000002017aa8                alt_sys_init
 .text          0x0000000002017b10      0x164 ../BSP1//libhal_bsp.a(altera_avalon_jtag_uart_fd.o)
                0x0000000002017b10                altera_avalon_jtag_uart_read_fd
                0x0000000002017b70                altera_avalon_jtag_uart_write_fd
                0x0000000002017bd0                altera_avalon_jtag_uart_close_fd
                0x0000000002017c20                altera_avalon_jtag_uart_ioctl_fd
 .text          0x0000000002017c74      0x3d8 ../BSP1//libhal_bsp.a(altera_avalon_jtag_uart_init.o)
                0x0000000002017c74                altera_avalon_jtag_uart_init
                0x0000000002017fe4                altera_avalon_jtag_uart_close
 .text          0x000000000201804c       0xec ../BSP1//libhal_bsp.a(altera_avalon_jtag_uart_ioctl.o)
                0x000000000201804c                altera_avalon_jtag_uart_ioctl
 .text          0x0000000002018138      0x20c ../BSP1//libhal_bsp.a(altera_avalon_jtag_uart_read.o)
                0x0000000002018138                altera_avalon_jtag_uart_read
 .text          0x0000000002018344      0x218 ../BSP1//libhal_bsp.a(altera_avalon_jtag_uart_write.o)
                0x0000000002018344                altera_avalon_jtag_uart_write
 .text          0x000000000201855c      0x110 ../BSP1//libhal_bsp.a(altera_avalon_uart_fd.o)
                0x000000000201855c                altera_avalon_uart_read_fd
                0x00000000020185bc                altera_avalon_uart_write_fd
                0x000000000201861c                altera_avalon_uart_close_fd
 .text          0x000000000201866c      0x3b8 ../BSP1//libhal_bsp.a(altera_avalon_uart_init.o)
                0x000000000201866c                altera_avalon_uart_init
                0x00000000020189d0                altera_avalon_uart_close
 .text          0x0000000002018a24      0x22c ../BSP1//libhal_bsp.a(altera_avalon_uart_read.o)
                0x0000000002018a74                altera_avalon_uart_read
 .text          0x0000000002018c50      0x1fc ../BSP1//libhal_bsp.a(altera_avalon_uart_write.o)
                0x0000000002018ca0                altera_avalon_uart_write
 .text          0x0000000002018e4c      0x140 ../BSP1//libhal_bsp.a(alt_alarm_start.o)
                0x0000000002018e4c                alt_alarm_start
 .text          0x0000000002018f8c       0x44 ../BSP1//libhal_bsp.a(alt_dcache_flush_all.o)
                0x0000000002018f8c                alt_dcache_flush_all
 .text          0x0000000002018fd0       0xf4 ../BSP1//libhal_bsp.a(alt_dev_llist_insert.o)
                0x0000000002019020                alt_dev_llist_insert
 .text          0x00000000020190c4       0x30 ../BSP1//libhal_bsp.a(alt_icache_flush_all.o)
                0x00000000020190c4                alt_icache_flush_all
 .text          0x00000000020190f4      0x1e0 ../BSP1//libhal_bsp.a(alt_iic.o)
                0x00000000020190f4                alt_ic_isr_register
                0x0000000002019144                alt_ic_irq_enable
                0x00000000020191e4                alt_ic_irq_disable
                0x0000000002019288                alt_ic_irq_enabled
 .text          0x00000000020192d4       0xf0 ../BSP1//libhal_bsp.a(alt_iic_isr_register.o)
                0x00000000020192d4                alt_iic_isr_register
 .text          0x00000000020193c4      0x138 ../BSP1//libhal_bsp.a(alt_io_redirect.o)
                0x0000000002019484                alt_io_redirect
 .text          0x00000000020194fc        0x0 ../BSP1//libhal_bsp.a(alt_irq_entry.o)
 .text          0x00000000020194fc        0x0 ../BSP1//libhal_bsp.a(alt_irq_handler.o)
 .text          0x00000000020194fc        0x0 ../BSP1//libhal_bsp.a(alt_irq_vars.o)
 .text          0x00000000020194fc      0x274 ../BSP1//libhal_bsp.a(alt_open.o)
                0x0000000002019618                open
 .text          0x0000000002019770      0x19c ../BSP1//libhal_bsp.a(alt_tick.o)
                0x0000000002019770                alt_alarm_stop
                0x0000000002019808                alt_tick
 .text          0x000000000201990c       0x20 ../BSP1//libhal_bsp.a(altera_nios2_gen2_irq.o)
                0x000000000201990c                altera_nios2_gen2_irq_init
 .text          0x000000000201992c        0x0 ../BSP1//libhal_bsp.a(alt_exception_entry.o)
 .text          0x000000000201992c       0x90 ../BSP1//libhal_bsp.a(alt_find_dev.o)
                0x000000000201992c                alt_find_dev
 .text          0x00000000020199bc      0x114 ../BSP1//libhal_bsp.a(alt_find_file.o)
                0x00000000020199bc                alt_find_file
 .text          0x0000000002019ad0       0xb4 ../BSP1//libhal_bsp.a(alt_get_fd.o)
                0x0000000002019ad0                alt_get_fd
 .text          0x0000000002019b84       0x8c ../BSP1//libhal_bsp.a(alt_icache_flush.o)
                0x0000000002019b84                alt_icache_flush
 .text          0x0000000002019c10       0x9c ../BSP1//libhal_bsp.a(alt_instruction_exception_entry.o)
                0x0000000002019c10                alt_exception_cause_generated_bad_addr
 .text          0x0000000002019cac        0x0 /opt/Altera/QuartusPrime-15.1/nios2eds/bin/gnu/H-x86_64-pc-linux-gnu/bin/../lib/gcc/nios2-elf/4.9.2/../../../../../H-x86_64-pc-linux-gnu/nios2-elf/lib/libc.a(lib_a-exit.o)
 .text.exit     0x0000000002019cac       0x38 /opt/Altera/QuartusPrime-15.1/nios2eds/bin/gnu/H-x86_64-pc-linux-gnu/bin/../lib/gcc/nios2-elf/4.9.2/../../../../../H-x86_64-pc-linux-gnu/nios2-elf/lib/libc.a(lib_a-exit.o)
                0x0000000002019cac                exit
 .text          0x0000000002019ce4        0x0 /opt/Altera/QuartusPrime-15.1/nios2eds/bin/gnu/H-x86_64-pc-linux-gnu/bin/../lib/gcc/nios2-elf/4.9.2/../../../../../H-x86_64-pc-linux-gnu/nios2-elf/lib/libc.a(lib_a-memcmp.o)
 .text.memcmp   0x0000000002019ce4       0x7c /opt/Altera/QuartusPrime-15.1/nios2eds/bin/gnu/H-x86_64-pc-linux-gnu/bin/../lib/gcc/nios2-elf/4.9.2/../../../../../H-x86_64-pc-linux-gnu/nios2-elf/lib/libc.a(lib_a-memcmp.o)
                0x0000000002019ce4                memcmp
 .text          0x0000000002019d60        0x0 /opt/Altera/QuartusPrime-15.1/nios2eds/bin/gnu/H-x86_64-pc-linux-gnu/bin/../lib/gcc/nios2-elf/4.9.2/../../../../../H-x86_64-pc-linux-gnu/nios2-elf/lib/libc.a(lib_a-__call_atexit.o)
 .text.__call_exitprocs
                0x0000000002019d60      0x194 /opt/Altera/QuartusPrime-15.1/nios2eds/bin/gnu/H-x86_64-pc-linux-gnu/bin/../lib/gcc/nios2-elf/4.9.2/../../../../../H-x86_64-pc-linux-gnu/nios2-elf/lib/libc.a(lib_a-__call_atexit.o)
                0x0000000002019d60                __call_exitprocs
 *(.gnu.warning.*)
 *(.fini)
                0x0000000002019ef4                PROVIDE (__etext, ABSOLUTE (.))
                0x0000000002019ef4                PROVIDE (_etext, ABSOLUTE (.))
                0x0000000002019ef4                PROVIDE (etext, ABSOLUTE (.))
 *(.eh_frame_hdr)
                0x0000000002019ef4                . = ALIGN (0x4)
                0x0000000002019ef4                PROVIDE (__preinit_array_start, ABSOLUTE (.))
 *(.preinit_array)
                0x0000000002019ef4                PROVIDE (__preinit_array_end, ABSOLUTE (.))
                0x0000000002019ef4                PROVIDE (__init_array_start, ABSOLUTE (.))
 *(.init_array)
                0x0000000002019ef4                PROVIDE (__init_array_end, ABSOLUTE (.))
                0x0000000002019ef4                PROVIDE (__fini_array_start, ABSOLUTE (.))
 *(.fini_array)
                0x0000000002019ef4                PROVIDE (__fini_array_end, ABSOLUTE (.))
 *(.eh_frame)
 *(.gcc_except_table .gcc_except_table.*)
 *(.dynamic)
                0x0000000002019ef4                PROVIDE (__CTOR_LIST__, ABSOLUTE (.))
 *(.ctors)
 *(SORT(.ctors.*))
                0x0000000002019ef4                PROVIDE (__CTOR_END__, ABSOLUTE (.))
                0x0000000002019ef4                PROVIDE (__DTOR_LIST__, ABSOLUTE (.))
 *(.dtors)
 *(SORT(.dtors.*))
                0x0000000002019ef4                PROVIDE (__DTOR_END__, ABSOLUTE (.))
 *(.jcr)
                0x0000000002019ef4                . = ALIGN (0x4)

.rodata         0x0000000002019ef4      0xab0
                0x0000000002019ef4                PROVIDE (__ram_rodata_start, ABSOLUTE (.))
                0x0000000002019ef4                . = ALIGN (0x4)
 *(.rodata .rodata.* .gnu.linkonce.r.*)
 .rodata        0x0000000002019ef4      0x1ac obj/default/data.o
 .rodata        0x000000000201a0a0       0x48 obj/default/main.o
 .rodata        0x000000000201a0e8      0x120 obj/default/stereo.o
 .rodata.str1.4
                0x000000000201a208       0x3f /opt/Altera/QuartusPrime-15.1/nios2eds/bin/gnu/H-x86_64-pc-linux-gnu/bin/../lib/gcc/nios2-elf/4.9.2/../../../../../H-x86_64-pc-linux-gnu/nios2-elf/lib/libc.a(lib_a-assert.o)
                                         0x44 (size before relaxing)
 *fill*         0x000000000201a247        0x1 
 .rodata.str1.4
                0x000000000201a248        0x2 /opt/Altera/QuartusPrime-15.1/nios2eds/bin/gnu/H-x86_64-pc-linux-gnu/bin/../lib/gcc/nios2-elf/4.9.2/../../../../../H-x86_64-pc-linux-gnu/nios2-elf/lib/libc.a(lib_a-impure.o)
                                          0x4 (size before relaxing)
 *fill*         0x000000000201a24a        0x2 
 .rodata.str1.4
                0x000000000201a24c        0x2 /opt/Altera/QuartusPrime-15.1/nios2eds/bin/gnu/H-x86_64-pc-linux-gnu/bin/../lib/gcc/nios2-elf/4.9.2/../../../../../H-x86_64-pc-linux-gnu/nios2-elf/lib/libc.a(lib_a-puts.o)
                                          0x4 (size before relaxing)
 *fill*         0x000000000201a24e        0x2 
 .rodata.str1.4
                0x000000000201a250       0x42 /opt/Altera/QuartusPrime-15.1/nios2eds/bin/gnu/H-x86_64-pc-linux-gnu/bin/../lib/gcc/nios2-elf/4.9.2/../../../../../H-x86_64-pc-linux-gnu/nios2-elf/lib/libc.a(lib_a-vfprintf.o)
                                         0x44 (size before relaxing)
 .rodata.zeroes.4255
                0x000000000201a292       0x10 /opt/Altera/QuartusPrime-15.1/nios2eds/bin/gnu/H-x86_64-pc-linux-gnu/bin/../lib/gcc/nios2-elf/4.9.2/../../../../../H-x86_64-pc-linux-gnu/nios2-elf/lib/libc.a(lib_a-vfprintf.o)
 .rodata.blanks.4254
                0x000000000201a2a2       0x10 /opt/Altera/QuartusPrime-15.1/nios2eds/bin/gnu/H-x86_64-pc-linux-gnu/bin/../lib/gcc/nios2-elf/4.9.2/../../../../../H-x86_64-pc-linux-gnu/nios2-elf/lib/libc.a(lib_a-vfprintf.o)
 *fill*         0x000000000201a2b2        0x2 
 .rodata.str1.4
                0x000000000201a2b4        0x5 /opt/Altera/QuartusPrime-15.1/nios2eds/bin/gnu/H-x86_64-pc-linux-gnu/bin/../lib/gcc/nios2-elf/4.9.2/../../../../../H-x86_64-pc-linux-gnu/nios2-elf/lib/libc.a(lib_a-vfscanf.o)
                                          0x8 (size before relaxing)
 *fill*         0x000000000201a2b9        0x1 
 .rodata.basefix.4210
                0x000000000201a2ba       0x22 /opt/Altera/QuartusPrime-15.1/nios2eds/bin/gnu/H-x86_64-pc-linux-gnu/bin/../lib/gcc/nios2-elf/4.9.2/../../../../../H-x86_64-pc-linux-gnu/nios2-elf/lib/libc.a(lib_a-vfscanf.o)
 .rodata._ctype_
                0x000000000201a2dc      0x101 /opt/Altera/QuartusPrime-15.1/nios2eds/bin/gnu/H-x86_64-pc-linux-gnu/bin/../lib/gcc/nios2-elf/4.9.2/../../../../../H-x86_64-pc-linux-gnu/nios2-elf/lib/libc.a(lib_a-ctype_.o)
                0x000000000201a2dc                _ctype_
 .rodata._ctype_b
                0x000000000201a3dd      0x180 /opt/Altera/QuartusPrime-15.1/nios2eds/bin/gnu/H-x86_64-pc-linux-gnu/bin/../lib/gcc/nios2-elf/4.9.2/../../../../../H-x86_64-pc-linux-gnu/nios2-elf/lib/libc.a(lib_a-ctype_.o)
 *fill*         0x000000000201a55d        0x3 
 .rodata.str1.4
                0x000000000201a560       0x10 /opt/Altera/QuartusPrime-15.1/nios2eds/bin/gnu/H-x86_64-pc-linux-gnu/bin/../lib/gcc/nios2-elf/4.9.2/../../../../../H-x86_64-pc-linux-gnu/nios2-elf/lib/libc.a(lib_a-dtoa.o)
                                         0x14 (size before relaxing)
 .rodata.str1.4
                0x000000000201a570        0xa /opt/Altera/QuartusPrime-15.1/nios2eds/bin/gnu/H-x86_64-pc-linux-gnu/bin/../lib/gcc/nios2-elf/4.9.2/../../../../../H-x86_64-pc-linux-gnu/nios2-elf/lib/libc.a(lib_a-locale.o)
                                         0x14 (size before relaxing)
 .rodata.str1.4
                0x0000000000000000        0x4 /opt/Altera/QuartusPrime-15.1/nios2eds/bin/gnu/H-x86_64-pc-linux-gnu/bin/../lib/gcc/nios2-elf/4.9.2/../../../../../H-x86_64-pc-linux-gnu/nios2-elf/lib/libc.a(lib_a-mbrtowc.o)
 *fill*         0x000000000201a57a        0x2 
 .rodata.p05.2710
                0x000000000201a57c        0xc /opt/Altera/QuartusPrime-15.1/nios2eds/bin/gnu/H-x86_64-pc-linux-gnu/bin/../lib/gcc/nios2-elf/4.9.2/../../../../../H-x86_64-pc-linux-gnu/nios2-elf/lib/libc.a(lib_a-mprec.o)
 .rodata.__mprec_tinytens
                0x000000000201a588       0x28 /opt/Altera/QuartusPrime-15.1/nios2eds/bin/gnu/H-x86_64-pc-linux-gnu/bin/../lib/gcc/nios2-elf/4.9.2/../../../../../H-x86_64-pc-linux-gnu/nios2-elf/lib/libc.a(lib_a-mprec.o)
                0x000000000201a588                __mprec_tinytens
 .rodata.__mprec_bigtens
                0x000000000201a5b0       0x28 /opt/Altera/QuartusPrime-15.1/nios2eds/bin/gnu/H-x86_64-pc-linux-gnu/bin/../lib/gcc/nios2-elf/4.9.2/../../../../../H-x86_64-pc-linux-gnu/nios2-elf/lib/libc.a(lib_a-mprec.o)
                0x000000000201a5b0                __mprec_bigtens
 .rodata.__mprec_tens
                0x000000000201a5d8       0xc8 /opt/Altera/QuartusPrime-15.1/nios2eds/bin/gnu/H-x86_64-pc-linux-gnu/bin/../lib/gcc/nios2-elf/4.9.2/../../../../../H-x86_64-pc-linux-gnu/nios2-elf/lib/libc.a(lib_a-mprec.o)
                0x000000000201a5d8                __mprec_tens
 .rodata.str1.4
                0x000000000201a6a0       0x10 /opt/Altera/QuartusPrime-15.1/nios2eds/bin/gnu/H-x86_64-pc-linux-gnu/bin/../lib/gcc/nios2-elf/4.9.2/../../../../../H-x86_64-pc-linux-gnu/nios2-elf/lib/libc.a(lib_a-strtod.o)
 .rodata.fpinan.2715
                0x000000000201a6b0       0x14 /opt/Altera/QuartusPrime-15.1/nios2eds/bin/gnu/H-x86_64-pc-linux-gnu/bin/../lib/gcc/nios2-elf/4.9.2/../../../../../H-x86_64-pc-linux-gnu/nios2-elf/lib/libc.a(lib_a-strtod.o)
 .rodata.fpi.2679
                0x000000000201a6c4       0x14 /opt/Altera/QuartusPrime-15.1/nios2eds/bin/gnu/H-x86_64-pc-linux-gnu/bin/../lib/gcc/nios2-elf/4.9.2/../../../../../H-x86_64-pc-linux-gnu/nios2-elf/lib/libc.a(lib_a-strtod.o)
 .rodata.tinytens
                0x000000000201a6d8       0x28 /opt/Altera/QuartusPrime-15.1/nios2eds/bin/gnu/H-x86_64-pc-linux-gnu/bin/../lib/gcc/nios2-elf/4.9.2/../../../../../H-x86_64-pc-linux-gnu/nios2-elf/lib/libc.a(lib_a-strtod.o)
 .rodata.str1.4
                0x0000000000000000       0x44 /opt/Altera/QuartusPrime-15.1/nios2eds/bin/gnu/H-x86_64-pc-linux-gnu/bin/../lib/gcc/nios2-elf/4.9.2/../../../../../H-x86_64-pc-linux-gnu/nios2-elf/lib/libc.a(lib_a-svfprintf.o)
 .rodata.zeroes.4240
                0x000000000201a700       0x10 /opt/Altera/QuartusPrime-15.1/nios2eds/bin/gnu/H-x86_64-pc-linux-gnu/bin/../lib/gcc/nios2-elf/4.9.2/../../../../../H-x86_64-pc-linux-gnu/nios2-elf/lib/libc.a(lib_a-svfprintf.o)
 .rodata.blanks.4239
                0x000000000201a710       0x10 /opt/Altera/QuartusPrime-15.1/nios2eds/bin/gnu/H-x86_64-pc-linux-gnu/bin/../lib/gcc/nios2-elf/4.9.2/../../../../../H-x86_64-pc-linux-gnu/nios2-elf/lib/libc.a(lib_a-svfprintf.o)
 .rodata.str1.4