Archive member included to satisfy reference by file (symbol)

/opt/Altera/QuartusPrime-15.1/nios2eds/bin/gnu/H-x86_64-pc-linux-gnu/bin/../lib/gcc/nios2-elf/4.9.2/libgcc.a(lib2-divmod.o)
                              obj/default/stereo.o (__divsi3)
/opt/Altera/QuartusPrime-15.1/nios2eds/bin/gnu/H-x86_64-pc-linux-gnu/bin/../lib/gcc/nios2-elf/4.9.2/../../../../../H-x86_64-pc-linux-gnu/nios2-elf/lib/libc.a(lib_a-assert.o)
                              obj/default/data.o (__assert_func)
/opt/Altera/QuartusPrime-15.1/nios2eds/bin/gnu/H-x86_64-pc-linux-gnu/bin/../lib/gcc/nios2-elf/4.9.2/../../../../../H-x86_64-pc-linux-gnu/nios2-elf/lib/libc.a(lib_a-fiprintf.o)
                              /opt/Altera/QuartusPrime-15.1/nios2eds/bin/gnu/H-x86_64-pc-linux-gnu/bin/../lib/gcc/nios2-elf/4.9.2/../../../../../H-x86_64-pc-linux-gnu/nios2-elf/lib/libc.a(lib_a-assert.o) (fiprintf)
/opt/Altera/QuartusPrime-15.1/nios2eds/bin/gnu/H-x86_64-pc-linux-gnu/bin/../lib/gcc/nios2-elf/4.9.2/../../../../../H-x86_64-pc-linux-gnu/nios2-elf/lib/libc.a(lib_a-fprintf.o)
                              obj/default/data.o (fprintf)
/opt/Altera/QuartusPrime-15.1/nios2eds/bin/gnu/H-x86_64-pc-linux-gnu/bin/../lib/gcc/nios2-elf/4.9.2/../../../../../H-x86_64-pc-linux-gnu/nios2-elf/lib/libc.a(lib_a-getc.o)
                              obj/default/data.o (getc)
/opt/Altera/QuartusPrime-15.1/nios2eds/bin/gnu/H-x86_64-pc-linux-gnu/bin/../lib/gcc/nios2-elf/4.9.2/../../../../../H-x86_64-pc-linux-gnu/nios2-elf/lib/libc.a(lib_a-gets.o)
                              obj/default/data.o (gets)
/opt/Altera/QuartusPrime-15.1/nios2eds/bin/gnu/H-x86_64-pc-linux-gnu/bin/../lib/gcc/nios2-elf/4.9.2/../../../../../H-x86_64-pc-linux-gnu/nios2-elf/lib/libc.a(lib_a-impure.o)
                              obj/default/data.o (_impure_ptr)
/opt/Altera/QuartusPrime-15.1/nios2eds/bin/gnu/H-x86_64-pc-linux-gnu/bin/../lib/gcc/nios2-elf/4.9.2/../../../../../H-x86_64-pc-linux-gnu/nios2-elf/lib/libc.a(lib_a-malloc.o)
                              obj/default/data.o (malloc)
/opt/Altera/QuartusPrime-15.1/nios2eds/bin/gnu/H-x86_64-pc-linux-gnu/bin/../lib/gcc/nios2-elf/4.9.2/../../../../../H-x86_64-pc-linux-gnu/nios2-elf/lib/libc.a(lib_a-mallocr.o)
                              /opt/Altera/QuartusPrime-15.1/nios2eds/bin/gnu/H-x86_64-pc-linux-gnu/bin/../lib/gcc/nios2-elf/4.9.2/../../../../../H-x86_64-pc-linux-gnu/nios2-elf/lib/libc.a(lib_a-malloc.o) (_malloc_r)
/opt/Altera/QuartusPrime-15.1/nios2eds/bin/gnu/H-x86_64-pc-linux-gnu/bin/../lib/gcc/nios2-elf/4.9.2/../../../../../H-x86_64-pc-linux-gnu/nios2-elf/lib/libc.a(lib_a-memcpy.o)
                              obj/default/stereo.o (memcpy)
/opt/Altera/QuartusPrime-15.1/nios2eds/bin/gnu/H-x86_64-pc-linux-gnu/bin/../lib/gcc/nios2-elf/4.9.2/../../../../../H-x86_64-pc-linux-gnu/nios2-elf/lib/libc.a(lib_a-printf.o)
                              obj/default/data.o (printf)
/opt/Altera/QuartusPrime-15.1/nios2eds/bin/gnu/H-x86_64-pc-linux-gnu/bin/../lib/gcc/nios2-elf/4.9.2/../../../../../H-x86_64-pc-linux-gnu/nios2-elf/lib/libc.a(lib_a-putc.o)
                              obj/default/data.o (putc)
/opt/Altera/QuartusPrime-15.1/nios2eds/bin/gnu/H-x86_64-pc-linux-gnu/bin/../lib/gcc/nios2-elf/4.9.2/../../../../../H-x86_64-pc-linux-gnu/nios2-elf/lib/libc.a(lib_a-puts.o)
                              obj/default/data.o (puts)
/opt/Altera/QuartusPrime-15.1/nios2eds/bin/gnu/H-x86_64-pc-linux-gnu/bin/../lib/gcc/nios2-elf/4.9.2/../../../../../H-x86_64-pc-linux-gnu/nios2-elf/lib/libc.a(lib_a-rget.o)
                              /opt/Altera/QuartusPrime-15.1/nios2eds/bin/gnu/H-x86_64-pc-linux-gnu/bin/../lib/gcc/nios2-elf/4.9.2/../../../../../H-x86_64-pc-linux-gnu/nios2-elf/lib/libc.a(lib_a-getc.o) (__srget_r)
/opt/Altera/QuartusPrime-15.1/nios2eds/bin/gnu/H-x86_64-pc-linux-gnu/bin/../lib/gcc/nios2-elf/4.9.2/../../../../../H-x86_64-pc-linux-gnu/nios2-elf/lib/libc.a(lib_a-sbrkr.o)
                              /opt/Altera/QuartusPrime-15.1/nios2eds/bin/gnu/H-x86_64-pc-linux-gnu/bin/../lib/gcc/nios2-elf/4.9.2/../../../../../H-x86_64-pc-linux-gnu/nios2-elf/lib/libc.a(lib_a-mallocr.o) (_sbrk_r)
/opt/Altera/QuartusPrime-15.1/nios2eds/bin/gnu/H-x86_64-pc-linux-gnu/bin/../lib/gcc/nios2-elf/4.9.2/../../../../../H-x86_64-pc-linux-gnu/nios2-elf/lib/libc.a(lib_a-scanf.o)
                              obj/default/data.o (scanf)
/opt/Altera/QuartusPrime-15.1/nios2eds/bin/gnu/H-x86_64-pc-linux-gnu/bin/../lib/gcc/nios2-elf/4.9.2/../../../../../H-x86_64-pc-linux-gnu/nios2-elf/lib/libc.a(lib_a-strcmp.o)
                              obj/default/data.o (strcmp)
/opt/Altera/QuartusPrime-15.1/nios2eds/bin/gnu/H-x86_64-pc-linux-gnu/bin/../lib/gcc/nios2-elf/4.9.2/../../../../../H-x86_64-pc-linux-gnu/nios2-elf/lib/libc.a(lib_a-strcpy.o)
                              obj/default/data.o (strcpy)
/opt/Altera/QuartusPrime-15.1/nios2eds/bin/gnu/H-x86_64-pc-linux-gnu/bin/../lib/gcc/nios2-elf/4.9.2/../../../../../H-x86_64-pc-linux-gnu/nios2-elf/lib/libc.a(lib_a-strlen.o)
[...]
Memory Configuration

Name             Origin             Length             Attributes
reset            0x0000000002000000 0x0000000000000020
sdram            0x0000000002000020 0x0000000001fff7e0
interrupt_stack  0x0000000003fff800 0x0000000000000400
exception_stack  0x0000000003fffc00 0x0000000000000400
ram              0x0000000004010000 0x000000000000a000
*default*        0x0000000000000000 0xffffffffffffffff

Linker script and memory map

LOAD ../BSP1//obj/HAL/src/crt0.o
LOAD obj/default/crc32.o
LOAD obj/default/data.o
LOAD obj/default/main.o
LOAD obj/default/seg6.o
LOAD obj/default/stereo.o
LOAD /opt/Altera/QuartusPrime-15.1/nios2eds/bin/gnu/H-x86_64-pc-linux-gnu/bin/../lib/gcc/nios2-elf/4.9.2/../../../../../H-x86_64-pc-linux-gnu/nios2-elf/lib/libstdc++.a
LOAD /opt/Altera/QuartusPrime-15.1/nios2eds/bin/gnu/H-x86_64-pc-linux-gnu/bin/../lib/gcc/nios2-elf/4.9.2/../../../../../H-x86_64-pc-linux-gnu/nios2-elf/lib/libm.a
LOAD /opt/Altera/QuartusPrime-15.1/nios2eds/bin/gnu/H-x86_64-pc-linux-gnu/bin/../lib/gcc/nios2-elf/4.9.2/libgcc.a
START GROUP
LOAD /opt/Altera/QuartusPrime-15.1/nios2eds/bin/gnu/H-x86_64-pc-linux-gnu/bin/../lib/gcc/nios2-elf/4.9.2/../../../../../H-x86_64-pc-linux-gnu/nios2-elf/lib/libc.a
LOAD /opt/Altera/QuartusPrime-15.1/nios2eds/bin/gnu/H-x86_64-pc-linux-gnu/bin/../lib/gcc/nios2-elf/4.9.2/libgcc.a
LOAD ../BSP1//libhal_bsp.a
LOAD /opt/Altera/QuartusPrime-15.1/nios2eds/bin/gnu/H-x86_64-pc-linux-gnu/bin/../lib/gcc/nios2-elf/4.9.2/../../../../../H-x86_64-pc-linux-gnu/nios2-elf/lib/libm.a
END GROUP
LOAD /opt/Altera/QuartusPrime-15.1/nios2eds/bin/gnu/H-x86_64-pc-linux-gnu/bin/../lib/gcc/nios2-elf/4.9.2/libgcc.a
                0x0000000002000000                __alt_mem_sdram = 0x2000000
                0x0000000004010000                __alt_mem_ram = 0x4010000

.entry          0x0000000002000000       0x20
 *(.entry)
 .entry         0x0000000002000000       0x20 ../BSP1//obj/HAL/src/crt0.o
                0x0000000002000000                __reset

.exceptions     0x0000000002000020      0x22c
                0x0000000002000020                PROVIDE (__ram_exceptions_start, ABSOLUTE (.))
                0x0000000002000020                . = ALIGN (0x20)
 *(.irq)
 *(.exceptions.entry.label)
 .exceptions.entry.label
                0x0000000002000020        0x0 ../BSP1//libhal_bsp.a(alt_irq_entry.o)
                0x0000000002000020                alt_irq_entry
 .exceptions.entry.label
                0x0000000002000020        0x0 ../BSP1//libhal_bsp.a(alt_exception_entry.o)
                0x0000000002000020                alt_exception
 *(.exceptions.entry.user)
 *(.exceptions.entry.ecc_fatal)
 *(.exceptions.entry)
 .exceptions.entry
                0x0000000002000020       0x60 ../BSP1//libhal_bsp.a(alt_exception_entry.o)
 *(.exceptions.irqtest.user)
 *(.exceptions.irqtest)
 .exceptions.irqtest
                0x0000000002000080       0x10 ../BSP1//libhal_bsp.a(alt_irq_entry.o)
 *(.exceptions.irqhandler.user)
 *(.exceptions.irqhandler)
 .exceptions.irqhandler
                0x0000000002000090        0x4 ../BSP1//libhal_bsp.a(alt_irq_entry.o)
 *(.exceptions.irqreturn.user)
 *(.exceptions.irqreturn)
 .exceptions.irqreturn
                0x0000000002000094        0x4 ../BSP1//libhal_bsp.a(alt_irq_entry.o)
 *(.exceptions.notirq.label)
 .exceptions.notirq.label
                0x0000000002000098        0x0 ../BSP1//libhal_bsp.a(alt_irq_entry.o)
 *(.exceptions.notirq.user)
 *(.exceptions.notirq)
 .exceptions.notirq
                0x0000000002000098        0x8 ../BSP1//libhal_bsp.a(alt_exception_entry.o)
 *(.exceptions.soft.user)
 *(.exceptions.soft)
 *(.exceptions.unknown.user)
 *(.exceptions.unknown)
 .exceptions.unknown
                0x00000000020000a0       0x14 ../BSP1//libhal_bsp.a(alt_exception_entry.o)
 *(.exceptions.exit.label)
 .exceptions.exit.label
                0x00000000020000b4        0x0 ../BSP1//libhal_bsp.a(alt_irq_entry.o)
 .exceptions.exit.label
                0x00000000020000b4        0x0 ../BSP1//libhal_bsp.a(alt_exception_entry.o)
 *(.exceptions.exit.user)
 *(.exceptions.exit)
 .exceptions.exit
                0x00000000020000b4       0x54 ../BSP1//libhal_bsp.a(alt_exception_entry.o)
 *(.exceptions)
 .exceptions    0x0000000002000108       0xd0 ../BSP1//libhal_bsp.a(alt_irq_handler.o)
                0x0000000002000108                alt_irq_handler
 .exceptions    0x00000000020001d8       0x74 ../BSP1//libhal_bsp.a(alt_instruction_exception_entry.o)
                0x00000000020001d8                alt_instruction_exception_entry
                0x000000000200024c                PROVIDE (__ram_exceptions_end, ABSOLUTE (.))
                0x0000000002000020                PROVIDE (__flash_exceptions_start, LOADADDR (.exceptions))

.text           0x000000000200024c    0x1b128
                0x000000000200024c                PROVIDE (stext, ABSOLUTE (.))
 *(.interp)
 *(.hash)
 *(.dynsym)
 *(.dynstr)
 *(.gnu.version)
 *(.gnu.version_d)
 *(.gnu.version_r)
 *(.rel.init)
 *(.rela.init)
 *(.rel.text .rel.text.* .rel.gnu.linkonce.t.*)
 *(.rela.text .rela.text.* .rela.gnu.linkonce.t.*)
 *(.rel.fini)
 *(.rela.fini)
 *(.rel.rodata .rel.rodata.* .rel.gnu.linkonce.r.*)
 *(.rela.rodata .rela.rodata.* .rela.gnu.linkonce.r.*)
 *(.rel.data .rel.data.* .rel.gnu.linkonce.d.*)
 *(.rela.data .rela.data.* .rela.gnu.linkonce.d.*)
 *(.rel.tdata .rel.tdata.* .rel.gnu.linkonce.td.*)
 *(.rela.tdata .rela.tdata.* .rela.gnu.linkonce.td.*)
 *(.rel.tbss .rel.tbss.* .rel.gnu.linkonce.tb.*)
 *(.rela.tbss .rela.tbss.* .rela.gnu.linkonce.tb.*)
 *(.rel.ctors)
 *(.rela.ctors)
 *(.rel.dtors)
 *(.rela.dtors)
 *(.rel.got)
 *(.rela.got)
 *(.rel.sdata .rel.sdata.* .rel.gnu.linkonce.s.*)
 *(.rela.sdata .rela.sdata.* .rela.gnu.linkonce.s.*)
 *(.rel.sbss .rel.sbss.* .rel.gnu.linkonce.sb.*)
 *(.rela.sbss .rela.sbss.* .rela.gnu.linkonce.sb.*)
 *(.rel.sdata2 .rel.sdata2.* .rel.gnu.linkonce.s2.*)
 *(.rela.sdata2 .rela.sdata2.* .rela.gnu.linkonce.s2.*)
 *(.rel.sbss2 .rel.sbss2.* .rel.gnu.linkonce.sb2.*)
 *(.rela.sbss2 .rela.sbss2.* .rela.gnu.linkonce.sb2.*)
 *(.rel.bss .rel.bss.* .rel.gnu.linkonce.b.*)
 *(.rela.bss .rela.bss.* .rela.gnu.linkonce.b.*)
 *(.rel.plt)
 *(.rela.plt)
 *(.rel.dyn)
 *(.init)
 *(.plt)
 *(.text .stub .text.* .gnu.linkonce.t.*)
 .text          0x000000000200024c       0x4c ../BSP1//obj/HAL/src/crt0.o
                0x000000000200024c                _start
 .text          0x0000000002000298      0x1f0 obj/default/crc32.o
                0x0000000002000298                crc32_direct
 .text          0x0000000002000488      0x82c obj/default/data.o
                0x0000000002000488                request
                0x0000000002000578                listen
                0x0000000002000668                readParams
                0x0000000002000768                readImage
                0x0000000002000b08                writeImage
 .text          0x0000000002000cb4      0x1ec obj/default/main.o
                0x0000000002000cb4                main
 .text          0x0000000002000ea0       0xb8 obj/default/seg6.o
                0x0000000002000ea0                disp6
                0x0000000002000ed0                disp33
                0x0000000002000f2c                setDot
 .text          0x0000000002000f58     0x1fb4 obj/default/stereo.o
                0x0000000002000f58                cStrHamming
                0x0000000002000fcc                dump8
                0x0000000002001064                dump16
                0x00000000020010fc                dump32
                0x0000000002001190                dump32h
                0x0000000002001224                twotoone
                0x000000000200134c                quadtoone
                0x000000000200145c                validate
                0x0000000002001520                calcRange
                0x000000000200179c                avgFilter
                0x00000000020019d0                avgFilter1
                0x0000000002001f30                calcAverage
                0x0000000002002024                calcCStr
                0x0000000002002280                calcCensusString
                0x000000000200237c                calcCbRegion
                0x0000000002002960                calcCrossBasedRegion
                0x00000000020029ec                calcDisparity
                0x0000000002002dbc                stereoMatch
 .text          0x0000000002002f0c      0x12c /opt/Altera/QuartusPrime-15.1/nios2eds/bin/gnu/H-x86_64-pc-linux-gnu/bin/../lib/gcc/nios2-elf/4.9.2/libgcc.a(lib2-divmod.o)
                0x0000000002002f78                __divsi3
                0x0000000002002fcc                __modsi3
                0x0000000002003028                __udivsi3
                0x0000000002003030                __umodsi3
 .text          0x0000000002003038        0x0 /opt/Altera/QuartusPrime-15.1/nios2eds/bin/gnu/H-x86_64-pc-linux-gnu/bin/../lib/gcc/nios2-elf/4.9.2/../../../../../H-x86_64-pc-linux-gnu/nios2-elf/lib/libc.a(lib_a-assert.o)
 .text.__assert_func
                0x0000000002003038       0x64 /opt/Altera/QuartusPrime-15.1/nios2eds/bin/gnu/H-x86_64-pc-linux-gnu/bin/../lib/gcc/nios2-elf/4.9.2/../../../../../H-x86_64-pc-linux-gnu/nios2-elf/lib/libc.a(lib_a-assert.o)
                0x0000000002003038                __assert_func
 .text.__assert
                0x000000000200309c       0x14 /opt/Altera/QuartusPrime-15.1/nios2eds/bin/gnu/H-x86_64-pc-linux-gnu/bin/../lib/gcc/nios2-elf/4.9.2/../../../../../H-x86_64-pc-linux-gnu/nios2-elf/lib/libc.a(lib_a-assert.o)
                0x000000000200309c                __assert
 .text          0x00000000020030b0        0x0 /opt/Altera/QuartusPrime-15.1/nios2eds/bin/gnu/H-x86_64-pc-linux-gnu/bin/../lib/gcc/nios2-elf/4.9.2/../../../../../H-x86_64-pc-linux-gnu/nios2-elf/lib/libc.a(lib_a-fiprintf.o)
 .text._fiprintf_r
                0x00000000020030b0       0x20 /opt/Altera/QuartusPrime-15.1/nios2eds/bin/gnu/H-x86_64-pc-linux-gnu/bin/../lib/gcc/nios2-elf/4.9.2/../../../../../H-x86_64-pc-linux-gnu/nios2-elf/lib/libc.a(lib_a-fiprintf.o)
                0x00000000020030b0                _fiprintf_r
 .text.fiprintf
                0x00000000020030d0       0x3c /opt/Altera/QuartusPrime-15.1/nios2eds/bin/gnu/H-x86_64-pc-linux-gnu/bin/../lib/gcc/nios2-elf/4.9.2/../../../../../H-x86_64-pc-linux-gnu/nios2-elf/lib/libc.a(lib_a-fiprintf.o)
                0x00000000020030d0                fiprintf
 .text          0x000000000200310c        0x0 /opt/Altera/QuartusPrime-15.1/nios2eds/bin/gnu/H-x86_64-pc-linux-gnu/bin/../lib/gcc/nios2-elf/4.9.2/../../../../../H-x86_64-pc-linux-gnu/nios2-elf/lib/libc.a(lib_a-fprintf.o)
 .text._fprintf_r
                0x000000000200310c       0x28 /opt/Altera/QuartusPrime-15.1/nios2eds/bin/gnu/H-x86_64-pc-linux-gnu/bin/../lib/gcc/nios2-elf/4.9.2/../../../../../H-x86_64-pc-linux-gnu/nios2-elf/lib/libc.a(lib_a-fprintf.o)
                0x000000000200310c                _fprintf_r
 .text.fprintf  0x0000000002003134       0x24 /opt/Altera/QuartusPrime-15.1/nios2eds/bin/gnu/H-x86_64-pc-linux-gnu/bin/../lib/gcc/nios2-elf/4.9.2/../../../../../H-x86_64-pc-linux-gnu/nios2-elf/lib/libc.a(lib_a-fprintf.o)
                0x0000000002003134                fprintf
 .text          0x0000000002003158        0x0 /opt/Altera/QuartusPrime-15.1/nios2eds/bin/gnu/H-x86_64-pc-linux-gnu/bin/../lib/gcc/nios2-elf/4.9.2/../../../../../H-x86_64-pc-linux-gnu/nios2-elf/lib/libc.a(lib_a-getc.o)
 .text._getc_r  0x0000000002003158       0x70 /opt/Altera/QuartusPrime-15.1/nios2eds/bin/gnu/H-x86_64-pc-linux-gnu/bin/../lib/gcc/nios2-elf/4.9.2/../../../../../H-x86_64-pc-linux-gnu/nios2-elf/lib/libc.a(lib_a-getc.o)
                0x0000000002003158                _getc_r
 .text.getc     0x00000000020031c8       0x88 /opt/Altera/QuartusPrime-15.1/nios2eds/bin/gnu/H-x86_64-pc-linux-gnu/bin/../lib/gcc/nios2-elf/4.9.2/../../../../../H-x86_64-pc-linux-gnu/nios2-elf/lib/libc.a(lib_a-getc.o)
                0x00000000020031c8                getc
 .text          0x0000000002003250        0x0 /opt/Altera/QuartusPrime-15.1/nios2eds/bin/gnu/H-x86_64-pc-linux-gnu/bin/../lib/gcc/nios2-elf/4.9.2/../../../../../H-x86_64-pc-linux-gnu/nios2-elf/lib/libc.a(lib_a-gets.o)
 .text._gets_r  0x0000000002003250       0xbc /opt/Altera/QuartusPrime-15.1/nios2eds/bin/gnu/H-x86_64-pc-linux-gnu/bin/../lib/gcc/nios2-elf/4.9.2/../../../../../H-x86_64-pc-linux-gnu/nios2-elf/lib/libc.a(lib_a-gets.o)
                0x0000000002003250                _gets_r
 .text.gets     0x000000000200330c       0x14 /opt/Altera/QuartusPrime-15.1/nios2eds/bin/gnu/H-x86_64-pc-linux-gnu/bin/../lib/gcc/nios2-elf/4.9.2/../../../../../H-x86_64-pc-linux-gnu/nios2-elf/lib/libc.a(lib_a-gets.o)
                0x000000000200330c                gets
 .text          0x0000000002003320        0x0 /opt/Altera/QuartusPrime-15.1/nios2eds/bin/gnu/H-x86_64-pc-linux-gnu/bin/../lib/gcc/nios2-elf/4.9.2/../../../../../H-x86_64-pc-linux-gnu/nios2-elf/lib/libc.a(lib_a-impure.o)
 .text          0x0000000002003320        0x0 /opt/Altera/QuartusPrime-15.1/nios2eds/bin/gnu/H-x86_64-pc-linux-gnu/bin/../lib/gcc/nios2-elf/4.9.2/../../../../../H-x86_64-pc-linux-gnu/nios2-elf/lib/libc.a(lib_a-malloc.o)
 .text.malloc   0x0000000002003320       0x14 /opt/Altera/QuartusPrime-15.1/nios2eds/bin/gnu/H-x86_64-pc-linux-gnu/bin/../lib/gcc/nios2-elf/4.9.2/../../../../../H-x86_64-pc-linux-gnu/nios2-elf/lib/libc.a(lib_a-malloc.o)
                0x0000000002003320                malloc
 .text.free     0x0000000002003334       0x14 /opt/Altera/QuartusPrime-15.1/nios2eds/bin/gnu/H-x86_64-pc-linux-gnu/bin/../lib/gcc/nios2-elf/4.9.2/../../../../../H-x86_64-pc-linux-gnu/nios2-elf/lib/libc.a(lib_a-malloc.o)
                0x0000000002003334                free
 .text          0x0000000002003348        0x0 /opt/Altera/QuartusPrime-15.1/nios2eds/bin/gnu/H-x86_64-pc-linux-gnu/bin/../lib/gcc/nios2-elf/4.9.2/../../../../../H-x86_64-pc-linux-gnu/nios2-elf/lib/libc.a(lib_a-mallocr.o)
 .text._malloc_r
                0x0000000002003348      0x7a8 /opt/Altera/QuartusPrime-15.1/nios2eds/bin/gnu/H-x86_64-pc-linux-gnu/bin/../lib/gcc/nios2-elf/4.9.2/../../../../../H-x86_64-pc-linux-gnu/nios2-elf/lib/libc.a(lib_a-mallocr.o)
                0x0000000002003348                _malloc_r
 .text          0x0000000002003af0        0x0 /opt/Altera/QuartusPrime-15.1/nios2eds/bin/gnu/H-x86_64-pc-linux-gnu/bin/../lib/gcc/nios2-elf/4.9.2/../../../../../H-x86_64-pc-linux-gnu/nios2-elf/lib/libc.a(lib_a-memcpy.o)
 .text.memcpy   0x0000000002003af0      0x138 /opt/Altera/QuartusPrime-15.1/nios2eds/bin/gnu/H-x86_64-pc-linux-gnu/bin/../lib/gcc/nios2-elf/4.9.2/../../../../../H-x86_64-pc-linux-gnu/nios2-elf/lib/libc.a(lib_a-memcpy.o)
                0x0000000002003af0                memcpy
 .text          0x0000000002003c28        0x0 /opt/Altera/QuartusPrime-15.1/nios2eds/bin/gnu/H-x86_64-pc-linux-gnu/bin/../lib/gcc/nios2-elf/4.9.2/../../../../../H-x86_64-pc-linux-gnu/nios2-elf/lib/libc.a(lib_a-printf.o)
 .text._printf_r
                0x0000000002003c28       0x2c /opt/Altera/QuartusPrime-15.1/nios2eds/bin/gnu/H-x86_64-pc-linux-gnu/bin/../lib/gcc/nios2-elf/4.9.2/../../../../../H-x86_64-pc-linux-gnu/nios2-elf/lib/libc.a(lib_a-printf.o)
                0x0000000002003c28                _printf_r
 .text.printf   0x0000000002003c54       0x3c /opt/Altera/QuartusPrime-15.1/nios2eds/bin/gnu/H-x86_64-pc-linux-gnu/bin/../lib/gcc/nios2-elf/4.9.2/../../../../../H-x86_64-pc-linux-gnu/nios2-elf/lib/libc.a(lib_a-printf.o)
                0x0000000002003c54                printf
 .text          0x0000000002003c90        0x0 /opt/Altera/QuartusPrime-15.1/nios2eds/bin/gnu/H-x86_64-pc-linux-gnu/bin/../lib/gcc/nios2-elf/4.9.2/../../../../../H-x86_64-pc-linux-gnu/nios2-elf/lib/libc.a(lib_a-putc.o)
 .text._putc_r  0x0000000002003c90       0xa0 /opt/Altera/QuartusPrime-15.1/nios2eds/bin/gnu/H-x86_64-pc-linux-gnu/bin/../lib/gcc/nios2-elf/4.9.2/../../../../../H-x86_64-pc-linux-gnu/nios2-elf/lib/libc.a(lib_a-putc.o)
                0x0000000002003c90                _putc_r
 .text.putc     0x0000000002003d30       0xcc /opt/Altera/QuartusPrime-15.1/nios2eds/bin/gnu/H-x86_64-pc-linux-gnu/bin/../lib/gcc/nios2-elf/4.9.2/../../../../../H-x86_64-pc-linux-gnu/nios2-elf/lib/libc.a(lib_a-putc.o)
                0x0000000002003d30                putc
 .text          0x0000000002003dfc        0x0 /opt/Altera/QuartusPrime-15.1/nios2eds/bin/gnu/H-x86_64-pc-linux-gnu/bin/../lib/gcc/nios2-elf/4.9.2/../../../../../H-x86_64-pc-linux-gnu/nios2-elf/lib/libc.a(lib_a-puts.o)
 .text._puts_r  0x0000000002003dfc       0xa8 /opt/Altera/QuartusPrime-15.1/nios2eds/bin/gnu/H-x86_64-pc-linux-gnu/bin/../lib/gcc/nios2-elf/4.9.2/../../../../../H-x86_64-pc-linux-gnu/nios2-elf/lib/libc.a(lib_a-puts.o)
                0x0000000002003dfc                _puts_r
 .text.puts     0x0000000002003ea4       0x14 /opt/Altera/QuartusPrime-15.1/nios2eds/bin/gnu/H-x86_64-pc-linux-gnu/bin/../lib/gcc/nios2-elf/4.9.2/../../../../../H-x86_64-pc-linux-gnu/nios2-elf/lib/libc.a(lib_a-puts.o)
                0x0000000002003ea4                puts
 .text          0x0000000002003eb8        0x0 /opt/Altera/QuartusPrime-15.1/nios2eds/bin/gnu/H-x86_64-pc-linux-gnu/bin/../lib/gcc/nios2-elf/4.9.2/../../../../../H-x86_64-pc-linux-gnu/nios2-elf/lib/libc.a(lib_a-rget.o)
 .text.__srget_r
                0x0000000002003eb8       0x74 /opt/Altera/QuartusPrime-15.1/nios2eds/bin/gnu/H-x86_64-pc-linux-gnu/bin/../lib/gcc/nios2-elf/4.9.2/../../../../../H-x86_64-pc-linux-gnu/nios2-elf/lib/libc.a(lib_a-rget.o)
                0x0000000002003eb8                __srget_r
 .text.__srget  0x0000000002003f2c       0x14 /opt/Altera/QuartusPrime-15.1/nios2eds/bin/gnu/H-x86_64-pc-linux-gnu/bin/../lib/gcc/nios2-elf/4.9.2/../../../../../H-x86_64-pc-linux-gnu/nios2-elf/lib/libc.a(lib_a-rget.o)
                0x0000000002003f2c                __srget
 .text          0x0000000002003f40        0x0 /opt/Altera/QuartusPrime-15.1/nios2eds/bin/gnu/H-x86_64-pc-linux-gnu/bin/../lib/gcc/nios2-elf/4.9.2/../../../../../H-x86_64-pc-linux-gnu/nios2-elf/lib/libc.a(lib_a-sbrkr.o)
 .text._sbrk_r  0x0000000002003f40       0x54 /opt/Altera/QuartusPrime-15.1/nios2eds/bin/gnu/H-x86_64-pc-linux-gnu/bin/../lib/gcc/nios2-elf/4.9.2/../../../../../H-x86_64-pc-linux-gnu/nios2-elf/lib/libc.a(lib_a-sbrkr.o)
                0x0000000002003f40                _sbrk_r
 .text          0x0000000002003f94        0x0 /opt/Altera/QuartusPrime-15.1/nios2eds/bin/gnu/H-x86_64-pc-linux-gnu/bin/../lib/gcc/nios2-elf/4.9.2/../../../../../H-x86_64-pc-linux-gnu/nios2-elf/lib/libc.a(lib_a-scanf.o)
 .text.scanf    0x0000000002003f94       0x3c /opt/Altera/QuartusPrime-15.1/nios2eds/bin/gnu/H-x86_64-pc-linux-gnu/bin/../lib/gcc/nios2-elf/4.9.2/../../../../../H-x86_64-pc-linux-gnu/nios2-elf/lib/libc.a(lib_a-scanf.o)
                0x0000000002003f94                scanf
 .text._scanf_r
                0x0000000002003fd0       0x2c /opt/Altera/QuartusPrime-15.1/nios2eds/bin/gnu/H-x86_64-pc-linux-gnu/bin/../lib/gcc/nios2-elf/4.9.2/../../../../../H-x86_64-pc-linux-gnu/nios2-elf/lib/libc.a(lib_a-scanf.o)
                0x0000000002003fd0                _scanf_r
 .text          0x0000000002003ffc        0x0 /opt/Altera/QuartusPrime-15.1/nios2eds/bin/gnu/H-x86_64-pc-linux-gnu/bin/../lib/gcc/nios2-elf/4.9.2/../../../../../H-x86_64-pc-linux-gnu/nios2-elf/lib/libc.a(lib_a-strcmp.o)
 .text.strcmp   0x0000000002003ffc       0xa4 /opt/Altera/QuartusPrime-15.1/nios2eds/bin/gnu/H-x86_64-pc-linux-gnu/bin/../lib/gcc/nios2-elf/4.9.2/../../../../../H-x86_64-pc-linux-gnu/nios2-elf/lib/libc.a(lib_a-strcmp.o)
                0x0000000002003ffc                strcmp
 .text          0x00000000020040a0        0x0 /opt/Altera/QuartusPrime-15.1/nios2eds/bin/gnu/H-x86_64-pc-linux-gnu/bin/../lib/gcc/nios2-elf/4.9.2/../../../../../H-x86_64-pc-linux-gnu/nios2-elf/lib/libc.a(lib_a-strcpy.o)
 .text.strcpy   0x00000000020040a0       0x90 /opt/Altera/QuartusPrime-15.1/nios2eds/bin/gnu/H-x86_64-pc-linux-gnu/bin/../lib/gcc/nios2-elf/4.9.2/../../../../../H-x86_64-pc-linux-gnu/nios2-elf/lib/libc.a(lib_a-strcpy.o)
                0x00000000020040a0                strcpy
 .text          0x0000000002004130        0x0 /opt/Altera/QuartusPrime-15.1/nios2eds/bin/gnu/H-x86_64-pc-linux-gnu/bin/../lib/gcc/nios2-elf/4.9.2/../../../../../H-x86_64-pc-linux-gnu/nios2-elf/lib/libc.a(lib_a-strlen.o)
 .text.strlen   0x0000000002004130       0x98 /opt/Altera/QuartusPrime-15.1/nios2eds/bin/gnu/H-x86_64-pc-linux-gnu/bin/../lib/gcc/nios2-elf/4.9.2/../../../../../H-x86_64-pc-linux-gnu/nios2-elf/lib/libc.a(lib_a-strlen.o)
                0x0000000002004130                strlen
 .text          0x00000000020041c8        0x0 /opt/Altera/QuartusPrime-15.1/nios2eds/bin/gnu/H-x86_64-pc-linux-gnu/bin/../lib/gcc/nios2-elf/4.9.2/../../../../../H-x86_64-pc-linux-gnu/nios2-elf/lib/libc.a(lib_a-vfiprintfr_1.o)
 .text._vfiprintf_r
                0x00000000020041c8       0x1c /opt/Altera/QuartusPrime-15.1/nios2eds/bin/gnu/H-x86_64-pc-linux-gnu/bin/../lib/gcc/nios2-elf/4.9.2/../../../../../H-x86_64-pc-linux-gnu/nios2-elf/lib/libc.a(lib_a-vfiprintfr_1.o)
                0x00000000020041c8                _vfiprintf_r
 .text          0x00000000020041e4        0x0 /opt/Altera/QuartusPrime-15.1/nios2eds/bin/gnu/H-x86_64-pc-linux-gnu/bin/../lib/gcc/nios2-elf/4.9.2/../../../../../H-x86_64-pc-linux-gnu/nios2-elf/lib/libc.a(lib_a-vfprintf.o)
 .text.___vfprintf_internal_r
                0x00000000020041e4     0x1f50 /opt/Altera/QuartusPrime-15.1/nios2eds/bin/gnu/H-x86_64-pc-linux-gnu/bin/../lib/gcc/nios2-elf/4.9.2/../../../../../H-x86_64-pc-linux-gnu/nios2-elf/lib/libc.a(lib_a-vfprintf.o)
                0x00000000020041e4                ___vfprintf_internal_r
 .text.__vfprintf_internal
                0x0000000002006134       0x24 /opt/Altera/QuartusPrime-15.1/nios2eds/bin/gnu/H-x86_64-pc-linux-gnu/bin/../lib/gcc/nios2-elf/4.9.2/../../../../../H-x86_64-pc-linux-gnu/nios2-elf/lib/libc.a(lib_a-vfprintf.o)
                0x0000000002006134                __vfprintf_internal
 .text.__sbprintf
                0x0000000002006158       0xbc /opt/Altera/QuartusPrime-15.1/nios2eds/bin/gnu/H-x86_64-pc-linux-gnu/bin/../lib/gcc/nios2-elf/4.9.2/../../../../../H-x86_64-pc-linux-gnu/nios2-elf/lib/libc.a(lib_a-vfprintf.o)
 .text          0x0000000002006214        0x0 /opt/Altera/QuartusPrime-15.1/nios2eds/bin/gnu/H-x86_64-pc-linux-gnu/bin/../lib/gcc/nios2-elf/4.9.2/../../../../../H-x86_64-pc-linux-gnu/nios2-elf/lib/libc.a(lib_a-vfscanf.o)
 .text.__svfscanf_r
                0x0000000002006214     0x16f8 /opt/Altera/QuartusPrime-15.1/nios2eds/bin/gnu/H-x86_64-pc-linux-gnu/bin/../lib/gcc/nios2-elf/4.9.2/../../../../../H-x86_64-pc-linux-gnu/nios2-elf/lib/libc.a(lib_a-vfscanf.o)
                0x0000000002006214                __svfscanf_r
 .text.vfscanf  0x000000000200790c       0x6c /opt/Altera/QuartusPrime-15.1/nios2eds/bin/gnu/H-x86_64-pc-linux-gnu/bin/../lib/gcc/nios2-elf/4.9.2/../../../../../H-x86_64-pc-linux-gnu/nios2-elf/lib/libc.a(lib_a-vfscanf.o)
                0x000000000200790c                vfscanf
 .text.__svfscanf
                0x0000000002007978       0x24 /opt/Altera/QuartusPrime-15.1/nios2eds/bin/gnu/H-x86_64-pc-linux-gnu/bin/../lib/gcc/nios2-elf/4.9.2/../../../../../H-x86_64-pc-linux-gnu/nios2-elf/lib/libc.a(lib_a-vfscanf.o)
                0x0000000002007978                __svfscanf
 .text._vfscanf_r
                0x000000000200799c       0x4c /opt/Altera/QuartusPrime-15.1/nios2eds/bin/gnu/H-x86_64-pc-linux-gnu/bin/../lib/gcc/nios2-elf/4.9.2/../../../../../H-x86_64-pc-linux-gnu/nios2-elf/lib/libc.a(lib_a-vfscanf.o)
                0x000000000200799c                _vfscanf_r
 .text          0x00000000020079e8        0x0 /opt/Altera/QuartusPrime-15.1/nios2eds/bin/gnu/H-x86_64-pc-linux-gnu/bin/../lib/gcc/nios2-elf/4.9.2/../../../../../H-x86_64-pc-linux-gnu/nios2-elf/lib/libc.a(lib_a-wbuf.o)
 .text.__swbuf_r
                0x00000000020079e8      0x138 /opt/Altera/QuartusPrime-15.1/nios2eds/bin/gnu/H-x86_64-pc-linux-gnu/bin/../lib/gcc/nios2-elf/4.9.2/../../../../../H-x86_64-pc-linux-gnu/nios2-elf/lib/libc.a(lib_a-wbuf.o)
                0x00000000020079e8                __swbuf_r
 .text.__swbuf  0x0000000002007b20       0x1c /opt/Altera/QuartusPrime-15.1/nios2eds/bin/gnu/H-x86_64-pc-linux-gnu/bin/../lib/gcc/nios2-elf/4.9.2/../../../../../H-x86_64-pc-linux-gnu/nios2-elf/lib/libc.a(lib_a-wbuf.o)
                0x0000000002007b20                __swbuf
 .text          0x0000000002007b3c        0x0 /opt/Altera/QuartusPrime-15.1/nios2eds/bin/gnu/H-x86_64-pc-linux-gnu/bin/../lib/gcc/nios2-elf/4.9.2/../../../../../H-x86_64-pc-linux-gnu/nios2-elf/lib/libc.a(lib_a-wsetup.o)
 .text.__swsetup_r
                0x0000000002007b3c      0x154 /opt/Altera/QuartusPrime-15.1/nios2eds/bin/gnu/H-x86_64-pc-linux-gnu/bin/../lib/gcc/nios2-elf/4.9.2/../../../../../H-x86_64-pc-linux-gnu/nios2-elf/lib/libc.a(lib_a-wsetup.o)
                0x0000000002007b3c                __swsetup_r
 .text          0x0000000002007c90        0x0 /opt/Altera/QuartusPrime-15.1/nios2eds/bin/gnu/H-x86_64-pc-linux-gnu/bin/../lib/gcc/nios2-elf/4.9.2/../../../../../H-x86_64-pc-linux-gnu/nios2-elf/lib/libc.a(lib_a-abort.o)
 .text.abort    0x0000000002007c90       0x18 /opt/Altera/QuartusPrime-15.1/nios2eds/bin/gnu/H-x86_64-pc-linux-gnu/bin/../lib/gcc/nios2-elf/4.9.2/../../../../../H-x86_64-pc-linux-gnu/nios2-elf/lib/libc.a(lib_a-abort.o)
                0x0000000002007c90                abort
 .text          0x0000000002007ca8        0x0 /opt/Altera/QuartusPrime-15.1/nios2eds/bin/gnu/H-x86_64-pc-linux-gnu/bin/../lib/gcc/nios2-elf/4.9.2/../../../../../H-x86_64-pc-linux-gnu/nios2-elf/lib/libc.a(lib_a-ctype_.o)
 .text          0x0000000002007ca8        0x0 /opt/Altera/QuartusPrime-15.1/nios2eds/bin/gnu/H-x86_64-pc-linux-gnu/bin/../lib/gcc/nios2-elf/4.9.2/../../../../../H-x86_64-pc-linux-gnu/nios2-elf/lib/libc.a(lib_a-dtoa.o)
 .text.quorem   0x0000000002007ca8      0x200 /opt/Altera/QuartusPrime-15.1/nios2eds/bin/gnu/H-x86_64-pc-linux-gnu/bin/../lib/gcc/nios2-elf/4.9.2/../../../../../H-x86_64-pc-linux-gnu/nios2-elf/lib/libc.a(lib_a-dtoa.o)
 .text._dtoa_r  0x0000000002007ea8     0x1728 /opt/Altera/QuartusPrime-15.1/nios2eds/bin/gnu/H-x86_64-pc-linux-gnu/bin/../lib/gcc/nios2-elf/4.9.2/../../../../../H-x86_64-pc-linux-gnu/nios2-elf/lib/libc.a(lib_a-dtoa.o)
                0x0000000002007ea8                _dtoa_r
 .text          0x00000000020095d0        0x0 /opt/Altera/QuartusPrime-15.1/nios2eds/bin/gnu/H-x86_64-pc-linux-gnu/bin/../lib/gcc/nios2-elf/4.9.2/../../../../../H-x86_64-pc-linux-gnu/nios2-elf/lib/libc.a(lib_a-fflush.o)
 .text.__sflush_r
                0x00000000020095d0      0x208 /opt/Altera/QuartusPrime-15.1/nios2eds/bin/gnu/H-x86_64-pc-linux-gnu/bin/../lib/gcc/nios2-elf/4.9.2/../../../../../H-x86_64-pc-linux-gnu/nios2-elf/lib/libc.a(lib_a-fflush.o)
                0x00000000020095d0                __sflush_r
 .text._fflush_r
                0x00000000020097d8       0x5c /opt/Altera/QuartusPrime-15.1/nios2eds/bin/gnu/H-x86_64-pc-linux-gnu/bin/../lib/gcc/nios2-elf/4.9.2/../../../../../H-x86_64-pc-linux-gnu/nios2-elf/lib/libc.a(lib_a-fflush.o)
                0x00000000020097d8                _fflush_r
 .text.fflush   0x0000000002009834       0x30 /opt/Altera/QuartusPrime-15.1/nios2eds/bin/gnu/H-x86_64-pc-linux-gnu/bin/../lib/gcc/nios2-elf/4.9.2/../../../../../H-x86_64-pc-linux-gnu/nios2-elf/lib/libc.a(lib_a-fflush.o)
                0x0000000002009834                fflush
 .text          0x0000000002009864        0x0 /opt/Altera/QuartusPrime-15.1/nios2eds/bin/gnu/H-x86_64-pc-linux-gnu/bin/../lib/gcc/nios2-elf/4.9.2/../../../../../H-x86_64-pc-linux-gnu/nios2-elf/lib/libc.a(lib_a-findfp.o)
 .text.__fp_lock
                0x0000000002009864        0x8 /opt/Altera/QuartusPrime-15.1/nios2eds/bin/gnu/H-x86_64-pc-linux-gnu/bin/../lib/gcc/nios2-elf/4.9.2/../../../../../H-x86_64-pc-linux-gnu/nios2-elf/lib/libc.a(lib_a-findfp.o)
 .text.__fp_unlock
                0x000000000200986c        0x8 /opt/Altera/QuartusPrime-15.1/nios2eds/bin/gnu/H-x86_64-pc-linux-gnu/bin/../lib/gcc/nios2-elf/4.9.2/../../../../../H-x86_64-pc-linux-gnu/nios2-elf/lib/libc.a(lib_a-findfp.o)
 .text._cleanup_r
                0x0000000002009874        0xc /opt/Altera/QuartusPrime-15.1/nios2eds/bin/gnu/H-x86_64-pc-linux-gnu/bin/../lib/gcc/nios2-elf/4.9.2/../../../../../H-x86_64-pc-linux-gnu/nios2-elf/lib/libc.a(lib_a-findfp.o)
                0x0000000002009874                _cleanup_r
 .text.__sinit.part.1
                0x0000000002009880      0x19c /opt/Altera/QuartusPrime-15.1/nios2eds/bin/gnu/H-x86_64-pc-linux-gnu/bin/../lib/gcc/nios2-elf/4.9.2/../../../../../H-x86_64-pc-linux-gnu/nios2-elf/lib/libc.a(lib_a-findfp.o)
 .text.__sfmoreglue
                0x0000000002009a1c       0x68 /opt/Altera/QuartusPrime-15.1/nios2eds/bin/gnu/H-x86_64-pc-linux-gnu/bin/../lib/gcc/nios2-elf/4.9.2/../../../../../H-x86_64-pc-linux-gnu/nios2-elf/lib/libc.a(lib_a-findfp.o)
                0x0000000002009a1c                __sfmoreglue
 .text.__sfp    0x0000000002009a84      0x118 /opt/Altera/QuartusPrime-15.1/nios2eds/bin/gnu/H-x86_64-pc-linux-gnu/bin/../lib/gcc/nios2-elf/4.9.2/../../../../../H-x86_64-pc-linux-gnu/nios2-elf/lib/libc.a(lib_a-findfp.o)
                0x0000000002009a84                __sfp
 .text._cleanup
                0x0000000002009b9c       0x18 /opt/Altera/QuartusPrime-15.1/nios2eds/bin/gnu/H-x86_64-pc-linux-gnu/bin/../lib/gcc/nios2-elf/4.9.2/../../../../../H-x86_64-pc-linux-gnu/nios2-elf/lib/libc.a(lib_a-findfp.o)
                0x0000000002009b9c                _cleanup
 .text.__sinit  0x0000000002009bb4       0x10 /opt/Altera/QuartusPrime-15.1/nios2eds/bin/gnu/H-x86_64-pc-linux-gnu/bin/../lib/gcc/nios2-elf/4.9.2/../../../../../H-x86_64-pc-linux-gnu/nios2-elf/lib/libc.a(lib_a-findfp.o)
                0x0000000002009bb4                __sinit
 .text.__sfp_lock_acquire
                0x0000000002009bc4        0x4 /opt/Altera/QuartusPrime-15.1/nios2eds/bin/gnu/H-x86_64-pc-linux-gnu/bin/../lib/gcc/nios2-elf/4.9.2/../../../../../H-x86_64-pc-linux-gnu/nios2-elf/lib/libc.a(lib_a-findfp.o)
                0x0000000002009bc4                __sfp_lock_acquire
 .text.__sfp_lock_release
                0x0000000002009bc8        0x4 /opt/Altera/QuartusPrime-15.1/nios2eds/bin/gnu/H-x86_64-pc-linux-gnu/bin/../lib/gcc/nios2-elf/4.9.2/../../../../../H-x86_64-pc-linux-gnu/nios2-elf/lib/libc.a(lib_a-findfp.o)
                0x0000000002009bc8                __sfp_lock_release
 .text.__sinit_lock_acquire
                0x0000000002009bcc        0x4 /opt/Altera/QuartusPrime-15.1/nios2eds/bin/gnu/H-x86_64-pc-linux-gnu/bin/../lib/gcc/nios2-elf/4.9.2/../../../../../H-x86_64-pc-linux-gnu/nios2-elf/lib/libc.a(lib_a-findfp.o)
                0x0000000002009bcc                __sinit_lock_acquire
 .text.__sinit_lock_release
                0x0000000002009bd0        0x4 /opt/Altera/QuartusPrime-15.1/nios2eds/bin/gnu/H-x86_64-pc-linux-gnu/bin/../lib/gcc/nios2-elf/4.9.2/../../../../../H-x86_64-pc-linux-gnu/nios2-elf/lib/libc.a(lib_a-findfp.o)
                0x0000000002009bd0                __sinit_lock_release
 .text.__fp_lock_all
                0x0000000002009bd4       0x18 /opt/Altera/QuartusPrime-15.1/nios2eds/bin/gnu/H-x86_64-pc-linux-gnu/bin/../lib/gcc/nios2-elf/4.9.2/../../../../../H-x86_64-pc-linux-gnu/nios2-elf/lib/libc.a(lib_a-findfp.o)
                0x0000000002009bd4                __fp_lock_all
 .text.__fp_unlock_all
                0x0000000002009bec       0x18 /opt/Altera/QuartusPrime-15.1/nios2eds/bin/gnu/H-x86_64-pc-linux-gnu/bin/../lib/gcc/nios2-elf/4.9.2/../../../../../H-x86_64-pc-linux-gnu/nios2-elf/lib/libc.a(lib_a-findfp.o)
                0x0000000002009bec                __fp_unlock_all
 .text          0x0000000002009c04        0x0 /opt/Altera/QuartusPrime-15.1/nios2eds/bin/gnu/H-x86_64-pc-linux-gnu/bin/../lib/gcc/nios2-elf/4.9.2/../../../../../H-x86_64-pc-linux-gnu/nios2-elf/lib/libc.a(lib_a-fread.o)
 .text._fread_r
                0x0000000002009c04      0x230 /opt/Altera/QuartusPrime-15.1/nios2eds/bin/gnu/H-x86_64-pc-linux-gnu/bin/../lib/gcc/nios2-elf/4.9.2/../../../../../H-x86_64-pc-linux-gnu/nios2-elf/lib/libc.a(lib_a-fread.o)
                0x0000000002009c04                _fread_r
 .text.fread    0x0000000002009e34       0x40 /opt/Altera/QuartusPrime-15.1/nios2eds/bin/gnu/H-x86_64-pc-linux-gnu/bin/../lib/gcc/nios2-elf/4.9.2/../../../../../H-x86_64-pc-linux-gnu/nios2-elf/lib/libc.a(lib_a-fread.o)
                0x0000000002009e34                fread
 .text          0x0000000002009e74        0x0 /opt/Altera/QuartusPrime-15.1/nios2eds/bin/gnu/H-x86_64-pc-linux-gnu/bin/../lib/gcc/nios2-elf/4.9.2/../../../../../H-x86_64-pc-linux-gnu/nios2-elf/lib/libc.a(lib_a-freer.o)
 .text._malloc_trim_r
                0x0000000002009e74      0x124 /opt/Altera/QuartusPrime-15.1/nios2eds/bin/gnu/H-x86_64-pc-linux-gnu/bin/../lib/gcc/nios2-elf/4.9.2/../../../../../H-x86_64-pc-linux-gnu/nios2-elf/lib/libc.a(lib_a-freer.o)
                0x0000000002009e74                _malloc_trim_r
 .text._free_r  0x0000000002009f98      0x2f0 /opt/Altera/QuartusPrime-15.1/nios2eds/bin/gnu/H-x86_64-pc-linux-gnu/bin/../lib/gcc/nios2-elf/4.9.2/../../../../../H-x86_64-pc-linux-gnu/nios2-elf/lib/libc.a(lib_a-freer.o)
                0x0000000002009f98                _free_r
 .text          0x000000000200a288        0x0 /opt/Altera/QuartusPrime-15.1/nios2eds/bin/gnu/H-x86_64-pc-linux-gnu/bin/../lib/gcc/nios2-elf/4.9.2/../../../../../H-x86_64-pc-linux-gnu/nios2-elf/lib/libc.a(lib_a-fvwrite.o)
 .text.__sfvwrite_r
                0x000000000200a288      0x4c0 /opt/Altera/QuartusPrime-15.1/nios2eds/bin/gnu/H-x86_64-pc-linux-gnu/bin/../lib/gcc/nios2-elf/4.9.2/../../../../../H-x86_64-pc-linux-gnu/nios2-elf/lib/libc.a(lib_a-fvwrite.o)
                0x000000000200a288                __sfvwrite_r
 .text          0x000000000200a748        0x0 /opt/Altera/QuartusPrime-15.1/nios2eds/bin/gnu/H-x86_64-pc-linux-gnu/bin/../lib/gcc/nios2-elf/4.9.2/../../../../../H-x86_64-pc-linux-gnu/nios2-elf/lib/libc.a(lib_a-fwalk.o)
 .text._fwalk   0x000000000200a748       0xc4 /opt/Altera/QuartusPrime-15.1/nios2eds/bin/gnu/H-x86_64-pc-linux-gnu/bin/../lib/gcc/nios2-elf/4.9.2/../../../../../H-x86_64-pc-linux-gnu/nios2-elf/lib/libc.a(lib_a-fwalk.o)
                0x000000000200a748                _fwalk
 .text._fwalk_reent
                0x000000000200a80c       0xc4 /opt/Altera/QuartusPrime-15.1/nios2eds/bin/gnu/H-x86_64-pc-linux-gnu/bin/../lib/gcc/nios2-elf/4.9.2/../../../../../H-x86_64-pc-linux-gnu/nios2-elf/lib/libc.a(lib_a-fwalk.o)
                0x000000000200a80c                _fwalk_reent
 .text          0x000000000200a8d0        0x0 /opt/Altera/QuartusPrime-15.1/nios2eds/bin/gnu/H-x86_64-pc-linux-gnu/bin/../lib/gcc/nios2-elf/4.9.2/../../../../../H-x86_64-pc-linux-gnu/nios2-elf/lib/libc.a(lib_a-int_errno.o)
 .text          0x000000000200a8d0        0x0 /opt/Altera/QuartusPrime-15.1/nios2eds/bin/gnu/H-x86_64-pc-linux-gnu/bin/../lib/gcc/nios2-elf/4.9.2/../../../../../H-x86_64-pc-linux-gnu/nios2-elf/lib/libc.a(lib_a-iswspace.o)
 .text.iswspace
                0x000000000200a8d0       0x30 /opt/Altera/QuartusPrime-15.1/nios2eds/bin/gnu/H-x86_64-pc-linux-gnu/bin/../lib/gcc/nios2-elf/4.9.2/../../../../../H-x86_64-pc-linux-gnu/nios2-elf/lib/libc.a(lib_a-iswspace.o)
                0x000000000200a8d0                iswspace
 .text          0x000000000200a900        0x0 /opt/Altera/QuartusPrime-15.1/nios2eds/bin/gnu/H-x86_64-pc-linux-gnu/bin/../lib/gcc/nios2-elf/4.9.2/../../../../../H-x86_64-pc-linux-gnu/nios2-elf/lib/libc.a(lib_a-locale.o)
 .text._setlocale_r
                0x000000000200a900       0x7c /opt/Altera/QuartusPrime-15.1/nios2eds/bin/gnu/H-x86_64-pc-linux-gnu/bin/../lib/gcc/nios2-elf/4.9.2/../../../../../H-x86_64-pc-linux-gnu/nios2-elf/lib/libc.a(lib_a-locale.o)
                0x000000000200a900                _setlocale_r
 .text.__locale_charset
                0x000000000200a97c        0xc /opt/Altera/QuartusPrime-15.1/nios2eds/bin/gnu/H-x86_64-pc-linux-gnu/bin/../lib/gcc/nios2-elf/4.9.2/../../../../../H-x86_64-pc-linux-gnu/nios2-elf/lib/libc.a(lib_a-locale.o)
                0x000000000200a97c                __locale_charset
 .text.__locale_mb_cur_max
                0x000000000200a988       0x10 /opt/Altera/QuartusPrime-15.1/nios2eds/bin/gnu/H-x86_64-pc-linux-gnu/bin/../lib/gcc/nios2-elf/4.9.2/../../../../../H-x86_64-pc-linux-gnu/nios2-elf/lib/libc.a(lib_a-locale.o)
                0x000000000200a988                __locale_mb_cur_max
 .text.__locale_msgcharset
                0x000000000200a998        0xc /opt/Altera/QuartusPrime-15.1/nios2eds/bin/gnu/H-x86_64-pc-linux-gnu/bin/../lib/gcc/nios2-elf/4.9.2/../../../../../H-x86_64-pc-linux-gnu/nios2-elf/lib/libc.a(lib_a-locale.o)
                0x000000000200a998                __locale_msgcharset
 .text.__locale_cjk_lang
                0x000000000200a9a4        0x8 /opt/Altera/QuartusPrime-15.1/nios2eds/bin/gnu/H-x86_64-pc-linux-gnu/bin/../lib/gcc/nios2-elf/4.9.2/../../../../../H-x86_64-pc-linux-gnu/nios2-elf/lib/libc.a(lib_a-locale.o)
                0x000000000200a9a4                __locale_cjk_lang
 .text._localeconv_r
                0x000000000200a9ac        0xc /opt/Altera/QuartusPrime-15.1/nios2eds/bin/gnu/H-x86_64-pc-linux-gnu/bin/../lib/gcc/nios2-elf/4.9.2/../../../../../H-x86_64-pc-linux-gnu/nios2-elf/lib/libc.a(lib_a-locale.o)
                0x000000000200a9ac                _localeconv_r
 .text.setlocale
                0x000000000200a9b8       0x1c /opt/Altera/QuartusPrime-15.1/nios2eds/bin/gnu/H-x86_64-pc-linux-gnu/bin/../lib/gcc/nios2-elf/4.9.2/../../../../../H-x86_64-pc-linux-gnu/nios2-elf/lib/libc.a(lib_a-locale.o)
                0x000000000200a9b8                setlocale
 .text.localeconv
                0x000000000200a9d4        0xc /opt/Altera/QuartusPrime-15.1/nios2eds/bin/gnu/H-x86_64-pc-linux-gnu/bin/../lib/gcc/nios2-elf/4.9.2/../../../../../H-x86_64-pc-linux-gnu/nios2-elf/lib/libc.a(lib_a-locale.o)
                0x000000000200a9d4                localeconv
 .text          0x000000000200a9e0        0x0 /opt/Altera/QuartusPrime-15.1/nios2eds/bin/gnu/H-x86_64-pc-linux-gnu/bin/../lib/gcc/nios2-elf/4.9.2/../../../../../H-x86_64-pc-linux-gnu/nios2-elf/lib/libc.a(lib_a-makebuf.o)
 .text.__smakebuf_r
                0x000000000200a9e0      0x1b8 /opt/Altera/QuartusPrime-15.1/nios2eds/bin/gnu/H-x86_64-pc-linux-gnu/bin/../lib/gcc/nios2-elf/4.9.2/../../../../../H-x86_64-pc-linux-gnu/nios2-elf/lib/libc.a(lib_a-makebuf.o)
                0x000000000200a9e0                __smakebuf_r
 .text          0x000000000200ab98        0x0 /opt/Altera/QuartusPrime-15.1/nios2eds/bin/gnu/H-x86_64-pc-linux-gnu/bin/../lib/gcc/nios2-elf/4.9.2/../../../../../H-x86_64-pc-linux-gnu/nios2-elf/lib/libc.a(lib_a-mbrtowc.o)
 .text._mbrtowc_r
                0x000000000200ab98       0xac /opt/Altera/QuartusPrime-15.1/nios2eds/bin/gnu/H-x86_64-pc-linux-gnu/bin/../lib/gcc/nios2-elf/4.9.2/../../../../../H-x86_64-pc-linux-gnu/nios2-elf/lib/libc.a(lib_a-mbrtowc.o)
                0x000000000200ab98                _mbrtowc_r
 .text.mbrtowc  0x000000000200ac44       0xd8 /opt/Altera/QuartusPrime-15.1/nios2eds/bin/gnu/H-x86_64-pc-linux-gnu/bin/../lib/gcc/nios2-elf/4.9.2/../../../../../H-x86_64-pc-linux-gnu/nios2-elf/lib/libc.a(lib_a-mbrtowc.o)
                0x000000000200ac44                mbrtowc
 .text          0x000000000200ad1c        0x0 /opt/Altera/QuartusPrime-15.1/nios2eds/bin/gnu/H-x86_64-pc-linux-gnu/bin/../lib/gcc/nios2-elf/4.9.2/../../../../../H-x86_64-pc-linux-gnu/nios2-elf/lib/libc.a(lib_a-mbtowc_r.o)
 .text.__ascii_mbtowc
                0x000000000200ad1c       0x44 /opt/Altera/QuartusPrime-15.1/nios2eds/bin/gnu/H-x86_64-pc-linux-gnu/bin/../lib/gcc/nios2-elf/4.9.2/../../../../../H-x86_64-pc-linux-gnu/nios2-elf/lib/libc.a(lib_a-mbtowc_r.o)
                0x000000000200ad1c                __ascii_mbtowc
 .text._mbtowc_r
                0x000000000200ad60       0x5c /opt/Altera/QuartusPrime-15.1/nios2eds/bin/gnu/H-x86_64-pc-linux-gnu/bin/../lib/gcc/nios2-elf/4.9.2/../../../../../H-x86_64-pc-linux-gnu/nios2-elf/lib/libc.a(lib_a-mbtowc_r.o)
                0x000000000200ad60                _mbtowc_r
 .text          0x000000000200adbc        0x0 /opt/Altera/QuartusPrime-15.1/nios2eds/bin/gnu/H-x86_64-pc-linux-gnu/bin/../lib/gcc/nios2-elf/4.9.2/../../../../../H-x86_64-pc-linux-gnu/nios2-elf/lib/libc.a(lib_a-memchr.o)
 .text.memchr   0x000000000200adbc       0xe8 /opt/Altera/QuartusPrime-15.1/nios2eds/bin/gnu/H-x86_64-pc-linux-gnu/bin/../lib/gcc/nios2-elf/4.9.2/../../../../../H-x86_64-pc-linux-gnu/nios2-elf/lib/libc.a(lib_a-memchr.o)
                0x000000000200adbc                memchr
 .text          0x000000000200aea4        0x0 /opt/Altera/QuartusPrime-15.1/nios2eds/bin/gnu/H-x86_64-pc-linux-gnu/bin/../lib/gcc/nios2-elf/4.9.2/../../../../../H-x86_64-pc-linux-gnu/nios2-elf/lib/libc.a(lib_a-memmove.o)
 .text.memmove  0x000000000200aea4      0x15c /opt/Altera/QuartusPrime-15.1/nios2eds/bin/gnu/H-x86_64-pc-linux-gnu/bin/../lib/gcc/nios2-elf/4.9.2/../../../../../H-x86_64-pc-linux-gnu/nios2-elf/lib/libc.a(lib_a-memmove.o)
                0x000000000200aea4                memmove
 .text          0x000000000200b000        0x0 /opt/Altera/QuartusPrime-15.1/nios2eds/bin/gnu/H-x86_64-pc-linux-gnu/bin/../lib/gcc/nios2-elf/4.9.2/../../../../../H-x86_64-pc-linux-gnu/nios2-elf/lib/libc.a(lib_a-memset.o)
 .text.memset   0x000000000200b000      0x124 /opt/Altera/QuartusPrime-15.1/nios2eds/bin/gnu/H-x86_64-pc-linux-gnu/bin/../lib/gcc/nios2-elf/4.9.2/../../../../../H-x86_64-pc-linux-gnu/nios2-elf/lib/libc.a(lib_a-memset.o)
                0x000000000200b000                memset
 .text          0x000000000200b124        0x0 /opt/Altera/QuartusPrime-15.1/nios2eds/bin/gnu/H-x86_64-pc-linux-gnu/bin/../lib/gcc/nios2-elf/4.9.2/../../../../../H-x86_64-pc-linux-gnu/nios2-elf/lib/libc.a(lib_a-mprec.o)
 .text._Balloc  0x000000000200b124       0xa8 /opt/Altera/QuartusPrime-15.1/nios2eds/bin/gnu/H-x86_64-pc-linux-gnu/bin/../lib/gcc/nios2-elf/4.9.2/../../../../../H-x86_64-pc-linux-gnu/nios2-elf/lib/libc.a(lib_a-mprec.o)
                0x000000000200b124                _Balloc
 .text._Bfree   0x000000000200b1cc       0x28 /opt/Altera/QuartusPrime-15.1/nios2eds/bin/gnu/H-x86_64-pc-linux-gnu/bin/../lib/gcc/nios2-elf/4.9.2/../../../../../H-x86_64-pc-linux-gnu/nios2-elf/lib/libc.a(lib_a-mprec.o)
                0x000000000200b1cc                _Bfree
 .text.__multadd
                0x000000000200b1f4      0x120 /opt/Altera/QuartusPrime-15.1/nios2eds/bin/gnu/H-x86_64-pc-linux-gnu/bin/../lib/gcc/nios2-elf/4.9.2/../../../../../H-x86_64-pc-linux-gnu/nios2-elf/lib/libc.a(lib_a-mprec.o)
                0x000000000200b1f4                __multadd
 .text.__s2b    0x000000000200b314      0x104 /opt/Altera/QuartusPrime-15.1/nios2eds/bin/gnu/H-x86_64-pc-linux-gnu/bin/../lib/gcc/nios2-elf/4.9.2/../../../../../H-x86_64-pc-linux-gnu/nios2-elf/lib/libc.a(lib_a-mprec.o)
                0x000000000200b314                __s2b
 .text.__hi0bits
                0x000000000200b418       0x68 /opt/Altera/QuartusPrime-15.1/nios2eds/bin/gnu/H-x86_64-pc-linux-gnu/bin/../lib/gcc/nios2-elf/4.9.2/../../../../../H-x86_64-pc-linux-gnu/nios2-elf/lib/libc.a(lib_a-mprec.o)
                0x000000000200b418                __hi0bits
 .text.__lo0bits
                0x000000000200b480       0xb0 /opt/Altera/QuartusPrime-15.1/nios2eds/bin/gnu/H-x86_64-pc-linux-gnu/bin/../lib/gcc/nios2-elf/4.9.2/../../../../../H-x86_64-pc-linux-gnu/nios2-elf/lib/libc.a(lib_a-mprec.o)
                0x000000000200b480                __lo0bits
 .text.__i2b    0x000000000200b530       0x3c /opt/Altera/QuartusPrime-15.1/nios2eds/bin/gnu/H-x86_64-pc-linux-gnu/bin/../lib/gcc/nios2-elf/4.9.2/../../../../../H-x86_64-pc-linux-gnu/nios2-elf/lib/libc.a(lib_a-mprec.o)
                0x000000000200b530                __i2b
 .text.__multiply
                0x000000000200b56c      0x1fc /opt/Altera/QuartusPrime-15.1/nios2eds/bin/gnu/H-x86_64-pc-linux-gnu/bin/../lib/gcc/nios2-elf/4.9.2/../../../../../H-x86_64-pc-linux-gnu/nios2-elf/lib/libc.a(lib_a-mprec.o)
                0x000000000200b56c                __multiply
 .text.__pow5mult
                0x000000000200b768      0x140 /opt/Altera/QuartusPrime-15.1/nios2eds/bin/gnu/H-x86_64-pc-linux-gnu/bin/../lib/gcc/nios2-elf/4.9.2/../../../../../H-x86_64-pc-linux-gnu/nios2-elf/lib/libc.a(lib_a-mprec.o)
                0x000000000200b768                __pow5mult
 .text.__lshift
                0x000000000200b8a8      0x150 /opt/Altera/QuartusPrime-15.1/nios2eds/bin/gnu/H-x86_64-pc-linux-gnu/bin/../lib/gcc/nios2-elf/4.9.2/../../../../../H-x86_64-pc-linux-gnu/nios2-elf/lib/libc.a(lib_a-mprec.o)
                0x000000000200b8a8                __lshift
 .text.__mcmp   0x000000000200b9f8       0x60 /opt/Altera/QuartusPrime-15.1/nios2eds/bin/gnu/H-x86_64-pc-linux-gnu/bin/../lib/gcc/nios2-elf/4.9.2/../../../../../H-x86_64-pc-linux-gnu/nios2-elf/lib/libc.a(lib_a-mprec.o)
                0x000000000200b9f8                __mcmp
 .text.__mdiff  0x000000000200ba58      0x198 /opt/Altera/QuartusPrime-15.1/nios2eds/bin/gnu/H-x86_64-pc-linux-gnu/bin/../lib/gcc/nios2-elf/4.9.2/../../../../../H-x86_64-pc-linux-gnu/nios2-elf/lib/libc.a(lib_a-mprec.o)
                0x000000000200ba58                __mdiff
 .text.__ulp    0x000000000200bbf0       0x60 /opt/Altera/QuartusPrime-15.1/nios2eds/bin/gnu/H-x86_64-pc-linux-gnu/bin/../lib/gcc/nios2-elf/4.9.2/../../../../../H-x86_64-pc-linux-gnu/nios2-elf/lib/libc.a(lib_a-mprec.o)
                0x000000000200bbf0                __ulp
 .text.__b2d    0x000000000200bc50      0x11c /opt/Altera/QuartusPrime-15.1/nios2eds/bin/gnu/H-x86_64-pc-linux-gnu/bin/../lib/gcc/nios2-elf/4.9.2/../../../../../H-x86_64-pc-linux-gnu/nios2-elf/lib/libc.a(lib_a-mprec.o)
                0x000000000200bc50                __b2d
 .text.__d2b    0x000000000200bd6c      0x13c /opt/Altera/QuartusPrime-15.1/nios2eds/bin/gnu/H-x86_64-pc-linux-gnu/bin/../lib/gcc/nios2-elf/4.9.2/../../../../../H-x86_64-pc-linux-gnu/nios2-elf/lib/libc.a(lib_a-mprec.o)
                0x000000000200bd6c                __d2b
 .text.__ratio  0x000000000200bea8       0xa4 /opt/Altera/QuartusPrime-15.1/nios2eds/bin/gnu/H-x86_64-pc-linux-gnu/bin/../lib/gcc/nios2-elf/4.9.2/../../../../../H-x86_64-pc-linux-gnu/nios2-elf/lib/libc.a(lib_a-mprec.o)
                0x000000000200bea8                __ratio
 .text._mprec_log10
                0x000000000200bf4c       0x74 /opt/Altera/QuartusPrime-15.1/nios2eds/bin/gnu/H-x86_64-pc-linux-gnu/bin/../lib/gcc/nios2-elf/4.9.2/../../../../../H-x86_64-pc-linux-gnu/nios2-elf/lib/libc.a(lib_a-mprec.o)
                0x000000000200bf4c                _mprec_log10
 .text.__copybits
                0x000000000200bfc0       0x78 /opt/Altera/QuartusPrime-15.1/nios2eds/bin/gnu/H-x86_64-pc-linux-gnu/bin/../lib/gcc/nios2-elf/4.9.2/../../../../../H-x86_64-pc-linux-gnu/nios2-elf/lib/libc.a(lib_a-mprec.o)
                0x000000000200bfc0                __copybits
 .text.__any_on
                0x000000000200c038       0x8c /opt/Altera/QuartusPrime-15.1/nios2eds/bin/gnu/H-x86_64-pc-linux-gnu/bin/../lib/gcc/nios2-elf/4.9.2/../../../../../H-x86_64-pc-linux-gnu/nios2-elf/lib/libc.a(lib_a-mprec.o)
                0x000000000200c038                __any_on
 .text          0x000000000200c0c4        0x0 /opt/Altera/QuartusPrime-15.1/nios2eds/bin/gnu/H-x86_64-pc-linux-gnu/bin/../lib/gcc/nios2-elf/4.9.2/../../../../../H-x86_64-pc-linux-gnu/nios2-elf/lib/libc.a(lib_a-reallocr.o)
 .text._realloc_r
                0x000000000200c0c4      0x568 /opt/Altera/QuartusPrime-15.1/nios2eds/bin/gnu/H-x86_64-pc-linux-gnu/bin/../lib/gcc/nios2-elf/4.9.2/../../../../../H-x86_64-pc-linux-gnu/nios2-elf/lib/libc.a(lib_a-reallocr.o)
                0x000000000200c0c4                _realloc_r
 .text          0x000000000200c62c        0x0 /opt/Altera/QuartusPrime-15.1/nios2eds/bin/gnu/H-x86_64-pc-linux-gnu/bin/../lib/gcc/nios2-elf/4.9.2/../../../../../H-x86_64-pc-linux-gnu/nios2-elf/lib/libc.a(lib_a-refill.o)
 .text.lflush   0x000000000200c62c       0x1c /opt/Altera/QuartusPrime-15.1/nios2eds/bin/gnu/H-x86_64-pc-linux-gnu/bin/../lib/gcc/nios2-elf/4.9.2/../../../../../H-x86_64-pc-linux-gnu/nios2-elf/lib/libc.a(lib_a-refill.o)
 .text.__srefill_r
                0x000000000200c648      0x1d4 /opt/Altera/QuartusPrime-15.1/nios2eds/bin/gnu/H-x86_64-pc-linux-gnu/bin/../lib/gcc/nios2-elf/4.9.2/../../../../../H-x86_64-pc-linux-gnu/nios2-elf/lib/libc.a(lib_a-refill.o)
                0x000000000200c648                __srefill_r
 .text          0x000000000200c81c        0x0 /opt/Altera/QuartusPrime-15.1/nios2eds/bin/gnu/H-x86_64-pc-linux-gnu/bin/../lib/gcc/nios2-elf/4.9.2/../../../../../H-x86_64-pc-linux-gnu/nios2-elf/lib/libc.a(lib_a-s_fpclassify.o)
 .text.__fpclassifyd
                0x000000000200c81c       0x74 /opt/Altera/QuartusPrime-15.1/nios2eds/bin/gnu/H-x86_64-pc-linux-gnu/bin/../lib/gcc/nios2-elf/4.9.2/../../../../../H-x86_64-pc-linux-gnu/nios2-elf/lib/libc.a(lib_a-s_fpclassify.o)
                0x000000000200c81c                __fpclassifyd
 .text          0x000000000200c890        0x0 /opt/Altera/QuartusPrime-15.1/nios2eds/bin/gnu/H-x86_64-pc-linux-gnu/bin/../lib/gcc/nios2-elf/4.9.2/../../../../../H-x86_64-pc-linux-gnu/nios2-elf/lib/libc.a(lib_a-sccl.o)
 .text.__sccl   0x000000000200c890       0xc0 /opt/Altera/QuartusPrime-15.1/nios2eds/bin/gnu/H-x86_64-pc-linux-gnu/bin/../lib/gcc/nios2-elf/4.9.2/../../../../../H-x86_64-pc-linux-gnu/nios2-elf/lib/libc.a(lib_a-sccl.o)
                0x000000000200c890                __sccl
 .text          0x000000000200c950        0x0 /opt/Altera/QuartusPrime-15.1/nios2eds/bin/gnu/H-x86_64-pc-linux-gnu/bin/../lib/gcc/nios2-elf/4.9.2/../../../../../H-x86_64-pc-linux-gnu/nios2-elf/lib/libc.a(lib_a-sf_nan.o)
 .text.nanf     0x000000000200c950        0x8 /opt/Altera/QuartusPrime-15.1/nios2eds/bin/gnu/H-x86_64-pc-linux-gnu/bin/../lib/gcc/nios2-elf/4.9.2/../../../../../H-x86_64-pc-linux-gnu/nios2-elf/lib/libc.a(lib_a-sf_nan.o)
                0x000000000200c950                nanf
 .text          0x000000000200c958        0x0 /opt/Altera/QuartusPrime-15.1/nios2eds/bin/gnu/H-x86_64-pc-linux-gnu/bin/../lib/gcc/nios2-elf/4.9.2/../../../../../H-x86_64-pc-linux-gnu/nios2-elf/lib/libc.a(lib_a-signal.o)
 .text._init_signal_r
                0x000000000200c958       0x68 /opt/Altera/QuartusPrime-15.1/nios2eds/bin/gnu/H-x86_64-pc-linux-gnu/bin/../lib/gcc/nios2-elf/4.9.2/../../../../../H-x86_64-pc-linux-gnu/nios2-elf/lib/libc.a(lib_a-signal.o)
                0x000000000200c958                _init_signal_r
 .text._signal_r
                0x000000000200c9c0       0x84 /opt/Altera/QuartusPrime-15.1/nios2eds/bin/gnu/H-x86_64-pc-linux-gnu/bin/../lib/gcc/nios2-elf/4.9.2/../../../../../H-x86_64-pc-linux-gnu/nios2-elf/lib/libc.a(lib_a-signal.o)
                0x000000000200c9c0                _signal_r
 .text._raise_r
                0x000000000200ca44       0xbc /opt/Altera/QuartusPrime-15.1/nios2eds/bin/gnu/H-x86_64-pc-linux-gnu/bin/../lib/gcc/nios2-elf/4.9.2/../../../../../H-x86_64-pc-linux-gnu/nios2-elf/lib/libc.a(lib_a-signal.o)
                0x000000000200ca44                _raise_r
 .text.__sigtramp_r
                0x000000000200cb00       0xa8 /opt/Altera/QuartusPrime-15.1/nios2eds/bin/gnu/H-x86_64-pc-linux-gnu/bin/../lib/gcc/nios2-elf/4.9.2/../../../../../H-x86_64-pc-linux-gnu/nios2-elf/lib/libc.a(lib_a-signal.o)
                0x000000000200cb00                __sigtramp_r
 .text.raise    0x000000000200cba8       0x14 /opt/Altera/QuartusPrime-15.1/nios2eds/bin/gnu/H-x86_64-pc-linux-gnu/bin/../lib/gcc/nios2-elf/4.9.2/../../../../../H-x86_64-pc-linux-gnu/nios2-elf/lib/libc.a(lib_a-signal.o)
                0x000000000200cba8                raise
 .text.signal   0x000000000200cbbc       0x1c /opt/Altera/QuartusPrime-15.1/nios2eds/bin/gnu/H-x86_64-pc-linux-gnu/bin/../lib/gcc/nios2-elf/4.9.2/../../../../../H-x86_64-pc-linux-gnu/nios2-elf/lib/libc.a(lib_a-signal.o)
                0x000000000200cbbc                signal
 .text._init_signal
                0x000000000200cbd8       0x10 /opt/Altera/QuartusPrime-15.1/nios2eds/bin/gnu/H-x86_64-pc-linux-gnu/bin/../lib/gcc/nios2-elf/4.9.2/../../../../../H-x86_64-pc-linux-gnu/nios2-elf/lib/libc.a(lib_a-signal.o)
                0x000000000200cbd8                _init_signal
 .text.__sigtramp
                0x000000000200cbe8       0x14 /opt/Altera/QuartusPrime-15.1/nios2eds/bin/gnu/H-x86_64-pc-linux-gnu/bin/../lib/gcc/nios2-elf/4.9.2/../../../../../H-x86_64-pc-linux-gnu/nios2-elf/lib/libc.a(lib_a-signal.o)
                0x000000000200cbe8                __sigtramp
 .text          0x000000000200cbfc        0x0 /opt/Altera/QuartusPrime-15.1/nios2eds/bin/gnu/H-x86_64-pc-linux-gnu/bin/../lib/gcc/nios2-elf/4.9.2/../../../../../H-x86_64-pc-linux-gnu/nios2-elf/lib/libc.a(lib_a-signalr.o)
 .text._kill_r  0x000000000200cbfc       0x58 /opt/Altera/QuartusPrime-15.1/nios2eds/bin/gnu/H-x86_64-pc-linux-gnu/bin/../lib/gcc/nios2-elf/4.9.2/../../../../../H-x86_64-pc-linux-gnu/nios2-elf/lib/libc.a(lib_a-signalr.o)
                0x000000000200cbfc                _kill_r
 .text._getpid_r
                0x000000000200cc54        0x4 /opt/Altera/QuartusPrime-15.1/nios2eds/bin/gnu/H-x86_64-pc-linux-gnu/bin/../lib/gcc/nios2-elf/4.9.2/../../../../../H-x86_64-pc-linux-gnu/nios2-elf/lib/libc.a(lib_a-signalr.o)
                0x000000000200cc54                _getpid_r
 .text          0x000000000200cc58        0x0 /opt/Altera/QuartusPrime-15.1/nios2eds/bin/gnu/H-x86_64-pc-linux-gnu/bin/../lib/gcc/nios2-elf/4.9.2/../../../../../H-x86_64-pc-linux-gnu/nios2-elf/lib/libc.a(lib_a-sprintf.o)
 .text._sprintf_r
                0x000000000200cc58       0x58 /opt/Altera/QuartusPrime-15.1/nios2eds/bin/gnu/H-x86_64-pc-linux-gnu/bin/../lib/gcc/nios2-elf/4.9.2/../../../../../H-x86_64-pc-linux-gnu/nios2-elf/lib/libc.a(lib_a-sprintf.o)
                0x000000000200cc58                _sprintf_r
 .text.sprintf  0x000000000200ccb0       0x6c /opt/Altera/QuartusPrime-15.1/nios2eds/bin/gnu/H-x86_64-pc-linux-gnu/bin/../lib/gcc/nios2-elf/4.9.2/../../../../../H-x86_64-pc-linux-gnu/nios2-elf/lib/libc.a(lib_a-sprintf.o)
                0x000000000200ccb0                sprintf
 .text          0x000000000200cd1c        0x0 /opt/Altera/QuartusPrime-15.1/nios2eds/bin/gnu/H-x86_64-pc-linux-gnu/bin/../lib/gcc/nios2-elf/4.9.2/../../../../../H-x86_64-pc-linux-gnu/nios2-elf/lib/libc.a(lib_a-stdio.o)
 .text.__sread  0x000000000200cd1c       0x54 /opt/Altera/QuartusPrime-15.1/nios2eds/bin/gnu/H-x86_64-pc-linux-gnu/bin/../lib/gcc/nios2-elf/4.9.2/../../../../../H-x86_64-pc-linux-gnu/nios2-elf/lib/libc.a(lib_a-stdio.o)
                0x000000000200cd1c                __sread
 .text.__seofread
                0x000000000200cd70        0x8 /opt/Altera/QuartusPrime-15.1/nios2eds/bin/gnu/H-x86_64-pc-linux-gnu/bin/../lib/gcc/nios2-elf/4.9.2/../../../../../H-x86_64-pc-linux-gnu/nios2-elf/lib/libc.a(lib_a-stdio.o)
                0x000000000200cd70                __seofread
 .text.__swrite
                0x000000000200cd78       0x7c /opt/Altera/QuartusPrime-15.1/nios2eds/bin/gnu/H-x86_64-pc-linux-gnu/bin/../lib/gcc/nios2-elf/4.9.2/../../../../../H-x86_64-pc-linux-gnu/nios2-elf/lib/libc.a(lib_a-stdio.o)
                0x000000000200cd78                __swrite
 .text.__sseek  0x000000000200cdf4       0x5c /opt/Altera/QuartusPrime-15.1/nios2eds/bin/gnu/H-x86_64-pc-linux-gnu/bin/../lib/gcc/nios2-elf/4.9.2/../../../../../H-x86_64-pc-linux-gnu/nios2-elf/lib/libc.a(lib_a-stdio.o)
                0x000000000200cdf4                __sseek
 .text.__sclose
                0x000000000200ce50        0x8 /opt/Altera/QuartusPrime-15.1/nios2eds/bin/gnu/H-x86_64-pc-linux-gnu/bin/../lib/gcc/nios2-elf/4.9.2/../../../../../H-x86_64-pc-linux-gnu/nios2-elf/lib/libc.a(lib_a-stdio.o)
                0x000000000200ce50                __sclose
 .text          0x000000000200ce58        0x0 /opt/Altera/QuartusPrime-15.1/nios2eds/bin/gnu/H-x86_64-pc-linux-gnu/bin/../lib/gcc/nios2-elf/4.9.2/../../../../../H-x86_64-pc-linux-gnu/nios2-elf/lib/libc.a(lib_a-strtod.o)
 .text.sulp     0x000000000200ce58       0x64 /opt/Altera/QuartusPrime-15.1/nios2eds/bin/gnu/H-x86_64-pc-linux-gnu/bin/../lib/gcc/nios2-elf/4.9.2/../../../../../H-x86_64-pc-linux-gnu/nios2-elf/lib/libc.a(lib_a-strtod.o)
 .text._strtod_r
                0x000000000200cebc     0x15ec /opt/Altera/QuartusPrime-15.1/nios2eds/bin/gnu/H-x86_64-pc-linux-gnu/bin/../lib/gcc/nios2-elf/4.9.2/../../../../../H-x86_64-pc-linux-gnu/nios2-elf/lib/libc.a(lib_a-strtod.o)
                0x000000000200cebc                _strtod_r
 .text.strtod   0x000000000200e4a8       0x1c /opt/Altera/QuartusPrime-15.1/nios2eds/bin/gnu/H-x86_64-pc-linux-gnu/bin/../lib/gcc/nios2-elf/4.9.2/../../../../../H-x86_64-pc-linux-gnu/nios2-elf/lib/libc.a(lib_a-strtod.o)
                0x000000000200e4a8                strtod
 .text.strtof   0x000000000200e4c4      0x104 /opt/Altera/QuartusPrime-15.1/nios2eds/bin/gnu/H-x86_64-pc-linux-gnu/bin/../lib/gcc/nios2-elf/4.9.2/../../../../../H-x86_64-pc-linux-gnu/nios2-elf/lib/libc.a(lib_a-strtod.o)
                0x000000000200e4c4                strtof
 .text          0x000000000200e5c8        0x0 /opt/Altera/QuartusPrime-15.1/nios2eds/bin/gnu/H-x86_64-pc-linux-gnu/bin/../lib/gcc/nios2-elf/4.9.2/../../../../../H-x86_64-pc-linux-gnu/nios2-elf/lib/libc.a(lib_a-strtol.o)
 .text._strtol_r
                0x000000000200e5c8      0x240 /opt/Altera/QuartusPrime-15.1/nios2eds/bin/gnu/H-x86_64-pc-linux-gnu/bin/../lib/gcc/nios2-elf/4.9.2/../../../../../H-x86_64-pc-linux-gnu/nios2-elf/lib/libc.a(lib_a-strtol.o)
                0x000000000200e5c8                _strtol_r
 .text.strtol   0x000000000200e808       0x24 /opt/Altera/QuartusPrime-15.1/nios2eds/bin/gnu/H-x86_64-pc-linux-gnu/bin/../lib/gcc/nios2-elf/4.9.2/../../../../../H-x86_64-pc-linux-gnu/nios2-elf/lib/libc.a(lib_a-strtol.o)
                0x000000000200e808                strtol
 .text          0x000000000200e82c        0x0 /opt/Altera/QuartusPrime-15.1/nios2eds/bin/gnu/H-x86_64-pc-linux-gnu/bin/../lib/gcc/nios2-elf/4.9.2/../../../../../H-x86_64-pc-linux-gnu/nios2-elf/lib/libc.a(lib_a-strtoll_r.o)
 .text._strtoll_r
                0x000000000200e82c      0x2f4 /opt/Altera/QuartusPrime-15.1/nios2eds/bin/gnu/H-x86_64-pc-linux-gnu/bin/../lib/gcc/nios2-elf/4.9.2/../../../../../H-x86_64-pc-linux-gnu/nios2-elf/lib/libc.a(lib_a-strtoll_r.o)
                0x000000000200e82c                _strtoll_r
 .text          0x000000000200eb20        0x0 /opt/Altera/QuartusPrime-15.1/nios2eds/bin/gnu/H-x86_64-pc-linux-gnu/bin/../lib/gcc/nios2-elf/4.9.2/../../../../../H-x86_64-pc-linux-gnu/nios2-elf/lib/libc.a(lib_a-strtoul.o)
 .text._strtoul_r
                0x000000000200eb20      0x268 /opt/Altera/QuartusPrime-15.1/nios2eds/bin/gnu/H-x86_64-pc-linux-gnu/bin/../lib/gcc/nios2-elf/4.9.2/../../../../../H-x86_64-pc-linux-gnu/nios2-elf/lib/libc.a(lib_a-strtoul.o)
                0x000000000200eb20                _strtoul_r
 .text.strtoul  0x000000000200ed88       0x24 /opt/Altera/QuartusPrime-15.1/nios2eds/bin/gnu/H-x86_64-pc-linux-gnu/bin/../lib/gcc/nios2-elf/4.9.2/../../../../../H-x86_64-pc-linux-gnu/nios2-elf/lib/libc.a(lib_a-strtoul.o)
                0x000000000200ed88                strtoul
 .text          0x000000000200edac        0x0 /opt/Altera/QuartusPrime-15.1/nios2eds/bin/gnu/H-x86_64-pc-linux-gnu/bin/../lib/gcc/nios2-elf/4.9.2/../../../../../H-x86_64-pc-linux-gnu/nios2-elf/lib/libc.a(lib_a-strtoull_r.o)
 .text._strtoull_r
                0x000000000200edac      0x334 /opt/Altera/QuartusPrime-15.1/nios2eds/bin/gnu/H-x86_64-pc-linux-gnu/bin/../lib/gcc/nios2-elf/4.9.2/../../../../../H-x86_64-pc-linux-gnu/nios2-elf/lib/libc.a(lib_a-strtoull_r.o)
                0x000000000200edac                _strtoull_r
 .text          0x000000000200f0e0        0x0 /opt/Altera/QuartusPrime-15.1/nios2eds/bin/gnu/H-x86_64-pc-linux-gnu/bin/../lib/gcc/nios2-elf/4.9.2/../../../../../H-x86_64-pc-linux-gnu/nios2-elf/lib/libc.a(lib_a-svfprintf.o)
 .text.___svfprintf_internal_r
                0x000000000200f0e0     0x1f90 /opt/Altera/QuartusPrime-15.1/nios2eds/bin/gnu/H-x86_64-pc-linux-gnu/bin/../lib/gcc/nios2-elf/4.9.2/../../../../../H-x86_64-pc-linux-gnu/nios2-elf/lib/libc.a(lib_a-svfprintf.o)
                0x000000000200f0e0                ___svfprintf_internal_r
 .text          0x0000000002011070        0x0 /opt/Altera/QuartusPrime-15.1/nios2eds/bin/gnu/H-x86_64-pc-linux-gnu/bin/../lib/gcc/nios2-elf/4.9.2/../../../../../H-x86_64-pc-linux-gnu/nios2-elf/lib/libc.a(lib_a-ungetc.o)
 .text.__submore
                0x0000000002011070       0xd4 /opt/Altera/QuartusPrime-15.1/nios2eds/bin/gnu/H-x86_64-pc-linux-gnu/bin/../lib/gcc/nios2-elf/4.9.2/../../../../../H-x86_64-pc-linux-gnu/nios2-elf/lib/libc.a(lib_a-ungetc.o)
                0x0000000002011070                __submore
 .text._ungetc_r
                0x0000000002011144      0x188 /opt/Altera/QuartusPrime-15.1/nios2eds/bin/gnu/H-x86_64-pc-linux-gnu/bin/../lib/gcc/nios2-elf/4.9.2/../../../../../H-x86_64-pc-linux-gnu/nios2-elf/lib/libc.a(lib_a-ungetc.o)
                0x0000000002011144                _ungetc_r
 .text.ungetc   0x00000000020112cc       0x1c /opt/Altera/QuartusPrime-15.1/nios2eds/bin/gnu/H-x86_64-pc-linux-gnu/bin/../lib/gcc/nios2-elf/4.9.2/../../../../../H-x86_64-pc-linux-gnu/nios2-elf/lib/libc.a(lib_a-ungetc.o)
                0x00000000020112cc                ungetc
 .text          0x00000000020112e8        0x0 /opt/Altera/QuartusPrime-15.1/nios2eds/bin/gnu/H-x86_64-pc-linux-gnu/bin/../lib/gcc/nios2-elf/4.9.2/../../../../../H-x86_64-pc-linux-gnu/nios2-elf/lib/libc.a(lib_a-vfiprintf.o)
 .text.__sprint_r.part.0
                0x00000000020112e8       0xfc /opt/Altera/QuartusPrime-15.1/nios2eds/bin/gnu/H-x86_64-pc-linux-gnu/bin/../lib/gcc/nios2-elf/4.9.2/../../../../../H-x86_64-pc-linux-gnu/nios2-elf/lib/libc.a(lib_a-vfiprintf.o)
 .text.__sprint_r
                0x00000000020113e4       0x18 /opt/Altera/QuartusPrime-15.1/nios2eds/bin/gnu/H-x86_64-pc-linux-gnu/bin/../lib/gcc/nios2-elf/4.9.2/../../../../../H-x86_64-pc-linux-gnu/nios2-elf/lib/libc.a(lib_a-vfiprintf.o)
                0x00000000020113e4                __sprint_r
 .text.___vfiprintf_internal_r
                0x00000000020113fc     0x12d0 /opt/Altera/QuartusPrime-15.1/nios2eds/bin/gnu/H-x86_64-pc-linux-gnu/bin/../lib/gcc/nios2-elf/4.9.2/../../../../../H-x86_64-pc-linux-gnu/nios2-elf/lib/libc.a(lib_a-vfiprintf.o)
                0x00000000020113fc                ___vfiprintf_internal_r
 .text.__vfiprintf_internal
                0x00000000020126cc       0x24 /opt/Altera/QuartusPrime-15.1/nios2eds/bin/gnu/H-x86_64-pc-linux-gnu/bin/../lib/gcc/nios2-elf/4.9.2/../../../../../H-x86_64-pc-linux-gnu/nios2-elf/lib/libc.a(lib_a-vfiprintf.o)
                0x00000000020126cc                __vfiprintf_internal
 .text.__sbprintf
                0x00000000020126f0       0xbc /opt/Altera/QuartusPrime-15.1/nios2eds/bin/gnu/H-x86_64-pc-linux-gnu/bin/../lib/gcc/nios2-elf/4.9.2/../../../../../H-x86_64-pc-linux-gnu/nios2-elf/lib/libc.a(lib_a-vfiprintf.o)
 .text          0x00000000020127ac        0x0 /opt/Altera/QuartusPrime-15.1/nios2eds/bin/gnu/H-x86_64-pc-linux-gnu/bin/../lib/gcc/nios2-elf/4.9.2/../../../../../H-x86_64-pc-linux-gnu/nios2-elf/lib/libc.a(lib_a-writer.o)
 .text._write_r
                0x00000000020127ac       0x5c /opt/Altera/QuartusPrime-15.1/nios2eds/bin/gnu/H-x86_64-pc-linux-gnu/bin/../lib/gcc/nios2-elf/4.9.2/../../../../../H-x86_64-pc-linux-gnu/nios2-elf/lib/libc.a(lib_a-writer.o)
                0x00000000020127ac                _write_r
 .text          0x0000000002012808        0x0 /opt/Altera/QuartusPrime-15.1/nios2eds/bin/gnu/H-x86_64-pc-linux-gnu/bin/../lib/gcc/nios2-elf/4.9.2/../../../../../H-x86_64-pc-linux-gnu/nios2-elf/lib/libc.a(closer.o)
 .text._close_r
                0x0000000002012808       0x54 /opt/Altera/QuartusPrime-15.1/nios2eds/bin/gnu/H-x86_64-pc-linux-gnu/bin/../lib/gcc/nios2-elf/4.9.2/../../../../../H-x86_64-pc-linux-gnu/nios2-elf/lib/libc.a(closer.o)
                0x0000000002012808                _close_r
 .text          0x000000000201285c        0x0 /opt/Altera/QuartusPrime-15.1/nios2eds/bin/gnu/H-x86_64-pc-linux-gnu/bin/../lib/gcc/nios2-elf/4.9.2/../../../../../H-x86_64-pc-linux-gnu/nios2-elf/lib/libc.a(lib_a-callocr.o)
 .text._calloc_r
                0x000000000201285c       0xc4 /opt/Altera/QuartusPrime-15.1/nios2eds/bin/gnu/H-x86_64-pc-linux-gnu/bin/../lib/gcc/nios2-elf/4.9.2/../../../../../H-x86_64-pc-linux-gnu/nios2-elf/lib/libc.a(lib_a-callocr.o)
                0x000000000201285c                _calloc_r
 .text          0x0000000002012920        0x0 /opt/Altera/QuartusPrime-15.1/nios2eds/bin/gnu/H-x86_64-pc-linux-gnu/bin/../lib/gcc/nios2-elf/4.9.2/../../../../../H-x86_64-pc-linux-gnu/nios2-elf/lib/libc.a(lib_a-fclose.o)
 .text._fclose_r
                0x0000000002012920       0xf0 /opt/Altera/QuartusPrime-15.1/nios2eds/bin/gnu/H-x86_64-pc-linux-gnu/bin/../lib/gcc/nios2-elf/4.9.2/../../../../../H-x86_64-pc-linux-gnu/nios2-elf/lib/libc.a(lib_a-fclose.o)
                0x0000000002012920                _fclose_r
 .text.fclose   0x0000000002012a10       0x14 /opt/Altera/QuartusPrime-15.1/nios2eds/bin/gnu/H-x86_64-pc-linux-gnu/bin/../lib/gcc/nios2-elf/4.9.2/../../../../../H-x86_64-pc-linux-gnu/nios2-elf/lib/libc.a(lib_a-fclose.o)
                0x0000000002012a10                fclose
 .text          0x0000000002012a24        0x0 /opt/Altera/QuartusPrime-15.1/nios2eds/bin/gnu/H-x86_64-pc-linux-gnu/bin/../lib/gcc/nios2-elf/4.9.2/../../../../../H-x86_64-pc-linux-gnu/nios2-elf/lib/libc.a(lib_a-fputwc.o)
 .text._fputwc_r
                0x0000000002012a24      0x184 /opt/Altera/QuartusPrime-15.1/nios2eds/bin/gnu/H-x86_64-pc-linux-gnu/bin/../lib/gcc/nios2-elf/4.9.2/../../../../../H-x86_64-pc-linux-gnu/nios2-elf/lib/libc.a(lib_a-fputwc.o)
                0x0000000002012a24                _fputwc_r
 .text.fputwc   0x0000000002012ba8       0x5c /opt/Altera/QuartusPrime-15.1/nios2eds/bin/gnu/H-x86_64-pc-linux-gnu/bin/../lib/gcc/nios2-elf/4.9.2/../../../../../H-x86_64-pc-linux-gnu/nios2-elf/lib/libc.a(lib_a-fputwc.o)
                0x0000000002012ba8                fputwc
 .text          0x0000000002012c04        0x0 /opt/Altera/QuartusPrime-15.1/nios2eds/bin/gnu/H-x86_64-pc-linux-gnu/bin/../lib/gcc/nios2-elf/4.9.2/../../../../../H-x86_64-pc-linux-gnu/nios2-elf/lib/libc.a(lib_a-fstatr.o)
 .text._fstat_r
                0x0000000002012c04       0x58 /opt/Altera/QuartusPrime-15.1/nios2eds/bin/gnu/H-x86_64-pc-linux-gnu/bin/../lib/gcc/nios2-elf/4.9.2/../../../../../H-x86_64-pc-linux-gnu/nios2-elf/lib/libc.a(lib_a-fstatr.o)
                0x0000000002012c04                _fstat_r
 .text          0x0000000002012c5c        0x0 /opt/Altera/QuartusPrime-15.1/nios2eds/bin/gnu/H-x86_64-pc-linux-gnu/bin/../lib/gcc/nios2-elf/4.9.2/../../../../../H-x86_64-pc-linux-gnu/nios2-elf/lib/libc.a(lib_a-gdtoa-gethex.o)
 .text.rshift   0x0000000002012c5c      0x100 /opt/Altera/QuartusPrime-15.1/nios2eds/bin/gnu/H-x86_64-pc-linux-gnu/bin/../lib/gcc/nios2-elf/4.9.2/../../../../../H-x86_64-pc-linux-gnu/nios2-elf/lib/libc.a(lib_a-gdtoa-gethex.o)
 .text.__gethex
                0x0000000002012d5c      0x834 /opt/Altera/QuartusPrime-15.1/nios2eds/bin/gnu/H-x86_64-pc-linux-gnu/bin/../lib/gcc/nios2-elf/4.9.2/../../../../../H-x86_64-pc-linux-gnu/nios2-elf/lib/libc.a(lib_a-gdtoa-gethex.o)
                0x0000000002012d5c                __gethex
 .text          0x0000000002013590        0x0 /opt/Altera/QuartusPrime-15.1/nios2eds/bin/gnu/H-x86_64-pc-linux-gnu/bin/../lib/gcc/nios2-elf/4.9.2/../../../../../H-x86_64-pc-linux-gnu/nios2-elf/lib/libc.a(lib_a-gdtoa-hexnan.o)
 .text.__hexnan
                0x0000000002013590      0x26c /opt/Altera/QuartusPrime-15.1/nios2eds/bin/gnu/H-x86_64-pc-linux-gnu/bin/../lib/gcc/nios2-elf/4.9.2/../../../../../H-x86_64-pc-linux-gnu/nios2-elf/lib/libc.a(lib_a-gdtoa-hexnan.o)
                0x0000000002013590                __hexnan
 .text          0x00000000020137fc        0x0 /opt/Altera/QuartusPrime-15.1/nios2eds/bin/gnu/H-x86_64-pc-linux-gnu/bin/../lib/gcc/nios2-elf/4.9.2/../../../../../H-x86_64-pc-linux-gnu/nios2-elf/lib/libc.a(lib_a-isattyr.o)
 .text._isatty_r
                0x00000000020137fc       0x54 /opt/Altera/QuartusPrime-15.1/nios2eds/bin/gnu/H-x86_64-pc-linux-gnu/bin/../lib/gcc/nios2-elf/4.9.2/../../../../../H-x86_64-pc-linux-gnu/nios2-elf/lib/libc.a(lib_a-isattyr.o)
                0x00000000020137fc                _isatty_r
 .text          0x0000000002013850        0x0 /opt/Altera/QuartusPrime-15.1/nios2eds/bin/gnu/H-x86_64-pc-linux-gnu/bin/../lib/gcc/nios2-elf/4.9.2/../../../../../H-x86_64-pc-linux-gnu/nios2-elf/lib/libc.a(lib_a-lseekr.o)
 .text._lseek_r
                0x0000000002013850       0x5c /opt/Altera/QuartusPrime-15.1/nios2eds/bin/gnu/H-x86_64-pc-linux-gnu/bin/../lib/gcc/nios2-elf/4.9.2/../../../../../H-x86_64-pc-linux-gnu/nios2-elf/lib/libc.a(lib_a-lseekr.o)
                0x0000000002013850                _lseek_r
 .text          0x00000000020138ac        0x0 /opt/Altera/QuartusPrime-15.1/nios2eds/bin/gnu/H-x86_64-pc-linux-gnu/bin/../lib/gcc/nios2-elf/4.9.2/../../../../../H-x86_64-pc-linux-gnu/nios2-elf/lib/libc.a(lib_a-readr.o)
 .text._read_r  0x00000000020138ac       0x5c /opt/Altera/QuartusPrime-15.1/nios2eds/bin/gnu/H-x86_64-pc-linux-gnu/bin/../lib/gcc/nios2-elf/4.9.2/../../../../../H-x86_64-pc-linux-gnu/nios2-elf/lib/libc.a(lib_a-readr.o)
                0x00000000020138ac                _read_r
 .text          0x0000000002013908        0x0 /opt/Altera/QuartusPrime-15.1/nios2eds/bin/gnu/H-x86_64-pc-linux-gnu/bin/../lib/gcc/nios2-elf/4.9.2/../../../../../H-x86_64-pc-linux-gnu/nios2-elf/lib/libc.a(lib_a-strncmp.o)
 .text.strncmp  0x0000000002013908       0xc0 /opt/Altera/QuartusPrime-15.1/nios2eds/bin/gnu/H-x86_64-pc-linux-gnu/bin/../lib/gcc/nios2-elf/4.9.2/../../../../../H-x86_64-pc-linux-gnu/nios2-elf/lib/libc.a(lib_a-strncmp.o)
                0x0000000002013908                strncmp
 .text          0x00000000020139c8        0x0 /opt/Altera/QuartusPrime-15.1/nios2eds/bin/gnu/H-x86_64-pc-linux-gnu/bin/../lib/gcc/nios2-elf/4.9.2/../../../../../H-x86_64-pc-linux-gnu/nios2-elf/lib/libc.a(lib_a-svfiprintf.o)
 .text.__ssprint_r
                0x00000000020139c8      0x1cc /opt/Altera/QuartusPrime-15.1/nios2eds/bin/gnu/H-x86_64-pc-linux-gnu/bin/../lib/gcc/nios2-elf/4.9.2/../../../../../H-x86_64-pc-linux-gnu/nios2-elf/lib/libc.a(lib_a-svfiprintf.o)
                0x00000000020139c8                __ssprint_r
 .text.___svfiprintf_internal_r
                0x0000000002013b94     0x1038 /opt/Altera/QuartusPrime-15.1/nios2eds/bin/gnu/H-x86_64-pc-linux-gnu/bin/../lib/gcc/nios2-elf/4.9.2/../../../../../H-x86_64-pc-linux-gnu/nios2-elf/lib/libc.a(lib_a-svfiprintf.o)
                0x0000000002013b94                ___svfiprintf_internal_r
 .text          0x0000000002014bcc        0x0 /opt/Altera/QuartusPrime-15.1/nios2eds/bin/gnu/H-x86_64-pc-linux-gnu/bin/../lib/gcc/nios2-elf/4.9.2/../../../../../H-x86_64-pc-linux-gnu/nios2-elf/lib/libc.a(lib_a-wcrtomb.o)
 .text._wcrtomb_r
                0x0000000002014bcc       0x9c /opt/Altera/QuartusPrime-15.1/nios2eds/bin/gnu/H-x86_64-pc-linux-gnu/bin/../lib/gcc/nios2-elf/4.9.2/../../../../../H-x86_64-pc-linux-gnu/nios2-elf/lib/libc.a(lib_a-wcrtomb.o)
                0x0000000002014bcc                _wcrtomb_r
 .text.wcrtomb  0x0000000002014c68       0xc0 /opt/Altera/QuartusPrime-15.1/nios2eds/bin/gnu/H-x86_64-pc-linux-gnu/bin/../lib/gcc/nios2-elf/4.9.2/../../../../../H-x86_64-pc-linux-gnu/nios2-elf/lib/libc.a(lib_a-wcrtomb.o)
                0x0000000002014c68                wcrtomb
 .text          0x0000000002014d28        0x0 /opt/Altera/QuartusPrime-15.1/nios2eds/bin/gnu/H-x86_64-pc-linux-gnu/bin/../lib/gcc/nios2-elf/4.9.2/../../../../../H-x86_64-pc-linux-gnu/nios2-elf/lib/libc.a(lib_a-wctomb_r.o)
 .text.__ascii_wctomb
                0x0000000002014d28       0x30 /opt/Altera/QuartusPrime-15.1/nios2eds/bin/gnu/H-x86_64-pc-linux-gnu/bin/../lib/gcc/nios2-elf/4.9.2/../../../../../H-x86_64-pc-linux-gnu/nios2-elf/lib/libc.a(lib_a-wctomb_r.o)
                0x0000000002014d28                __ascii_wctomb
 .text._wctomb_r
                0x0000000002014d58       0x5c /opt/Altera/QuartusPrime-15.1/nios2eds/bin/gnu/H-x86_64-pc-linux-gnu/bin/../lib/gcc/nios2-elf/4.9.2/../../../../../H-x86_64-pc-linux-gnu/nios2-elf/lib/libc.a(lib_a-wctomb_r.o)
                0x0000000002014d58                _wctomb_r
 .text          0x0000000002014db4       0x60 /opt/Altera/QuartusPrime-15.1/nios2eds/bin/gnu/H-x86_64-pc-linux-gnu/bin/../lib/gcc/nios2-elf/4.9.2/libgcc.a(_muldi3.o)
                0x0000000002014db4                __muldi3
 .text          0x0000000002014e14       0x74 /opt/Altera/QuartusPrime-15.1/nios2eds/bin/gnu/H-x86_64-pc-linux-gnu/bin/../lib/gcc/nios2-elf/4.9.2/libgcc.a(_fixunsdfsi.o)
                0x0000000002014e14                __fixunsdfsi
 .text          0x0000000002014e88      0x5c0 /opt/Altera/QuartusPrime-15.1/nios2eds/bin/gnu/H-x86_64-pc-linux-gnu/bin/../lib/gcc/nios2-elf/4.9.2/libgcc.a(_udivdi3.o)
                0x0000000002014e88                __udivdi3
 .text          0x0000000002015448      0x590 /opt/Altera/QuartusPrime-15.1/nios2eds/bin/gnu/H-x86_64-pc-linux-gnu/bin/../lib/gcc/nios2-elf/4.9.2/libgcc.a(_umoddi3.o)
                0x0000000002015448                __umoddi3
 .text          0x00000000020159d8       0x74 /opt/Altera/QuartusPrime-15.1/nios2eds/bin/gnu/H-x86_64-pc-linux-gnu/bin/../lib/gcc/nios2-elf/4.9.2/libgcc.a(eqsf2.o)
                0x00000000020159d8                __nesf2
                0x00000000020159d8                __eqsf2
 .text          0x0000000002015a4c       0xb8 /opt/Altera/QuartusPrime-15.1/nios2eds/bin/gnu/H-x86_64-pc-linux-gnu/bin/../lib/gcc/nios2-elf/4.9.2/libgcc.a(gesf2.o)
                0x0000000002015a4c                __gtsf2
                0x0000000002015a4c                __gesf2
 .text          0x0000000002015b04       0xb8 /opt/Altera/QuartusPrime-15.1/nios2eds/bin/gnu/H-x86_64-pc-linux-gnu/bin/../lib/gcc/nios2-elf/4.9.2/libgcc.a(lesf2.o)
                0x0000000002015b04                __lesf2
                0x0000000002015b04                __ltsf2
 .text          0x0000000002015bbc      0x89c /opt/Altera/QuartusPrime-15.1/nios2eds/bin/gnu/H-x86_64-pc-linux-gnu/bin/../lib/gcc/nios2-elf/4.9.2/libgcc.a(adddf3.o)
                0x0000000002015bbc                __adddf3
 .text          0x0000000002016458      0x8cc /opt/Altera/QuartusPrime-15.1/nios2eds/bin/gnu/H-x86_64-pc-linux-gnu/bin/../lib/gcc/nios2-elf/4.9.2/libgcc.a(divdf3.o)
                0x0000000002016458                __divdf3
 .text          0x0000000002016d24       0x84 /opt/Altera/QuartusPrime-15.1/nios2eds/bin/gnu/H-x86_64-pc-linux-gnu/bin/../lib/gcc/nios2-elf/4.9.2/libgcc.a(eqdf2.o)
                0x0000000002016d24                __eqdf2
                0x0000000002016d24                __nedf2
 .text          0x0000000002016da8       0xe0 /opt/Altera/QuartusPrime-15.1/nios2eds/bin/gnu/H-x86_64-pc-linux-gnu/bin/../lib/gcc/nios2-elf/4.9.2/libgcc.a(gedf2.o)
                0x0000000002016da8                __gtdf2
                0x0000000002016da8                __gedf2
 .text          0x0000000002016e88       0xe0 /opt/Altera/QuartusPrime-15.1/nios2eds/bin/gnu/H-x86_64-pc-linux-gnu/bin/../lib/gcc/nios2-elf/4.9.2/libgcc.a(ledf2.o)
                0x0000000002016e88                __ltdf2
                0x0000000002016e88                __ledf2
 .text          0x0000000002016f68      0x724 /opt/Altera/QuartusPrime-15.1/nios2eds/bin/gnu/H-x86_64-pc-linux-gnu/bin/../lib/gcc/nios2-elf/4.9.2/libgcc.a(muldf3.o)
                0x0000000002016f68                __muldf3
 .text          0x000000000201768c      0x8d0 /opt/Altera/QuartusPrime-15.1/nios2eds/bin/gnu/H-x86_64-pc-linux-gnu/bin/../lib/gcc/nios2-elf/4.9.2/libgcc.a(subdf3.o)
                0x000000000201768c                __subdf3
 .text          0x0000000002017f5c       0x88 /opt/Altera/QuartusPrime-15.1/nios2eds/bin/gnu/H-x86_64-pc-linux-gnu/bin/../lib/gcc/nios2-elf/4.9.2/libgcc.a(fixdfsi.o)
                0x0000000002017f5c                __fixdfsi
 .text          0x0000000002017fe4       0xd0 /opt/Altera/QuartusPrime-15.1/nios2eds/bin/gnu/H-x86_64-pc-linux-gnu/bin/../lib/gcc/nios2-elf/4.9.2/libgcc.a(floatsidf.o)
                0x0000000002017fe4                __floatsidf
 .text          0x00000000020180b4       0xa4 /opt/Altera/QuartusPrime-15.1/nios2eds/bin/gnu/H-x86_64-pc-linux-gnu/bin/../lib/gcc/nios2-elf/4.9.2/libgcc.a(floatunsidf.o)
                0x00000000020180b4                __floatunsidf
 .text          0x0000000002018158      0x198 /opt/Altera/QuartusPrime-15.1/nios2eds/bin/gnu/H-x86_64-pc-linux-gnu/bin/../lib/gcc/nios2-elf/4.9.2/libgcc.a(truncdfsf2.o)
                0x0000000002018158                __truncdfsf2
 .text          0x00000000020182f0        0x0 /opt/Altera/QuartusPrime-15.1/nios2eds/bin/gnu/H-x86_64-pc-linux-gnu/bin/../lib/gcc/nios2-elf/4.9.2/libgcc.a(_clz.o)
 .text          0x00000000020182f0       0x64 /opt/Altera/QuartusPrime-15.1/nios2eds/bin/gnu/H-x86_64-pc-linux-gnu/bin/../lib/gcc/nios2-elf/4.9.2/libgcc.a(_clzsi2.o)
                0x00000000020182f0                __clzsi2
 .text          0x0000000002018354      0x120 ../BSP1//libhal_bsp.a(alt_close.o)
                0x00000000020183a4                close
 .text          0x0000000002018474       0x2c ../BSP1//libhal_bsp.a(alt_dev.o)
 .text          0x00000000020184a0        0x0 ../BSP1//libhal_bsp.a(alt_errno.o)
 .text          0x00000000020184a0       0x34 ../BSP1//libhal_bsp.a(alt_exit.o)
                0x00000000020184a0                _exit
 .text          0x00000000020184d4      0x100 ../BSP1//libhal_bsp.a(alt_fstat.o)
                0x0000000002018524                fstat
 .text          0x00000000020185d4       0x20 ../BSP1//libhal_bsp.a(alt_getpid.o)
                0x00000000020185d4                getpid
 .text          0x00000000020185f4       0xf4 ../BSP1//libhal_bsp.a(alt_isatty.o)
                0x0000000002018644                isatty
 .text          0x00000000020186e8      0x180 ../BSP1//libhal_bsp.a(alt_kill.o)
                0x0000000002018738                kill
 .text          0x0000000002018868       0xe4 ../BSP1//libhal_bsp.a(alt_load.o)
                0x00000000020188cc                alt_load
 .text          0x000000000201894c      0x124 ../BSP1//libhal_bsp.a(alt_lseek.o)
                0x000000000201899c                lseek
 .text          0x0000000002018a70       0x68 ../BSP1//libhal_bsp.a(alt_main.o)
                0x0000000002018a70                alt_main
 .text          0x0000000002018ad8       0x40 ../BSP1//libhal_bsp.a(alt_malloc_lock.o)
                0x0000000002018ad8                __malloc_lock
                0x0000000002018af8                __malloc_unlock
 .text          0x0000000002018b18      0x14c ../BSP1//libhal_bsp.a(alt_read.o)
                0x0000000002018b68                read
 .text          0x0000000002018c64       0x60 ../BSP1//libhal_bsp.a(alt_release_fd.o)
                0x0000000002018c64                alt_release_fd
 .text          0x0000000002018cc4       0xb0 ../BSP1//libhal_bsp.a(alt_sbrk.o)
                0x0000000002018cc4                sbrk
 .text          0x0000000002018d74      0x148 ../BSP1//libhal_bsp.a(alt_write.o)
                0x0000000002018dc4                write
 .text          0x0000000002018ebc       0xd4 ../BSP1//libhal_bsp.a(alt_sys_init.o)
                0x0000000002018ef4                alt_irq_init
                0x0000000002018f28                alt_sys_init
 .text          0x0000000002018f90      0x164 ../BSP1//libhal_bsp.a(altera_avalon_jtag_uart_fd.o)
                0x0000000002018f90                altera_avalon_jtag_uart_read_fd
                0x0000000002018ff0                altera_avalon_jtag_uart_write_fd
                0x0000000002019050                altera_avalon_jtag_uart_close_fd
                0x00000000020190a0                altera_avalon_jtag_uart_ioctl_fd
 .text          0x00000000020190f4      0x3d8 ../BSP1//libhal_bsp.a(altera_avalon_jtag_uart_init.o)
                0x00000000020190f4                altera_avalon_jtag_uart_init
                0x0000000002019464                altera_avalon_jtag_uart_close
 .text          0x00000000020194cc       0xec ../BSP1//libhal_bsp.a(altera_avalon_jtag_uart_ioctl.o)
                0x00000000020194cc                altera_avalon_jtag_uart_ioctl
 .text          0x00000000020195b8      0x20c ../BSP1//libhal_bsp.a(altera_avalon_jtag_uart_read.o)
                0x00000000020195b8                altera_avalon_jtag_uart_read
 .text          0x00000000020197c4      0x218 ../BSP1//libhal_bsp.a(altera_avalon_jtag_uart_write.o)
                0x00000000020197c4                altera_avalon_jtag_uart_write
 .text          0x00000000020199dc      0x110 ../BSP1//libhal_bsp.a(altera_avalon_uart_fd.o)
                0x00000000020199dc                altera_avalon_uart_read_fd
                0x0000000002019a3c                altera_avalon_uart_write_fd
                0x0000000002019a9c                altera_avalon_uart_close_fd
 .text          0x0000000002019aec      0x3b8 ../BSP1//libhal_bsp.a(altera_avalon_uart_init.o)
                0x0000000002019aec                altera_avalon_uart_init
                0x0000000002019e50                altera_avalon_uart_close
 .text          0x0000000002019ea4      0x22c ../BSP1//libhal_bsp.a(altera_avalon_uart_read.o)
                0x0000000002019ef4                altera_avalon_uart_read
 .text          0x000000000201a0d0      0x1fc ../BSP1//libhal_bsp.a(altera_avalon_uart_write.o)
                0x000000000201a120                altera_avalon_uart_write
 .text          0x000000000201a2cc      0x140 ../BSP1//libhal_bsp.a(alt_alarm_start.o)
                0x000000000201a2cc                alt_alarm_start
 .text          0x000000000201a40c       0x44 ../BSP1//libhal_bsp.a(alt_dcache_flush_all.o)
                0x000000000201a40c                alt_dcache_flush_all
 .text          0x000000000201a450       0xf4 ../BSP1//libhal_bsp.a(alt_dev_llist_insert.o)
                0x000000000201a4a0                alt_dev_llist_insert
 .text          0x000000000201a544       0x30 ../BSP1//libhal_bsp.a(alt_icache_flush_all.o)
                0x000000000201a544                alt_icache_flush_all
 .text          0x000000000201a574      0x1e0 ../BSP1//libhal_bsp.a(alt_iic.o)
                0x000000000201a574                alt_ic_isr_register
                0x000000000201a5c4                alt_ic_irq_enable
                0x000000000201a664                alt_ic_irq_disable
                0x000000000201a708                alt_ic_irq_enabled
 .text          0x000000000201a754       0xf0 ../BSP1//libhal_bsp.a(alt_iic_isr_register.o)
                0x000000000201a754                alt_iic_isr_register
 .text          0x000000000201a844      0x138 ../BSP1//libhal_bsp.a(alt_io_redirect.o)
                0x000000000201a904                alt_io_redirect
 .text          0x000000000201a97c        0x0 ../BSP1//libhal_bsp.a(alt_irq_entry.o)
 .text          0x000000000201a97c        0x0 ../BSP1//libhal_bsp.a(alt_irq_handler.o)
 .text          0x000000000201a97c        0x0 ../BSP1//libhal_bsp.a(alt_irq_vars.o)
 .text          0x000000000201a97c      0x274 ../BSP1//libhal_bsp.a(alt_open.o)
                0x000000000201aa98                open
 .text          0x000000000201abf0      0x19c ../BSP1//libhal_bsp.a(alt_tick.o)
                0x000000000201abf0                alt_alarm_stop
                0x000000000201ac88                alt_tick
 .text          0x000000000201ad8c       0x20 ../BSP1//libhal_bsp.a(altera_nios2_gen2_irq.o)
                0x000000000201ad8c                altera_nios2_gen2_irq_init
 .text          0x000000000201adac        0x0 ../BSP1//libhal_bsp.a(alt_exception_entry.o)
 .text          0x000000000201adac       0x90 ../BSP1//libhal_bsp.a(alt_find_dev.o)
                0x000000000201adac                alt_find_dev
 .text          0x000000000201ae3c      0x114 ../BSP1//libhal_bsp.a(alt_find_file.o)
                0x000000000201ae3c                alt_find_file
 .text          0x000000000201af50       0xb4 ../BSP1//libhal_bsp.a(alt_get_fd.o)
                0x000000000201af50                alt_get_fd
 .text          0x000000000201b004       0x8c ../BSP1//libhal_bsp.a(alt_icache_flush.o)
                0x000000000201b004                alt_icache_flush
 .text          0x000000000201b090       0x9c ../BSP1//libhal_bsp.a(alt_instruction_exception_entry.o)
                0x000000000201b090                alt_exception_cause_generated_bad_addr
 .text          0x000000000201b12c        0x0 /opt/Altera/QuartusPrime-15.1/nios2eds/bin/gnu/H-x86_64-pc-linux-gnu/bin/../lib/gcc/nios2-elf/4.9.2/../../../../../H-x86_64-pc-linux-gnu/nios2-elf/lib/libc.a(lib_a-exit.o)
 .text.exit     0x000000000201b12c       0x38 /opt/Altera/QuartusPrime-15.1/nios2eds/bin/gnu/H-x86_64-pc-linux-gnu/bin/../lib/gcc/nios2-elf/4.9.2/../../../../../H-x86_64-pc-linux-gnu/nios2-elf/lib/libc.a(lib_a-exit.o)
                0x000000000201b12c                exit
 .text          0x000000000201b164        0x0 /opt/Altera/QuartusPrime-15.1/nios2eds/bin/gnu/H-x86_64-pc-linux-gnu/bin/../lib/gcc/nios2-elf/4.9.2/../../../../../H-x86_64-pc-linux-gnu/nios2-elf/lib/libc.a(lib_a-memcmp.o)
 .text.memcmp   0x000000000201b164       0x7c /opt/Altera/QuartusPrime-15.1/nios2eds/bin/gnu/H-x86_64-pc-linux-gnu/bin/../lib/gcc/nios2-elf/4.9.2/../../../../../H-x86_64-pc-linux-gnu/nios2-elf/lib/libc.a(lib_a-memcmp.o)
                0x000000000201b164                memcmp
 .text          0x000000000201b1e0        0x0 /opt/Altera/QuartusPrime-15.1/nios2eds/bin/gnu/H-x86_64-pc-linux-gnu/bin/../lib/gcc/nios2-elf/4.9.2/../../../../../H-x86_64-pc-linux-gnu/nios2-elf/lib/libc.a(lib_a-__call_atexit.o)
 .text.__call_exitprocs
                0x000000000201b1e0      0x194 /opt/Altera/QuartusPrime-15.1/nios2eds/bin/gnu/H-x86_64-pc-linux-gnu/bin/../lib/gcc/nios2-elf/4.9.2/../../../../../H-x86_64-pc-linux-gnu/nios2-elf/lib/libc.a(lib_a-__call_atexit.o)
                0x000000000201b1e0                __call_exitprocs
 *(.gnu.warning.*)
 *(.fini)
                0x000000000201b374                PROVIDE (__etext, ABSOLUTE (.))
                0x000000000201b374                PROVIDE (_etext, ABSOLUTE (.))
                0x000000000201b374                PROVIDE (etext, ABSOLUTE (.))
 *(.eh_frame_hdr)
                0x000000000201b374                . = ALIGN (0x4)
                0x000000000201b374                PROVIDE (__preinit_array_start, ABSOLUTE (.))
 *(.preinit_array)
                0x000000000201b374                PROVIDE (__preinit_array_end, ABSOLUTE (.))
                0x000000000201b374                PROVIDE (__init_array_start, ABSOLUTE (.))
 *(.init_array)
                0x000000000201b374                PROVIDE (__init_array_end, ABSOLUTE (.))
                0x000000000201b374                PROVIDE (__fini_array_start, ABSOLUTE (.))
 *(.fini_array)
                0x000000000201b374                PROVIDE (__fini_array_end, ABSOLUTE (.))
 *(.eh_frame)
 *(.gcc_except_table .gcc_except_table.*)
 *(.dynamic)
                0x000000000201b374                PROVIDE (__CTOR_LIST__, ABSOLUTE (.))
 *(.ctors)
 *(SORT(.ctors.*))
                0x000000000201b374                PROVIDE (__CTOR_END__, ABSOLUTE (.))
                0x000000000201b374                PROVIDE (__DTOR_LIST__, ABSOLUTE (.))
 *(.dtors)
 *(SORT(.dtors.*))
                0x000000000201b374                PROVIDE (__DTOR_END__, ABSOLUTE (.))
 *(.jcr)
                0x000000000201b374                . = ALIGN (0x4)

.rodata         0x000000000201b374      0xb44
                0x000000000201b374                PROVIDE (__ram_rodata_start, ABSOLUTE (.))
                0x000000000201b374                . = ALIGN (0x4)
 *(.rodata .rodata.* .gnu.linkonce.r.*)
 .rodata        0x000000000201b374      0x1ac obj/default/data.o
 .rodata        0x000000000201b520       0x48 obj/default/main.o
 .rodata        0x000000000201b568      0x1b4 obj/default/stereo.o
 .rodata.str1.4
                0x000000000201b71c       0x3f /opt/Altera/QuartusPrime-15.1/nios2eds/bin/gnu/H-x86_64-pc-linux-gnu/bin/../lib/gcc/nios2-elf/4.9.2/../../../../../H-x86_64-pc-linux-gnu/nios2-elf/lib/libc.a(lib_a-assert.o)
                                         0x44 (size before relaxing)
 *fill*         0x000000000201b75b        0x1 
 .rodata.str1.4
                0x000000000201b75c        0x2 /opt/Altera/QuartusPrime-15.1/nios2eds/bin/gnu/H-x86_64-pc-linux-gnu/bin/../lib/gcc/nios2-elf/4.9.2/../../../../../H-x86_64-pc-linux-gnu/nios2-elf/lib/libc.a(lib_a-impure.o)
                                          0x4 (size before relaxing)
 *fill*         0x000000000201b75e        0x2 
 .rodata.str1.4
                0x000000000201b760        0x2 /opt/Altera/QuartusPrime-15.1/nios2eds/bin/gnu/H-x86_64-pc-linux-gnu/bin/../lib/gcc/nios2-elf/4.9.2/../../../../../H-x86_64-pc-linux-gnu/nios2-elf/lib/libc.a(lib_a-puts.o)
                                          0x4 (size before relaxing)
 *fill*         0x000000000201b762        0x2 
 .rodata.str1.4
                0x000000000201b764       0x42 /opt/Altera/QuartusPrime-15.1/nios2eds/bin/gnu/H-x86_64-pc-linux-gnu/bin/../lib/gcc/nios2-elf/4.9.2/../../../../../H-x86_64-pc-linux-gnu/nios2-elf/lib/libc.a(lib_a-vfprintf.o)
                                         0x44 (size before relaxing)
 .rodata.zeroes.4255
                0x000000000201b7a6       0x10 /opt/Altera/QuartusPrime-15.1/nios2eds/bin/gnu/H-x86_64-pc-linux-gnu/bin/../lib/gcc/nios2-elf/4.9.2/../../../../../H-x86_64-pc-linux-gnu/nios2-elf/lib/libc.a(lib_a-vfprintf.o)
 .rodata.blanks.4254
                0x000000000201b7b6       0x10 /opt/Altera/QuartusPrime-15.1/nios2eds/bin/gnu/H-x86_64-pc-linux-gnu/bin/../lib/gcc/nios2-elf/4.9.2/../../../../../H-x86_64-pc-linux-gnu/nios2-elf/lib/libc.a(lib_a-vfprintf.o)
 *fill*         0x000000000201b7c6        0x2 
 .rodata.str1.4
                0x000000000201b7c8        0x5 /opt/Altera/QuartusPrime-15.1/nios2eds/bin/gnu/H-x86_64-pc-linux-gnu/bin/../lib/gcc/nios2-elf/4.9.2/../../../../../H-x86_64-pc-linux-gnu/nios2-elf/lib/libc.a(lib_a-vfscanf.o)
                                          0x8 (size before relaxing)
 *fill*         0x000000000201b7cd        0x1 
 .rodata.basefix.4210
                0x000000000201b7ce       0x22 /opt/Altera/QuartusPrime-15.1/nios2eds/bin/gnu/H-x86_64-pc-linux-gnu/bin/../lib/gcc/nios2-elf/4.9.2/../../../../../H-x86_64-pc-linux-gnu/nios2-elf/lib/libc.a(lib_a-vfscanf.o)
 .rodata._ctype_
                0x000000000201b7f0      0x101 /opt/Altera/QuartusPrime-15.1/nios2eds/bin/gnu/H-x86_64-pc-linux-gnu/bin/../lib/gcc/nios2-elf/4.9.2/../../../../../H-x86_64-pc-linux-gnu/nios2-elf/lib/libc.a(lib_a-ctype_.o)
                0x000000000201b7f0                _ctype_
 .rodata._ctype_b
                0x000000000201b8f1      0x180 /opt/Altera/QuartusPrime-15.1/nios2eds/bin/gnu/H-x86_64-pc-linux-gnu/bin/../lib/gcc/nios2-elf/4.9.2/../../../../../H-x86_64-pc-linux-gnu/nios2-elf/lib/libc.a(lib_a-ctype_.o)
 *fill*         0x000000000201ba71        0x3 
 .rodata.str1.4
                0x000000000201ba74       0x10 /opt/Altera/QuartusPrime-15.1/nios2eds/bin/gnu/H-x86_64-pc-linux-gnu/bin/../lib/gcc/nios2-elf/4.9.2/../../../../../H-x86_64-pc-linux-gnu/nios2-elf/lib/libc.a(lib_a-dtoa.o)
                                         0x14 (size before relaxing)
 .rodata.str1.4
                0x000000000201ba84        0xa /opt/Altera/QuartusPrime-15.1/nios2eds/bin/gnu/H-x86_64-pc-linux-gnu/bin/../lib/gcc/nios2-elf/4.9.2/../../../../../H-x86_64-pc-linux-gnu/nios2-elf/lib/libc.a(lib_a-locale.o)
                                         0x14 (size before relaxing)
 .rodata.str1.4
                0x0000000000000000        0x4 /opt/Altera/QuartusPrime-15.1/nios2eds/bin/gnu/H-x86_64-pc-linux-gnu/bin/../lib/gcc/nios2-elf/4.9.2/../../../../../H-x86_64-pc-linux-gnu/nios2-elf/lib/libc.a(lib_a-mbrtowc.o)
 *fill*         0x000000000201ba8e        0x2 
 .rodata.p05.2710
                0x000000000201ba90        0xc /opt/Altera/QuartusPrime-15.1/nios2eds/bin/gnu/H-x86_64-pc-linux-gnu/bin/../lib/gcc/nios2-elf/4.9.2/../../../../../H-x86_64-pc-linux-gnu/nios2-elf/lib/libc.a(lib_a-mprec.o)
 .rodata.__mprec_tinytens
                0x000000000201ba9c       0x28 /opt/Altera/QuartusPrime-15.1/nios2eds/bin/gnu/H-x86_64-pc-linux-gnu/bin/../lib/gcc/nios2-elf/4.9.2/../../../../../H-x86_64-pc-linux-gnu/nios2-elf/lib/libc.a(lib_a-mprec.o)
                0x000000000201ba9c                __mprec_tinytens
 .rodata.__mprec_bigtens
                0x000000000201bac4       0x28 /opt/Altera/QuartusPrime-15.1/nios2eds/bin/gnu/H-x86_64-pc-linux-gnu/bin/../lib/gcc/nios2-elf/4.9.2/../../../../../H-x86_64-pc-linux-gnu/nios2-elf/lib/libc.a(lib_a-mprec.o)
                0x000000000201bac4                __mprec_bigtens
 .rodata.__mprec_tens
                0x000000000201baec       0xc8 /opt/Altera/QuartusPrime-15.1/nios2eds/bin/gnu/H-x86_64-pc-linux-gnu/bin/../lib/gcc/nios2-elf/4.9.2/../../../../../H-x86_64-pc-linux-gnu/nios2-elf/lib/libc.a(lib_a-mprec.o)
                0x000000000201baec                __mprec_tens
 .rodata.str1.4
                0x000000000201bbb4       0x10 /opt/Altera/QuartusPrime-15.1/nios2eds/bin/gnu/H-x86_64-pc-linux-gnu/bin/../lib/gcc/nios2-elf/4.9.2/../../../../../H-x86_64-pc-linux-gnu/nios2-elf/lib/libc.a(lib_a-strtod.o)
 .rodata.fpinan.2715
                0x000000000201bbc4       0x14 /opt/Altera/QuartusPrime-15.1/nios2eds/bin/gnu/H-x86_64-pc-linux-gnu/bin/../lib/gcc/nios2-elf/4.9.2/../../../../../H-x86_64-pc-linux-gnu/nios2-elf/lib/libc.a(lib_a-strtod.o)
 .rodata.fpi.2679
                0x000000000201bbd8       0x14 /opt/Altera/QuartusPrime-15.1/nios2eds/bin/gnu/H-x86_64-pc-linux-gnu/bin/../lib/gcc/nios2-elf/4.9.2/../../../../../H-x86_64-pc-linux-gnu/nios2-elf/lib/libc.a(lib_a-strtod.o)
 .rodata.tinytens
                0x000000000201bbec       0x28 /opt/Altera/QuartusPrime-15.1/nios2eds/bin/gnu/H-x86_64-pc-linux-gnu/bin/../lib/gcc/nios2-elf/4.9.2/../../../../../H-x86_64-pc-linux-gnu/nios2-elf/lib/libc.a(lib_a-strtod.o)
 .rodata.str1.4
                0x0000000000000000       0x44 /opt/Altera/QuartusPrime-15.1/nios2eds/bin/gnu/H-x86_64-pc-linux-gnu/bin/../lib/gcc/nios2-elf/4.9.2/../../../../../H-x86_64-pc-linux-gnu/nios2-elf/lib/libc.a(lib_a-svfprintf.o)
 .rodata.zeroes.4240