Archive member included to satisfy reference by file (symbol)

/opt/Altera/QuartusPrime-15.1/nios2eds/bin/gnu/H-x86_64-pc-linux-gnu/bin/../lib/gcc/nios2-elf/4.9.2/../../../../../H-x86_64-pc-linux-gnu/nios2-elf/lib/libc.a(lib_a-assert.o)
                              obj/default/data.o (__assert_func)
/opt/Altera/QuartusPrime-15.1/nios2eds/bin/gnu/H-x86_64-pc-linux-gnu/bin/../lib/gcc/nios2-elf/4.9.2/../../../../../H-x86_64-pc-linux-gnu/nios2-elf/lib/libc.a(lib_a-fiprintf.o)
                              /opt/Altera/QuartusPrime-15.1/nios2eds/bin/gnu/H-x86_64-pc-linux-gnu/bin/../lib/gcc/nios2-elf/4.9.2/../../../../../H-x86_64-pc-linux-gnu/nios2-elf/lib/libc.a(lib_a-assert.o) (fiprintf)
/opt/Altera/QuartusPrime-15.1/nios2eds/bin/gnu/H-x86_64-pc-linux-gnu/bin/../lib/gcc/nios2-elf/4.9.2/../../../../../H-x86_64-pc-linux-gnu/nios2-elf/lib/libc.a(lib_a-fprintf.o)
                              obj/default/data.o (fprintf)
/opt/Altera/QuartusPrime-15.1/nios2eds/bin/gnu/H-x86_64-pc-linux-gnu/bin/../lib/gcc/nios2-elf/4.9.2/../../../../../H-x86_64-pc-linux-gnu/nios2-elf/lib/libc.a(lib_a-fwrite.o)
                              obj/default/data.o (fwrite)
/opt/Altera/QuartusPrime-15.1/nios2eds/bin/gnu/H-x86_64-pc-linux-gnu/bin/../lib/gcc/nios2-elf/4.9.2/../../../../../H-x86_64-pc-linux-gnu/nios2-elf/lib/libc.a(lib_a-getc.o)
                              obj/default/data.o (getc)
/opt/Altera/QuartusPrime-15.1/nios2eds/bin/gnu/H-x86_64-pc-linux-gnu/bin/../lib/gcc/nios2-elf/4.9.2/../../../../../H-x86_64-pc-linux-gnu/nios2-elf/lib/libc.a(lib_a-gets.o)
                              obj/default/data.o (gets)
/opt/Altera/QuartusPrime-15.1/nios2eds/bin/gnu/H-x86_64-pc-linux-gnu/bin/../lib/gcc/nios2-elf/4.9.2/../../../../../H-x86_64-pc-linux-gnu/nios2-elf/lib/libc.a(lib_a-impure.o)
                              obj/default/data.o (_impure_ptr)
/opt/Altera/QuartusPrime-15.1/nios2eds/bin/gnu/H-x86_64-pc-linux-gnu/bin/../lib/gcc/nios2-elf/4.9.2/../../../../../H-x86_64-pc-linux-gnu/nios2-elf/lib/libc.a(lib_a-malloc.o)
                              obj/default/data.o (malloc)
/opt/Altera/QuartusPrime-15.1/nios2eds/bin/gnu/H-x86_64-pc-linux-gnu/bin/../lib/gcc/nios2-elf/4.9.2/../../../../../H-x86_64-pc-linux-gnu/nios2-elf/lib/libc.a(lib_a-mallocr.o)
                              /opt/Altera/QuartusPrime-15.1/nios2eds/bin/gnu/H-x86_64-pc-linux-gnu/bin/../lib/gcc/nios2-elf/4.9.2/../../../../../H-x86_64-pc-linux-gnu/nios2-elf/lib/libc.a(lib_a-malloc.o) (_malloc_r)
/opt/Altera/QuartusPrime-15.1/nios2eds/bin/gnu/H-x86_64-pc-linux-gnu/bin/../lib/gcc/nios2-elf/4.9.2/../../../../../H-x86_64-pc-linux-gnu/nios2-elf/lib/libc.a(lib_a-printf.o)
                              obj/default/data.o (printf)
/opt/Altera/QuartusPrime-15.1/nios2eds/bin/gnu/H-x86_64-pc-linux-gnu/bin/../lib/gcc/nios2-elf/4.9.2/../../../../../H-x86_64-pc-linux-gnu/nios2-elf/lib/libc.a(lib_a-putc.o)
                              obj/default/data.o (putc)
/opt/Altera/QuartusPrime-15.1/nios2eds/bin/gnu/H-x86_64-pc-linux-gnu/bin/../lib/gcc/nios2-elf/4.9.2/../../../../../H-x86_64-pc-linux-gnu/nios2-elf/lib/libc.a(lib_a-puts.o)
                              obj/default/data.o (puts)
/opt/Altera/QuartusPrime-15.1/nios2eds/bin/gnu/H-x86_64-pc-linux-gnu/bin/../lib/gcc/nios2-elf/4.9.2/../../../../../H-x86_64-pc-linux-gnu/nios2-elf/lib/libc.a(lib_a-rget.o)
                              /opt/Altera/QuartusPrime-15.1/nios2eds/bin/gnu/H-x86_64-pc-linux-gnu/bin/../lib/gcc/nios2-elf/4.9.2/../../../../../H-x86_64-pc-linux-gnu/nios2-elf/lib/libc.a(lib_a-getc.o) (__srget_r)
/opt/Altera/QuartusPrime-15.1/nios2eds/bin/gnu/H-x86_64-pc-linux-gnu/bin/../lib/gcc/nios2-elf/4.9.2/../../../../../H-x86_64-pc-linux-gnu/nios2-elf/lib/libc.a(lib_a-sbrkr.o)
                              /opt/Altera/QuartusPrime-15.1/nios2eds/bin/gnu/H-x86_64-pc-linux-gnu/bin/../lib/gcc/nios2-elf/4.9.2/../../../../../H-x86_64-pc-linux-gnu/nios2-elf/lib/libc.a(lib_a-mallocr.o) (_sbrk_r)
/opt/Altera/QuartusPrime-15.1/nios2eds/bin/gnu/H-x86_64-pc-linux-gnu/bin/../lib/gcc/nios2-elf/4.9.2/../../../../../H-x86_64-pc-linux-gnu/nios2-elf/lib/libc.a(lib_a-scanf.o)
                              obj/default/data.o (scanf)
/opt/Altera/QuartusPrime-15.1/nios2eds/bin/gnu/H-x86_64-pc-linux-gnu/bin/../lib/gcc/nios2-elf/4.9.2/../../../../../H-x86_64-pc-linux-gnu/nios2-elf/lib/libc.a(lib_a-strcmp.o)
                              obj/default/data.o (strcmp)
/opt/Altera/QuartusPrime-15.1/nios2eds/bin/gnu/H-x86_64-pc-linux-gnu/bin/../lib/gcc/nios2-elf/4.9.2/../../../../../H-x86_64-pc-linux-gnu/nios2-elf/lib/libc.a(lib_a-strlen.o)
                              /opt/Altera/QuartusPrime-15.1/nios2eds/bin/gnu/H-x86_64-pc-linux-gnu/bin/../lib/gcc/nios2-elf/4.9.2/../../../../../H-x86_64-pc-linux-gnu/nios2-elf/lib/libc.a(lib_a-puts.o) (strlen)
/opt/Altera/QuartusPrime-15.1/nios2eds/bin/gnu/H-x86_64-pc-linux-gnu/bin/../lib/gcc/nios2-elf/4.9.2/../../../../../H-x86_64-pc-linux-gnu/nios2-elf/lib/libc.a(lib_a-vfiprintfr_1.o)
[...]
Memory Configuration

Name             Origin             Length             Attributes
reset            0x0000000002000000 0x0000000000000020
sdram            0x0000000002000020 0x0000000001ffffe0
ram              0x0000000004010000 0x000000000000a000
*default*        0x0000000000000000 0xffffffffffffffff

Linker script and memory map

LOAD ../BSP//obj/HAL/src/crt0.o
LOAD obj/default/crc32.o
LOAD obj/default/data.o
LOAD obj/default/main.o
LOAD obj/default/seg6.o
LOAD /opt/Altera/QuartusPrime-15.1/nios2eds/bin/gnu/H-x86_64-pc-linux-gnu/bin/../lib/gcc/nios2-elf/4.9.2/../../../../../H-x86_64-pc-linux-gnu/nios2-elf/lib/libstdc++.a
LOAD /opt/Altera/QuartusPrime-15.1/nios2eds/bin/gnu/H-x86_64-pc-linux-gnu/bin/../lib/gcc/nios2-elf/4.9.2/../../../../../H-x86_64-pc-linux-gnu/nios2-elf/lib/libm.a
LOAD /opt/Altera/QuartusPrime-15.1/nios2eds/bin/gnu/H-x86_64-pc-linux-gnu/bin/../lib/gcc/nios2-elf/4.9.2/libgcc.a
START GROUP
LOAD /opt/Altera/QuartusPrime-15.1/nios2eds/bin/gnu/H-x86_64-pc-linux-gnu/bin/../lib/gcc/nios2-elf/4.9.2/../../../../../H-x86_64-pc-linux-gnu/nios2-elf/lib/libc.a
LOAD /opt/Altera/QuartusPrime-15.1/nios2eds/bin/gnu/H-x86_64-pc-linux-gnu/bin/../lib/gcc/nios2-elf/4.9.2/libgcc.a
LOAD ../BSP//libhal_bsp.a
LOAD /opt/Altera/QuartusPrime-15.1/nios2eds/bin/gnu/H-x86_64-pc-linux-gnu/bin/../lib/gcc/nios2-elf/4.9.2/../../../../../H-x86_64-pc-linux-gnu/nios2-elf/lib/libm.a
END GROUP
LOAD /opt/Altera/QuartusPrime-15.1/nios2eds/bin/gnu/H-x86_64-pc-linux-gnu/bin/../lib/gcc/nios2-elf/4.9.2/libgcc.a
                0x0000000002000000                __alt_mem_sdram = 0x2000000
                0x0000000004010000                __alt_mem_ram = 0x4010000

.entry          0x0000000002000000       0x20
 *(.entry)
 .entry         0x0000000002000000       0x20 ../BSP//obj/HAL/src/crt0.o
                0x0000000002000000                __reset
                0x000000000200001c                _exit

.exceptions     0x0000000002000020      0x220
                0x0000000002000020                PROVIDE (__ram_exceptions_start, ABSOLUTE (.))
                0x0000000002000020                . = ALIGN (0x20)
 *(.irq)
 *(.exceptions.entry.label)
 .exceptions.entry.label
                0x0000000002000020        0x0 ../BSP//libhal_bsp.a(alt_irq_entry.o)
                0x0000000002000020                alt_irq_entry
 .exceptions.entry.label
                0x0000000002000020        0x0 ../BSP//libhal_bsp.a(alt_exception_entry.o)
                0x0000000002000020                alt_exception
 *(.exceptions.entry.user)
 *(.exceptions.entry.ecc_fatal)
 *(.exceptions.entry)
 .exceptions.entry
                0x0000000002000020       0x54 ../BSP//libhal_bsp.a(alt_exception_entry.o)
 *(.exceptions.irqtest.user)
 *(.exceptions.irqtest)
 .exceptions.irqtest
                0x0000000002000074       0x10 ../BSP//libhal_bsp.a(alt_irq_entry.o)
 *(.exceptions.irqhandler.user)
 *(.exceptions.irqhandler)
 .exceptions.irqhandler
                0x0000000002000084        0x4 ../BSP//libhal_bsp.a(alt_irq_entry.o)
 *(.exceptions.irqreturn.user)
 *(.exceptions.irqreturn)
 .exceptions.irqreturn
                0x0000000002000088        0x4 ../BSP//libhal_bsp.a(alt_irq_entry.o)
 *(.exceptions.notirq.label)
 .exceptions.notirq.label
                0x000000000200008c        0x0 ../BSP//libhal_bsp.a(alt_irq_entry.o)
 *(.exceptions.notirq.user)
 *(.exceptions.notirq)
 .exceptions.notirq
                0x000000000200008c        0x8 ../BSP//libhal_bsp.a(alt_exception_entry.o)
 *(.exceptions.soft.user)
 *(.exceptions.soft)
 *(.exceptions.unknown.user)
 *(.exceptions.unknown)
 .exceptions.unknown
                0x0000000002000094       0x14 ../BSP//libhal_bsp.a(alt_exception_entry.o)
 *(.exceptions.exit.label)
 .exceptions.exit.label
                0x00000000020000a8        0x0 ../BSP//libhal_bsp.a(alt_irq_entry.o)
 .exceptions.exit.label
                0x00000000020000a8        0x0 ../BSP//libhal_bsp.a(alt_exception_entry.o)
 *(.exceptions.exit.user)
 *(.exceptions.exit)
 .exceptions.exit
                0x00000000020000a8       0x54 ../BSP//libhal_bsp.a(alt_exception_entry.o)
 *(.exceptions)
 .exceptions    0x00000000020000fc       0xd0 ../BSP//libhal_bsp.a(alt_irq_handler.o)
                0x00000000020000fc                alt_irq_handler
 .exceptions    0x00000000020001cc       0x74 ../BSP//libhal_bsp.a(alt_instruction_exception_entry.o)
                0x00000000020001cc                alt_instruction_exception_entry
                0x0000000002000240                PROVIDE (__ram_exceptions_end, ABSOLUTE (.))
                0x0000000002000020                PROVIDE (__flash_exceptions_start, LOADADDR (.exceptions))

.text           0x0000000002000240    0x19a94
                0x0000000002000240                PROVIDE (stext, ABSOLUTE (.))
 *(.interp)
 *(.hash)
 *(.dynsym)
 *(.dynstr)
 *(.gnu.version)
 *(.gnu.version_d)
 *(.gnu.version_r)
 *(.rel.init)
 *(.rela.init)
 *(.rel.text .rel.text.* .rel.gnu.linkonce.t.*)
 *(.rela.text .rela.text.* .rela.gnu.linkonce.t.*)
 *(.rel.fini)
 *(.rela.fini)
 *(.rel.rodata .rel.rodata.* .rel.gnu.linkonce.r.*)
 *(.rela.rodata .rela.rodata.* .rela.gnu.linkonce.r.*)
 *(.rel.data .rel.data.* .rel.gnu.linkonce.d.*)
 *(.rela.data .rela.data.* .rela.gnu.linkonce.d.*)
 *(.rel.tdata .rel.tdata.* .rel.gnu.linkonce.td.*)
 *(.rela.tdata .rela.tdata.* .rela.gnu.linkonce.td.*)
 *(.rel.tbss .rel.tbss.* .rel.gnu.linkonce.tb.*)
 *(.rela.tbss .rela.tbss.* .rela.gnu.linkonce.tb.*)
 *(.rel.ctors)
 *(.rela.ctors)
 *(.rel.dtors)
 *(.rela.dtors)
 *(.rel.got)
 *(.rela.got)
 *(.rel.sdata .rel.sdata.* .rel.gnu.linkonce.s.*)
 *(.rela.sdata .rela.sdata.* .rela.gnu.linkonce.s.*)
 *(.rel.sbss .rel.sbss.* .rel.gnu.linkonce.sb.*)
 *(.rela.sbss .rela.sbss.* .rela.gnu.linkonce.sb.*)
 *(.rel.sdata2 .rel.sdata2.* .rel.gnu.linkonce.s2.*)
 *(.rela.sdata2 .rela.sdata2.* .rela.gnu.linkonce.s2.*)
 *(.rel.sbss2 .rel.sbss2.* .rel.gnu.linkonce.sb2.*)
 *(.rela.sbss2 .rela.sbss2.* .rela.gnu.linkonce.sb2.*)
 *(.rel.bss .rel.bss.* .rel.gnu.linkonce.b.*)
 *(.rela.bss .rela.bss.* .rela.gnu.linkonce.b.*)
 *(.rel.plt)
 *(.rela.plt)
 *(.rel.dyn)
 *(.init)
 *(.plt)
 *(.text .stub .text.* .gnu.linkonce.t.*)
 .text          0x0000000002000240       0xbc ../BSP//obj/HAL/src/crt0.o
                0x0000000002000240                _start
 .text          0x00000000020002fc      0x1f0 obj/default/crc32.o
                0x00000000020002fc                crc32_direct
 .text          0x00000000020004ec      0x5e8 obj/default/data.o
                0x00000000020004ec                waitfor
                0x0000000002000574                readImage
                0x0000000002000928                writeImage
 .text          0x0000000002000ad4      0x178 obj/default/main.o
                0x0000000002000ad4                validate
                0x0000000002000bc8                main
 .text          0x0000000002000c4c       0x7c obj/default/seg6.o
                0x0000000002000c4c                disp6
                0x0000000002000c7c                disp33
 .text          0x0000000002000cc8        0x0 /opt/Altera/QuartusPrime-15.1/nios2eds/bin/gnu/H-x86_64-pc-linux-gnu/bin/../lib/gcc/nios2-elf/4.9.2/../../../../../H-x86_64-pc-linux-gnu/nios2-elf/lib/libc.a(lib_a-assert.o)
 .text.__assert_func
                0x0000000002000cc8       0x64 /opt/Altera/QuartusPrime-15.1/nios2eds/bin/gnu/H-x86_64-pc-linux-gnu/bin/../lib/gcc/nios2-elf/4.9.2/../../../../../H-x86_64-pc-linux-gnu/nios2-elf/lib/libc.a(lib_a-assert.o)
                0x0000000002000cc8                __assert_func
 .text.__assert
                0x0000000002000d2c       0x14 /opt/Altera/QuartusPrime-15.1/nios2eds/bin/gnu/H-x86_64-pc-linux-gnu/bin/../lib/gcc/nios2-elf/4.9.2/../../../../../H-x86_64-pc-linux-gnu/nios2-elf/lib/libc.a(lib_a-assert.o)
                0x0000000002000d2c                __assert
 .text          0x0000000002000d40        0x0 /opt/Altera/QuartusPrime-15.1/nios2eds/bin/gnu/H-x86_64-pc-linux-gnu/bin/../lib/gcc/nios2-elf/4.9.2/../../../../../H-x86_64-pc-linux-gnu/nios2-elf/lib/libc.a(lib_a-fiprintf.o)
 .text._fiprintf_r
                0x0000000002000d40       0x20 /opt/Altera/QuartusPrime-15.1/nios2eds/bin/gnu/H-x86_64-pc-linux-gnu/bin/../lib/gcc/nios2-elf/4.9.2/../../../../../H-x86_64-pc-linux-gnu/nios2-elf/lib/libc.a(lib_a-fiprintf.o)
                0x0000000002000d40                _fiprintf_r
 .text.fiprintf
                0x0000000002000d60       0x3c /opt/Altera/QuartusPrime-15.1/nios2eds/bin/gnu/H-x86_64-pc-linux-gnu/bin/../lib/gcc/nios2-elf/4.9.2/../../../../../H-x86_64-pc-linux-gnu/nios2-elf/lib/libc.a(lib_a-fiprintf.o)
                0x0000000002000d60                fiprintf
 .text          0x0000000002000d9c        0x0 /opt/Altera/QuartusPrime-15.1/nios2eds/bin/gnu/H-x86_64-pc-linux-gnu/bin/../lib/gcc/nios2-elf/4.9.2/../../../../../H-x86_64-pc-linux-gnu/nios2-elf/lib/libc.a(lib_a-fprintf.o)
 .text._fprintf_r
                0x0000000002000d9c       0x28 /opt/Altera/QuartusPrime-15.1/nios2eds/bin/gnu/H-x86_64-pc-linux-gnu/bin/../lib/gcc/nios2-elf/4.9.2/../../../../../H-x86_64-pc-linux-gnu/nios2-elf/lib/libc.a(lib_a-fprintf.o)
                0x0000000002000d9c                _fprintf_r
 .text.fprintf  0x0000000002000dc4       0x24 /opt/Altera/QuartusPrime-15.1/nios2eds/bin/gnu/H-x86_64-pc-linux-gnu/bin/../lib/gcc/nios2-elf/4.9.2/../../../../../H-x86_64-pc-linux-gnu/nios2-elf/lib/libc.a(lib_a-fprintf.o)
                0x0000000002000dc4                fprintf
 .text          0x0000000002000de8        0x0 /opt/Altera/QuartusPrime-15.1/nios2eds/bin/gnu/H-x86_64-pc-linux-gnu/bin/../lib/gcc/nios2-elf/4.9.2/../../../../../H-x86_64-pc-linux-gnu/nios2-elf/lib/libc.a(lib_a-fwrite.o)
 .text._fwrite_r
                0x0000000002000de8       0xcc /opt/Altera/QuartusPrime-15.1/nios2eds/bin/gnu/H-x86_64-pc-linux-gnu/bin/../lib/gcc/nios2-elf/4.9.2/../../../../../H-x86_64-pc-linux-gnu/nios2-elf/lib/libc.a(lib_a-fwrite.o)
                0x0000000002000de8                _fwrite_r
 .text.fwrite   0x0000000002000eb4       0x40 /opt/Altera/QuartusPrime-15.1/nios2eds/bin/gnu/H-x86_64-pc-linux-gnu/bin/../lib/gcc/nios2-elf/4.9.2/../../../../../H-x86_64-pc-linux-gnu/nios2-elf/lib/libc.a(lib_a-fwrite.o)
                0x0000000002000eb4                fwrite
 .text          0x0000000002000ef4        0x0 /opt/Altera/QuartusPrime-15.1/nios2eds/bin/gnu/H-x86_64-pc-linux-gnu/bin/../lib/gcc/nios2-elf/4.9.2/../../../../../H-x86_64-pc-linux-gnu/nios2-elf/lib/libc.a(lib_a-getc.o)
 .text._getc_r  0x0000000002000ef4       0x70 /opt/Altera/QuartusPrime-15.1/nios2eds/bin/gnu/H-x86_64-pc-linux-gnu/bin/../lib/gcc/nios2-elf/4.9.2/../../../../../H-x86_64-pc-linux-gnu/nios2-elf/lib/libc.a(lib_a-getc.o)
                0x0000000002000ef4                _getc_r
 .text.getc     0x0000000002000f64       0x88 /opt/Altera/QuartusPrime-15.1/nios2eds/bin/gnu/H-x86_64-pc-linux-gnu/bin/../lib/gcc/nios2-elf/4.9.2/../../../../../H-x86_64-pc-linux-gnu/nios2-elf/lib/libc.a(lib_a-getc.o)
                0x0000000002000f64                getc
 .text          0x0000000002000fec        0x0 /opt/Altera/QuartusPrime-15.1/nios2eds/bin/gnu/H-x86_64-pc-linux-gnu/bin/../lib/gcc/nios2-elf/4.9.2/../../../../../H-x86_64-pc-linux-gnu/nios2-elf/lib/libc.a(lib_a-gets.o)
 .text._gets_r  0x0000000002000fec       0xbc /opt/Altera/QuartusPrime-15.1/nios2eds/bin/gnu/H-x86_64-pc-linux-gnu/bin/../lib/gcc/nios2-elf/4.9.2/../../../../../H-x86_64-pc-linux-gnu/nios2-elf/lib/libc.a(lib_a-gets.o)
                0x0000000002000fec                _gets_r
 .text.gets     0x00000000020010a8       0x14 /opt/Altera/QuartusPrime-15.1/nios2eds/bin/gnu/H-x86_64-pc-linux-gnu/bin/../lib/gcc/nios2-elf/4.9.2/../../../../../H-x86_64-pc-linux-gnu/nios2-elf/lib/libc.a(lib_a-gets.o)
                0x00000000020010a8                gets
 .text          0x00000000020010bc        0x0 /opt/Altera/QuartusPrime-15.1/nios2eds/bin/gnu/H-x86_64-pc-linux-gnu/bin/../lib/gcc/nios2-elf/4.9.2/../../../../../H-x86_64-pc-linux-gnu/nios2-elf/lib/libc.a(lib_a-impure.o)
 .text          0x00000000020010bc        0x0 /opt/Altera/QuartusPrime-15.1/nios2eds/bin/gnu/H-x86_64-pc-linux-gnu/bin/../lib/gcc/nios2-elf/4.9.2/../../../../../H-x86_64-pc-linux-gnu/nios2-elf/lib/libc.a(lib_a-malloc.o)
 .text.malloc   0x00000000020010bc       0x14 /opt/Altera/QuartusPrime-15.1/nios2eds/bin/gnu/H-x86_64-pc-linux-gnu/bin/../lib/gcc/nios2-elf/4.9.2/../../../../../H-x86_64-pc-linux-gnu/nios2-elf/lib/libc.a(lib_a-malloc.o)
                0x00000000020010bc                malloc
 .text.free     0x00000000020010d0       0x14 /opt/Altera/QuartusPrime-15.1/nios2eds/bin/gnu/H-x86_64-pc-linux-gnu/bin/../lib/gcc/nios2-elf/4.9.2/../../../../../H-x86_64-pc-linux-gnu/nios2-elf/lib/libc.a(lib_a-malloc.o)
                0x00000000020010d0                free
 .text          0x00000000020010e4        0x0 /opt/Altera/QuartusPrime-15.1/nios2eds/bin/gnu/H-x86_64-pc-linux-gnu/bin/../lib/gcc/nios2-elf/4.9.2/../../../../../H-x86_64-pc-linux-gnu/nios2-elf/lib/libc.a(lib_a-mallocr.o)
 .text._malloc_r
                0x00000000020010e4      0x7a8 /opt/Altera/QuartusPrime-15.1/nios2eds/bin/gnu/H-x86_64-pc-linux-gnu/bin/../lib/gcc/nios2-elf/4.9.2/../../../../../H-x86_64-pc-linux-gnu/nios2-elf/lib/libc.a(lib_a-mallocr.o)
                0x00000000020010e4                _malloc_r
 .text          0x000000000200188c        0x0 /opt/Altera/QuartusPrime-15.1/nios2eds/bin/gnu/H-x86_64-pc-linux-gnu/bin/../lib/gcc/nios2-elf/4.9.2/../../../../../H-x86_64-pc-linux-gnu/nios2-elf/lib/libc.a(lib_a-printf.o)
 .text._printf_r
                0x000000000200188c       0x2c /opt/Altera/QuartusPrime-15.1/nios2eds/bin/gnu/H-x86_64-pc-linux-gnu/bin/../lib/gcc/nios2-elf/4.9.2/../../../../../H-x86_64-pc-linux-gnu/nios2-elf/lib/libc.a(lib_a-printf.o)
                0x000000000200188c                _printf_r
 .text.printf   0x00000000020018b8       0x3c /opt/Altera/QuartusPrime-15.1/nios2eds/bin/gnu/H-x86_64-pc-linux-gnu/bin/../lib/gcc/nios2-elf/4.9.2/../../../../../H-x86_64-pc-linux-gnu/nios2-elf/lib/libc.a(lib_a-printf.o)
                0x00000000020018b8                printf
 .text          0x00000000020018f4        0x0 /opt/Altera/QuartusPrime-15.1/nios2eds/bin/gnu/H-x86_64-pc-linux-gnu/bin/../lib/gcc/nios2-elf/4.9.2/../../../../../H-x86_64-pc-linux-gnu/nios2-elf/lib/libc.a(lib_a-putc.o)
 .text._putc_r  0x00000000020018f4       0xa0 /opt/Altera/QuartusPrime-15.1/nios2eds/bin/gnu/H-x86_64-pc-linux-gnu/bin/../lib/gcc/nios2-elf/4.9.2/../../../../../H-x86_64-pc-linux-gnu/nios2-elf/lib/libc.a(lib_a-putc.o)
                0x00000000020018f4                _putc_r
 .text.putc     0x0000000002001994       0xcc /opt/Altera/QuartusPrime-15.1/nios2eds/bin/gnu/H-x86_64-pc-linux-gnu/bin/../lib/gcc/nios2-elf/4.9.2/../../../../../H-x86_64-pc-linux-gnu/nios2-elf/lib/libc.a(lib_a-putc.o)
                0x0000000002001994                putc
 .text          0x0000000002001a60        0x0 /opt/Altera/QuartusPrime-15.1/nios2eds/bin/gnu/H-x86_64-pc-linux-gnu/bin/../lib/gcc/nios2-elf/4.9.2/../../../../../H-x86_64-pc-linux-gnu/nios2-elf/lib/libc.a(lib_a-puts.o)
 .text._puts_r  0x0000000002001a60       0xa8 /opt/Altera/QuartusPrime-15.1/nios2eds/bin/gnu/H-x86_64-pc-linux-gnu/bin/../lib/gcc/nios2-elf/4.9.2/../../../../../H-x86_64-pc-linux-gnu/nios2-elf/lib/libc.a(lib_a-puts.o)
                0x0000000002001a60                _puts_r
 .text.puts     0x0000000002001b08       0x14 /opt/Altera/QuartusPrime-15.1/nios2eds/bin/gnu/H-x86_64-pc-linux-gnu/bin/../lib/gcc/nios2-elf/4.9.2/../../../../../H-x86_64-pc-linux-gnu/nios2-elf/lib/libc.a(lib_a-puts.o)
                0x0000000002001b08                puts
 .text          0x0000000002001b1c        0x0 /opt/Altera/QuartusPrime-15.1/nios2eds/bin/gnu/H-x86_64-pc-linux-gnu/bin/../lib/gcc/nios2-elf/4.9.2/../../../../../H-x86_64-pc-linux-gnu/nios2-elf/lib/libc.a(lib_a-rget.o)
 .text.__srget_r
                0x0000000002001b1c       0x74 /opt/Altera/QuartusPrime-15.1/nios2eds/bin/gnu/H-x86_64-pc-linux-gnu/bin/../lib/gcc/nios2-elf/4.9.2/../../../../../H-x86_64-pc-linux-gnu/nios2-elf/lib/libc.a(lib_a-rget.o)
                0x0000000002001b1c                __srget_r
 .text.__srget  0x0000000002001b90       0x14 /opt/Altera/QuartusPrime-15.1/nios2eds/bin/gnu/H-x86_64-pc-linux-gnu/bin/../lib/gcc/nios2-elf/4.9.2/../../../../../H-x86_64-pc-linux-gnu/nios2-elf/lib/libc.a(lib_a-rget.o)
                0x0000000002001b90                __srget
 .text          0x0000000002001ba4        0x0 /opt/Altera/QuartusPrime-15.1/nios2eds/bin/gnu/H-x86_64-pc-linux-gnu/bin/../lib/gcc/nios2-elf/4.9.2/../../../../../H-x86_64-pc-linux-gnu/nios2-elf/lib/libc.a(lib_a-sbrkr.o)
 .text._sbrk_r  0x0000000002001ba4       0x54 /opt/Altera/QuartusPrime-15.1/nios2eds/bin/gnu/H-x86_64-pc-linux-gnu/bin/../lib/gcc/nios2-elf/4.9.2/../../../../../H-x86_64-pc-linux-gnu/nios2-elf/lib/libc.a(lib_a-sbrkr.o)
                0x0000000002001ba4                _sbrk_r
 .text          0x0000000002001bf8        0x0 /opt/Altera/QuartusPrime-15.1/nios2eds/bin/gnu/H-x86_64-pc-linux-gnu/bin/../lib/gcc/nios2-elf/4.9.2/../../../../../H-x86_64-pc-linux-gnu/nios2-elf/lib/libc.a(lib_a-scanf.o)
 .text.scanf    0x0000000002001bf8       0x3c /opt/Altera/QuartusPrime-15.1/nios2eds/bin/gnu/H-x86_64-pc-linux-gnu/bin/../lib/gcc/nios2-elf/4.9.2/../../../../../H-x86_64-pc-linux-gnu/nios2-elf/lib/libc.a(lib_a-scanf.o)
                0x0000000002001bf8                scanf
 .text._scanf_r
                0x0000000002001c34       0x2c /opt/Altera/QuartusPrime-15.1/nios2eds/bin/gnu/H-x86_64-pc-linux-gnu/bin/../lib/gcc/nios2-elf/4.9.2/../../../../../H-x86_64-pc-linux-gnu/nios2-elf/lib/libc.a(lib_a-scanf.o)
                0x0000000002001c34                _scanf_r
 .text          0x0000000002001c60        0x0 /opt/Altera/QuartusPrime-15.1/nios2eds/bin/gnu/H-x86_64-pc-linux-gnu/bin/../lib/gcc/nios2-elf/4.9.2/../../../../../H-x86_64-pc-linux-gnu/nios2-elf/lib/libc.a(lib_a-strcmp.o)
 .text.strcmp   0x0000000002001c60       0xa4 /opt/Altera/QuartusPrime-15.1/nios2eds/bin/gnu/H-x86_64-pc-linux-gnu/bin/../lib/gcc/nios2-elf/4.9.2/../../../../../H-x86_64-pc-linux-gnu/nios2-elf/lib/libc.a(lib_a-strcmp.o)
                0x0000000002001c60                strcmp
 .text          0x0000000002001d04        0x0 /opt/Altera/QuartusPrime-15.1/nios2eds/bin/gnu/H-x86_64-pc-linux-gnu/bin/../lib/gcc/nios2-elf/4.9.2/../../../../../H-x86_64-pc-linux-gnu/nios2-elf/lib/libc.a(lib_a-strlen.o)
 .text.strlen   0x0000000002001d04       0x98 /opt/Altera/QuartusPrime-15.1/nios2eds/bin/gnu/H-x86_64-pc-linux-gnu/bin/../lib/gcc/nios2-elf/4.9.2/../../../../../H-x86_64-pc-linux-gnu/nios2-elf/lib/libc.a(lib_a-strlen.o)
                0x0000000002001d04                strlen
 .text          0x0000000002001d9c        0x0 /opt/Altera/QuartusPrime-15.1/nios2eds/bin/gnu/H-x86_64-pc-linux-gnu/bin/../lib/gcc/nios2-elf/4.9.2/../../../../../H-x86_64-pc-linux-gnu/nios2-elf/lib/libc.a(lib_a-vfiprintfr_1.o)
 .text._vfiprintf_r
                0x0000000002001d9c       0x1c /opt/Altera/QuartusPrime-15.1/nios2eds/bin/gnu/H-x86_64-pc-linux-gnu/bin/../lib/gcc/nios2-elf/4.9.2/../../../../../H-x86_64-pc-linux-gnu/nios2-elf/lib/libc.a(lib_a-vfiprintfr_1.o)
                0x0000000002001d9c                _vfiprintf_r
 .text          0x0000000002001db8        0x0 /opt/Altera/QuartusPrime-15.1/nios2eds/bin/gnu/H-x86_64-pc-linux-gnu/bin/../lib/gcc/nios2-elf/4.9.2/../../../../../H-x86_64-pc-linux-gnu/nios2-elf/lib/libc.a(lib_a-vfprintf.o)
 .text.___vfprintf_internal_r
                0x0000000002001db8     0x1f50 /opt/Altera/QuartusPrime-15.1/nios2eds/bin/gnu/H-x86_64-pc-linux-gnu/bin/../lib/gcc/nios2-elf/4.9.2/../../../../../H-x86_64-pc-linux-gnu/nios2-elf/lib/libc.a(lib_a-vfprintf.o)
                0x0000000002001db8                ___vfprintf_internal_r
 .text.__vfprintf_internal
                0x0000000002003d08       0x24 /opt/Altera/QuartusPrime-15.1/nios2eds/bin/gnu/H-x86_64-pc-linux-gnu/bin/../lib/gcc/nios2-elf/4.9.2/../../../../../H-x86_64-pc-linux-gnu/nios2-elf/lib/libc.a(lib_a-vfprintf.o)
                0x0000000002003d08                __vfprintf_internal
 .text.__sbprintf
                0x0000000002003d2c       0xbc /opt/Altera/QuartusPrime-15.1/nios2eds/bin/gnu/H-x86_64-pc-linux-gnu/bin/../lib/gcc/nios2-elf/4.9.2/../../../../../H-x86_64-pc-linux-gnu/nios2-elf/lib/libc.a(lib_a-vfprintf.o)
 .text          0x0000000002003de8        0x0 /opt/Altera/QuartusPrime-15.1/nios2eds/bin/gnu/H-x86_64-pc-linux-gnu/bin/../lib/gcc/nios2-elf/4.9.2/../../../../../H-x86_64-pc-linux-gnu/nios2-elf/lib/libc.a(lib_a-vfscanf.o)
 .text.__svfscanf_r
                0x0000000002003de8     0x16f8 /opt/Altera/QuartusPrime-15.1/nios2eds/bin/gnu/H-x86_64-pc-linux-gnu/bin/../lib/gcc/nios2-elf/4.9.2/../../../../../H-x86_64-pc-linux-gnu/nios2-elf/lib/libc.a(lib_a-vfscanf.o)
                0x0000000002003de8                __svfscanf_r
 .text.vfscanf  0x00000000020054e0       0x6c /opt/Altera/QuartusPrime-15.1/nios2eds/bin/gnu/H-x86_64-pc-linux-gnu/bin/../lib/gcc/nios2-elf/4.9.2/../../../../../H-x86_64-pc-linux-gnu/nios2-elf/lib/libc.a(lib_a-vfscanf.o)
                0x00000000020054e0                vfscanf
 .text.__svfscanf
                0x000000000200554c       0x24 /opt/Altera/QuartusPrime-15.1/nios2eds/bin/gnu/H-x86_64-pc-linux-gnu/bin/../lib/gcc/nios2-elf/4.9.2/../../../../../H-x86_64-pc-linux-gnu/nios2-elf/lib/libc.a(lib_a-vfscanf.o)
                0x000000000200554c                __svfscanf
 .text._vfscanf_r
                0x0000000002005570       0x4c /opt/Altera/QuartusPrime-15.1/nios2eds/bin/gnu/H-x86_64-pc-linux-gnu/bin/../lib/gcc/nios2-elf/4.9.2/../../../../../H-x86_64-pc-linux-gnu/nios2-elf/lib/libc.a(lib_a-vfscanf.o)
                0x0000000002005570                _vfscanf_r
 .text          0x00000000020055bc        0x0 /opt/Altera/QuartusPrime-15.1/nios2eds/bin/gnu/H-x86_64-pc-linux-gnu/bin/../lib/gcc/nios2-elf/4.9.2/../../../../../H-x86_64-pc-linux-gnu/nios2-elf/lib/libc.a(lib_a-wbuf.o)
 .text.__swbuf_r
                0x00000000020055bc      0x138 /opt/Altera/QuartusPrime-15.1/nios2eds/bin/gnu/H-x86_64-pc-linux-gnu/bin/../lib/gcc/nios2-elf/4.9.2/../../../../../H-x86_64-pc-linux-gnu/nios2-elf/lib/libc.a(lib_a-wbuf.o)
                0x00000000020055bc                __swbuf_r
 .text.__swbuf  0x00000000020056f4       0x1c /opt/Altera/QuartusPrime-15.1/nios2eds/bin/gnu/H-x86_64-pc-linux-gnu/bin/../lib/gcc/nios2-elf/4.9.2/../../../../../H-x86_64-pc-linux-gnu/nios2-elf/lib/libc.a(lib_a-wbuf.o)
                0x00000000020056f4                __swbuf
 .text          0x0000000002005710        0x0 /opt/Altera/QuartusPrime-15.1/nios2eds/bin/gnu/H-x86_64-pc-linux-gnu/bin/../lib/gcc/nios2-elf/4.9.2/../../../../../H-x86_64-pc-linux-gnu/nios2-elf/lib/libc.a(lib_a-wsetup.o)
 .text.__swsetup_r
                0x0000000002005710      0x154 /opt/Altera/QuartusPrime-15.1/nios2eds/bin/gnu/H-x86_64-pc-linux-gnu/bin/../lib/gcc/nios2-elf/4.9.2/../../../../../H-x86_64-pc-linux-gnu/nios2-elf/lib/libc.a(lib_a-wsetup.o)
                0x0000000002005710                __swsetup_r
 .text          0x0000000002005864        0x0 /opt/Altera/QuartusPrime-15.1/nios2eds/bin/gnu/H-x86_64-pc-linux-gnu/bin/../lib/gcc/nios2-elf/4.9.2/../../../../../H-x86_64-pc-linux-gnu/nios2-elf/lib/libc.a(lib_a-abort.o)
 .text.abort    0x0000000002005864       0x18 /opt/Altera/QuartusPrime-15.1/nios2eds/bin/gnu/H-x86_64-pc-linux-gnu/bin/../lib/gcc/nios2-elf/4.9.2/../../../../../H-x86_64-pc-linux-gnu/nios2-elf/lib/libc.a(lib_a-abort.o)
                0x0000000002005864                abort
 .text          0x000000000200587c        0x0 /opt/Altera/QuartusPrime-15.1/nios2eds/bin/gnu/H-x86_64-pc-linux-gnu/bin/../lib/gcc/nios2-elf/4.9.2/../../../../../H-x86_64-pc-linux-gnu/nios2-elf/lib/libc.a(lib_a-ctype_.o)
 .text          0x000000000200587c        0x0 /opt/Altera/QuartusPrime-15.1/nios2eds/bin/gnu/H-x86_64-pc-linux-gnu/bin/../lib/gcc/nios2-elf/4.9.2/../../../../../H-x86_64-pc-linux-gnu/nios2-elf/lib/libc.a(lib_a-dtoa.o)
 .text.quorem   0x000000000200587c      0x200 /opt/Altera/QuartusPrime-15.1/nios2eds/bin/gnu/H-x86_64-pc-linux-gnu/bin/../lib/gcc/nios2-elf/4.9.2/../../../../../H-x86_64-pc-linux-gnu/nios2-elf/lib/libc.a(lib_a-dtoa.o)
 .text._dtoa_r  0x0000000002005a7c     0x1728 /opt/Altera/QuartusPrime-15.1/nios2eds/bin/gnu/H-x86_64-pc-linux-gnu/bin/../lib/gcc/nios2-elf/4.9.2/../../../../../H-x86_64-pc-linux-gnu/nios2-elf/lib/libc.a(lib_a-dtoa.o)
                0x0000000002005a7c                _dtoa_r
 .text          0x00000000020071a4        0x0 /opt/Altera/QuartusPrime-15.1/nios2eds/bin/gnu/H-x86_64-pc-linux-gnu/bin/../lib/gcc/nios2-elf/4.9.2/../../../../../H-x86_64-pc-linux-gnu/nios2-elf/lib/libc.a(lib_a-fflush.o)
 .text.__sflush_r
                0x00000000020071a4      0x208 /opt/Altera/QuartusPrime-15.1/nios2eds/bin/gnu/H-x86_64-pc-linux-gnu/bin/../lib/gcc/nios2-elf/4.9.2/../../../../../H-x86_64-pc-linux-gnu/nios2-elf/lib/libc.a(lib_a-fflush.o)
                0x00000000020071a4                __sflush_r
 .text._fflush_r
                0x00000000020073ac       0x5c /opt/Altera/QuartusPrime-15.1/nios2eds/bin/gnu/H-x86_64-pc-linux-gnu/bin/../lib/gcc/nios2-elf/4.9.2/../../../../../H-x86_64-pc-linux-gnu/nios2-elf/lib/libc.a(lib_a-fflush.o)
                0x00000000020073ac                _fflush_r
 .text.fflush   0x0000000002007408       0x30 /opt/Altera/QuartusPrime-15.1/nios2eds/bin/gnu/H-x86_64-pc-linux-gnu/bin/../lib/gcc/nios2-elf/4.9.2/../../../../../H-x86_64-pc-linux-gnu/nios2-elf/lib/libc.a(lib_a-fflush.o)
                0x0000000002007408                fflush
 .text          0x0000000002007438        0x0 /opt/Altera/QuartusPrime-15.1/nios2eds/bin/gnu/H-x86_64-pc-linux-gnu/bin/../lib/gcc/nios2-elf/4.9.2/../../../../../H-x86_64-pc-linux-gnu/nios2-elf/lib/libc.a(lib_a-findfp.o)
 .text.__fp_lock
                0x0000000002007438        0x8 /opt/Altera/QuartusPrime-15.1/nios2eds/bin/gnu/H-x86_64-pc-linux-gnu/bin/../lib/gcc/nios2-elf/4.9.2/../../../../../H-x86_64-pc-linux-gnu/nios2-elf/lib/libc.a(lib_a-findfp.o)
 .text.__fp_unlock
                0x0000000002007440        0x8 /opt/Altera/QuartusPrime-15.1/nios2eds/bin/gnu/H-x86_64-pc-linux-gnu/bin/../lib/gcc/nios2-elf/4.9.2/../../../../../H-x86_64-pc-linux-gnu/nios2-elf/lib/libc.a(lib_a-findfp.o)
 .text._cleanup_r
                0x0000000002007448        0xc /opt/Altera/QuartusPrime-15.1/nios2eds/bin/gnu/H-x86_64-pc-linux-gnu/bin/../lib/gcc/nios2-elf/4.9.2/../../../../../H-x86_64-pc-linux-gnu/nios2-elf/lib/libc.a(lib_a-findfp.o)
                0x0000000002007448                _cleanup_r
 .text.__sinit.part.1
                0x0000000002007454      0x19c /opt/Altera/QuartusPrime-15.1/nios2eds/bin/gnu/H-x86_64-pc-linux-gnu/bin/../lib/gcc/nios2-elf/4.9.2/../../../../../H-x86_64-pc-linux-gnu/nios2-elf/lib/libc.a(lib_a-findfp.o)
 .text.__sfmoreglue
                0x00000000020075f0       0x68 /opt/Altera/QuartusPrime-15.1/nios2eds/bin/gnu/H-x86_64-pc-linux-gnu/bin/../lib/gcc/nios2-elf/4.9.2/../../../../../H-x86_64-pc-linux-gnu/nios2-elf/lib/libc.a(lib_a-findfp.o)
                0x00000000020075f0                __sfmoreglue
 .text.__sfp    0x0000000002007658      0x118 /opt/Altera/QuartusPrime-15.1/nios2eds/bin/gnu/H-x86_64-pc-linux-gnu/bin/../lib/gcc/nios2-elf/4.9.2/../../../../../H-x86_64-pc-linux-gnu/nios2-elf/lib/libc.a(lib_a-findfp.o)
                0x0000000002007658                __sfp
 .text._cleanup
                0x0000000002007770       0x18 /opt/Altera/QuartusPrime-15.1/nios2eds/bin/gnu/H-x86_64-pc-linux-gnu/bin/../lib/gcc/nios2-elf/4.9.2/../../../../../H-x86_64-pc-linux-gnu/nios2-elf/lib/libc.a(lib_a-findfp.o)
                0x0000000002007770                _cleanup
 .text.__sinit  0x0000000002007788       0x10 /opt/Altera/QuartusPrime-15.1/nios2eds/bin/gnu/H-x86_64-pc-linux-gnu/bin/../lib/gcc/nios2-elf/4.9.2/../../../../../H-x86_64-pc-linux-gnu/nios2-elf/lib/libc.a(lib_a-findfp.o)
                0x0000000002007788                __sinit
 .text.__sfp_lock_acquire
                0x0000000002007798        0x4 /opt/Altera/QuartusPrime-15.1/nios2eds/bin/gnu/H-x86_64-pc-linux-gnu/bin/../lib/gcc/nios2-elf/4.9.2/../../../../../H-x86_64-pc-linux-gnu/nios2-elf/lib/libc.a(lib_a-findfp.o)
                0x0000000002007798                __sfp_lock_acquire
 .text.__sfp_lock_release
                0x000000000200779c        0x4 /opt/Altera/QuartusPrime-15.1/nios2eds/bin/gnu/H-x86_64-pc-linux-gnu/bin/../lib/gcc/nios2-elf/4.9.2/../../../../../H-x86_64-pc-linux-gnu/nios2-elf/lib/libc.a(lib_a-findfp.o)
                0x000000000200779c                __sfp_lock_release
 .text.__sinit_lock_acquire
                0x00000000020077a0        0x4 /opt/Altera/QuartusPrime-15.1/nios2eds/bin/gnu/H-x86_64-pc-linux-gnu/bin/../lib/gcc/nios2-elf/4.9.2/../../../../../H-x86_64-pc-linux-gnu/nios2-elf/lib/libc.a(lib_a-findfp.o)
                0x00000000020077a0                __sinit_lock_acquire
 .text.__sinit_lock_release
                0x00000000020077a4        0x4 /opt/Altera/QuartusPrime-15.1/nios2eds/bin/gnu/H-x86_64-pc-linux-gnu/bin/../lib/gcc/nios2-elf/4.9.2/../../../../../H-x86_64-pc-linux-gnu/nios2-elf/lib/libc.a(lib_a-findfp.o)
                0x00000000020077a4                __sinit_lock_release
 .text.__fp_lock_all
                0x00000000020077a8       0x18 /opt/Altera/QuartusPrime-15.1/nios2eds/bin/gnu/H-x86_64-pc-linux-gnu/bin/../lib/gcc/nios2-elf/4.9.2/../../../../../H-x86_64-pc-linux-gnu/nios2-elf/lib/libc.a(lib_a-findfp.o)
                0x00000000020077a8                __fp_lock_all
 .text.__fp_unlock_all
                0x00000000020077c0       0x18 /opt/Altera/QuartusPrime-15.1/nios2eds/bin/gnu/H-x86_64-pc-linux-gnu/bin/../lib/gcc/nios2-elf/4.9.2/../../../../../H-x86_64-pc-linux-gnu/nios2-elf/lib/libc.a(lib_a-findfp.o)
                0x00000000020077c0                __fp_unlock_all
 .text          0x00000000020077d8        0x0 /opt/Altera/QuartusPrime-15.1/nios2eds/bin/gnu/H-x86_64-pc-linux-gnu/bin/../lib/gcc/nios2-elf/4.9.2/../../../../../H-x86_64-pc-linux-gnu/nios2-elf/lib/libc.a(lib_a-fread.o)
 .text._fread_r
                0x00000000020077d8      0x230 /opt/Altera/QuartusPrime-15.1/nios2eds/bin/gnu/H-x86_64-pc-linux-gnu/bin/../lib/gcc/nios2-elf/4.9.2/../../../../../H-x86_64-pc-linux-gnu/nios2-elf/lib/libc.a(lib_a-fread.o)
                0x00000000020077d8                _fread_r
 .text.fread    0x0000000002007a08       0x40 /opt/Altera/QuartusPrime-15.1/nios2eds/bin/gnu/H-x86_64-pc-linux-gnu/bin/../lib/gcc/nios2-elf/4.9.2/../../../../../H-x86_64-pc-linux-gnu/nios2-elf/lib/libc.a(lib_a-fread.o)
                0x0000000002007a08                fread
 .text          0x0000000002007a48        0x0 /opt/Altera/QuartusPrime-15.1/nios2eds/bin/gnu/H-x86_64-pc-linux-gnu/bin/../lib/gcc/nios2-elf/4.9.2/../../../../../H-x86_64-pc-linux-gnu/nios2-elf/lib/libc.a(lib_a-freer.o)
 .text._malloc_trim_r
                0x0000000002007a48      0x124 /opt/Altera/QuartusPrime-15.1/nios2eds/bin/gnu/H-x86_64-pc-linux-gnu/bin/../lib/gcc/nios2-elf/4.9.2/../../../../../H-x86_64-pc-linux-gnu/nios2-elf/lib/libc.a(lib_a-freer.o)
                0x0000000002007a48                _malloc_trim_r
 .text._free_r  0x0000000002007b6c      0x2f0 /opt/Altera/QuartusPrime-15.1/nios2eds/bin/gnu/H-x86_64-pc-linux-gnu/bin/../lib/gcc/nios2-elf/4.9.2/../../../../../H-x86_64-pc-linux-gnu/nios2-elf/lib/libc.a(lib_a-freer.o)
                0x0000000002007b6c                _free_r
 .text          0x0000000002007e5c        0x0 /opt/Altera/QuartusPrime-15.1/nios2eds/bin/gnu/H-x86_64-pc-linux-gnu/bin/../lib/gcc/nios2-elf/4.9.2/../../../../../H-x86_64-pc-linux-gnu/nios2-elf/lib/libc.a(lib_a-fvwrite.o)
 .text.__sfvwrite_r
                0x0000000002007e5c      0x4c0 /opt/Altera/QuartusPrime-15.1/nios2eds/bin/gnu/H-x86_64-pc-linux-gnu/bin/../lib/gcc/nios2-elf/4.9.2/../../../../../H-x86_64-pc-linux-gnu/nios2-elf/lib/libc.a(lib_a-fvwrite.o)
                0x0000000002007e5c                __sfvwrite_r
 .text          0x000000000200831c        0x0 /opt/Altera/QuartusPrime-15.1/nios2eds/bin/gnu/H-x86_64-pc-linux-gnu/bin/../lib/gcc/nios2-elf/4.9.2/../../../../../H-x86_64-pc-linux-gnu/nios2-elf/lib/libc.a(lib_a-fwalk.o)
 .text._fwalk   0x000000000200831c       0xc4 /opt/Altera/QuartusPrime-15.1/nios2eds/bin/gnu/H-x86_64-pc-linux-gnu/bin/../lib/gcc/nios2-elf/4.9.2/../../../../../H-x86_64-pc-linux-gnu/nios2-elf/lib/libc.a(lib_a-fwalk.o)
                0x000000000200831c                _fwalk
 .text._fwalk_reent
                0x00000000020083e0       0xc4 /opt/Altera/QuartusPrime-15.1/nios2eds/bin/gnu/H-x86_64-pc-linux-gnu/bin/../lib/gcc/nios2-elf/4.9.2/../../../../../H-x86_64-pc-linux-gnu/nios2-elf/lib/libc.a(lib_a-fwalk.o)
                0x00000000020083e0                _fwalk_reent
 .text          0x00000000020084a4        0x0 /opt/Altera/QuartusPrime-15.1/nios2eds/bin/gnu/H-x86_64-pc-linux-gnu/bin/../lib/gcc/nios2-elf/4.9.2/../../../../../H-x86_64-pc-linux-gnu/nios2-elf/lib/libc.a(lib_a-int_errno.o)
 .text          0x00000000020084a4        0x0 /opt/Altera/QuartusPrime-15.1/nios2eds/bin/gnu/H-x86_64-pc-linux-gnu/bin/../lib/gcc/nios2-elf/4.9.2/../../../../../H-x86_64-pc-linux-gnu/nios2-elf/lib/libc.a(lib_a-iswspace.o)
 .text.iswspace
                0x00000000020084a4       0x30 /opt/Altera/QuartusPrime-15.1/nios2eds/bin/gnu/H-x86_64-pc-linux-gnu/bin/../lib/gcc/nios2-elf/4.9.2/../../../../../H-x86_64-pc-linux-gnu/nios2-elf/lib/libc.a(lib_a-iswspace.o)
                0x00000000020084a4                iswspace
 .text          0x00000000020084d4        0x0 /opt/Altera/QuartusPrime-15.1/nios2eds/bin/gnu/H-x86_64-pc-linux-gnu/bin/../lib/gcc/nios2-elf/4.9.2/../../../../../H-x86_64-pc-linux-gnu/nios2-elf/lib/libc.a(lib_a-locale.o)
 .text._setlocale_r
                0x00000000020084d4       0x7c /opt/Altera/QuartusPrime-15.1/nios2eds/bin/gnu/H-x86_64-pc-linux-gnu/bin/../lib/gcc/nios2-elf/4.9.2/../../../../../H-x86_64-pc-linux-gnu/nios2-elf/lib/libc.a(lib_a-locale.o)
                0x00000000020084d4                _setlocale_r
 .text.__locale_charset
                0x0000000002008550        0xc /opt/Altera/QuartusPrime-15.1/nios2eds/bin/gnu/H-x86_64-pc-linux-gnu/bin/../lib/gcc/nios2-elf/4.9.2/../../../../../H-x86_64-pc-linux-gnu/nios2-elf/lib/libc.a(lib_a-locale.o)
                0x0000000002008550                __locale_charset
 .text.__locale_mb_cur_max
                0x000000000200855c       0x10 /opt/Altera/QuartusPrime-15.1/nios2eds/bin/gnu/H-x86_64-pc-linux-gnu/bin/../lib/gcc/nios2-elf/4.9.2/../../../../../H-x86_64-pc-linux-gnu/nios2-elf/lib/libc.a(lib_a-locale.o)
                0x000000000200855c                __locale_mb_cur_max
 .text.__locale_msgcharset
                0x000000000200856c        0xc /opt/Altera/QuartusPrime-15.1/nios2eds/bin/gnu/H-x86_64-pc-linux-gnu/bin/../lib/gcc/nios2-elf/4.9.2/../../../../../H-x86_64-pc-linux-gnu/nios2-elf/lib/libc.a(lib_a-locale.o)
                0x000000000200856c                __locale_msgcharset
 .text.__locale_cjk_lang
                0x0000000002008578        0x8 /opt/Altera/QuartusPrime-15.1/nios2eds/bin/gnu/H-x86_64-pc-linux-gnu/bin/../lib/gcc/nios2-elf/4.9.2/../../../../../H-x86_64-pc-linux-gnu/nios2-elf/lib/libc.a(lib_a-locale.o)
                0x0000000002008578                __locale_cjk_lang
 .text._localeconv_r
                0x0000000002008580        0xc /opt/Altera/QuartusPrime-15.1/nios2eds/bin/gnu/H-x86_64-pc-linux-gnu/bin/../lib/gcc/nios2-elf/4.9.2/../../../../../H-x86_64-pc-linux-gnu/nios2-elf/lib/libc.a(lib_a-locale.o)
                0x0000000002008580                _localeconv_r
 .text.setlocale
                0x000000000200858c       0x1c /opt/Altera/QuartusPrime-15.1/nios2eds/bin/gnu/H-x86_64-pc-linux-gnu/bin/../lib/gcc/nios2-elf/4.9.2/../../../../../H-x86_64-pc-linux-gnu/nios2-elf/lib/libc.a(lib_a-locale.o)
                0x000000000200858c                setlocale
 .text.localeconv
                0x00000000020085a8        0xc /opt/Altera/QuartusPrime-15.1/nios2eds/bin/gnu/H-x86_64-pc-linux-gnu/bin/../lib/gcc/nios2-elf/4.9.2/../../../../../H-x86_64-pc-linux-gnu/nios2-elf/lib/libc.a(lib_a-locale.o)
                0x00000000020085a8                localeconv
 .text          0x00000000020085b4        0x0 /opt/Altera/QuartusPrime-15.1/nios2eds/bin/gnu/H-x86_64-pc-linux-gnu/bin/../lib/gcc/nios2-elf/4.9.2/../../../../../H-x86_64-pc-linux-gnu/nios2-elf/lib/libc.a(lib_a-makebuf.o)
 .text.__smakebuf_r
                0x00000000020085b4      0x1b8 /opt/Altera/QuartusPrime-15.1/nios2eds/bin/gnu/H-x86_64-pc-linux-gnu/bin/../lib/gcc/nios2-elf/4.9.2/../../../../../H-x86_64-pc-linux-gnu/nios2-elf/lib/libc.a(lib_a-makebuf.o)
                0x00000000020085b4                __smakebuf_r
 .text          0x000000000200876c        0x0 /opt/Altera/QuartusPrime-15.1/nios2eds/bin/gnu/H-x86_64-pc-linux-gnu/bin/../lib/gcc/nios2-elf/4.9.2/../../../../../H-x86_64-pc-linux-gnu/nios2-elf/lib/libc.a(lib_a-mbrtowc.o)
 .text._mbrtowc_r
                0x000000000200876c       0xac /opt/Altera/QuartusPrime-15.1/nios2eds/bin/gnu/H-x86_64-pc-linux-gnu/bin/../lib/gcc/nios2-elf/4.9.2/../../../../../H-x86_64-pc-linux-gnu/nios2-elf/lib/libc.a(lib_a-mbrtowc.o)
                0x000000000200876c                _mbrtowc_r
 .text.mbrtowc  0x0000000002008818       0xd8 /opt/Altera/QuartusPrime-15.1/nios2eds/bin/gnu/H-x86_64-pc-linux-gnu/bin/../lib/gcc/nios2-elf/4.9.2/../../../../../H-x86_64-pc-linux-gnu/nios2-elf/lib/libc.a(lib_a-mbrtowc.o)
                0x0000000002008818                mbrtowc
 .text          0x00000000020088f0        0x0 /opt/Altera/QuartusPrime-15.1/nios2eds/bin/gnu/H-x86_64-pc-linux-gnu/bin/../lib/gcc/nios2-elf/4.9.2/../../../../../H-x86_64-pc-linux-gnu/nios2-elf/lib/libc.a(lib_a-mbtowc_r.o)
 .text.__ascii_mbtowc
                0x00000000020088f0       0x44 /opt/Altera/QuartusPrime-15.1/nios2eds/bin/gnu/H-x86_64-pc-linux-gnu/bin/../lib/gcc/nios2-elf/4.9.2/../../../../../H-x86_64-pc-linux-gnu/nios2-elf/lib/libc.a(lib_a-mbtowc_r.o)
                0x00000000020088f0                __ascii_mbtowc
 .text._mbtowc_r
                0x0000000002008934       0x5c /opt/Altera/QuartusPrime-15.1/nios2eds/bin/gnu/H-x86_64-pc-linux-gnu/bin/../lib/gcc/nios2-elf/4.9.2/../../../../../H-x86_64-pc-linux-gnu/nios2-elf/lib/libc.a(lib_a-mbtowc_r.o)
                0x0000000002008934                _mbtowc_r
 .text          0x0000000002008990        0x0 /opt/Altera/QuartusPrime-15.1/nios2eds/bin/gnu/H-x86_64-pc-linux-gnu/bin/../lib/gcc/nios2-elf/4.9.2/../../../../../H-x86_64-pc-linux-gnu/nios2-elf/lib/libc.a(lib_a-memchr.o)
 .text.memchr   0x0000000002008990       0xe8 /opt/Altera/QuartusPrime-15.1/nios2eds/bin/gnu/H-x86_64-pc-linux-gnu/bin/../lib/gcc/nios2-elf/4.9.2/../../../../../H-x86_64-pc-linux-gnu/nios2-elf/lib/libc.a(lib_a-memchr.o)
                0x0000000002008990                memchr
 .text          0x0000000002008a78        0x0 /opt/Altera/QuartusPrime-15.1/nios2eds/bin/gnu/H-x86_64-pc-linux-gnu/bin/../lib/gcc/nios2-elf/4.9.2/../../../../../H-x86_64-pc-linux-gnu/nios2-elf/lib/libc.a(lib_a-memcpy.o)
 .text.memcpy   0x0000000002008a78      0x138 /opt/Altera/QuartusPrime-15.1/nios2eds/bin/gnu/H-x86_64-pc-linux-gnu/bin/../lib/gcc/nios2-elf/4.9.2/../../../../../H-x86_64-pc-linux-gnu/nios2-elf/lib/libc.a(lib_a-memcpy.o)
                0x0000000002008a78                memcpy
 .text          0x0000000002008bb0        0x0 /opt/Altera/QuartusPrime-15.1/nios2eds/bin/gnu/H-x86_64-pc-linux-gnu/bin/../lib/gcc/nios2-elf/4.9.2/../../../../../H-x86_64-pc-linux-gnu/nios2-elf/lib/libc.a(lib_a-memmove.o)
 .text.memmove  0x0000000002008bb0      0x15c /opt/Altera/QuartusPrime-15.1/nios2eds/bin/gnu/H-x86_64-pc-linux-gnu/bin/../lib/gcc/nios2-elf/4.9.2/../../../../../H-x86_64-pc-linux-gnu/nios2-elf/lib/libc.a(lib_a-memmove.o)
                0x0000000002008bb0                memmove
 .text          0x0000000002008d0c        0x0 /opt/Altera/QuartusPrime-15.1/nios2eds/bin/gnu/H-x86_64-pc-linux-gnu/bin/../lib/gcc/nios2-elf/4.9.2/../../../../../H-x86_64-pc-linux-gnu/nios2-elf/lib/libc.a(lib_a-memset.o)
 .text.memset   0x0000000002008d0c      0x124 /opt/Altera/QuartusPrime-15.1/nios2eds/bin/gnu/H-x86_64-pc-linux-gnu/bin/../lib/gcc/nios2-elf/4.9.2/../../../../../H-x86_64-pc-linux-gnu/nios2-elf/lib/libc.a(lib_a-memset.o)
                0x0000000002008d0c                memset
 .text          0x0000000002008e30        0x0 /opt/Altera/QuartusPrime-15.1/nios2eds/bin/gnu/H-x86_64-pc-linux-gnu/bin/../lib/gcc/nios2-elf/4.9.2/../../../../../H-x86_64-pc-linux-gnu/nios2-elf/lib/libc.a(lib_a-mprec.o)
 .text._Balloc  0x0000000002008e30       0xa8 /opt/Altera/QuartusPrime-15.1/nios2eds/bin/gnu/H-x86_64-pc-linux-gnu/bin/../lib/gcc/nios2-elf/4.9.2/../../../../../H-x86_64-pc-linux-gnu/nios2-elf/lib/libc.a(lib_a-mprec.o)
                0x0000000002008e30                _Balloc
 .text._Bfree   0x0000000002008ed8       0x28 /opt/Altera/QuartusPrime-15.1/nios2eds/bin/gnu/H-x86_64-pc-linux-gnu/bin/../lib/gcc/nios2-elf/4.9.2/../../../../../H-x86_64-pc-linux-gnu/nios2-elf/lib/libc.a(lib_a-mprec.o)
                0x0000000002008ed8                _Bfree
 .text.__multadd
                0x0000000002008f00      0x120 /opt/Altera/QuartusPrime-15.1/nios2eds/bin/gnu/H-x86_64-pc-linux-gnu/bin/../lib/gcc/nios2-elf/4.9.2/../../../../../H-x86_64-pc-linux-gnu/nios2-elf/lib/libc.a(lib_a-mprec.o)
                0x0000000002008f00                __multadd
 .text.__s2b    0x0000000002009020      0x104 /opt/Altera/QuartusPrime-15.1/nios2eds/bin/gnu/H-x86_64-pc-linux-gnu/bin/../lib/gcc/nios2-elf/4.9.2/../../../../../H-x86_64-pc-linux-gnu/nios2-elf/lib/libc.a(lib_a-mprec.o)
                0x0000000002009020                __s2b
 .text.__hi0bits
                0x0000000002009124       0x68 /opt/Altera/QuartusPrime-15.1/nios2eds/bin/gnu/H-x86_64-pc-linux-gnu/bin/../lib/gcc/nios2-elf/4.9.2/../../../../../H-x86_64-pc-linux-gnu/nios2-elf/lib/libc.a(lib_a-mprec.o)
                0x0000000002009124                __hi0bits
 .text.__lo0bits
                0x000000000200918c       0xb0 /opt/Altera/QuartusPrime-15.1/nios2eds/bin/gnu/H-x86_64-pc-linux-gnu/bin/../lib/gcc/nios2-elf/4.9.2/../../../../../H-x86_64-pc-linux-gnu/nios2-elf/lib/libc.a(lib_a-mprec.o)
                0x000000000200918c                __lo0bits
 .text.__i2b    0x000000000200923c       0x3c /opt/Altera/QuartusPrime-15.1/nios2eds/bin/gnu/H-x86_64-pc-linux-gnu/bin/../lib/gcc/nios2-elf/4.9.2/../../../../../H-x86_64-pc-linux-gnu/nios2-elf/lib/libc.a(lib_a-mprec.o)
                0x000000000200923c                __i2b
 .text.__multiply
                0x0000000002009278      0x1fc /opt/Altera/QuartusPrime-15.1/nios2eds/bin/gnu/H-x86_64-pc-linux-gnu/bin/../lib/gcc/nios2-elf/4.9.2/../../../../../H-x86_64-pc-linux-gnu/nios2-elf/lib/libc.a(lib_a-mprec.o)
                0x0000000002009278                __multiply
 .text.__pow5mult
                0x0000000002009474      0x140 /opt/Altera/QuartusPrime-15.1/nios2eds/bin/gnu/H-x86_64-pc-linux-gnu/bin/../lib/gcc/nios2-elf/4.9.2/../../../../../H-x86_64-pc-linux-gnu/nios2-elf/lib/libc.a(lib_a-mprec.o)
                0x0000000002009474                __pow5mult
 .text.__lshift
                0x00000000020095b4      0x150 /opt/Altera/QuartusPrime-15.1/nios2eds/bin/gnu/H-x86_64-pc-linux-gnu/bin/../lib/gcc/nios2-elf/4.9.2/../../../../../H-x86_64-pc-linux-gnu/nios2-elf/lib/libc.a(lib_a-mprec.o)
                0x00000000020095b4                __lshift
 .text.__mcmp   0x0000000002009704       0x60 /opt/Altera/QuartusPrime-15.1/nios2eds/bin/gnu/H-x86_64-pc-linux-gnu/bin/../lib/gcc/nios2-elf/4.9.2/../../../../../H-x86_64-pc-linux-gnu/nios2-elf/lib/libc.a(lib_a-mprec.o)
                0x0000000002009704                __mcmp
 .text.__mdiff  0x0000000002009764      0x198 /opt/Altera/QuartusPrime-15.1/nios2eds/bin/gnu/H-x86_64-pc-linux-gnu/bin/../lib/gcc/nios2-elf/4.9.2/../../../../../H-x86_64-pc-linux-gnu/nios2-elf/lib/libc.a(lib_a-mprec.o)
                0x0000000002009764                __mdiff
 .text.__ulp    0x00000000020098fc       0x60 /opt/Altera/QuartusPrime-15.1/nios2eds/bin/gnu/H-x86_64-pc-linux-gnu/bin/../lib/gcc/nios2-elf/4.9.2/../../../../../H-x86_64-pc-linux-gnu/nios2-elf/lib/libc.a(lib_a-mprec.o)
                0x00000000020098fc                __ulp
 .text.__b2d    0x000000000200995c      0x11c /opt/Altera/QuartusPrime-15.1/nios2eds/bin/gnu/H-x86_64-pc-linux-gnu/bin/../lib/gcc/nios2-elf/4.9.2/../../../../../H-x86_64-pc-linux-gnu/nios2-elf/lib/libc.a(lib_a-mprec.o)
                0x000000000200995c                __b2d
 .text.__d2b    0x0000000002009a78      0x13c /opt/Altera/QuartusPrime-15.1/nios2eds/bin/gnu/H-x86_64-pc-linux-gnu/bin/../lib/gcc/nios2-elf/4.9.2/../../../../../H-x86_64-pc-linux-gnu/nios2-elf/lib/libc.a(lib_a-mprec.o)
                0x0000000002009a78                __d2b
 .text.__ratio  0x0000000002009bb4       0xa4 /opt/Altera/QuartusPrime-15.1/nios2eds/bin/gnu/H-x86_64-pc-linux-gnu/bin/../lib/gcc/nios2-elf/4.9.2/../../../../../H-x86_64-pc-linux-gnu/nios2-elf/lib/libc.a(lib_a-mprec.o)
                0x0000000002009bb4                __ratio
 .text._mprec_log10
                0x0000000002009c58       0x74 /opt/Altera/QuartusPrime-15.1/nios2eds/bin/gnu/H-x86_64-pc-linux-gnu/bin/../lib/gcc/nios2-elf/4.9.2/../../../../../H-x86_64-pc-linux-gnu/nios2-elf/lib/libc.a(lib_a-mprec.o)
                0x0000000002009c58                _mprec_log10
 .text.__copybits
                0x0000000002009ccc       0x78 /opt/Altera/QuartusPrime-15.1/nios2eds/bin/gnu/H-x86_64-pc-linux-gnu/bin/../lib/gcc/nios2-elf/4.9.2/../../../../../H-x86_64-pc-linux-gnu/nios2-elf/lib/libc.a(lib_a-mprec.o)
                0x0000000002009ccc                __copybits
 .text.__any_on
                0x0000000002009d44       0x8c /opt/Altera/QuartusPrime-15.1/nios2eds/bin/gnu/H-x86_64-pc-linux-gnu/bin/../lib/gcc/nios2-elf/4.9.2/../../../../../H-x86_64-pc-linux-gnu/nios2-elf/lib/libc.a(lib_a-mprec.o)
                0x0000000002009d44                __any_on
 .text          0x0000000002009dd0        0x0 /opt/Altera/QuartusPrime-15.1/nios2eds/bin/gnu/H-x86_64-pc-linux-gnu/bin/../lib/gcc/nios2-elf/4.9.2/../../../../../H-x86_64-pc-linux-gnu/nios2-elf/lib/libc.a(lib_a-reallocr.o)
 .text._realloc_r
                0x0000000002009dd0      0x568 /opt/Altera/QuartusPrime-15.1/nios2eds/bin/gnu/H-x86_64-pc-linux-gnu/bin/../lib/gcc/nios2-elf/4.9.2/../../../../../H-x86_64-pc-linux-gnu/nios2-elf/lib/libc.a(lib_a-reallocr.o)
                0x0000000002009dd0                _realloc_r
 .text          0x000000000200a338        0x0 /opt/Altera/QuartusPrime-15.1/nios2eds/bin/gnu/H-x86_64-pc-linux-gnu/bin/../lib/gcc/nios2-elf/4.9.2/../../../../../H-x86_64-pc-linux-gnu/nios2-elf/lib/libc.a(lib_a-refill.o)
 .text.lflush   0x000000000200a338       0x1c /opt/Altera/QuartusPrime-15.1/nios2eds/bin/gnu/H-x86_64-pc-linux-gnu/bin/../lib/gcc/nios2-elf/4.9.2/../../../../../H-x86_64-pc-linux-gnu/nios2-elf/lib/libc.a(lib_a-refill.o)
 .text.__srefill_r
                0x000000000200a354      0x1d4 /opt/Altera/QuartusPrime-15.1/nios2eds/bin/gnu/H-x86_64-pc-linux-gnu/bin/../lib/gcc/nios2-elf/4.9.2/../../../../../H-x86_64-pc-linux-gnu/nios2-elf/lib/libc.a(lib_a-refill.o)
                0x000000000200a354                __srefill_r
 .text          0x000000000200a528        0x0 /opt/Altera/QuartusPrime-15.1/nios2eds/bin/gnu/H-x86_64-pc-linux-gnu/bin/../lib/gcc/nios2-elf/4.9.2/../../../../../H-x86_64-pc-linux-gnu/nios2-elf/lib/libc.a(lib_a-s_fpclassify.o)
 .text.__fpclassifyd
                0x000000000200a528       0x74 /opt/Altera/QuartusPrime-15.1/nios2eds/bin/gnu/H-x86_64-pc-linux-gnu/bin/../lib/gcc/nios2-elf/4.9.2/../../../../../H-x86_64-pc-linux-gnu/nios2-elf/lib/libc.a(lib_a-s_fpclassify.o)
                0x000000000200a528                __fpclassifyd
 .text          0x000000000200a59c        0x0 /opt/Altera/QuartusPrime-15.1/nios2eds/bin/gnu/H-x86_64-pc-linux-gnu/bin/../lib/gcc/nios2-elf/4.9.2/../../../../../H-x86_64-pc-linux-gnu/nios2-elf/lib/libc.a(lib_a-sccl.o)
 .text.__sccl   0x000000000200a59c       0xc0 /opt/Altera/QuartusPrime-15.1/nios2eds/bin/gnu/H-x86_64-pc-linux-gnu/bin/../lib/gcc/nios2-elf/4.9.2/../../../../../H-x86_64-pc-linux-gnu/nios2-elf/lib/libc.a(lib_a-sccl.o)
                0x000000000200a59c                __sccl
 .text          0x000000000200a65c        0x0 /opt/Altera/QuartusPrime-15.1/nios2eds/bin/gnu/H-x86_64-pc-linux-gnu/bin/../lib/gcc/nios2-elf/4.9.2/../../../../../H-x86_64-pc-linux-gnu/nios2-elf/lib/libc.a(lib_a-sf_nan.o)
 .text.nanf     0x000000000200a65c        0x8 /opt/Altera/QuartusPrime-15.1/nios2eds/bin/gnu/H-x86_64-pc-linux-gnu/bin/../lib/gcc/nios2-elf/4.9.2/../../../../../H-x86_64-pc-linux-gnu/nios2-elf/lib/libc.a(lib_a-sf_nan.o)
                0x000000000200a65c                nanf
 .text          0x000000000200a664        0x0 /opt/Altera/QuartusPrime-15.1/nios2eds/bin/gnu/H-x86_64-pc-linux-gnu/bin/../lib/gcc/nios2-elf/4.9.2/../../../../../H-x86_64-pc-linux-gnu/nios2-elf/lib/libc.a(lib_a-signal.o)
 .text._init_signal_r
                0x000000000200a664       0x68 /opt/Altera/QuartusPrime-15.1/nios2eds/bin/gnu/H-x86_64-pc-linux-gnu/bin/../lib/gcc/nios2-elf/4.9.2/../../../../../H-x86_64-pc-linux-gnu/nios2-elf/lib/libc.a(lib_a-signal.o)
                0x000000000200a664                _init_signal_r
 .text._signal_r
                0x000000000200a6cc       0x84 /opt/Altera/QuartusPrime-15.1/nios2eds/bin/gnu/H-x86_64-pc-linux-gnu/bin/../lib/gcc/nios2-elf/4.9.2/../../../../../H-x86_64-pc-linux-gnu/nios2-elf/lib/libc.a(lib_a-signal.o)
                0x000000000200a6cc                _signal_r
 .text._raise_r
                0x000000000200a750       0xbc /opt/Altera/QuartusPrime-15.1/nios2eds/bin/gnu/H-x86_64-pc-linux-gnu/bin/../lib/gcc/nios2-elf/4.9.2/../../../../../H-x86_64-pc-linux-gnu/nios2-elf/lib/libc.a(lib_a-signal.o)
                0x000000000200a750                _raise_r
 .text.__sigtramp_r
                0x000000000200a80c       0xa8 /opt/Altera/QuartusPrime-15.1/nios2eds/bin/gnu/H-x86_64-pc-linux-gnu/bin/../lib/gcc/nios2-elf/4.9.2/../../../../../H-x86_64-pc-linux-gnu/nios2-elf/lib/libc.a(lib_a-signal.o)
                0x000000000200a80c                __sigtramp_r
 .text.raise    0x000000000200a8b4       0x14 /opt/Altera/QuartusPrime-15.1/nios2eds/bin/gnu/H-x86_64-pc-linux-gnu/bin/../lib/gcc/nios2-elf/4.9.2/../../../../../H-x86_64-pc-linux-gnu/nios2-elf/lib/libc.a(lib_a-signal.o)
                0x000000000200a8b4                raise
 .text.signal   0x000000000200a8c8       0x1c /opt/Altera/QuartusPrime-15.1/nios2eds/bin/gnu/H-x86_64-pc-linux-gnu/bin/../lib/gcc/nios2-elf/4.9.2/../../../../../H-x86_64-pc-linux-gnu/nios2-elf/lib/libc.a(lib_a-signal.o)
                0x000000000200a8c8                signal
 .text._init_signal
                0x000000000200a8e4       0x10 /opt/Altera/QuartusPrime-15.1/nios2eds/bin/gnu/H-x86_64-pc-linux-gnu/bin/../lib/gcc/nios2-elf/4.9.2/../../../../../H-x86_64-pc-linux-gnu/nios2-elf/lib/libc.a(lib_a-signal.o)
                0x000000000200a8e4                _init_signal
 .text.__sigtramp
                0x000000000200a8f4       0x14 /opt/Altera/QuartusPrime-15.1/nios2eds/bin/gnu/H-x86_64-pc-linux-gnu/bin/../lib/gcc/nios2-elf/4.9.2/../../../../../H-x86_64-pc-linux-gnu/nios2-elf/lib/libc.a(lib_a-signal.o)
                0x000000000200a8f4                __sigtramp
 .text          0x000000000200a908        0x0 /opt/Altera/QuartusPrime-15.1/nios2eds/bin/gnu/H-x86_64-pc-linux-gnu/bin/../lib/gcc/nios2-elf/4.9.2/../../../../../H-x86_64-pc-linux-gnu/nios2-elf/lib/libc.a(lib_a-signalr.o)
 .text._kill_r  0x000000000200a908       0x58 /opt/Altera/QuartusPrime-15.1/nios2eds/bin/gnu/H-x86_64-pc-linux-gnu/bin/../lib/gcc/nios2-elf/4.9.2/../../../../../H-x86_64-pc-linux-gnu/nios2-elf/lib/libc.a(lib_a-signalr.o)
                0x000000000200a908                _kill_r
 .text._getpid_r
                0x000000000200a960        0x4 /opt/Altera/QuartusPrime-15.1/nios2eds/bin/gnu/H-x86_64-pc-linux-gnu/bin/../lib/gcc/nios2-elf/4.9.2/../../../../../H-x86_64-pc-linux-gnu/nios2-elf/lib/libc.a(lib_a-signalr.o)
                0x000000000200a960                _getpid_r
 .text          0x000000000200a964        0x0 /opt/Altera/QuartusPrime-15.1/nios2eds/bin/gnu/H-x86_64-pc-linux-gnu/bin/../lib/gcc/nios2-elf/4.9.2/../../../../../H-x86_64-pc-linux-gnu/nios2-elf/lib/libc.a(lib_a-sprintf.o)
 .text._sprintf_r
                0x000000000200a964       0x58 /opt/Altera/QuartusPrime-15.1/nios2eds/bin/gnu/H-x86_64-pc-linux-gnu/bin/../lib/gcc/nios2-elf/4.9.2/../../../../../H-x86_64-pc-linux-gnu/nios2-elf/lib/libc.a(lib_a-sprintf.o)
                0x000000000200a964                _sprintf_r
 .text.sprintf  0x000000000200a9bc       0x6c /opt/Altera/QuartusPrime-15.1/nios2eds/bin/gnu/H-x86_64-pc-linux-gnu/bin/../lib/gcc/nios2-elf/4.9.2/../../../../../H-x86_64-pc-linux-gnu/nios2-elf/lib/libc.a(lib_a-sprintf.o)
                0x000000000200a9bc                sprintf
 .text          0x000000000200aa28        0x0 /opt/Altera/QuartusPrime-15.1/nios2eds/bin/gnu/H-x86_64-pc-linux-gnu/bin/../lib/gcc/nios2-elf/4.9.2/../../../../../H-x86_64-pc-linux-gnu/nios2-elf/lib/libc.a(lib_a-stdio.o)
 .text.__sread  0x000000000200aa28       0x54 /opt/Altera/QuartusPrime-15.1/nios2eds/bin/gnu/H-x86_64-pc-linux-gnu/bin/../lib/gcc/nios2-elf/4.9.2/../../../../../H-x86_64-pc-linux-gnu/nios2-elf/lib/libc.a(lib_a-stdio.o)
                0x000000000200aa28                __sread
 .text.__seofread
                0x000000000200aa7c        0x8 /opt/Altera/QuartusPrime-15.1/nios2eds/bin/gnu/H-x86_64-pc-linux-gnu/bin/../lib/gcc/nios2-elf/4.9.2/../../../../../H-x86_64-pc-linux-gnu/nios2-elf/lib/libc.a(lib_a-stdio.o)
                0x000000000200aa7c                __seofread
 .text.__swrite
                0x000000000200aa84       0x7c /opt/Altera/QuartusPrime-15.1/nios2eds/bin/gnu/H-x86_64-pc-linux-gnu/bin/../lib/gcc/nios2-elf/4.9.2/../../../../../H-x86_64-pc-linux-gnu/nios2-elf/lib/libc.a(lib_a-stdio.o)
                0x000000000200aa84                __swrite
 .text.__sseek  0x000000000200ab00       0x5c /opt/Altera/QuartusPrime-15.1/nios2eds/bin/gnu/H-x86_64-pc-linux-gnu/bin/../lib/gcc/nios2-elf/4.9.2/../../../../../H-x86_64-pc-linux-gnu/nios2-elf/lib/libc.a(lib_a-stdio.o)
                0x000000000200ab00                __sseek
 .text.__sclose
                0x000000000200ab5c        0x8 /opt/Altera/QuartusPrime-15.1/nios2eds/bin/gnu/H-x86_64-pc-linux-gnu/bin/../lib/gcc/nios2-elf/4.9.2/../../../../../H-x86_64-pc-linux-gnu/nios2-elf/lib/libc.a(lib_a-stdio.o)
                0x000000000200ab5c                __sclose
 .text          0x000000000200ab64        0x0 /opt/Altera/QuartusPrime-15.1/nios2eds/bin/gnu/H-x86_64-pc-linux-gnu/bin/../lib/gcc/nios2-elf/4.9.2/../../../../../H-x86_64-pc-linux-gnu/nios2-elf/lib/libc.a(lib_a-strtod.o)
 .text.sulp     0x000000000200ab64       0x64 /opt/Altera/QuartusPrime-15.1/nios2eds/bin/gnu/H-x86_64-pc-linux-gnu/bin/../lib/gcc/nios2-elf/4.9.2/../../../../../H-x86_64-pc-linux-gnu/nios2-elf/lib/libc.a(lib_a-strtod.o)
 .text._strtod_r
                0x000000000200abc8     0x15ec /opt/Altera/QuartusPrime-15.1/nios2eds/bin/gnu/H-x86_64-pc-linux-gnu/bin/../lib/gcc/nios2-elf/4.9.2/../../../../../H-x86_64-pc-linux-gnu/nios2-elf/lib/libc.a(lib_a-strtod.o)
                0x000000000200abc8                _strtod_r
 .text.strtod   0x000000000200c1b4       0x1c /opt/Altera/QuartusPrime-15.1/nios2eds/bin/gnu/H-x86_64-pc-linux-gnu/bin/../lib/gcc/nios2-elf/4.9.2/../../../../../H-x86_64-pc-linux-gnu/nios2-elf/lib/libc.a(lib_a-strtod.o)
                0x000000000200c1b4                strtod
 .text.strtof   0x000000000200c1d0      0x104 /opt/Altera/QuartusPrime-15.1/nios2eds/bin/gnu/H-x86_64-pc-linux-gnu/bin/../lib/gcc/nios2-elf/4.9.2/../../../../../H-x86_64-pc-linux-gnu/nios2-elf/lib/libc.a(lib_a-strtod.o)
                0x000000000200c1d0                strtof
 .text          0x000000000200c2d4        0x0 /opt/Altera/QuartusPrime-15.1/nios2eds/bin/gnu/H-x86_64-pc-linux-gnu/bin/../lib/gcc/nios2-elf/4.9.2/../../../../../H-x86_64-pc-linux-gnu/nios2-elf/lib/libc.a(lib_a-strtol.o)
 .text._strtol_r
                0x000000000200c2d4      0x240 /opt/Altera/QuartusPrime-15.1/nios2eds/bin/gnu/H-x86_64-pc-linux-gnu/bin/../lib/gcc/nios2-elf/4.9.2/../../../../../H-x86_64-pc-linux-gnu/nios2-elf/lib/libc.a(lib_a-strtol.o)
                0x000000000200c2d4                _strtol_r
 .text.strtol   0x000000000200c514       0x24 /opt/Altera/QuartusPrime-15.1/nios2eds/bin/gnu/H-x86_64-pc-linux-gnu/bin/../lib/gcc/nios2-elf/4.9.2/../../../../../H-x86_64-pc-linux-gnu/nios2-elf/lib/libc.a(lib_a-strtol.o)
                0x000000000200c514                strtol
 .text          0x000000000200c538        0x0 /opt/Altera/QuartusPrime-15.1/nios2eds/bin/gnu/H-x86_64-pc-linux-gnu/bin/../lib/gcc/nios2-elf/4.9.2/../../../../../H-x86_64-pc-linux-gnu/nios2-elf/lib/libc.a(lib_a-strtoll_r.o)
 .text._strtoll_r
                0x000000000200c538      0x2f4 /opt/Altera/QuartusPrime-15.1/nios2eds/bin/gnu/H-x86_64-pc-linux-gnu/bin/../lib/gcc/nios2-elf/4.9.2/../../../../../H-x86_64-pc-linux-gnu/nios2-elf/lib/libc.a(lib_a-strtoll_r.o)
                0x000000000200c538                _strtoll_r
 .text          0x000000000200c82c        0x0 /opt/Altera/QuartusPrime-15.1/nios2eds/bin/gnu/H-x86_64-pc-linux-gnu/bin/../lib/gcc/nios2-elf/4.9.2/../../../../../H-x86_64-pc-linux-gnu/nios2-elf/lib/libc.a(lib_a-strtoul.o)
 .text._strtoul_r
                0x000000000200c82c      0x268 /opt/Altera/QuartusPrime-15.1/nios2eds/bin/gnu/H-x86_64-pc-linux-gnu/bin/../lib/gcc/nios2-elf/4.9.2/../../../../../H-x86_64-pc-linux-gnu/nios2-elf/lib/libc.a(lib_a-strtoul.o)
                0x000000000200c82c                _strtoul_r
 .text.strtoul  0x000000000200ca94       0x24 /opt/Altera/QuartusPrime-15.1/nios2eds/bin/gnu/H-x86_64-pc-linux-gnu/bin/../lib/gcc/nios2-elf/4.9.2/../../../../../H-x86_64-pc-linux-gnu/nios2-elf/lib/libc.a(lib_a-strtoul.o)
                0x000000000200ca94                strtoul
 .text          0x000000000200cab8        0x0 /opt/Altera/QuartusPrime-15.1/nios2eds/bin/gnu/H-x86_64-pc-linux-gnu/bin/../lib/gcc/nios2-elf/4.9.2/../../../../../H-x86_64-pc-linux-gnu/nios2-elf/lib/libc.a(lib_a-strtoull_r.o)
 .text._strtoull_r
                0x000000000200cab8      0x334 /opt/Altera/QuartusPrime-15.1/nios2eds/bin/gnu/H-x86_64-pc-linux-gnu/bin/../lib/gcc/nios2-elf/4.9.2/../../../../../H-x86_64-pc-linux-gnu/nios2-elf/lib/libc.a(lib_a-strtoull_r.o)
                0x000000000200cab8                _strtoull_r
 .text          0x000000000200cdec        0x0 /opt/Altera/QuartusPrime-15.1/nios2eds/bin/gnu/H-x86_64-pc-linux-gnu/bin/../lib/gcc/nios2-elf/4.9.2/../../../../../H-x86_64-pc-linux-gnu/nios2-elf/lib/libc.a(lib_a-svfprintf.o)
 .text.___svfprintf_internal_r
                0x000000000200cdec     0x1f90 /opt/Altera/QuartusPrime-15.1/nios2eds/bin/gnu/H-x86_64-pc-linux-gnu/bin/../lib/gcc/nios2-elf/4.9.2/../../../../../H-x86_64-pc-linux-gnu/nios2-elf/lib/libc.a(lib_a-svfprintf.o)
                0x000000000200cdec                ___svfprintf_internal_r
 .text          0x000000000200ed7c        0x0 /opt/Altera/QuartusPrime-15.1/nios2eds/bin/gnu/H-x86_64-pc-linux-gnu/bin/../lib/gcc/nios2-elf/4.9.2/../../../../../H-x86_64-pc-linux-gnu/nios2-elf/lib/libc.a(lib_a-ungetc.o)
 .text.__submore
                0x000000000200ed7c       0xd4 /opt/Altera/QuartusPrime-15.1/nios2eds/bin/gnu/H-x86_64-pc-linux-gnu/bin/../lib/gcc/nios2-elf/4.9.2/../../../../../H-x86_64-pc-linux-gnu/nios2-elf/lib/libc.a(lib_a-ungetc.o)
                0x000000000200ed7c                __submore
 .text._ungetc_r
                0x000000000200ee50      0x188 /opt/Altera/QuartusPrime-15.1/nios2eds/bin/gnu/H-x86_64-pc-linux-gnu/bin/../lib/gcc/nios2-elf/4.9.2/../../../../../H-x86_64-pc-linux-gnu/nios2-elf/lib/libc.a(lib_a-ungetc.o)
                0x000000000200ee50                _ungetc_r
 .text.ungetc   0x000000000200efd8       0x1c /opt/Altera/QuartusPrime-15.1/nios2eds/bin/gnu/H-x86_64-pc-linux-gnu/bin/../lib/gcc/nios2-elf/4.9.2/../../../../../H-x86_64-pc-linux-gnu/nios2-elf/lib/libc.a(lib_a-ungetc.o)
                0x000000000200efd8                ungetc
 .text          0x000000000200eff4        0x0 /opt/Altera/QuartusPrime-15.1/nios2eds/bin/gnu/H-x86_64-pc-linux-gnu/bin/../lib/gcc/nios2-elf/4.9.2/../../../../../H-x86_64-pc-linux-gnu/nios2-elf/lib/libc.a(lib_a-vfiprintf.o)
 .text.__sprint_r.part.0
                0x000000000200eff4       0xfc /opt/Altera/QuartusPrime-15.1/nios2eds/bin/gnu/H-x86_64-pc-linux-gnu/bin/../lib/gcc/nios2-elf/4.9.2/../../../../../H-x86_64-pc-linux-gnu/nios2-elf/lib/libc.a(lib_a-vfiprintf.o)
 .text.__sprint_r
                0x000000000200f0f0       0x18 /opt/Altera/QuartusPrime-15.1/nios2eds/bin/gnu/H-x86_64-pc-linux-gnu/bin/../lib/gcc/nios2-elf/4.9.2/../../../../../H-x86_64-pc-linux-gnu/nios2-elf/lib/libc.a(lib_a-vfiprintf.o)
                0x000000000200f0f0                __sprint_r
 .text.___vfiprintf_internal_r
                0x000000000200f108     0x12d0 /opt/Altera/QuartusPrime-15.1/nios2eds/bin/gnu/H-x86_64-pc-linux-gnu/bin/../lib/gcc/nios2-elf/4.9.2/../../../../../H-x86_64-pc-linux-gnu/nios2-elf/lib/libc.a(lib_a-vfiprintf.o)
                0x000000000200f108                ___vfiprintf_internal_r
 .text.__vfiprintf_internal
                0x00000000020103d8       0x24 /opt/Altera/QuartusPrime-15.1/nios2eds/bin/gnu/H-x86_64-pc-linux-gnu/bin/../lib/gcc/nios2-elf/4.9.2/../../../../../H-x86_64-pc-linux-gnu/nios2-elf/lib/libc.a(lib_a-vfiprintf.o)
                0x00000000020103d8                __vfiprintf_internal
 .text.__sbprintf
                0x00000000020103fc       0xbc /opt/Altera/QuartusPrime-15.1/nios2eds/bin/gnu/H-x86_64-pc-linux-gnu/bin/../lib/gcc/nios2-elf/4.9.2/../../../../../H-x86_64-pc-linux-gnu/nios2-elf/lib/libc.a(lib_a-vfiprintf.o)
 .text          0x00000000020104b8        0x0 /opt/Altera/QuartusPrime-15.1/nios2eds/bin/gnu/H-x86_64-pc-linux-gnu/bin/../lib/gcc/nios2-elf/4.9.2/../../../../../H-x86_64-pc-linux-gnu/nios2-elf/lib/libc.a(lib_a-writer.o)
 .text._write_r
                0x00000000020104b8       0x5c /opt/Altera/QuartusPrime-15.1/nios2eds/bin/gnu/H-x86_64-pc-linux-gnu/bin/../lib/gcc/nios2-elf/4.9.2/../../../../../H-x86_64-pc-linux-gnu/nios2-elf/lib/libc.a(lib_a-writer.o)
                0x00000000020104b8                _write_r
 .text          0x0000000002010514        0x0 /opt/Altera/QuartusPrime-15.1/nios2eds/bin/gnu/H-x86_64-pc-linux-gnu/bin/../lib/gcc/nios2-elf/4.9.2/../../../../../H-x86_64-pc-linux-gnu/nios2-elf/lib/libc.a(closer.o)
 .text._close_r
                0x0000000002010514       0x54 /opt/Altera/QuartusPrime-15.1/nios2eds/bin/gnu/H-x86_64-pc-linux-gnu/bin/../lib/gcc/nios2-elf/4.9.2/../../../../../H-x86_64-pc-linux-gnu/nios2-elf/lib/libc.a(closer.o)
                0x0000000002010514                _close_r
 .text          0x0000000002010568        0x0 /opt/Altera/QuartusPrime-15.1/nios2eds/bin/gnu/H-x86_64-pc-linux-gnu/bin/../lib/gcc/nios2-elf/4.9.2/../../../../../H-x86_64-pc-linux-gnu/nios2-elf/lib/libc.a(lib_a-callocr.o)
 .text._calloc_r
                0x0000000002010568       0xc4 /opt/Altera/QuartusPrime-15.1/nios2eds/bin/gnu/H-x86_64-pc-linux-gnu/bin/../lib/gcc/nios2-elf/4.9.2/../../../../../H-x86_64-pc-linux-gnu/nios2-elf/lib/libc.a(lib_a-callocr.o)
                0x0000000002010568                _calloc_r
 .text          0x000000000201062c        0x0 /opt/Altera/QuartusPrime-15.1/nios2eds/bin/gnu/H-x86_64-pc-linux-gnu/bin/../lib/gcc/nios2-elf/4.9.2/../../../../../H-x86_64-pc-linux-gnu/nios2-elf/lib/libc.a(lib_a-fclose.o)
 .text._fclose_r
                0x000000000201062c       0xf0 /opt/Altera/QuartusPrime-15.1/nios2eds/bin/gnu/H-x86_64-pc-linux-gnu/bin/../lib/gcc/nios2-elf/4.9.2/../../../../../H-x86_64-pc-linux-gnu/nios2-elf/lib/libc.a(lib_a-fclose.o)
                0x000000000201062c                _fclose_r
 .text.fclose   0x000000000201071c       0x14 /opt/Altera/QuartusPrime-15.1/nios2eds/bin/gnu/H-x86_64-pc-linux-gnu/bin/../lib/gcc/nios2-elf/4.9.2/../../../../../H-x86_64-pc-linux-gnu/nios2-elf/lib/libc.a(lib_a-fclose.o)
                0x000000000201071c                fclose
 .text          0x0000000002010730        0x0 /opt/Altera/QuartusPrime-15.1/nios2eds/bin/gnu/H-x86_64-pc-linux-gnu/bin/../lib/gcc/nios2-elf/4.9.2/../../../../../H-x86_64-pc-linux-gnu/nios2-elf/lib/libc.a(lib_a-fputwc.o)
 .text._fputwc_r
                0x0000000002010730      0x184 /opt/Altera/QuartusPrime-15.1/nios2eds/bin/gnu/H-x86_64-pc-linux-gnu/bin/../lib/gcc/nios2-elf/4.9.2/../../../../../H-x86_64-pc-linux-gnu/nios2-elf/lib/libc.a(lib_a-fputwc.o)
                0x0000000002010730                _fputwc_r
 .text.fputwc   0x00000000020108b4       0x5c /opt/Altera/QuartusPrime-15.1/nios2eds/bin/gnu/H-x86_64-pc-linux-gnu/bin/../lib/gcc/nios2-elf/4.9.2/../../../../../H-x86_64-pc-linux-gnu/nios2-elf/lib/libc.a(lib_a-fputwc.o)
                0x00000000020108b4                fputwc
 .text          0x0000000002010910        0x0 /opt/Altera/QuartusPrime-15.1/nios2eds/bin/gnu/H-x86_64-pc-linux-gnu/bin/../lib/gcc/nios2-elf/4.9.2/../../../../../H-x86_64-pc-linux-gnu/nios2-elf/lib/libc.a(lib_a-fstatr.o)
 .text._fstat_r
                0x0000000002010910       0x58 /opt/Altera/QuartusPrime-15.1/nios2eds/bin/gnu/H-x86_64-pc-linux-gnu/bin/../lib/gcc/nios2-elf/4.9.2/../../../../../H-x86_64-pc-linux-gnu/nios2-elf/lib/libc.a(lib_a-fstatr.o)
                0x0000000002010910                _fstat_r
 .text          0x0000000002010968        0x0 /opt/Altera/QuartusPrime-15.1/nios2eds/bin/gnu/H-x86_64-pc-linux-gnu/bin/../lib/gcc/nios2-elf/4.9.2/../../../../../H-x86_64-pc-linux-gnu/nios2-elf/lib/libc.a(lib_a-gdtoa-gethex.o)
 .text.rshift   0x0000000002010968      0x100 /opt/Altera/QuartusPrime-15.1/nios2eds/bin/gnu/H-x86_64-pc-linux-gnu/bin/../lib/gcc/nios2-elf/4.9.2/../../../../../H-x86_64-pc-linux-gnu/nios2-elf/lib/libc.a(lib_a-gdtoa-gethex.o)
 .text.__gethex
                0x0000000002010a68      0x834 /opt/Altera/QuartusPrime-15.1/nios2eds/bin/gnu/H-x86_64-pc-linux-gnu/bin/../lib/gcc/nios2-elf/4.9.2/../../../../../H-x86_64-pc-linux-gnu/nios2-elf/lib/libc.a(lib_a-gdtoa-gethex.o)
                0x0000000002010a68                __gethex
 .text          0x000000000201129c        0x0 /opt/Altera/QuartusPrime-15.1/nios2eds/bin/gnu/H-x86_64-pc-linux-gnu/bin/../lib/gcc/nios2-elf/4.9.2/../../../../../H-x86_64-pc-linux-gnu/nios2-elf/lib/libc.a(lib_a-gdtoa-hexnan.o)
 .text.__hexnan
                0x000000000201129c      0x26c /opt/Altera/QuartusPrime-15.1/nios2eds/bin/gnu/H-x86_64-pc-linux-gnu/bin/../lib/gcc/nios2-elf/4.9.2/../../../../../H-x86_64-pc-linux-gnu/nios2-elf/lib/libc.a(lib_a-gdtoa-hexnan.o)
                0x000000000201129c                __hexnan
 .text          0x0000000002011508        0x0 /opt/Altera/QuartusPrime-15.1/nios2eds/bin/gnu/H-x86_64-pc-linux-gnu/bin/../lib/gcc/nios2-elf/4.9.2/../../../../../H-x86_64-pc-linux-gnu/nios2-elf/lib/libc.a(lib_a-isattyr.o)
 .text._isatty_r
                0x0000000002011508       0x54 /opt/Altera/QuartusPrime-15.1/nios2eds/bin/gnu/H-x86_64-pc-linux-gnu/bin/../lib/gcc/nios2-elf/4.9.2/../../../../../H-x86_64-pc-linux-gnu/nios2-elf/lib/libc.a(lib_a-isattyr.o)
                0x0000000002011508                _isatty_r
 .text          0x000000000201155c        0x0 /opt/Altera/QuartusPrime-15.1/nios2eds/bin/gnu/H-x86_64-pc-linux-gnu/bin/../lib/gcc/nios2-elf/4.9.2/../../../../../H-x86_64-pc-linux-gnu/nios2-elf/lib/libc.a(lib_a-lseekr.o)
 .text._lseek_r
                0x000000000201155c       0x5c /opt/Altera/QuartusPrime-15.1/nios2eds/bin/gnu/H-x86_64-pc-linux-gnu/bin/../lib/gcc/nios2-elf/4.9.2/../../../../../H-x86_64-pc-linux-gnu/nios2-elf/lib/libc.a(lib_a-lseekr.o)
                0x000000000201155c                _lseek_r
 .text          0x00000000020115b8        0x0 /opt/Altera/QuartusPrime-15.1/nios2eds/bin/gnu/H-x86_64-pc-linux-gnu/bin/../lib/gcc/nios2-elf/4.9.2/../../../../../H-x86_64-pc-linux-gnu/nios2-elf/lib/libc.a(lib_a-readr.o)
 .text._read_r  0x00000000020115b8       0x5c /opt/Altera/QuartusPrime-15.1/nios2eds/bin/gnu/H-x86_64-pc-linux-gnu/bin/../lib/gcc/nios2-elf/4.9.2/../../../../../H-x86_64-pc-linux-gnu/nios2-elf/lib/libc.a(lib_a-readr.o)
                0x00000000020115b8                _read_r
 .text          0x0000000002011614        0x0 /opt/Altera/QuartusPrime-15.1/nios2eds/bin/gnu/H-x86_64-pc-linux-gnu/bin/../lib/gcc/nios2-elf/4.9.2/../../../../../H-x86_64-pc-linux-gnu/nios2-elf/lib/libc.a(lib_a-strncmp.o)
 .text.strncmp  0x0000000002011614       0xc0 /opt/Altera/QuartusPrime-15.1/nios2eds/bin/gnu/H-x86_64-pc-linux-gnu/bin/../lib/gcc/nios2-elf/4.9.2/../../../../../H-x86_64-pc-linux-gnu/nios2-elf/lib/libc.a(lib_a-strncmp.o)
                0x0000000002011614                strncmp
 .text          0x00000000020116d4        0x0 /opt/Altera/QuartusPrime-15.1/nios2eds/bin/gnu/H-x86_64-pc-linux-gnu/bin/../lib/gcc/nios2-elf/4.9.2/../../../../../H-x86_64-pc-linux-gnu/nios2-elf/lib/libc.a(lib_a-svfiprintf.o)
 .text.__ssprint_r
                0x00000000020116d4      0x1cc /opt/Altera/QuartusPrime-15.1/nios2eds/bin/gnu/H-x86_64-pc-linux-gnu/bin/../lib/gcc/nios2-elf/4.9.2/../../../../../H-x86_64-pc-linux-gnu/nios2-elf/lib/libc.a(lib_a-svfiprintf.o)
                0x00000000020116d4                __ssprint_r
 .text.___svfiprintf_internal_r
                0x00000000020118a0     0x1038 /opt/Altera/QuartusPrime-15.1/nios2eds/bin/gnu/H-x86_64-pc-linux-gnu/bin/../lib/gcc/nios2-elf/4.9.2/../../../../../H-x86_64-pc-linux-gnu/nios2-elf/lib/libc.a(lib_a-svfiprintf.o)
                0x00000000020118a0                ___svfiprintf_internal_r
 .text          0x00000000020128d8        0x0 /opt/Altera/QuartusPrime-15.1/nios2eds/bin/gnu/H-x86_64-pc-linux-gnu/bin/../lib/gcc/nios2-elf/4.9.2/../../../../../H-x86_64-pc-linux-gnu/nios2-elf/lib/libc.a(lib_a-wcrtomb.o)
 .text._wcrtomb_r
                0x00000000020128d8       0x9c /opt/Altera/QuartusPrime-15.1/nios2eds/bin/gnu/H-x86_64-pc-linux-gnu/bin/../lib/gcc/nios2-elf/4.9.2/../../../../../H-x86_64-pc-linux-gnu/nios2-elf/lib/libc.a(lib_a-wcrtomb.o)
                0x00000000020128d8                _wcrtomb_r
 .text.wcrtomb  0x0000000002012974       0xc0 /opt/Altera/QuartusPrime-15.1/nios2eds/bin/gnu/H-x86_64-pc-linux-gnu/bin/../lib/gcc/nios2-elf/4.9.2/../../../../../H-x86_64-pc-linux-gnu/nios2-elf/lib/libc.a(lib_a-wcrtomb.o)
                0x0000000002012974                wcrtomb
 .text          0x0000000002012a34        0x0 /opt/Altera/QuartusPrime-15.1/nios2eds/bin/gnu/H-x86_64-pc-linux-gnu/bin/../lib/gcc/nios2-elf/4.9.2/../../../../../H-x86_64-pc-linux-gnu/nios2-elf/lib/libc.a(lib_a-wctomb_r.o)
 .text.__ascii_wctomb
                0x0000000002012a34       0x30 /opt/Altera/QuartusPrime-15.1/nios2eds/bin/gnu/H-x86_64-pc-linux-gnu/bin/../lib/gcc/nios2-elf/4.9.2/../../../../../H-x86_64-pc-linux-gnu/nios2-elf/lib/libc.a(lib_a-wctomb_r.o)
                0x0000000002012a34                __ascii_wctomb
 .text._wctomb_r
                0x0000000002012a64       0x5c /opt/Altera/QuartusPrime-15.1/nios2eds/bin/gnu/H-x86_64-pc-linux-gnu/bin/../lib/gcc/nios2-elf/4.9.2/../../../../../H-x86_64-pc-linux-gnu/nios2-elf/lib/libc.a(lib_a-wctomb_r.o)
                0x0000000002012a64                _wctomb_r
 .text          0x0000000002012ac0       0x60 /opt/Altera/QuartusPrime-15.1/nios2eds/bin/gnu/H-x86_64-pc-linux-gnu/bin/../lib/gcc/nios2-elf/4.9.2/libgcc.a(_muldi3.o)
                0x0000000002012ac0                __muldi3
 .text          0x0000000002012b20       0x74 /opt/Altera/QuartusPrime-15.1/nios2eds/bin/gnu/H-x86_64-pc-linux-gnu/bin/../lib/gcc/nios2-elf/4.9.2/libgcc.a(_fixunsdfsi.o)
                0x0000000002012b20                __fixunsdfsi
 .text          0x0000000002012b94      0x5c0 /opt/Altera/QuartusPrime-15.1/nios2eds/bin/gnu/H-x86_64-pc-linux-gnu/bin/../lib/gcc/nios2-elf/4.9.2/libgcc.a(_udivdi3.o)
                0x0000000002012b94                __udivdi3
 .text          0x0000000002013154      0x590 /opt/Altera/QuartusPrime-15.1/nios2eds/bin/gnu/H-x86_64-pc-linux-gnu/bin/../lib/gcc/nios2-elf/4.9.2/libgcc.a(_umoddi3.o)
                0x0000000002013154                __umoddi3
 .text          0x00000000020136e4      0x12c /opt/Altera/QuartusPrime-15.1/nios2eds/bin/gnu/H-x86_64-pc-linux-gnu/bin/../lib/gcc/nios2-elf/4.9.2/libgcc.a(lib2-divmod.o)
                0x0000000002013750                __divsi3
                0x00000000020137a4                __modsi3
                0x0000000002013800                __udivsi3
                0x0000000002013808                __umodsi3
 .text          0x0000000002013810       0x74 /opt/Altera/QuartusPrime-15.1/nios2eds/bin/gnu/H-x86_64-pc-linux-gnu/bin/../lib/gcc/nios2-elf/4.9.2/libgcc.a(eqsf2.o)
                0x0000000002013810                __nesf2
                0x0000000002013810                __eqsf2
 .text          0x0000000002013884       0xb8 /opt/Altera/QuartusPrime-15.1/nios2eds/bin/gnu/H-x86_64-pc-linux-gnu/bin/../lib/gcc/nios2-elf/4.9.2/libgcc.a(gesf2.o)
                0x0000000002013884                __gtsf2
                0x0000000002013884                __gesf2
 .text          0x000000000201393c       0xb8 /opt/Altera/QuartusPrime-15.1/nios2eds/bin/gnu/H-x86_64-pc-linux-gnu/bin/../lib/gcc/nios2-elf/4.9.2/libgcc.a(lesf2.o)
                0x000000000201393c                __lesf2
                0x000000000201393c                __ltsf2
 .text          0x00000000020139f4      0x89c /opt/Altera/QuartusPrime-15.1/nios2eds/bin/gnu/H-x86_64-pc-linux-gnu/bin/../lib/gcc/nios2-elf/4.9.2/libgcc.a(adddf3.o)
                0x00000000020139f4                __adddf3
 .text          0x0000000002014290      0x8cc /opt/Altera/QuartusPrime-15.1/nios2eds/bin/gnu/H-x86_64-pc-linux-gnu/bin/../lib/gcc/nios2-elf/4.9.2/libgcc.a(divdf3.o)
                0x0000000002014290                __divdf3
 .text          0x0000000002014b5c       0x84 /opt/Altera/QuartusPrime-15.1/nios2eds/bin/gnu/H-x86_64-pc-linux-gnu/bin/../lib/gcc/nios2-elf/4.9.2/libgcc.a(eqdf2.o)
                0x0000000002014b5c                __eqdf2
                0x0000000002014b5c                __nedf2
 .text          0x0000000002014be0       0xe0 /opt/Altera/QuartusPrime-15.1/nios2eds/bin/gnu/H-x86_64-pc-linux-gnu/bin/../lib/gcc/nios2-elf/4.9.2/libgcc.a(gedf2.o)
                0x0000000002014be0                __gtdf2
                0x0000000002014be0                __gedf2
 .text          0x0000000002014cc0       0xe0 /opt/Altera/QuartusPrime-15.1/nios2eds/bin/gnu/H-x86_64-pc-linux-gnu/bin/../lib/gcc/nios2-elf/4.9.2/libgcc.a(ledf2.o)
                0x0000000002014cc0                __ltdf2
                0x0000000002014cc0                __ledf2
 .text          0x0000000002014da0      0x724 /opt/Altera/QuartusPrime-15.1/nios2eds/bin/gnu/H-x86_64-pc-linux-gnu/bin/../lib/gcc/nios2-elf/4.9.2/libgcc.a(muldf3.o)
                0x0000000002014da0                __muldf3
 .text          0x00000000020154c4      0x8d0 /opt/Altera/QuartusPrime-15.1/nios2eds/bin/gnu/H-x86_64-pc-linux-gnu/bin/../lib/gcc/nios2-elf/4.9.2/libgcc.a(subdf3.o)
                0x00000000020154c4                __subdf3
 .text          0x0000000002015d94       0x88 /opt/Altera/QuartusPrime-15.1/nios2eds/bin/gnu/H-x86_64-pc-linux-gnu/bin/../lib/gcc/nios2-elf/4.9.2/libgcc.a(fixdfsi.o)
                0x0000000002015d94                __fixdfsi
 .text          0x0000000002015e1c       0xd0 /opt/Altera/QuartusPrime-15.1/nios2eds/bin/gnu/H-x86_64-pc-linux-gnu/bin/../lib/gcc/nios2-elf/4.9.2/libgcc.a(floatsidf.o)
                0x0000000002015e1c                __floatsidf
 .text          0x0000000002015eec       0xa4 /opt/Altera/QuartusPrime-15.1/nios2eds/bin/gnu/H-x86_64-pc-linux-gnu/bin/../lib/gcc/nios2-elf/4.9.2/libgcc.a(floatunsidf.o)
                0x0000000002015eec                __floatunsidf
 .text          0x0000000002015f90      0x198 /opt/Altera/QuartusPrime-15.1/nios2eds/bin/gnu/H-x86_64-pc-linux-gnu/bin/../lib/gcc/nios2-elf/4.9.2/libgcc.a(truncdfsf2.o)
                0x0000000002015f90                __truncdfsf2
 .text          0x0000000002016128        0x0 /opt/Altera/QuartusPrime-15.1/nios2eds/bin/gnu/H-x86_64-pc-linux-gnu/bin/../lib/gcc/nios2-elf/4.9.2/libgcc.a(_clz.o)
 .text          0x0000000002016128       0x64 /opt/Altera/QuartusPrime-15.1/nios2eds/bin/gnu/H-x86_64-pc-linux-gnu/bin/../lib/gcc/nios2-elf/4.9.2/libgcc.a(_clzsi2.o)
                0x0000000002016128                __clzsi2
 .text          0x000000000201618c      0x120 ../BSP//libhal_bsp.a(alt_close.o)
                0x00000000020161dc                close
 .text          0x00000000020162ac       0x2c ../BSP//libhal_bsp.a(alt_dev.o)
 .text          0x00000000020162d8        0x0 ../BSP//libhal_bsp.a(alt_errno.o)
 .text          0x00000000020162d8      0x100 ../BSP//libhal_bsp.a(alt_fstat.o)
                0x0000000002016328                fstat
 .text          0x00000000020163d8       0x20 ../BSP//libhal_bsp.a(alt_getpid.o)
                0x00000000020163d8                getpid
 .text          0x00000000020163f8       0xf4 ../BSP//libhal_bsp.a(alt_isatty.o)
                0x0000000002016448                isatty
 .text          0x00000000020164ec      0x180 ../BSP//libhal_bsp.a(alt_kill.o)
                0x000000000201653c                kill
 .text          0x000000000201666c       0xe4 ../BSP//libhal_bsp.a(alt_load.o)
                0x00000000020166d0                alt_load
 .text          0x0000000002016750       0x34 ../BSP//libhal_bsp.a(alt_log_macro.o)
                0x0000000002016750                tx_log_str
 .text          0x0000000002016784      0xa6c ../BSP//libhal_bsp.a(alt_log_printf.o)
                0x0000000002016784                alt_log_txchar
                0x00000000020167cc                alt_log_repchar
                0x0000000002016828                alt_log_private_printf
                0x0000000002016ddc                alt_log_printf_proc
                0x0000000002016e34                altera_avalon_jtag_uart_report_log
                0x0000000002016eb4                alt_log_jtag_uart_print_control_reg
                0x0000000002016fa4                alt_log_jtag_uart_startup_info
                0x0000000002016ff0                alt_log_jtag_uart_isr_proc
                0x0000000002017048                alt_log_write
                0x000000000201717c                alt_log_system_clock
 .text          0x00000000020171f0      0x124 ../BSP//libhal_bsp.a(alt_lseek.o)
                0x0000000002017240                lseek
 .text          0x0000000002017314      0x168 ../BSP//libhal_bsp.a(alt_main.o)
                0x0000000002017314                alt_main
 .text          0x000000000201747c       0x40 ../BSP//libhal_bsp.a(alt_malloc_lock.o)
                0x000000000201747c                __malloc_lock
                0x000000000201749c                __malloc_unlock
 .text          0x00000000020174bc      0x14c ../BSP//libhal_bsp.a(alt_read.o)
                0x000000000201750c                read
 .text          0x0000000002017608       0x60 ../BSP//libhal_bsp.a(alt_release_fd.o)
                0x0000000002017608                alt_release_fd
 .text          0x0000000002017668       0xb0 ../BSP//libhal_bsp.a(alt_sbrk.o)
                0x0000000002017668                sbrk
 .text          0x0000000002017718      0x19c ../BSP//libhal_bsp.a(alt_tick.o)
                0x0000000002017718                alt_alarm_stop
                0x00000000020177b0                alt_tick
 .text          0x00000000020178b4      0x154 ../BSP//libhal_bsp.a(alt_write.o)
                0x0000000002017904                write
 .text          0x0000000002017a08       0xd4 ../BSP//libhal_bsp.a(alt_sys_init.o)
                0x0000000002017a40                alt_irq_init
                0x0000000002017a74                alt_sys_init
 .text          0x0000000002017adc      0x164 ../BSP//libhal_bsp.a(altera_avalon_jtag_uart_fd.o)
                0x0000000002017adc                altera_avalon_jtag_uart_read_fd
                0x0000000002017b3c                altera_avalon_jtag_uart_write_fd
                0x0000000002017b9c                altera_avalon_jtag_uart_close_fd
                0x0000000002017bec                altera_avalon_jtag_uart_ioctl_fd
 .text          0x0000000002017c40      0x468 ../BSP//libhal_bsp.a(altera_avalon_jtag_uart_init.o)
                0x0000000002017c40                altera_avalon_jtag_uart_init
                0x0000000002018040                altera_avalon_jtag_uart_close
 .text          0x00000000020180a8       0xec ../BSP//libhal_bsp.a(altera_avalon_jtag_uart_ioctl.o)
                0x00000000020180a8                altera_avalon_jtag_uart_ioctl
 .text          0x0000000002018194      0x20c ../BSP//libhal_bsp.a(altera_avalon_jtag_uart_read.o)
                0x0000000002018194                altera_avalon_jtag_uart_read
 .text          0x00000000020183a0      0x218 ../BSP//libhal_bsp.a(altera_avalon_jtag_uart_write.o)
                0x00000000020183a0                altera_avalon_jtag_uart_write
 .text          0x00000000020185b8      0x110 ../BSP//libhal_bsp.a(altera_avalon_uart_fd.o)
                0x00000000020185b8                altera_avalon_uart_read_fd
                0x0000000002018618                altera_avalon_uart_write_fd
                0x0000000002018678                altera_avalon_uart_close_fd
 .text          0x00000000020186c8      0x3b8 ../BSP//libhal_bsp.a(altera_avalon_uart_init.o)
                0x00000000020186c8                altera_avalon_uart_init
                0x0000000002018a2c                altera_avalon_uart_close
 .text          0x0000000002018a80      0x22c ../BSP//libhal_bsp.a(altera_avalon_uart_read.o)
                0x0000000002018ad0                altera_avalon_uart_read
 .text          0x0000000002018cac      0x1fc ../BSP//libhal_bsp.a(altera_avalon_uart_write.o)
                0x0000000002018cfc                altera_avalon_uart_write
 .text          0x0000000002018ea8      0x140 ../BSP//libhal_bsp.a(alt_alarm_start.o)
                0x0000000002018ea8                alt_alarm_start
 .text          0x0000000002018fe8       0x44 ../BSP//libhal_bsp.a(alt_dcache_flush_all.o)
                0x0000000002018fe8                alt_dcache_flush_all
 .text          0x000000000201902c       0xf4 ../BSP//libhal_bsp.a(alt_dev_llist_insert.o)
                0x000000000201907c                alt_dev_llist_insert
 .text          0x0000000002019120       0x30 ../BSP//libhal_bsp.a(alt_icache_flush_all.o)
                0x0000000002019120                alt_icache_flush_all
 .text          0x0000000002019150      0x1e0 ../BSP//libhal_bsp.a(alt_iic.o)
                0x0000000002019150                alt_ic_isr_register
                0x00000000020191a0                alt_ic_irq_enable
                0x0000000002019240                alt_ic_irq_disable
                0x00000000020192e4                alt_ic_irq_enabled
 .text          0x0000000002019330       0xf0 ../BSP//libhal_bsp.a(alt_iic_isr_register.o)
                0x0000000002019330                alt_iic_isr_register
 .text          0x0000000002019420      0x138 ../BSP//libhal_bsp.a(alt_io_redirect.o)
                0x00000000020194e0                alt_io_redirect
 .text          0x0000000002019558        0x0 ../BSP//libhal_bsp.a(alt_irq_entry.o)
 .text          0x0000000002019558        0x0 ../BSP//libhal_bsp.a(alt_irq_handler.o)
 .text          0x0000000002019558        0x0 ../BSP//libhal_bsp.a(alt_irq_vars.o)
 .text          0x0000000002019558      0x274 ../BSP//libhal_bsp.a(alt_open.o)
                0x0000000002019674                open
 .text          0x00000000020197cc       0x20 ../BSP//libhal_bsp.a(altera_nios2_gen2_irq.o)
                0x00000000020197cc                altera_nios2_gen2_irq_init
 .text          0x00000000020197ec        0x0 ../BSP//libhal_bsp.a(alt_exception_entry.o)
 .text          0x00000000020197ec       0x90 ../BSP//libhal_bsp.a(alt_find_dev.o)
                0x00000000020197ec                alt_find_dev
 .text          0x000000000201987c      0x114 ../BSP//libhal_bsp.a(alt_find_file.o)
                0x000000000201987c                alt_find_file
 .text          0x0000000002019990       0xb4 ../BSP//libhal_bsp.a(alt_get_fd.o)
                0x0000000002019990                alt_get_fd
 .text          0x0000000002019a44       0x8c ../BSP//libhal_bsp.a(alt_icache_flush.o)
                0x0000000002019a44                alt_icache_flush
 .text          0x0000000002019ad0       0x9c ../BSP//libhal_bsp.a(alt_instruction_exception_entry.o)
                0x0000000002019ad0                alt_exception_cause_generated_bad_addr
 .text          0x0000000002019b6c        0x0 /opt/Altera/QuartusPrime-15.1/nios2eds/bin/gnu/H-x86_64-pc-linux-gnu/bin/../lib/gcc/nios2-elf/4.9.2/../../../../../H-x86_64-pc-linux-gnu/nios2-elf/lib/libc.a(lib_a-memcmp.o)
 .text.memcmp   0x0000000002019b6c       0x7c /opt/Altera/QuartusPrime-15.1/nios2eds/bin/gnu/H-x86_64-pc-linux-gnu/bin/../lib/gcc/nios2-elf/4.9.2/../../../../../H-x86_64-pc-linux-gnu/nios2-elf/lib/libc.a(lib_a-memcmp.o)
                0x0000000002019b6c                memcmp
 .text          0x0000000002019be8        0x0 /opt/Altera/QuartusPrime-15.1/nios2eds/bin/gnu/H-x86_64-pc-linux-gnu/bin/../lib/gcc/nios2-elf/4.9.2/../../../../../H-x86_64-pc-linux-gnu/nios2-elf/lib/libc.a(lib_a-strncpy.o)
 .text.strncpy  0x0000000002019be8       0xec /opt/Altera/QuartusPrime-15.1/nios2eds/bin/gnu/H-x86_64-pc-linux-gnu/bin/../lib/gcc/nios2-elf/4.9.2/../../../../../H-x86_64-pc-linux-gnu/nios2-elf/lib/libc.a(lib_a-strncpy.o)
                0x0000000002019be8                strncpy
 *(.gnu.warning.*)
 *(.fini)
                0x0000000002019cd4                PROVIDE (__etext, ABSOLUTE (.))
                0x0000000002019cd4                PROVIDE (_etext, ABSOLUTE (.))
                0x0000000002019cd4                PROVIDE (etext, ABSOLUTE (.))
 *(.eh_frame_hdr)
                0x0000000002019cd4                . = ALIGN (0x4)
                0x0000000002019cd4                PROVIDE (__preinit_array_start, ABSOLUTE (.))
 *(.preinit_array)
                0x0000000002019cd4                PROVIDE (__preinit_array_end, ABSOLUTE (.))
                0x0000000002019cd4                PROVIDE (__init_array_start, ABSOLUTE (.))
 *(.init_array)
                0x0000000002019cd4                PROVIDE (__init_array_end, ABSOLUTE (.))
                0x0000000002019cd4                PROVIDE (__fini_array_start, ABSOLUTE (.))
 *(.fini_array)
                0x0000000002019cd4                PROVIDE (__fini_array_end, ABSOLUTE (.))
 *(.eh_frame)
 *(.gcc_except_table .gcc_except_table.*)
 *(.dynamic)
                0x0000000002019cd4                PROVIDE (__CTOR_LIST__, ABSOLUTE (.))
 *(.ctors)
 *(SORT(.ctors.*))
                0x0000000002019cd4                PROVIDE (__CTOR_END__, ABSOLUTE (.))
                0x0000000002019cd4                PROVIDE (__DTOR_LIST__, ABSOLUTE (.))
 *(.dtors)
 *(SORT(.dtors.*))
                0x0000000002019cd4                PROVIDE (__DTOR_END__, ABSOLUTE (.))
 *(.jcr)
                0x0000000002019cd4                . = ALIGN (0x4)

.rodata         0x0000000002019cd4      0xb54
                0x0000000002019cd4                PROVIDE (__ram_rodata_start, ABSOLUTE (.))
                0x0000000002019cd4                . = ALIGN (0x4)
 *(.rodata .rodata.* .gnu.linkonce.r.*)
 .rodata        0x0000000002019cd4      0x128 obj/default/data.o
 .rodata        0x0000000002019dfc       0x8c obj/default/main.o
 .rodata.str1.4
                0x0000000002019e88       0x3f /opt/Altera/QuartusPrime-15.1/nios2eds/bin/gnu/H-x86_64-pc-linux-gnu/bin/../lib/gcc/nios2-elf/4.9.2/../../../../../H-x86_64-pc-linux-gnu/nios2-elf/lib/libc.a(lib_a-assert.o)
                                         0x44 (size before relaxing)
 *fill*         0x0000000002019ec7        0x1 
 .rodata.str1.4
                0x0000000002019ec8        0x2 /opt/Altera/QuartusPrime-15.1/nios2eds/bin/gnu/H-x86_64-pc-linux-gnu/bin/../lib/gcc/nios2-elf/4.9.2/../../../../../H-x86_64-pc-linux-gnu/nios2-elf/lib/libc.a(lib_a-impure.o)
                                          0x4 (size before relaxing)
 *fill*         0x0000000002019eca        0x2 
 .rodata.str1.4
                0x0000000002019ecc        0x2 /opt/Altera/QuartusPrime-15.1/nios2eds/bin/gnu/H-x86_64-pc-linux-gnu/bin/../lib/gcc/nios2-elf/4.9.2/../../../../../H-x86_64-pc-linux-gnu/nios2-elf/lib/libc.a(lib_a-puts.o)
                                          0x4 (size before relaxing)
 *fill*         0x0000000002019ece        0x2 
 .rodata.str1.4
                0x0000000002019ed0       0x42 /opt/Altera/QuartusPrime-15.1/nios2eds/bin/gnu/H-x86_64-pc-linux-gnu/bin/../lib/gcc/nios2-elf/4.9.2/../../../../../H-x86_64-pc-linux-gnu/nios2-elf/lib/libc.a(lib_a-vfprintf.o)
                                         0x44 (size before relaxing)
 .rodata.zeroes.4255
                0x0000000002019f12       0x10 /opt/Altera/QuartusPrime-15.1/nios2eds/bin/gnu/H-x86_64-pc-linux-gnu/bin/../lib/gcc/nios2-elf/4.9.2/../../../../../H-x86_64-pc-linux-gnu/nios2-elf/lib/libc.a(lib_a-vfprintf.o)
 .rodata.blanks.4254
                0x0000000002019f22       0x10 /opt/Altera/QuartusPrime-15.1/nios2eds/bin/gnu/H-x86_64-pc-linux-gnu/bin/../lib/gcc/nios2-elf/4.9.2/../../../../../H-x86_64-pc-linux-gnu/nios2-elf/lib/libc.a(lib_a-vfprintf.o)
 *fill*         0x0000000002019f32        0x2 
 .rodata.str1.4
                0x0000000002019f34        0x5 /opt/Altera/QuartusPrime-15.1/nios2eds/bin/gnu/H-x86_64-pc-linux-gnu/bin/../lib/gcc/nios2-elf/4.9.2/../../../../../H-x86_64-pc-linux-gnu/nios2-elf/lib/libc.a(lib_a-vfscanf.o)
                                          0x8 (size before relaxing)
 *fill*         0x0000000002019f39        0x1 
 .rodata.basefix.4210
                0x0000000002019f3a       0x22 /opt/Altera/QuartusPrime-15.1/nios2eds/bin/gnu/H-x86_64-pc-linux-gnu/bin/../lib/gcc/nios2-elf/4.9.2/../../../../../H-x86_64-pc-linux-gnu/nios2-elf/lib/libc.a(lib_a-vfscanf.o)
 .rodata._ctype_
                0x0000000002019f5c      0x101 /opt/Altera/QuartusPrime-15.1/nios2eds/bin/gnu/H-x86_64-pc-linux-gnu/bin/../lib/gcc/nios2-elf/4.9.2/../../../../../H-x86_64-pc-linux-gnu/nios2-elf/lib/libc.a(lib_a-ctype_.o)
                0x0000000002019f5c                _ctype_
 .rodata._ctype_b
                0x000000000201a05d      0x180 /opt/Altera/QuartusPrime-15.1/nios2eds/bin/gnu/H-x86_64-pc-linux-gnu/bin/../lib/gcc/nios2-elf/4.9.2/../../../../../H-x86_64-pc-linux-gnu/nios2-elf/lib/libc.a(lib_a-ctype_.o)
 *fill*         0x000000000201a1dd        0x3 
 .rodata.str1.4
                0x000000000201a1e0       0x10 /opt/Altera/QuartusPrime-15.1/nios2eds/bin/gnu/H-x86_64-pc-linux-gnu/bin/../lib/gcc/nios2-elf/4.9.2/../../../../../H-x86_64-pc-linux-gnu/nios2-elf/lib/libc.a(lib_a-dtoa.o)
                                         0x14 (size before relaxing)
 .rodata.str1.4
                0x000000000201a1f0        0xa /opt/Altera/QuartusPrime-15.1/nios2eds/bin/gnu/H-x86_64-pc-linux-gnu/bin/../lib/gcc/nios2-elf/4.9.2/../../../../../H-x86_64-pc-linux-gnu/nios2-elf/lib/libc.a(lib_a-locale.o)
                                         0x14 (size before relaxing)
 .rodata.str1.4
                0x0000000000000000        0x4 /opt/Altera/QuartusPrime-15.1/nios2eds/bin/gnu/H-x86_64-pc-linux-gnu/bin/../lib/gcc/nios2-elf/4.9.2/../../../../../H-x86_64-pc-linux-gnu/nios2-elf/lib/libc.a(lib_a-mbrtowc.o)
 *fill*         0x000000000201a1fa        0x2 
 .rodata.p05.2710
                0x000000000201a1fc        0xc /opt/Altera/QuartusPrime-15.1/nios2eds/bin/gnu/H-x86_64-pc-linux-gnu/bin/../lib/gcc/nios2-elf/4.9.2/../../../../../H-x86_64-pc-linux-gnu/nios2-elf/lib/libc.a(lib_a-mprec.o)
 .rodata.__mprec_tinytens
                0x000000000201a208       0x28 /opt/Altera/QuartusPrime-15.1/nios2eds/bin/gnu/H-x86_64-pc-linux-gnu/bin/../lib/gcc/nios2-elf/4.9.2/../../../../../H-x86_64-pc-linux-gnu/nios2-elf/lib/libc.a(lib_a-mprec.o)
                0x000000000201a208                __mprec_tinytens
 .rodata.__mprec_bigtens
                0x000000000201a230       0x28 /opt/Altera/QuartusPrime-15.1/nios2eds/bin/gnu/H-x86_64-pc-linux-gnu/bin/../lib/gcc/nios2-elf/4.9.2/../../../../../H-x86_64-pc-linux-gnu/nios2-elf/lib/libc.a(lib_a-mprec.o)
                0x000000000201a230                __mprec_bigtens
 .rodata.__mprec_tens
                0x000000000201a258       0xc8 /opt/Altera/QuartusPrime-15.1/nios2eds/bin/gnu/H-x86_64-pc-linux-gnu/bin/../lib/gcc/nios2-elf/4.9.2/../../../../../H-x86_64-pc-linux-gnu/nios2-elf/lib/libc.a(lib_a-mprec.o)
                0x000000000201a258                __mprec_tens
 .rodata.str1.4
                0x000000000201a320       0x10 /opt/Altera/QuartusPrime-15.1/nios2eds/bin/gnu/H-x86_64-pc-linux-gnu/bin/../lib/gcc/nios2-elf/4.9.2/../../../../../H-x86_64-pc-linux-gnu/nios2-elf/lib/libc.a(lib_a-strtod.o)
 .rodata.fpinan.2715
                0x000000000201a330       0x14 /opt/Altera/QuartusPrime-15.1/nios2eds/bin/gnu/H-x86_64-pc-linux-gnu/bin/../lib/gcc/nios2-elf/4.9.2/../../../../../H-x86_64-pc-linux-gnu/nios2-elf/lib/libc.a(lib_a-strtod.o)
 .rodata.fpi.2679
                0x000000000201a344       0x14 /opt/Altera/QuartusPrime-15.1/nios2eds/bin/gnu/H-x86_64-pc-linux-gnu/bin/../lib/gcc/nios2-elf/4.9.2/../../../../../H-x86_64-pc-linux-gnu/nios2-elf/lib/libc.a(lib_a-strtod.o)
 .rodata.tinytens
                0x000000000201a358       0x28 /opt/Altera/QuartusPrime-15.1/nios2eds/bin/gnu/H-x86_64-pc-linux-gnu/bin/../lib/gcc/nios2-elf/4.9.2/../../../../../H-x86_64-pc-linux-gnu/nios2-elf/lib/libc.a(lib_a-strtod.o)
 .rodata.str1.4
                0x0000000000000000       0x44 /opt/Altera/QuartusPrime-15.1/nios2eds/bin/gnu/H-x86_64-pc-linux-gnu/bin/../lib/gcc/nios2-elf/4.9.2/../../../../../H-x86_64-pc-linux-gnu/nios2-elf/lib/libc.a(lib_a-svfprintf.o)
 .rodata.zeroes.4240
                0x000000000201a380       0x10 /opt/Altera/QuartusPrime-15.1/nios2eds/bin/gnu/H-x86_64-pc-linux-gnu/bin/../lib/gcc/nios2-elf/4.9.2/../../../../../H-x86_64-pc-linux-gnu/nios2-elf/lib/libc.a(lib_a-svfprintf.o)
 .rodata.blanks.4239
                0x000000000201a390       0x10 /opt/Altera/QuartusPrime-15.1/nios2eds/bin/gnu/H-x86_64-pc-linux-gnu/bin/../lib/gcc/nios2-elf/4.9.2/../../../../../H-x86_64-pc-linux-gnu/nios2-elf/lib/libc.a(lib_a-svfprintf.o)
 .rodata.str1.4
                0x0000000000000000       0x30 /opt/Altera/QuartusPrime-15.1/nios2eds/bin/gnu/H-x86_64-pc-linux-gnu/bin/../lib/gcc/nios2-elf/4.9.2/../../../../../H-x86_64-pc-linux-gnu/nios2-elf/lib/libc.a(lib_a-vfiprintf.o)
 .rodata.zeroes.4200
                0x000000000201a3a0       0x10 /opt/Altera/QuartusPrime-15.1/nios2eds/bin/gnu/H-x86_64-pc-linux-gnu/bin/../lib/gcc/nios2-elf/4.9.2/../../../../../H-x86_64-pc-linux-gnu/nios2-elf/lib/libc.a(lib_a-vfiprintf.o)
 .rodata.blanks.4199