Archive member included to satisfy reference by file (symbol)

/opt/Altera/QuartusPrime-15.1/nios2eds/bin/gnu/H-x86_64-pc-linux-gnu/bin/../lib/gcc/nios2-elf/4.9.2/libgcc.a(lib2-divmod.o)
                              obj/default/stereo.o (__divsi3)
/opt/Altera/QuartusPrime-15.1/nios2eds/bin/gnu/H-x86_64-pc-linux-gnu/bin/../lib/gcc/nios2-elf/4.9.2/libgcc.a(lib2-divtable.o)
                              obj/default/stereo.o (__divsi3_table)
/opt/Altera/QuartusPrime-15.1/nios2eds/bin/gnu/H-x86_64-pc-linux-gnu/bin/../lib/gcc/nios2-elf/4.9.2/../../../../../H-x86_64-pc-linux-gnu/nios2-elf/lib/libc.a(lib_a-assert.o)
                              obj/default/data.o (__assert_func)
/opt/Altera/QuartusPrime-15.1/nios2eds/bin/gnu/H-x86_64-pc-linux-gnu/bin/../lib/gcc/nios2-elf/4.9.2/../../../../../H-x86_64-pc-linux-gnu/nios2-elf/lib/libc.a(lib_a-fiprintf.o)
                              /opt/Altera/QuartusPrime-15.1/nios2eds/bin/gnu/H-x86_64-pc-linux-gnu/bin/../lib/gcc/nios2-elf/4.9.2/../../../../../H-x86_64-pc-linux-gnu/nios2-elf/lib/libc.a(lib_a-assert.o) (fiprintf)
/opt/Altera/QuartusPrime-15.1/nios2eds/bin/gnu/H-x86_64-pc-linux-gnu/bin/../lib/gcc/nios2-elf/4.9.2/../../../../../H-x86_64-pc-linux-gnu/nios2-elf/lib/libc.a(lib_a-fprintf.o)
                              obj/default/data.o (fprintf)
/opt/Altera/QuartusPrime-15.1/nios2eds/bin/gnu/H-x86_64-pc-linux-gnu/bin/../lib/gcc/nios2-elf/4.9.2/../../../../../H-x86_64-pc-linux-gnu/nios2-elf/lib/libc.a(lib_a-getc.o)
                              obj/default/data.o (getc)
/opt/Altera/QuartusPrime-15.1/nios2eds/bin/gnu/H-x86_64-pc-linux-gnu/bin/../lib/gcc/nios2-elf/4.9.2/../../../../../H-x86_64-pc-linux-gnu/nios2-elf/lib/libc.a(lib_a-gets.o)
                              obj/default/data.o (gets)
/opt/Altera/QuartusPrime-15.1/nios2eds/bin/gnu/H-x86_64-pc-linux-gnu/bin/../lib/gcc/nios2-elf/4.9.2/../../../../../H-x86_64-pc-linux-gnu/nios2-elf/lib/libc.a(lib_a-impure.o)
                              obj/default/data.o (_impure_ptr)
/opt/Altera/QuartusPrime-15.1/nios2eds/bin/gnu/H-x86_64-pc-linux-gnu/bin/../lib/gcc/nios2-elf/4.9.2/../../../../../H-x86_64-pc-linux-gnu/nios2-elf/lib/libc.a(lib_a-malloc.o)
                              obj/default/data.o (malloc)
/opt/Altera/QuartusPrime-15.1/nios2eds/bin/gnu/H-x86_64-pc-linux-gnu/bin/../lib/gcc/nios2-elf/4.9.2/../../../../../H-x86_64-pc-linux-gnu/nios2-elf/lib/libc.a(lib_a-mallocr.o)
                              /opt/Altera/QuartusPrime-15.1/nios2eds/bin/gnu/H-x86_64-pc-linux-gnu/bin/../lib/gcc/nios2-elf/4.9.2/../../../../../H-x86_64-pc-linux-gnu/nios2-elf/lib/libc.a(lib_a-malloc.o) (_malloc_r)
/opt/Altera/QuartusPrime-15.1/nios2eds/bin/gnu/H-x86_64-pc-linux-gnu/bin/../lib/gcc/nios2-elf/4.9.2/../../../../../H-x86_64-pc-linux-gnu/nios2-elf/lib/libc.a(lib_a-printf.o)
                              obj/default/data.o (printf)
/opt/Altera/QuartusPrime-15.1/nios2eds/bin/gnu/H-x86_64-pc-linux-gnu/bin/../lib/gcc/nios2-elf/4.9.2/../../../../../H-x86_64-pc-linux-gnu/nios2-elf/lib/libc.a(lib_a-putc.o)
                              obj/default/data.o (putc)
/opt/Altera/QuartusPrime-15.1/nios2eds/bin/gnu/H-x86_64-pc-linux-gnu/bin/../lib/gcc/nios2-elf/4.9.2/../../../../../H-x86_64-pc-linux-gnu/nios2-elf/lib/libc.a(lib_a-puts.o)
                              obj/default/data.o (puts)
/opt/Altera/QuartusPrime-15.1/nios2eds/bin/gnu/H-x86_64-pc-linux-gnu/bin/../lib/gcc/nios2-elf/4.9.2/../../../../../H-x86_64-pc-linux-gnu/nios2-elf/lib/libc.a(lib_a-rget.o)
                              /opt/Altera/QuartusPrime-15.1/nios2eds/bin/gnu/H-x86_64-pc-linux-gnu/bin/../lib/gcc/nios2-elf/4.9.2/../../../../../H-x86_64-pc-linux-gnu/nios2-elf/lib/libc.a(lib_a-getc.o) (__srget_r)
/opt/Altera/QuartusPrime-15.1/nios2eds/bin/gnu/H-x86_64-pc-linux-gnu/bin/../lib/gcc/nios2-elf/4.9.2/../../../../../H-x86_64-pc-linux-gnu/nios2-elf/lib/libc.a(lib_a-sbrkr.o)
                              /opt/Altera/QuartusPrime-15.1/nios2eds/bin/gnu/H-x86_64-pc-linux-gnu/bin/../lib/gcc/nios2-elf/4.9.2/../../../../../H-x86_64-pc-linux-gnu/nios2-elf/lib/libc.a(lib_a-mallocr.o) (_sbrk_r)
/opt/Altera/QuartusPrime-15.1/nios2eds/bin/gnu/H-x86_64-pc-linux-gnu/bin/../lib/gcc/nios2-elf/4.9.2/../../../../../H-x86_64-pc-linux-gnu/nios2-elf/lib/libc.a(lib_a-scanf.o)
                              obj/default/data.o (scanf)
/opt/Altera/QuartusPrime-15.1/nios2eds/bin/gnu/H-x86_64-pc-linux-gnu/bin/../lib/gcc/nios2-elf/4.9.2/../../../../../H-x86_64-pc-linux-gnu/nios2-elf/lib/libc.a(lib_a-strcmp.o)
                              obj/default/data.o (strcmp)
/opt/Altera/QuartusPrime-15.1/nios2eds/bin/gnu/H-x86_64-pc-linux-gnu/bin/../lib/gcc/nios2-elf/4.9.2/../../../../../H-x86_64-pc-linux-gnu/nios2-elf/lib/libc.a(lib_a-strcpy.o)
                              obj/default/data.o (strcpy)
/opt/Altera/QuartusPrime-15.1/nios2eds/bin/gnu/H-x86_64-pc-linux-gnu/bin/../lib/gcc/nios2-elf/4.9.2/../../../../../H-x86_64-pc-linux-gnu/nios2-elf/lib/libc.a(lib_a-strlen.o)
[...]
Memory Configuration

Name             Origin             Length             Attributes
reset            0x0000000002000000 0x0000000000000020
sdram            0x0000000002000020 0x0000000001ffffe0
ram              0x0000000004010000 0x000000000000a000
*default*        0x0000000000000000 0xffffffffffffffff

Linker script and memory map

LOAD ../BSP//obj/HAL/src/crt0.o
LOAD obj/default/census.o
LOAD obj/default/crc32.o
LOAD obj/default/data.o
LOAD obj/default/main.o
LOAD obj/default/seg6.o
LOAD obj/default/stereo.o
LOAD /opt/Altera/QuartusPrime-15.1/nios2eds/bin/gnu/H-x86_64-pc-linux-gnu/bin/../lib/gcc/nios2-elf/4.9.2/../../../../../H-x86_64-pc-linux-gnu/nios2-elf/lib/libstdc++.a
LOAD /opt/Altera/QuartusPrime-15.1/nios2eds/bin/gnu/H-x86_64-pc-linux-gnu/bin/../lib/gcc/nios2-elf/4.9.2/../../../../../H-x86_64-pc-linux-gnu/nios2-elf/lib/libm.a
LOAD /opt/Altera/QuartusPrime-15.1/nios2eds/bin/gnu/H-x86_64-pc-linux-gnu/bin/../lib/gcc/nios2-elf/4.9.2/libgcc.a
START GROUP
LOAD /opt/Altera/QuartusPrime-15.1/nios2eds/bin/gnu/H-x86_64-pc-linux-gnu/bin/../lib/gcc/nios2-elf/4.9.2/../../../../../H-x86_64-pc-linux-gnu/nios2-elf/lib/libc.a
LOAD /opt/Altera/QuartusPrime-15.1/nios2eds/bin/gnu/H-x86_64-pc-linux-gnu/bin/../lib/gcc/nios2-elf/4.9.2/libgcc.a
LOAD ../BSP//libhal_bsp.a
LOAD /opt/Altera/QuartusPrime-15.1/nios2eds/bin/gnu/H-x86_64-pc-linux-gnu/bin/../lib/gcc/nios2-elf/4.9.2/../../../../../H-x86_64-pc-linux-gnu/nios2-elf/lib/libm.a
END GROUP
LOAD /opt/Altera/QuartusPrime-15.1/nios2eds/bin/gnu/H-x86_64-pc-linux-gnu/bin/../lib/gcc/nios2-elf/4.9.2/libgcc.a
                0x0000000002000000                __alt_mem_sdram = 0x2000000
                0x0000000004010000                __alt_mem_ram = 0x4010000

.entry          0x0000000002000000       0x20
 *(.entry)
 .entry         0x0000000002000000       0x20 ../BSP//obj/HAL/src/crt0.o
                0x0000000002000000                __reset

.exceptions     0x0000000002000020      0x170
                0x0000000002000020                PROVIDE (__ram_exceptions_start, ABSOLUTE (.))
                0x0000000002000020                . = ALIGN (0x20)
 *(.irq)
 *(.exceptions.entry.label)
 .exceptions.entry.label
                0x0000000002000020        0x0 ../BSP//libhal_bsp.a(alt_irq_entry.o)
                0x0000000002000020                alt_irq_entry
 .exceptions.entry.label
                0x0000000002000020        0x0 ../BSP//libhal_bsp.a(alt_exception_entry.o)
                0x0000000002000020                alt_exception
 *(.exceptions.entry.user)
 *(.exceptions.entry.ecc_fatal)
 *(.exceptions.entry)
 .exceptions.entry
                0x0000000002000020       0x54 ../BSP//libhal_bsp.a(alt_exception_entry.o)
 *(.exceptions.irqtest.user)
 *(.exceptions.irqtest)
 .exceptions.irqtest
                0x0000000002000074       0x10 ../BSP//libhal_bsp.a(alt_irq_entry.o)
 *(.exceptions.irqhandler.user)
 *(.exceptions.irqhandler)
 .exceptions.irqhandler
                0x0000000002000084        0x4 ../BSP//libhal_bsp.a(alt_irq_entry.o)
 *(.exceptions.irqreturn.user)
 *(.exceptions.irqreturn)
 .exceptions.irqreturn
                0x0000000002000088        0x4 ../BSP//libhal_bsp.a(alt_irq_entry.o)
 *(.exceptions.notirq.label)
 .exceptions.notirq.label
                0x000000000200008c        0x0 ../BSP//libhal_bsp.a(alt_irq_entry.o)
 *(.exceptions.notirq.user)
 *(.exceptions.notirq)
 .exceptions.notirq
                0x000000000200008c        0x8 ../BSP//libhal_bsp.a(alt_exception_entry.o)
 *(.exceptions.soft.user)
 *(.exceptions.soft)
 *(.exceptions.unknown.user)
 *(.exceptions.unknown)
 .exceptions.unknown
                0x0000000002000094       0x14 ../BSP//libhal_bsp.a(alt_exception_entry.o)
 *(.exceptions.exit.label)
 .exceptions.exit.label
                0x00000000020000a8        0x0 ../BSP//libhal_bsp.a(alt_irq_entry.o)
 .exceptions.exit.label
                0x00000000020000a8        0x0 ../BSP//libhal_bsp.a(alt_exception_entry.o)
 *(.exceptions.exit.user)
 *(.exceptions.exit)
 .exceptions.exit
                0x00000000020000a8       0x54 ../BSP//libhal_bsp.a(alt_exception_entry.o)
 *(.exceptions)
 .exceptions    0x00000000020000fc       0x68 ../BSP//libhal_bsp.a(alt_irq_handler.o)
                0x00000000020000fc                alt_irq_handler
 .exceptions    0x0000000002000164       0x2c ../BSP//libhal_bsp.a(alt_instruction_exception_entry.o)
                0x0000000002000164                alt_instruction_exception_entry
                0x0000000002000190                PROVIDE (__ram_exceptions_end, ABSOLUTE (.))
                0x0000000002000020                PROVIDE (__flash_exceptions_start, LOADADDR (.exceptions))

.text           0x0000000002000190    0x1a0bc
                0x0000000002000190                PROVIDE (stext, ABSOLUTE (.))
 *(.interp)
 *(.hash)
 *(.dynsym)
 *(.dynstr)
 *(.gnu.version)
 *(.gnu.version_d)
 *(.gnu.version_r)
 *(.rel.init)
 *(.rela.init)
 *(.rel.text .rel.text.* .rel.gnu.linkonce.t.*)
 *(.rela.text .rela.text.* .rela.gnu.linkonce.t.*)
 *(.rel.fini)
 *(.rela.fini)
 *(.rel.rodata .rel.rodata.* .rel.gnu.linkonce.r.*)
 *(.rela.rodata .rela.rodata.* .rela.gnu.linkonce.r.*)
 *(.rel.data .rel.data.* .rel.gnu.linkonce.d.*)
 *(.rela.data .rela.data.* .rela.gnu.linkonce.d.*)
 *(.rel.tdata .rel.tdata.* .rel.gnu.linkonce.td.*)
 *(.rela.tdata .rela.tdata.* .rela.gnu.linkonce.td.*)
 *(.rel.tbss .rel.tbss.* .rel.gnu.linkonce.tb.*)
 *(.rela.tbss .rela.tbss.* .rela.gnu.linkonce.tb.*)
 *(.rel.ctors)
 *(.rela.ctors)
 *(.rel.dtors)
 *(.rela.dtors)
 *(.rel.got)
 *(.rela.got)
 *(.rel.sdata .rel.sdata.* .rel.gnu.linkonce.s.*)
 *(.rela.sdata .rela.sdata.* .rela.gnu.linkonce.s.*)
 *(.rel.sbss .rel.sbss.* .rel.gnu.linkonce.sb.*)
 *(.rela.sbss .rela.sbss.* .rela.gnu.linkonce.sb.*)
 *(.rel.sdata2 .rel.sdata2.* .rel.gnu.linkonce.s2.*)
 *(.rela.sdata2 .rela.sdata2.* .rela.gnu.linkonce.s2.*)
 *(.rel.sbss2 .rel.sbss2.* .rel.gnu.linkonce.sb2.*)
 *(.rela.sbss2 .rela.sbss2.* .rela.gnu.linkonce.sb2.*)
 *(.rel.bss .rel.bss.* .rel.gnu.linkonce.b.*)
 *(.rela.bss .rela.bss.* .rela.gnu.linkonce.b.*)
 *(.rel.plt)
 *(.rela.plt)
 *(.rel.dyn)
 *(.init)
 *(.plt)
 *(.text .stub .text.* .gnu.linkonce.t.*)
 .text          0x0000000002000190       0x4c ../BSP//obj/HAL/src/crt0.o
                0x0000000002000190                _start
 .text          0x00000000020001dc       0x64 obj/default/census.o
                0x00000000020001dc                census_hamming
                0x0000000002000214                census_hammingAvg
 .text          0x0000000002000240       0xac obj/default/crc32.o
                0x0000000002000240                crc32_direct
 .text          0x00000000020002ec      0x750 obj/default/data.o
                0x00000000020002ec                request
                0x00000000020003cc                listen
                0x0000000002000498                readParams
                0x0000000002000580                readParams1
                0x00000000020005fc                readImage
                0x00000000020008d8                writeImage
 .text          0x0000000002000a3c        0x0 obj/default/main.o
 .text.startup  0x0000000002000a3c      0x184 obj/default/main.o
                0x0000000002000a3c                main
 .text          0x0000000002000bc0       0x44 obj/default/seg6.o
                0x0000000002000bc0                disp6
                0x0000000002000bd0                disp33
                0x0000000002000bfc                setDot
 .text          0x0000000002000c04     0x2508 obj/default/stereo.o
                0x0000000002000c04                dump8
                0x0000000002000c8c                dump16
                0x0000000002000d18                dump32
                0x0000000002000da8                dump32h
                0x0000000002000e38                twotoone
                0x0000000002000f1c                quadtoone
                0x0000000002000ffc                validate
                0x0000000002001064                calcRange
                0x00000000020013fc                avgFilter
                0x0000000002001638                avgFilter1
                0x0000000002001a98                calcAverage
                0x0000000002001b70                calcAverage1
                0x0000000002001c48                calcCStr
                0x0000000002001ec0                calcCStr1
                0x00000000020021d8                calcCensusString
                0x00000000020022b8                calcCensusString1
                0x0000000002002398                calcCbRegion
                0x000000000200270c                calcCrossBasedRegion
                0x000000000200275c                calcDisparity
                0x0000000002002a24                calcDisparity1
                0x0000000002002ec4                stereoMatch
 .text.unlikely
                0x000000000200310c       0x50 obj/default/stereo.o
 .text          0x000000000200315c      0x12c /opt/Altera/QuartusPrime-15.1/nios2eds/bin/gnu/H-x86_64-pc-linux-gnu/bin/../lib/gcc/nios2-elf/4.9.2/libgcc.a(lib2-divmod.o)
                0x00000000020031c8                __divsi3
                0x000000000200321c                __modsi3
                0x0000000002003278                __udivsi3
                0x0000000002003280                __umodsi3
 .text          0x0000000002003288        0x0 /opt/Altera/QuartusPrime-15.1/nios2eds/bin/gnu/H-x86_64-pc-linux-gnu/bin/../lib/gcc/nios2-elf/4.9.2/libgcc.a(lib2-divtable.o)
 .text          0x0000000002003288        0x0 /opt/Altera/QuartusPrime-15.1/nios2eds/bin/gnu/H-x86_64-pc-linux-gnu/bin/../lib/gcc/nios2-elf/4.9.2/../../../../../H-x86_64-pc-linux-gnu/nios2-elf/lib/libc.a(lib_a-assert.o)
 .text.__assert_func
                0x0000000002003288       0x64 /opt/Altera/QuartusPrime-15.1/nios2eds/bin/gnu/H-x86_64-pc-linux-gnu/bin/../lib/gcc/nios2-elf/4.9.2/../../../../../H-x86_64-pc-linux-gnu/nios2-elf/lib/libc.a(lib_a-assert.o)
                0x0000000002003288                __assert_func
 .text.__assert
                0x00000000020032ec       0x14 /opt/Altera/QuartusPrime-15.1/nios2eds/bin/gnu/H-x86_64-pc-linux-gnu/bin/../lib/gcc/nios2-elf/4.9.2/../../../../../H-x86_64-pc-linux-gnu/nios2-elf/lib/libc.a(lib_a-assert.o)
                0x00000000020032ec                __assert
 .text          0x0000000002003300        0x0 /opt/Altera/QuartusPrime-15.1/nios2eds/bin/gnu/H-x86_64-pc-linux-gnu/bin/../lib/gcc/nios2-elf/4.9.2/../../../../../H-x86_64-pc-linux-gnu/nios2-elf/lib/libc.a(lib_a-fiprintf.o)
 .text._fiprintf_r
                0x0000000002003300       0x20 /opt/Altera/QuartusPrime-15.1/nios2eds/bin/gnu/H-x86_64-pc-linux-gnu/bin/../lib/gcc/nios2-elf/4.9.2/../../../../../H-x86_64-pc-linux-gnu/nios2-elf/lib/libc.a(lib_a-fiprintf.o)
                0x0000000002003300                _fiprintf_r
 .text.fiprintf
                0x0000000002003320       0x3c /opt/Altera/QuartusPrime-15.1/nios2eds/bin/gnu/H-x86_64-pc-linux-gnu/bin/../lib/gcc/nios2-elf/4.9.2/../../../../../H-x86_64-pc-linux-gnu/nios2-elf/lib/libc.a(lib_a-fiprintf.o)
                0x0000000002003320                fiprintf
 .text          0x000000000200335c        0x0 /opt/Altera/QuartusPrime-15.1/nios2eds/bin/gnu/H-x86_64-pc-linux-gnu/bin/../lib/gcc/nios2-elf/4.9.2/../../../../../H-x86_64-pc-linux-gnu/nios2-elf/lib/libc.a(lib_a-fprintf.o)
 .text._fprintf_r
                0x000000000200335c       0x28 /opt/Altera/QuartusPrime-15.1/nios2eds/bin/gnu/H-x86_64-pc-linux-gnu/bin/../lib/gcc/nios2-elf/4.9.2/../../../../../H-x86_64-pc-linux-gnu/nios2-elf/lib/libc.a(lib_a-fprintf.o)
                0x000000000200335c                _fprintf_r
 .text.fprintf  0x0000000002003384       0x24 /opt/Altera/QuartusPrime-15.1/nios2eds/bin/gnu/H-x86_64-pc-linux-gnu/bin/../lib/gcc/nios2-elf/4.9.2/../../../../../H-x86_64-pc-linux-gnu/nios2-elf/lib/libc.a(lib_a-fprintf.o)
                0x0000000002003384                fprintf
 .text          0x00000000020033a8        0x0 /opt/Altera/QuartusPrime-15.1/nios2eds/bin/gnu/H-x86_64-pc-linux-gnu/bin/../lib/gcc/nios2-elf/4.9.2/../../../../../H-x86_64-pc-linux-gnu/nios2-elf/lib/libc.a(lib_a-getc.o)
 .text._getc_r  0x00000000020033a8       0x70 /opt/Altera/QuartusPrime-15.1/nios2eds/bin/gnu/H-x86_64-pc-linux-gnu/bin/../lib/gcc/nios2-elf/4.9.2/../../../../../H-x86_64-pc-linux-gnu/nios2-elf/lib/libc.a(lib_a-getc.o)
                0x00000000020033a8                _getc_r
 .text.getc     0x0000000002003418       0x88 /opt/Altera/QuartusPrime-15.1/nios2eds/bin/gnu/H-x86_64-pc-linux-gnu/bin/../lib/gcc/nios2-elf/4.9.2/../../../../../H-x86_64-pc-linux-gnu/nios2-elf/lib/libc.a(lib_a-getc.o)
                0x0000000002003418                getc
 .text          0x00000000020034a0        0x0 /opt/Altera/QuartusPrime-15.1/nios2eds/bin/gnu/H-x86_64-pc-linux-gnu/bin/../lib/gcc/nios2-elf/4.9.2/../../../../../H-x86_64-pc-linux-gnu/nios2-elf/lib/libc.a(lib_a-gets.o)
 .text._gets_r  0x00000000020034a0       0xbc /opt/Altera/QuartusPrime-15.1/nios2eds/bin/gnu/H-x86_64-pc-linux-gnu/bin/../lib/gcc/nios2-elf/4.9.2/../../../../../H-x86_64-pc-linux-gnu/nios2-elf/lib/libc.a(lib_a-gets.o)
                0x00000000020034a0                _gets_r
 .text.gets     0x000000000200355c       0x14 /opt/Altera/QuartusPrime-15.1/nios2eds/bin/gnu/H-x86_64-pc-linux-gnu/bin/../lib/gcc/nios2-elf/4.9.2/../../../../../H-x86_64-pc-linux-gnu/nios2-elf/lib/libc.a(lib_a-gets.o)
                0x000000000200355c                gets
 .text          0x0000000002003570        0x0 /opt/Altera/QuartusPrime-15.1/nios2eds/bin/gnu/H-x86_64-pc-linux-gnu/bin/../lib/gcc/nios2-elf/4.9.2/../../../../../H-x86_64-pc-linux-gnu/nios2-elf/lib/libc.a(lib_a-impure.o)
 .text          0x0000000002003570        0x0 /opt/Altera/QuartusPrime-15.1/nios2eds/bin/gnu/H-x86_64-pc-linux-gnu/bin/../lib/gcc/nios2-elf/4.9.2/../../../../../H-x86_64-pc-linux-gnu/nios2-elf/lib/libc.a(lib_a-malloc.o)
 .text.malloc   0x0000000002003570       0x14 /opt/Altera/QuartusPrime-15.1/nios2eds/bin/gnu/H-x86_64-pc-linux-gnu/bin/../lib/gcc/nios2-elf/4.9.2/../../../../../H-x86_64-pc-linux-gnu/nios2-elf/lib/libc.a(lib_a-malloc.o)
                0x0000000002003570                malloc
 .text.free     0x0000000002003584       0x14 /opt/Altera/QuartusPrime-15.1/nios2eds/bin/gnu/H-x86_64-pc-linux-gnu/bin/../lib/gcc/nios2-elf/4.9.2/../../../../../H-x86_64-pc-linux-gnu/nios2-elf/lib/libc.a(lib_a-malloc.o)
                0x0000000002003584                free
 .text          0x0000000002003598        0x0 /opt/Altera/QuartusPrime-15.1/nios2eds/bin/gnu/H-x86_64-pc-linux-gnu/bin/../lib/gcc/nios2-elf/4.9.2/../../../../../H-x86_64-pc-linux-gnu/nios2-elf/lib/libc.a(lib_a-mallocr.o)
 .text._malloc_r
                0x0000000002003598      0x7a8 /opt/Altera/QuartusPrime-15.1/nios2eds/bin/gnu/H-x86_64-pc-linux-gnu/bin/../lib/gcc/nios2-elf/4.9.2/../../../../../H-x86_64-pc-linux-gnu/nios2-elf/lib/libc.a(lib_a-mallocr.o)
                0x0000000002003598                _malloc_r
 .text          0x0000000002003d40        0x0 /opt/Altera/QuartusPrime-15.1/nios2eds/bin/gnu/H-x86_64-pc-linux-gnu/bin/../lib/gcc/nios2-elf/4.9.2/../../../../../H-x86_64-pc-linux-gnu/nios2-elf/lib/libc.a(lib_a-printf.o)
 .text._printf_r
                0x0000000002003d40       0x2c /opt/Altera/QuartusPrime-15.1/nios2eds/bin/gnu/H-x86_64-pc-linux-gnu/bin/../lib/gcc/nios2-elf/4.9.2/../../../../../H-x86_64-pc-linux-gnu/nios2-elf/lib/libc.a(lib_a-printf.o)
                0x0000000002003d40                _printf_r
 .text.printf   0x0000000002003d6c       0x3c /opt/Altera/QuartusPrime-15.1/nios2eds/bin/gnu/H-x86_64-pc-linux-gnu/bin/../lib/gcc/nios2-elf/4.9.2/../../../../../H-x86_64-pc-linux-gnu/nios2-elf/lib/libc.a(lib_a-printf.o)
                0x0000000002003d6c                printf
 .text          0x0000000002003da8        0x0 /opt/Altera/QuartusPrime-15.1/nios2eds/bin/gnu/H-x86_64-pc-linux-gnu/bin/../lib/gcc/nios2-elf/4.9.2/../../../../../H-x86_64-pc-linux-gnu/nios2-elf/lib/libc.a(lib_a-putc.o)
 .text._putc_r  0x0000000002003da8       0xa0 /opt/Altera/QuartusPrime-15.1/nios2eds/bin/gnu/H-x86_64-pc-linux-gnu/bin/../lib/gcc/nios2-elf/4.9.2/../../../../../H-x86_64-pc-linux-gnu/nios2-elf/lib/libc.a(lib_a-putc.o)
                0x0000000002003da8                _putc_r
 .text.putc     0x0000000002003e48       0xcc /opt/Altera/QuartusPrime-15.1/nios2eds/bin/gnu/H-x86_64-pc-linux-gnu/bin/../lib/gcc/nios2-elf/4.9.2/../../../../../H-x86_64-pc-linux-gnu/nios2-elf/lib/libc.a(lib_a-putc.o)
                0x0000000002003e48                putc
 .text          0x0000000002003f14        0x0 /opt/Altera/QuartusPrime-15.1/nios2eds/bin/gnu/H-x86_64-pc-linux-gnu/bin/../lib/gcc/nios2-elf/4.9.2/../../../../../H-x86_64-pc-linux-gnu/nios2-elf/lib/libc.a(lib_a-puts.o)
 .text._puts_r  0x0000000002003f14       0xa8 /opt/Altera/QuartusPrime-15.1/nios2eds/bin/gnu/H-x86_64-pc-linux-gnu/bin/../lib/gcc/nios2-elf/4.9.2/../../../../../H-x86_64-pc-linux-gnu/nios2-elf/lib/libc.a(lib_a-puts.o)
                0x0000000002003f14                _puts_r
 .text.puts     0x0000000002003fbc       0x14 /opt/Altera/QuartusPrime-15.1/nios2eds/bin/gnu/H-x86_64-pc-linux-gnu/bin/../lib/gcc/nios2-elf/4.9.2/../../../../../H-x86_64-pc-linux-gnu/nios2-elf/lib/libc.a(lib_a-puts.o)
                0x0000000002003fbc                puts
 .text          0x0000000002003fd0        0x0 /opt/Altera/QuartusPrime-15.1/nios2eds/bin/gnu/H-x86_64-pc-linux-gnu/bin/../lib/gcc/nios2-elf/4.9.2/../../../../../H-x86_64-pc-linux-gnu/nios2-elf/lib/libc.a(lib_a-rget.o)
 .text.__srget_r
                0x0000000002003fd0       0x74 /opt/Altera/QuartusPrime-15.1/nios2eds/bin/gnu/H-x86_64-pc-linux-gnu/bin/../lib/gcc/nios2-elf/4.9.2/../../../../../H-x86_64-pc-linux-gnu/nios2-elf/lib/libc.a(lib_a-rget.o)
                0x0000000002003fd0                __srget_r
 .text.__srget  0x0000000002004044       0x14 /opt/Altera/QuartusPrime-15.1/nios2eds/bin/gnu/H-x86_64-pc-linux-gnu/bin/../lib/gcc/nios2-elf/4.9.2/../../../../../H-x86_64-pc-linux-gnu/nios2-elf/lib/libc.a(lib_a-rget.o)
                0x0000000002004044                __srget
 .text          0x0000000002004058        0x0 /opt/Altera/QuartusPrime-15.1/nios2eds/bin/gnu/H-x86_64-pc-linux-gnu/bin/../lib/gcc/nios2-elf/4.9.2/../../../../../H-x86_64-pc-linux-gnu/nios2-elf/lib/libc.a(lib_a-sbrkr.o)
 .text._sbrk_r  0x0000000002004058       0x54 /opt/Altera/QuartusPrime-15.1/nios2eds/bin/gnu/H-x86_64-pc-linux-gnu/bin/../lib/gcc/nios2-elf/4.9.2/../../../../../H-x86_64-pc-linux-gnu/nios2-elf/lib/libc.a(lib_a-sbrkr.o)
                0x0000000002004058                _sbrk_r
 .text          0x00000000020040ac        0x0 /opt/Altera/QuartusPrime-15.1/nios2eds/bin/gnu/H-x86_64-pc-linux-gnu/bin/../lib/gcc/nios2-elf/4.9.2/../../../../../H-x86_64-pc-linux-gnu/nios2-elf/lib/libc.a(lib_a-scanf.o)
 .text.scanf    0x00000000020040ac       0x3c /opt/Altera/QuartusPrime-15.1/nios2eds/bin/gnu/H-x86_64-pc-linux-gnu/bin/../lib/gcc/nios2-elf/4.9.2/../../../../../H-x86_64-pc-linux-gnu/nios2-elf/lib/libc.a(lib_a-scanf.o)
                0x00000000020040ac                scanf
 .text._scanf_r
                0x00000000020040e8       0x2c /opt/Altera/QuartusPrime-15.1/nios2eds/bin/gnu/H-x86_64-pc-linux-gnu/bin/../lib/gcc/nios2-elf/4.9.2/../../../../../H-x86_64-pc-linux-gnu/nios2-elf/lib/libc.a(lib_a-scanf.o)
                0x00000000020040e8                _scanf_r
 .text          0x0000000002004114        0x0 /opt/Altera/QuartusPrime-15.1/nios2eds/bin/gnu/H-x86_64-pc-linux-gnu/bin/../lib/gcc/nios2-elf/4.9.2/../../../../../H-x86_64-pc-linux-gnu/nios2-elf/lib/libc.a(lib_a-strcmp.o)
 .text.strcmp   0x0000000002004114       0xa4 /opt/Altera/QuartusPrime-15.1/nios2eds/bin/gnu/H-x86_64-pc-linux-gnu/bin/../lib/gcc/nios2-elf/4.9.2/../../../../../H-x86_64-pc-linux-gnu/nios2-elf/lib/libc.a(lib_a-strcmp.o)
                0x0000000002004114                strcmp
 .text          0x00000000020041b8        0x0 /opt/Altera/QuartusPrime-15.1/nios2eds/bin/gnu/H-x86_64-pc-linux-gnu/bin/../lib/gcc/nios2-elf/4.9.2/../../../../../H-x86_64-pc-linux-gnu/nios2-elf/lib/libc.a(lib_a-strcpy.o)
 .text.strcpy   0x00000000020041b8       0x90 /opt/Altera/QuartusPrime-15.1/nios2eds/bin/gnu/H-x86_64-pc-linux-gnu/bin/../lib/gcc/nios2-elf/4.9.2/../../../../../H-x86_64-pc-linux-gnu/nios2-elf/lib/libc.a(lib_a-strcpy.o)
                0x00000000020041b8                strcpy
 .text          0x0000000002004248        0x0 /opt/Altera/QuartusPrime-15.1/nios2eds/bin/gnu/H-x86_64-pc-linux-gnu/bin/../lib/gcc/nios2-elf/4.9.2/../../../../../H-x86_64-pc-linux-gnu/nios2-elf/lib/libc.a(lib_a-strlen.o)
 .text.strlen   0x0000000002004248       0x98 /opt/Altera/QuartusPrime-15.1/nios2eds/bin/gnu/H-x86_64-pc-linux-gnu/bin/../lib/gcc/nios2-elf/4.9.2/../../../../../H-x86_64-pc-linux-gnu/nios2-elf/lib/libc.a(lib_a-strlen.o)
                0x0000000002004248                strlen
 .text          0x00000000020042e0        0x0 /opt/Altera/QuartusPrime-15.1/nios2eds/bin/gnu/H-x86_64-pc-linux-gnu/bin/../lib/gcc/nios2-elf/4.9.2/../../../../../H-x86_64-pc-linux-gnu/nios2-elf/lib/libc.a(lib_a-vfiprintfr_1.o)
 .text._vfiprintf_r
                0x00000000020042e0       0x1c /opt/Altera/QuartusPrime-15.1/nios2eds/bin/gnu/H-x86_64-pc-linux-gnu/bin/../lib/gcc/nios2-elf/4.9.2/../../../../../H-x86_64-pc-linux-gnu/nios2-elf/lib/libc.a(lib_a-vfiprintfr_1.o)
                0x00000000020042e0                _vfiprintf_r
 .text          0x00000000020042fc        0x0 /opt/Altera/QuartusPrime-15.1/nios2eds/bin/gnu/H-x86_64-pc-linux-gnu/bin/../lib/gcc/nios2-elf/4.9.2/../../../../../H-x86_64-pc-linux-gnu/nios2-elf/lib/libc.a(lib_a-vfprintf.o)
 .text.___vfprintf_internal_r
                0x00000000020042fc     0x1f50 /opt/Altera/QuartusPrime-15.1/nios2eds/bin/gnu/H-x86_64-pc-linux-gnu/bin/../lib/gcc/nios2-elf/4.9.2/../../../../../H-x86_64-pc-linux-gnu/nios2-elf/lib/libc.a(lib_a-vfprintf.o)
                0x00000000020042fc                ___vfprintf_internal_r
 .text.__vfprintf_internal
                0x000000000200624c       0x24 /opt/Altera/QuartusPrime-15.1/nios2eds/bin/gnu/H-x86_64-pc-linux-gnu/bin/../lib/gcc/nios2-elf/4.9.2/../../../../../H-x86_64-pc-linux-gnu/nios2-elf/lib/libc.a(lib_a-vfprintf.o)
                0x000000000200624c                __vfprintf_internal
 .text.__sbprintf
                0x0000000002006270       0xbc /opt/Altera/QuartusPrime-15.1/nios2eds/bin/gnu/H-x86_64-pc-linux-gnu/bin/../lib/gcc/nios2-elf/4.9.2/../../../../../H-x86_64-pc-linux-gnu/nios2-elf/lib/libc.a(lib_a-vfprintf.o)
 .text          0x000000000200632c        0x0 /opt/Altera/QuartusPrime-15.1/nios2eds/bin/gnu/H-x86_64-pc-linux-gnu/bin/../lib/gcc/nios2-elf/4.9.2/../../../../../H-x86_64-pc-linux-gnu/nios2-elf/lib/libc.a(lib_a-vfscanf.o)
 .text.__svfscanf_r
                0x000000000200632c     0x16f8 /opt/Altera/QuartusPrime-15.1/nios2eds/bin/gnu/H-x86_64-pc-linux-gnu/bin/../lib/gcc/nios2-elf/4.9.2/../../../../../H-x86_64-pc-linux-gnu/nios2-elf/lib/libc.a(lib_a-vfscanf.o)
                0x000000000200632c                __svfscanf_r
 .text.vfscanf  0x0000000002007a24       0x6c /opt/Altera/QuartusPrime-15.1/nios2eds/bin/gnu/H-x86_64-pc-linux-gnu/bin/../lib/gcc/nios2-elf/4.9.2/../../../../../H-x86_64-pc-linux-gnu/nios2-elf/lib/libc.a(lib_a-vfscanf.o)
                0x0000000002007a24                vfscanf
 .text.__svfscanf
                0x0000000002007a90       0x24 /opt/Altera/QuartusPrime-15.1/nios2eds/bin/gnu/H-x86_64-pc-linux-gnu/bin/../lib/gcc/nios2-elf/4.9.2/../../../../../H-x86_64-pc-linux-gnu/nios2-elf/lib/libc.a(lib_a-vfscanf.o)
                0x0000000002007a90                __svfscanf
 .text._vfscanf_r
                0x0000000002007ab4       0x4c /opt/Altera/QuartusPrime-15.1/nios2eds/bin/gnu/H-x86_64-pc-linux-gnu/bin/../lib/gcc/nios2-elf/4.9.2/../../../../../H-x86_64-pc-linux-gnu/nios2-elf/lib/libc.a(lib_a-vfscanf.o)
                0x0000000002007ab4                _vfscanf_r
 .text          0x0000000002007b00        0x0 /opt/Altera/QuartusPrime-15.1/nios2eds/bin/gnu/H-x86_64-pc-linux-gnu/bin/../lib/gcc/nios2-elf/4.9.2/../../../../../H-x86_64-pc-linux-gnu/nios2-elf/lib/libc.a(lib_a-wbuf.o)
 .text.__swbuf_r
                0x0000000002007b00      0x138 /opt/Altera/QuartusPrime-15.1/nios2eds/bin/gnu/H-x86_64-pc-linux-gnu/bin/../lib/gcc/nios2-elf/4.9.2/../../../../../H-x86_64-pc-linux-gnu/nios2-elf/lib/libc.a(lib_a-wbuf.o)
                0x0000000002007b00                __swbuf_r
 .text.__swbuf  0x0000000002007c38       0x1c /opt/Altera/QuartusPrime-15.1/nios2eds/bin/gnu/H-x86_64-pc-linux-gnu/bin/../lib/gcc/nios2-elf/4.9.2/../../../../../H-x86_64-pc-linux-gnu/nios2-elf/lib/libc.a(lib_a-wbuf.o)
                0x0000000002007c38                __swbuf
 .text          0x0000000002007c54        0x0 /opt/Altera/QuartusPrime-15.1/nios2eds/bin/gnu/H-x86_64-pc-linux-gnu/bin/../lib/gcc/nios2-elf/4.9.2/../../../../../H-x86_64-pc-linux-gnu/nios2-elf/lib/libc.a(lib_a-wsetup.o)
 .text.__swsetup_r
                0x0000000002007c54      0x154 /opt/Altera/QuartusPrime-15.1/nios2eds/bin/gnu/H-x86_64-pc-linux-gnu/bin/../lib/gcc/nios2-elf/4.9.2/../../../../../H-x86_64-pc-linux-gnu/nios2-elf/lib/libc.a(lib_a-wsetup.o)
                0x0000000002007c54                __swsetup_r
 .text          0x0000000002007da8        0x0 /opt/Altera/QuartusPrime-15.1/nios2eds/bin/gnu/H-x86_64-pc-linux-gnu/bin/../lib/gcc/nios2-elf/4.9.2/../../../../../H-x86_64-pc-linux-gnu/nios2-elf/lib/libc.a(lib_a-abort.o)
 .text.abort    0x0000000002007da8       0x18 /opt/Altera/QuartusPrime-15.1/nios2eds/bin/gnu/H-x86_64-pc-linux-gnu/bin/../lib/gcc/nios2-elf/4.9.2/../../../../../H-x86_64-pc-linux-gnu/nios2-elf/lib/libc.a(lib_a-abort.o)
                0x0000000002007da8                abort
 .text          0x0000000002007dc0        0x0 /opt/Altera/QuartusPrime-15.1/nios2eds/bin/gnu/H-x86_64-pc-linux-gnu/bin/../lib/gcc/nios2-elf/4.9.2/../../../../../H-x86_64-pc-linux-gnu/nios2-elf/lib/libc.a(lib_a-ctype_.o)
 .text          0x0000000002007dc0        0x0 /opt/Altera/QuartusPrime-15.1/nios2eds/bin/gnu/H-x86_64-pc-linux-gnu/bin/../lib/gcc/nios2-elf/4.9.2/../../../../../H-x86_64-pc-linux-gnu/nios2-elf/lib/libc.a(lib_a-dtoa.o)
 .text.quorem   0x0000000002007dc0      0x200 /opt/Altera/QuartusPrime-15.1/nios2eds/bin/gnu/H-x86_64-pc-linux-gnu/bin/../lib/gcc/nios2-elf/4.9.2/../../../../../H-x86_64-pc-linux-gnu/nios2-elf/lib/libc.a(lib_a-dtoa.o)
 .text._dtoa_r  0x0000000002007fc0     0x1728 /opt/Altera/QuartusPrime-15.1/nios2eds/bin/gnu/H-x86_64-pc-linux-gnu/bin/../lib/gcc/nios2-elf/4.9.2/../../../../../H-x86_64-pc-linux-gnu/nios2-elf/lib/libc.a(lib_a-dtoa.o)
                0x0000000002007fc0                _dtoa_r
 .text          0x00000000020096e8        0x0 /opt/Altera/QuartusPrime-15.1/nios2eds/bin/gnu/H-x86_64-pc-linux-gnu/bin/../lib/gcc/nios2-elf/4.9.2/../../../../../H-x86_64-pc-linux-gnu/nios2-elf/lib/libc.a(lib_a-fflush.o)
 .text.__sflush_r
                0x00000000020096e8      0x208 /opt/Altera/QuartusPrime-15.1/nios2eds/bin/gnu/H-x86_64-pc-linux-gnu/bin/../lib/gcc/nios2-elf/4.9.2/../../../../../H-x86_64-pc-linux-gnu/nios2-elf/lib/libc.a(lib_a-fflush.o)
                0x00000000020096e8                __sflush_r
 .text._fflush_r
                0x00000000020098f0       0x5c /opt/Altera/QuartusPrime-15.1/nios2eds/bin/gnu/H-x86_64-pc-linux-gnu/bin/../lib/gcc/nios2-elf/4.9.2/../../../../../H-x86_64-pc-linux-gnu/nios2-elf/lib/libc.a(lib_a-fflush.o)
                0x00000000020098f0                _fflush_r
 .text.fflush   0x000000000200994c       0x30 /opt/Altera/QuartusPrime-15.1/nios2eds/bin/gnu/H-x86_64-pc-linux-gnu/bin/../lib/gcc/nios2-elf/4.9.2/../../../../../H-x86_64-pc-linux-gnu/nios2-elf/lib/libc.a(lib_a-fflush.o)
                0x000000000200994c                fflush
 .text          0x000000000200997c        0x0 /opt/Altera/QuartusPrime-15.1/nios2eds/bin/gnu/H-x86_64-pc-linux-gnu/bin/../lib/gcc/nios2-elf/4.9.2/../../../../../H-x86_64-pc-linux-gnu/nios2-elf/lib/libc.a(lib_a-findfp.o)
 .text.__fp_lock
                0x000000000200997c        0x8 /opt/Altera/QuartusPrime-15.1/nios2eds/bin/gnu/H-x86_64-pc-linux-gnu/bin/../lib/gcc/nios2-elf/4.9.2/../../../../../H-x86_64-pc-linux-gnu/nios2-elf/lib/libc.a(lib_a-findfp.o)
 .text.__fp_unlock
                0x0000000002009984        0x8 /opt/Altera/QuartusPrime-15.1/nios2eds/bin/gnu/H-x86_64-pc-linux-gnu/bin/../lib/gcc/nios2-elf/4.9.2/../../../../../H-x86_64-pc-linux-gnu/nios2-elf/lib/libc.a(lib_a-findfp.o)
 .text._cleanup_r
                0x000000000200998c        0xc /opt/Altera/QuartusPrime-15.1/nios2eds/bin/gnu/H-x86_64-pc-linux-gnu/bin/../lib/gcc/nios2-elf/4.9.2/../../../../../H-x86_64-pc-linux-gnu/nios2-elf/lib/libc.a(lib_a-findfp.o)
                0x000000000200998c                _cleanup_r
 .text.__sinit.part.1
                0x0000000002009998      0x19c /opt/Altera/QuartusPrime-15.1/nios2eds/bin/gnu/H-x86_64-pc-linux-gnu/bin/../lib/gcc/nios2-elf/4.9.2/../../../../../H-x86_64-pc-linux-gnu/nios2-elf/lib/libc.a(lib_a-findfp.o)
 .text.__sfmoreglue
                0x0000000002009b34       0x68 /opt/Altera/QuartusPrime-15.1/nios2eds/bin/gnu/H-x86_64-pc-linux-gnu/bin/../lib/gcc/nios2-elf/4.9.2/../../../../../H-x86_64-pc-linux-gnu/nios2-elf/lib/libc.a(lib_a-findfp.o)
                0x0000000002009b34                __sfmoreglue
 .text.__sfp    0x0000000002009b9c      0x118 /opt/Altera/QuartusPrime-15.1/nios2eds/bin/gnu/H-x86_64-pc-linux-gnu/bin/../lib/gcc/nios2-elf/4.9.2/../../../../../H-x86_64-pc-linux-gnu/nios2-elf/lib/libc.a(lib_a-findfp.o)
                0x0000000002009b9c                __sfp
 .text._cleanup
                0x0000000002009cb4       0x18 /opt/Altera/QuartusPrime-15.1/nios2eds/bin/gnu/H-x86_64-pc-linux-gnu/bin/../lib/gcc/nios2-elf/4.9.2/../../../../../H-x86_64-pc-linux-gnu/nios2-elf/lib/libc.a(lib_a-findfp.o)
                0x0000000002009cb4                _cleanup
 .text.__sinit  0x0000000002009ccc       0x10 /opt/Altera/QuartusPrime-15.1/nios2eds/bin/gnu/H-x86_64-pc-linux-gnu/bin/../lib/gcc/nios2-elf/4.9.2/../../../../../H-x86_64-pc-linux-gnu/nios2-elf/lib/libc.a(lib_a-findfp.o)
                0x0000000002009ccc                __sinit
 .text.__sfp_lock_acquire
                0x0000000002009cdc        0x4 /opt/Altera/QuartusPrime-15.1/nios2eds/bin/gnu/H-x86_64-pc-linux-gnu/bin/../lib/gcc/nios2-elf/4.9.2/../../../../../H-x86_64-pc-linux-gnu/nios2-elf/lib/libc.a(lib_a-findfp.o)
                0x0000000002009cdc                __sfp_lock_acquire
 .text.__sfp_lock_release
                0x0000000002009ce0        0x4 /opt/Altera/QuartusPrime-15.1/nios2eds/bin/gnu/H-x86_64-pc-linux-gnu/bin/../lib/gcc/nios2-elf/4.9.2/../../../../../H-x86_64-pc-linux-gnu/nios2-elf/lib/libc.a(lib_a-findfp.o)
                0x0000000002009ce0                __sfp_lock_release
 .text.__sinit_lock_acquire
                0x0000000002009ce4        0x4 /opt/Altera/QuartusPrime-15.1/nios2eds/bin/gnu/H-x86_64-pc-linux-gnu/bin/../lib/gcc/nios2-elf/4.9.2/../../../../../H-x86_64-pc-linux-gnu/nios2-elf/lib/libc.a(lib_a-findfp.o)
                0x0000000002009ce4                __sinit_lock_acquire
 .text.__sinit_lock_release
                0x0000000002009ce8        0x4 /opt/Altera/QuartusPrime-15.1/nios2eds/bin/gnu/H-x86_64-pc-linux-gnu/bin/../lib/gcc/nios2-elf/4.9.2/../../../../../H-x86_64-pc-linux-gnu/nios2-elf/lib/libc.a(lib_a-findfp.o)
                0x0000000002009ce8                __sinit_lock_release
 .text.__fp_lock_all
                0x0000000002009cec       0x18 /opt/Altera/QuartusPrime-15.1/nios2eds/bin/gnu/H-x86_64-pc-linux-gnu/bin/../lib/gcc/nios2-elf/4.9.2/../../../../../H-x86_64-pc-linux-gnu/nios2-elf/lib/libc.a(lib_a-findfp.o)
                0x0000000002009cec                __fp_lock_all
 .text.__fp_unlock_all
                0x0000000002009d04       0x18 /opt/Altera/QuartusPrime-15.1/nios2eds/bin/gnu/H-x86_64-pc-linux-gnu/bin/../lib/gcc/nios2-elf/4.9.2/../../../../../H-x86_64-pc-linux-gnu/nios2-elf/lib/libc.a(lib_a-findfp.o)
                0x0000000002009d04                __fp_unlock_all
 .text          0x0000000002009d1c        0x0 /opt/Altera/QuartusPrime-15.1/nios2eds/bin/gnu/H-x86_64-pc-linux-gnu/bin/../lib/gcc/nios2-elf/4.9.2/../../../../../H-x86_64-pc-linux-gnu/nios2-elf/lib/libc.a(lib_a-fread.o)
 .text._fread_r
                0x0000000002009d1c      0x230 /opt/Altera/QuartusPrime-15.1/nios2eds/bin/gnu/H-x86_64-pc-linux-gnu/bin/../lib/gcc/nios2-elf/4.9.2/../../../../../H-x86_64-pc-linux-gnu/nios2-elf/lib/libc.a(lib_a-fread.o)
                0x0000000002009d1c                _fread_r
 .text.fread    0x0000000002009f4c       0x40 /opt/Altera/QuartusPrime-15.1/nios2eds/bin/gnu/H-x86_64-pc-linux-gnu/bin/../lib/gcc/nios2-elf/4.9.2/../../../../../H-x86_64-pc-linux-gnu/nios2-elf/lib/libc.a(lib_a-fread.o)
                0x0000000002009f4c                fread
 .text          0x0000000002009f8c        0x0 /opt/Altera/QuartusPrime-15.1/nios2eds/bin/gnu/H-x86_64-pc-linux-gnu/bin/../lib/gcc/nios2-elf/4.9.2/../../../../../H-x86_64-pc-linux-gnu/nios2-elf/lib/libc.a(lib_a-freer.o)
 .text._malloc_trim_r
                0x0000000002009f8c      0x124 /opt/Altera/QuartusPrime-15.1/nios2eds/bin/gnu/H-x86_64-pc-linux-gnu/bin/../lib/gcc/nios2-elf/4.9.2/../../../../../H-x86_64-pc-linux-gnu/nios2-elf/lib/libc.a(lib_a-freer.o)
                0x0000000002009f8c                _malloc_trim_r
 .text._free_r  0x000000000200a0b0      0x2f0 /opt/Altera/QuartusPrime-15.1/nios2eds/bin/gnu/H-x86_64-pc-linux-gnu/bin/../lib/gcc/nios2-elf/4.9.2/../../../../../H-x86_64-pc-linux-gnu/nios2-elf/lib/libc.a(lib_a-freer.o)
                0x000000000200a0b0                _free_r
 .text          0x000000000200a3a0        0x0 /opt/Altera/QuartusPrime-15.1/nios2eds/bin/gnu/H-x86_64-pc-linux-gnu/bin/../lib/gcc/nios2-elf/4.9.2/../../../../../H-x86_64-pc-linux-gnu/nios2-elf/lib/libc.a(lib_a-fvwrite.o)
 .text.__sfvwrite_r
                0x000000000200a3a0      0x4c0 /opt/Altera/QuartusPrime-15.1/nios2eds/bin/gnu/H-x86_64-pc-linux-gnu/bin/../lib/gcc/nios2-elf/4.9.2/../../../../../H-x86_64-pc-linux-gnu/nios2-elf/lib/libc.a(lib_a-fvwrite.o)
                0x000000000200a3a0                __sfvwrite_r
 .text          0x000000000200a860        0x0 /opt/Altera/QuartusPrime-15.1/nios2eds/bin/gnu/H-x86_64-pc-linux-gnu/bin/../lib/gcc/nios2-elf/4.9.2/../../../../../H-x86_64-pc-linux-gnu/nios2-elf/lib/libc.a(lib_a-fwalk.o)
 .text._fwalk   0x000000000200a860       0xc4 /opt/Altera/QuartusPrime-15.1/nios2eds/bin/gnu/H-x86_64-pc-linux-gnu/bin/../lib/gcc/nios2-elf/4.9.2/../../../../../H-x86_64-pc-linux-gnu/nios2-elf/lib/libc.a(lib_a-fwalk.o)
                0x000000000200a860                _fwalk
 .text._fwalk_reent
                0x000000000200a924       0xc4 /opt/Altera/QuartusPrime-15.1/nios2eds/bin/gnu/H-x86_64-pc-linux-gnu/bin/../lib/gcc/nios2-elf/4.9.2/../../../../../H-x86_64-pc-linux-gnu/nios2-elf/lib/libc.a(lib_a-fwalk.o)
                0x000000000200a924                _fwalk_reent
 .text          0x000000000200a9e8        0x0 /opt/Altera/QuartusPrime-15.1/nios2eds/bin/gnu/H-x86_64-pc-linux-gnu/bin/../lib/gcc/nios2-elf/4.9.2/../../../../../H-x86_64-pc-linux-gnu/nios2-elf/lib/libc.a(lib_a-int_errno.o)
 .text          0x000000000200a9e8        0x0 /opt/Altera/QuartusPrime-15.1/nios2eds/bin/gnu/H-x86_64-pc-linux-gnu/bin/../lib/gcc/nios2-elf/4.9.2/../../../../../H-x86_64-pc-linux-gnu/nios2-elf/lib/libc.a(lib_a-iswspace.o)
 .text.iswspace
                0x000000000200a9e8       0x30 /opt/Altera/QuartusPrime-15.1/nios2eds/bin/gnu/H-x86_64-pc-linux-gnu/bin/../lib/gcc/nios2-elf/4.9.2/../../../../../H-x86_64-pc-linux-gnu/nios2-elf/lib/libc.a(lib_a-iswspace.o)
                0x000000000200a9e8                iswspace
 .text          0x000000000200aa18        0x0 /opt/Altera/QuartusPrime-15.1/nios2eds/bin/gnu/H-x86_64-pc-linux-gnu/bin/../lib/gcc/nios2-elf/4.9.2/../../../../../H-x86_64-pc-linux-gnu/nios2-elf/lib/libc.a(lib_a-locale.o)
 .text._setlocale_r
                0x000000000200aa18       0x7c /opt/Altera/QuartusPrime-15.1/nios2eds/bin/gnu/H-x86_64-pc-linux-gnu/bin/../lib/gcc/nios2-elf/4.9.2/../../../../../H-x86_64-pc-linux-gnu/nios2-elf/lib/libc.a(lib_a-locale.o)
                0x000000000200aa18                _setlocale_r
 .text.__locale_charset
                0x000000000200aa94        0xc /opt/Altera/QuartusPrime-15.1/nios2eds/bin/gnu/H-x86_64-pc-linux-gnu/bin/../lib/gcc/nios2-elf/4.9.2/../../../../../H-x86_64-pc-linux-gnu/nios2-elf/lib/libc.a(lib_a-locale.o)
                0x000000000200aa94                __locale_charset
 .text.__locale_mb_cur_max
                0x000000000200aaa0       0x10 /opt/Altera/QuartusPrime-15.1/nios2eds/bin/gnu/H-x86_64-pc-linux-gnu/bin/../lib/gcc/nios2-elf/4.9.2/../../../../../H-x86_64-pc-linux-gnu/nios2-elf/lib/libc.a(lib_a-locale.o)
                0x000000000200aaa0                __locale_mb_cur_max
 .text.__locale_msgcharset
                0x000000000200aab0        0xc /opt/Altera/QuartusPrime-15.1/nios2eds/bin/gnu/H-x86_64-pc-linux-gnu/bin/../lib/gcc/nios2-elf/4.9.2/../../../../../H-x86_64-pc-linux-gnu/nios2-elf/lib/libc.a(lib_a-locale.o)
                0x000000000200aab0                __locale_msgcharset
 .text.__locale_cjk_lang
                0x000000000200aabc        0x8 /opt/Altera/QuartusPrime-15.1/nios2eds/bin/gnu/H-x86_64-pc-linux-gnu/bin/../lib/gcc/nios2-elf/4.9.2/../../../../../H-x86_64-pc-linux-gnu/nios2-elf/lib/libc.a(lib_a-locale.o)
                0x000000000200aabc                __locale_cjk_lang
 .text._localeconv_r
                0x000000000200aac4        0xc /opt/Altera/QuartusPrime-15.1/nios2eds/bin/gnu/H-x86_64-pc-linux-gnu/bin/../lib/gcc/nios2-elf/4.9.2/../../../../../H-x86_64-pc-linux-gnu/nios2-elf/lib/libc.a(lib_a-locale.o)
                0x000000000200aac4                _localeconv_r
 .text.setlocale
                0x000000000200aad0       0x1c /opt/Altera/QuartusPrime-15.1/nios2eds/bin/gnu/H-x86_64-pc-linux-gnu/bin/../lib/gcc/nios2-elf/4.9.2/../../../../../H-x86_64-pc-linux-gnu/nios2-elf/lib/libc.a(lib_a-locale.o)
                0x000000000200aad0                setlocale
 .text.localeconv
                0x000000000200aaec        0xc /opt/Altera/QuartusPrime-15.1/nios2eds/bin/gnu/H-x86_64-pc-linux-gnu/bin/../lib/gcc/nios2-elf/4.9.2/../../../../../H-x86_64-pc-linux-gnu/nios2-elf/lib/libc.a(lib_a-locale.o)
                0x000000000200aaec                localeconv
 .text          0x000000000200aaf8        0x0 /opt/Altera/QuartusPrime-15.1/nios2eds/bin/gnu/H-x86_64-pc-linux-gnu/bin/../lib/gcc/nios2-elf/4.9.2/../../../../../H-x86_64-pc-linux-gnu/nios2-elf/lib/libc.a(lib_a-makebuf.o)
 .text.__smakebuf_r
                0x000000000200aaf8      0x1b8 /opt/Altera/QuartusPrime-15.1/nios2eds/bin/gnu/H-x86_64-pc-linux-gnu/bin/../lib/gcc/nios2-elf/4.9.2/../../../../../H-x86_64-pc-linux-gnu/nios2-elf/lib/libc.a(lib_a-makebuf.o)
                0x000000000200aaf8                __smakebuf_r
 .text          0x000000000200acb0        0x0 /opt/Altera/QuartusPrime-15.1/nios2eds/bin/gnu/H-x86_64-pc-linux-gnu/bin/../lib/gcc/nios2-elf/4.9.2/../../../../../H-x86_64-pc-linux-gnu/nios2-elf/lib/libc.a(lib_a-mbrtowc.o)
 .text._mbrtowc_r
                0x000000000200acb0       0xac /opt/Altera/QuartusPrime-15.1/nios2eds/bin/gnu/H-x86_64-pc-linux-gnu/bin/../lib/gcc/nios2-elf/4.9.2/../../../../../H-x86_64-pc-linux-gnu/nios2-elf/lib/libc.a(lib_a-mbrtowc.o)
                0x000000000200acb0                _mbrtowc_r
 .text.mbrtowc  0x000000000200ad5c       0xd8 /opt/Altera/QuartusPrime-15.1/nios2eds/bin/gnu/H-x86_64-pc-linux-gnu/bin/../lib/gcc/nios2-elf/4.9.2/../../../../../H-x86_64-pc-linux-gnu/nios2-elf/lib/libc.a(lib_a-mbrtowc.o)
                0x000000000200ad5c                mbrtowc
 .text          0x000000000200ae34        0x0 /opt/Altera/QuartusPrime-15.1/nios2eds/bin/gnu/H-x86_64-pc-linux-gnu/bin/../lib/gcc/nios2-elf/4.9.2/../../../../../H-x86_64-pc-linux-gnu/nios2-elf/lib/libc.a(lib_a-mbtowc_r.o)
 .text.__ascii_mbtowc
                0x000000000200ae34       0x44 /opt/Altera/QuartusPrime-15.1/nios2eds/bin/gnu/H-x86_64-pc-linux-gnu/bin/../lib/gcc/nios2-elf/4.9.2/../../../../../H-x86_64-pc-linux-gnu/nios2-elf/lib/libc.a(lib_a-mbtowc_r.o)
                0x000000000200ae34                __ascii_mbtowc
 .text._mbtowc_r
                0x000000000200ae78       0x5c /opt/Altera/QuartusPrime-15.1/nios2eds/bin/gnu/H-x86_64-pc-linux-gnu/bin/../lib/gcc/nios2-elf/4.9.2/../../../../../H-x86_64-pc-linux-gnu/nios2-elf/lib/libc.a(lib_a-mbtowc_r.o)
                0x000000000200ae78                _mbtowc_r
 .text          0x000000000200aed4        0x0 /opt/Altera/QuartusPrime-15.1/nios2eds/bin/gnu/H-x86_64-pc-linux-gnu/bin/../lib/gcc/nios2-elf/4.9.2/../../../../../H-x86_64-pc-linux-gnu/nios2-elf/lib/libc.a(lib_a-memchr.o)
 .text.memchr   0x000000000200aed4       0xe8 /opt/Altera/QuartusPrime-15.1/nios2eds/bin/gnu/H-x86_64-pc-linux-gnu/bin/../lib/gcc/nios2-elf/4.9.2/../../../../../H-x86_64-pc-linux-gnu/nios2-elf/lib/libc.a(lib_a-memchr.o)
                0x000000000200aed4                memchr
 .text          0x000000000200afbc        0x0 /opt/Altera/QuartusPrime-15.1/nios2eds/bin/gnu/H-x86_64-pc-linux-gnu/bin/../lib/gcc/nios2-elf/4.9.2/../../../../../H-x86_64-pc-linux-gnu/nios2-elf/lib/libc.a(lib_a-memcpy.o)
 .text.memcpy   0x000000000200afbc      0x138 /opt/Altera/QuartusPrime-15.1/nios2eds/bin/gnu/H-x86_64-pc-linux-gnu/bin/../lib/gcc/nios2-elf/4.9.2/../../../../../H-x86_64-pc-linux-gnu/nios2-elf/lib/libc.a(lib_a-memcpy.o)
                0x000000000200afbc                memcpy
 .text          0x000000000200b0f4        0x0 /opt/Altera/QuartusPrime-15.1/nios2eds/bin/gnu/H-x86_64-pc-linux-gnu/bin/../lib/gcc/nios2-elf/4.9.2/../../../../../H-x86_64-pc-linux-gnu/nios2-elf/lib/libc.a(lib_a-memmove.o)
 .text.memmove  0x000000000200b0f4      0x15c /opt/Altera/QuartusPrime-15.1/nios2eds/bin/gnu/H-x86_64-pc-linux-gnu/bin/../lib/gcc/nios2-elf/4.9.2/../../../../../H-x86_64-pc-linux-gnu/nios2-elf/lib/libc.a(lib_a-memmove.o)
                0x000000000200b0f4                memmove
 .text          0x000000000200b250        0x0 /opt/Altera/QuartusPrime-15.1/nios2eds/bin/gnu/H-x86_64-pc-linux-gnu/bin/../lib/gcc/nios2-elf/4.9.2/../../../../../H-x86_64-pc-linux-gnu/nios2-elf/lib/libc.a(lib_a-memset.o)
 .text.memset   0x000000000200b250      0x124 /opt/Altera/QuartusPrime-15.1/nios2eds/bin/gnu/H-x86_64-pc-linux-gnu/bin/../lib/gcc/nios2-elf/4.9.2/../../../../../H-x86_64-pc-linux-gnu/nios2-elf/lib/libc.a(lib_a-memset.o)
                0x000000000200b250                memset
 .text          0x000000000200b374        0x0 /opt/Altera/QuartusPrime-15.1/nios2eds/bin/gnu/H-x86_64-pc-linux-gnu/bin/../lib/gcc/nios2-elf/4.9.2/../../../../../H-x86_64-pc-linux-gnu/nios2-elf/lib/libc.a(lib_a-mprec.o)
 .text._Balloc  0x000000000200b374       0xa8 /opt/Altera/QuartusPrime-15.1/nios2eds/bin/gnu/H-x86_64-pc-linux-gnu/bin/../lib/gcc/nios2-elf/4.9.2/../../../../../H-x86_64-pc-linux-gnu/nios2-elf/lib/libc.a(lib_a-mprec.o)
                0x000000000200b374                _Balloc
 .text._Bfree   0x000000000200b41c       0x28 /opt/Altera/QuartusPrime-15.1/nios2eds/bin/gnu/H-x86_64-pc-linux-gnu/bin/../lib/gcc/nios2-elf/4.9.2/../../../../../H-x86_64-pc-linux-gnu/nios2-elf/lib/libc.a(lib_a-mprec.o)
                0x000000000200b41c                _Bfree
 .text.__multadd
                0x000000000200b444      0x120 /opt/Altera/QuartusPrime-15.1/nios2eds/bin/gnu/H-x86_64-pc-linux-gnu/bin/../lib/gcc/nios2-elf/4.9.2/../../../../../H-x86_64-pc-linux-gnu/nios2-elf/lib/libc.a(lib_a-mprec.o)
                0x000000000200b444                __multadd
 .text.__s2b    0x000000000200b564      0x104 /opt/Altera/QuartusPrime-15.1/nios2eds/bin/gnu/H-x86_64-pc-linux-gnu/bin/../lib/gcc/nios2-elf/4.9.2/../../../../../H-x86_64-pc-linux-gnu/nios2-elf/lib/libc.a(lib_a-mprec.o)
                0x000000000200b564                __s2b
 .text.__hi0bits
                0x000000000200b668       0x68 /opt/Altera/QuartusPrime-15.1/nios2eds/bin/gnu/H-x86_64-pc-linux-gnu/bin/../lib/gcc/nios2-elf/4.9.2/../../../../../H-x86_64-pc-linux-gnu/nios2-elf/lib/libc.a(lib_a-mprec.o)
                0x000000000200b668                __hi0bits
 .text.__lo0bits
                0x000000000200b6d0       0xb0 /opt/Altera/QuartusPrime-15.1/nios2eds/bin/gnu/H-x86_64-pc-linux-gnu/bin/../lib/gcc/nios2-elf/4.9.2/../../../../../H-x86_64-pc-linux-gnu/nios2-elf/lib/libc.a(lib_a-mprec.o)
                0x000000000200b6d0                __lo0bits
 .text.__i2b    0x000000000200b780       0x3c /opt/Altera/QuartusPrime-15.1/nios2eds/bin/gnu/H-x86_64-pc-linux-gnu/bin/../lib/gcc/nios2-elf/4.9.2/../../../../../H-x86_64-pc-linux-gnu/nios2-elf/lib/libc.a(lib_a-mprec.o)
                0x000000000200b780                __i2b
 .text.__multiply
                0x000000000200b7bc      0x1fc /opt/Altera/QuartusPrime-15.1/nios2eds/bin/gnu/H-x86_64-pc-linux-gnu/bin/../lib/gcc/nios2-elf/4.9.2/../../../../../H-x86_64-pc-linux-gnu/nios2-elf/lib/libc.a(lib_a-mprec.o)
                0x000000000200b7bc                __multiply
 .text.__pow5mult
                0x000000000200b9b8      0x140 /opt/Altera/QuartusPrime-15.1/nios2eds/bin/gnu/H-x86_64-pc-linux-gnu/bin/../lib/gcc/nios2-elf/4.9.2/../../../../../H-x86_64-pc-linux-gnu/nios2-elf/lib/libc.a(lib_a-mprec.o)
                0x000000000200b9b8                __pow5mult
 .text.__lshift
                0x000000000200baf8      0x150 /opt/Altera/QuartusPrime-15.1/nios2eds/bin/gnu/H-x86_64-pc-linux-gnu/bin/../lib/gcc/nios2-elf/4.9.2/../../../../../H-x86_64-pc-linux-gnu/nios2-elf/lib/libc.a(lib_a-mprec.o)
                0x000000000200baf8                __lshift
 .text.__mcmp   0x000000000200bc48       0x60 /opt/Altera/QuartusPrime-15.1/nios2eds/bin/gnu/H-x86_64-pc-linux-gnu/bin/../lib/gcc/nios2-elf/4.9.2/../../../../../H-x86_64-pc-linux-gnu/nios2-elf/lib/libc.a(lib_a-mprec.o)
                0x000000000200bc48                __mcmp
 .text.__mdiff  0x000000000200bca8      0x198 /opt/Altera/QuartusPrime-15.1/nios2eds/bin/gnu/H-x86_64-pc-linux-gnu/bin/../lib/gcc/nios2-elf/4.9.2/../../../../../H-x86_64-pc-linux-gnu/nios2-elf/lib/libc.a(lib_a-mprec.o)
                0x000000000200bca8                __mdiff
 .text.__ulp    0x000000000200be40       0x60 /opt/Altera/QuartusPrime-15.1/nios2eds/bin/gnu/H-x86_64-pc-linux-gnu/bin/../lib/gcc/nios2-elf/4.9.2/../../../../../H-x86_64-pc-linux-gnu/nios2-elf/lib/libc.a(lib_a-mprec.o)
                0x000000000200be40                __ulp
 .text.__b2d    0x000000000200bea0      0x11c /opt/Altera/QuartusPrime-15.1/nios2eds/bin/gnu/H-x86_64-pc-linux-gnu/bin/../lib/gcc/nios2-elf/4.9.2/../../../../../H-x86_64-pc-linux-gnu/nios2-elf/lib/libc.a(lib_a-mprec.o)
                0x000000000200bea0                __b2d
 .text.__d2b    0x000000000200bfbc      0x13c /opt/Altera/QuartusPrime-15.1/nios2eds/bin/gnu/H-x86_64-pc-linux-gnu/bin/../lib/gcc/nios2-elf/4.9.2/../../../../../H-x86_64-pc-linux-gnu/nios2-elf/lib/libc.a(lib_a-mprec.o)
                0x000000000200bfbc                __d2b
 .text.__ratio  0x000000000200c0f8       0xa4 /opt/Altera/QuartusPrime-15.1/nios2eds/bin/gnu/H-x86_64-pc-linux-gnu/bin/../lib/gcc/nios2-elf/4.9.2/../../../../../H-x86_64-pc-linux-gnu/nios2-elf/lib/libc.a(lib_a-mprec.o)
                0x000000000200c0f8                __ratio
 .text._mprec_log10
                0x000000000200c19c       0x74 /opt/Altera/QuartusPrime-15.1/nios2eds/bin/gnu/H-x86_64-pc-linux-gnu/bin/../lib/gcc/nios2-elf/4.9.2/../../../../../H-x86_64-pc-linux-gnu/nios2-elf/lib/libc.a(lib_a-mprec.o)
                0x000000000200c19c                _mprec_log10
 .text.__copybits
                0x000000000200c210       0x78 /opt/Altera/QuartusPrime-15.1/nios2eds/bin/gnu/H-x86_64-pc-linux-gnu/bin/../lib/gcc/nios2-elf/4.9.2/../../../../../H-x86_64-pc-linux-gnu/nios2-elf/lib/libc.a(lib_a-mprec.o)
                0x000000000200c210                __copybits
 .text.__any_on
                0x000000000200c288       0x8c /opt/Altera/QuartusPrime-15.1/nios2eds/bin/gnu/H-x86_64-pc-linux-gnu/bin/../lib/gcc/nios2-elf/4.9.2/../../../../../H-x86_64-pc-linux-gnu/nios2-elf/lib/libc.a(lib_a-mprec.o)
                0x000000000200c288                __any_on
 .text          0x000000000200c314        0x0 /opt/Altera/QuartusPrime-15.1/nios2eds/bin/gnu/H-x86_64-pc-linux-gnu/bin/../lib/gcc/nios2-elf/4.9.2/../../../../../H-x86_64-pc-linux-gnu/nios2-elf/lib/libc.a(lib_a-reallocr.o)
 .text._realloc_r
                0x000000000200c314      0x568 /opt/Altera/QuartusPrime-15.1/nios2eds/bin/gnu/H-x86_64-pc-linux-gnu/bin/../lib/gcc/nios2-elf/4.9.2/../../../../../H-x86_64-pc-linux-gnu/nios2-elf/lib/libc.a(lib_a-reallocr.o)
                0x000000000200c314                _realloc_r
 .text          0x000000000200c87c        0x0 /opt/Altera/QuartusPrime-15.1/nios2eds/bin/gnu/H-x86_64-pc-linux-gnu/bin/../lib/gcc/nios2-elf/4.9.2/../../../../../H-x86_64-pc-linux-gnu/nios2-elf/lib/libc.a(lib_a-refill.o)
 .text.lflush   0x000000000200c87c       0x1c /opt/Altera/QuartusPrime-15.1/nios2eds/bin/gnu/H-x86_64-pc-linux-gnu/bin/../lib/gcc/nios2-elf/4.9.2/../../../../../H-x86_64-pc-linux-gnu/nios2-elf/lib/libc.a(lib_a-refill.o)
 .text.__srefill_r
                0x000000000200c898      0x1d4 /opt/Altera/QuartusPrime-15.1/nios2eds/bin/gnu/H-x86_64-pc-linux-gnu/bin/../lib/gcc/nios2-elf/4.9.2/../../../../../H-x86_64-pc-linux-gnu/nios2-elf/lib/libc.a(lib_a-refill.o)
                0x000000000200c898                __srefill_r
 .text          0x000000000200ca6c        0x0 /opt/Altera/QuartusPrime-15.1/nios2eds/bin/gnu/H-x86_64-pc-linux-gnu/bin/../lib/gcc/nios2-elf/4.9.2/../../../../../H-x86_64-pc-linux-gnu/nios2-elf/lib/libc.a(lib_a-s_fpclassify.o)
 .text.__fpclassifyd
                0x000000000200ca6c       0x74 /opt/Altera/QuartusPrime-15.1/nios2eds/bin/gnu/H-x86_64-pc-linux-gnu/bin/../lib/gcc/nios2-elf/4.9.2/../../../../../H-x86_64-pc-linux-gnu/nios2-elf/lib/libc.a(lib_a-s_fpclassify.o)
                0x000000000200ca6c                __fpclassifyd
 .text          0x000000000200cae0        0x0 /opt/Altera/QuartusPrime-15.1/nios2eds/bin/gnu/H-x86_64-pc-linux-gnu/bin/../lib/gcc/nios2-elf/4.9.2/../../../../../H-x86_64-pc-linux-gnu/nios2-elf/lib/libc.a(lib_a-sccl.o)
 .text.__sccl   0x000000000200cae0       0xc0 /opt/Altera/QuartusPrime-15.1/nios2eds/bin/gnu/H-x86_64-pc-linux-gnu/bin/../lib/gcc/nios2-elf/4.9.2/../../../../../H-x86_64-pc-linux-gnu/nios2-elf/lib/libc.a(lib_a-sccl.o)
                0x000000000200cae0                __sccl
 .text          0x000000000200cba0        0x0 /opt/Altera/QuartusPrime-15.1/nios2eds/bin/gnu/H-x86_64-pc-linux-gnu/bin/../lib/gcc/nios2-elf/4.9.2/../../../../../H-x86_64-pc-linux-gnu/nios2-elf/lib/libc.a(lib_a-sf_nan.o)
 .text.nanf     0x000000000200cba0        0x8 /opt/Altera/QuartusPrime-15.1/nios2eds/bin/gnu/H-x86_64-pc-linux-gnu/bin/../lib/gcc/nios2-elf/4.9.2/../../../../../H-x86_64-pc-linux-gnu/nios2-elf/lib/libc.a(lib_a-sf_nan.o)
                0x000000000200cba0                nanf
 .text          0x000000000200cba8        0x0 /opt/Altera/QuartusPrime-15.1/nios2eds/bin/gnu/H-x86_64-pc-linux-gnu/bin/../lib/gcc/nios2-elf/4.9.2/../../../../../H-x86_64-pc-linux-gnu/nios2-elf/lib/libc.a(lib_a-signal.o)
 .text._init_signal_r
                0x000000000200cba8       0x68 /opt/Altera/QuartusPrime-15.1/nios2eds/bin/gnu/H-x86_64-pc-linux-gnu/bin/../lib/gcc/nios2-elf/4.9.2/../../../../../H-x86_64-pc-linux-gnu/nios2-elf/lib/libc.a(lib_a-signal.o)
                0x000000000200cba8                _init_signal_r
 .text._signal_r
                0x000000000200cc10       0x84 /opt/Altera/QuartusPrime-15.1/nios2eds/bin/gnu/H-x86_64-pc-linux-gnu/bin/../lib/gcc/nios2-elf/4.9.2/../../../../../H-x86_64-pc-linux-gnu/nios2-elf/lib/libc.a(lib_a-signal.o)
                0x000000000200cc10                _signal_r
 .text._raise_r
                0x000000000200cc94       0xbc /opt/Altera/QuartusPrime-15.1/nios2eds/bin/gnu/H-x86_64-pc-linux-gnu/bin/../lib/gcc/nios2-elf/4.9.2/../../../../../H-x86_64-pc-linux-gnu/nios2-elf/lib/libc.a(lib_a-signal.o)
                0x000000000200cc94                _raise_r
 .text.__sigtramp_r
                0x000000000200cd50       0xa8 /opt/Altera/QuartusPrime-15.1/nios2eds/bin/gnu/H-x86_64-pc-linux-gnu/bin/../lib/gcc/nios2-elf/4.9.2/../../../../../H-x86_64-pc-linux-gnu/nios2-elf/lib/libc.a(lib_a-signal.o)
                0x000000000200cd50                __sigtramp_r
 .text.raise    0x000000000200cdf8       0x14 /opt/Altera/QuartusPrime-15.1/nios2eds/bin/gnu/H-x86_64-pc-linux-gnu/bin/../lib/gcc/nios2-elf/4.9.2/../../../../../H-x86_64-pc-linux-gnu/nios2-elf/lib/libc.a(lib_a-signal.o)
                0x000000000200cdf8                raise
 .text.signal   0x000000000200ce0c       0x1c /opt/Altera/QuartusPrime-15.1/nios2eds/bin/gnu/H-x86_64-pc-linux-gnu/bin/../lib/gcc/nios2-elf/4.9.2/../../../../../H-x86_64-pc-linux-gnu/nios2-elf/lib/libc.a(lib_a-signal.o)
                0x000000000200ce0c                signal
 .text._init_signal
                0x000000000200ce28       0x10 /opt/Altera/QuartusPrime-15.1/nios2eds/bin/gnu/H-x86_64-pc-linux-gnu/bin/../lib/gcc/nios2-elf/4.9.2/../../../../../H-x86_64-pc-linux-gnu/nios2-elf/lib/libc.a(lib_a-signal.o)
                0x000000000200ce28                _init_signal
 .text.__sigtramp
                0x000000000200ce38       0x14 /opt/Altera/QuartusPrime-15.1/nios2eds/bin/gnu/H-x86_64-pc-linux-gnu/bin/../lib/gcc/nios2-elf/4.9.2/../../../../../H-x86_64-pc-linux-gnu/nios2-elf/lib/libc.a(lib_a-signal.o)
                0x000000000200ce38                __sigtramp
 .text          0x000000000200ce4c        0x0 /opt/Altera/QuartusPrime-15.1/nios2eds/bin/gnu/H-x86_64-pc-linux-gnu/bin/../lib/gcc/nios2-elf/4.9.2/../../../../../H-x86_64-pc-linux-gnu/nios2-elf/lib/libc.a(lib_a-signalr.o)
 .text._kill_r  0x000000000200ce4c       0x58 /opt/Altera/QuartusPrime-15.1/nios2eds/bin/gnu/H-x86_64-pc-linux-gnu/bin/../lib/gcc/nios2-elf/4.9.2/../../../../../H-x86_64-pc-linux-gnu/nios2-elf/lib/libc.a(lib_a-signalr.o)
                0x000000000200ce4c                _kill_r
 .text._getpid_r
                0x000000000200cea4        0x4 /opt/Altera/QuartusPrime-15.1/nios2eds/bin/gnu/H-x86_64-pc-linux-gnu/bin/../lib/gcc/nios2-elf/4.9.2/../../../../../H-x86_64-pc-linux-gnu/nios2-elf/lib/libc.a(lib_a-signalr.o)
                0x000000000200cea4                _getpid_r
 .text          0x000000000200cea8        0x0 /opt/Altera/QuartusPrime-15.1/nios2eds/bin/gnu/H-x86_64-pc-linux-gnu/bin/../lib/gcc/nios2-elf/4.9.2/../../../../../H-x86_64-pc-linux-gnu/nios2-elf/lib/libc.a(lib_a-sprintf.o)
 .text._sprintf_r
                0x000000000200cea8       0x58 /opt/Altera/QuartusPrime-15.1/nios2eds/bin/gnu/H-x86_64-pc-linux-gnu/bin/../lib/gcc/nios2-elf/4.9.2/../../../../../H-x86_64-pc-linux-gnu/nios2-elf/lib/libc.a(lib_a-sprintf.o)
                0x000000000200cea8                _sprintf_r
 .text.sprintf  0x000000000200cf00       0x6c /opt/Altera/QuartusPrime-15.1/nios2eds/bin/gnu/H-x86_64-pc-linux-gnu/bin/../lib/gcc/nios2-elf/4.9.2/../../../../../H-x86_64-pc-linux-gnu/nios2-elf/lib/libc.a(lib_a-sprintf.o)
                0x000000000200cf00                sprintf
 .text          0x000000000200cf6c        0x0 /opt/Altera/QuartusPrime-15.1/nios2eds/bin/gnu/H-x86_64-pc-linux-gnu/bin/../lib/gcc/nios2-elf/4.9.2/../../../../../H-x86_64-pc-linux-gnu/nios2-elf/lib/libc.a(lib_a-stdio.o)
 .text.__sread  0x000000000200cf6c       0x54 /opt/Altera/QuartusPrime-15.1/nios2eds/bin/gnu/H-x86_64-pc-linux-gnu/bin/../lib/gcc/nios2-elf/4.9.2/../../../../../H-x86_64-pc-linux-gnu/nios2-elf/lib/libc.a(lib_a-stdio.o)
                0x000000000200cf6c                __sread
 .text.__seofread
                0x000000000200cfc0        0x8 /opt/Altera/QuartusPrime-15.1/nios2eds/bin/gnu/H-x86_64-pc-linux-gnu/bin/../lib/gcc/nios2-elf/4.9.2/../../../../../H-x86_64-pc-linux-gnu/nios2-elf/lib/libc.a(lib_a-stdio.o)
                0x000000000200cfc0                __seofread
 .text.__swrite
                0x000000000200cfc8       0x7c /opt/Altera/QuartusPrime-15.1/nios2eds/bin/gnu/H-x86_64-pc-linux-gnu/bin/../lib/gcc/nios2-elf/4.9.2/../../../../../H-x86_64-pc-linux-gnu/nios2-elf/lib/libc.a(lib_a-stdio.o)
                0x000000000200cfc8                __swrite
 .text.__sseek  0x000000000200d044       0x5c /opt/Altera/QuartusPrime-15.1/nios2eds/bin/gnu/H-x86_64-pc-linux-gnu/bin/../lib/gcc/nios2-elf/4.9.2/../../../../../H-x86_64-pc-linux-gnu/nios2-elf/lib/libc.a(lib_a-stdio.o)
                0x000000000200d044                __sseek
 .text.__sclose
                0x000000000200d0a0        0x8 /opt/Altera/QuartusPrime-15.1/nios2eds/bin/gnu/H-x86_64-pc-linux-gnu/bin/../lib/gcc/nios2-elf/4.9.2/../../../../../H-x86_64-pc-linux-gnu/nios2-elf/lib/libc.a(lib_a-stdio.o)
                0x000000000200d0a0                __sclose
 .text          0x000000000200d0a8        0x0 /opt/Altera/QuartusPrime-15.1/nios2eds/bin/gnu/H-x86_64-pc-linux-gnu/bin/../lib/gcc/nios2-elf/4.9.2/../../../../../H-x86_64-pc-linux-gnu/nios2-elf/lib/libc.a(lib_a-strtod.o)
 .text.sulp     0x000000000200d0a8       0x64 /opt/Altera/QuartusPrime-15.1/nios2eds/bin/gnu/H-x86_64-pc-linux-gnu/bin/../lib/gcc/nios2-elf/4.9.2/../../../../../H-x86_64-pc-linux-gnu/nios2-elf/lib/libc.a(lib_a-strtod.o)
 .text._strtod_r
                0x000000000200d10c     0x15ec /opt/Altera/QuartusPrime-15.1/nios2eds/bin/gnu/H-x86_64-pc-linux-gnu/bin/../lib/gcc/nios2-elf/4.9.2/../../../../../H-x86_64-pc-linux-gnu/nios2-elf/lib/libc.a(lib_a-strtod.o)
                0x000000000200d10c                _strtod_r
 .text.strtod   0x000000000200e6f8       0x1c /opt/Altera/QuartusPrime-15.1/nios2eds/bin/gnu/H-x86_64-pc-linux-gnu/bin/../lib/gcc/nios2-elf/4.9.2/../../../../../H-x86_64-pc-linux-gnu/nios2-elf/lib/libc.a(lib_a-strtod.o)
                0x000000000200e6f8                strtod
 .text.strtof   0x000000000200e714      0x104 /opt/Altera/QuartusPrime-15.1/nios2eds/bin/gnu/H-x86_64-pc-linux-gnu/bin/../lib/gcc/nios2-elf/4.9.2/../../../../../H-x86_64-pc-linux-gnu/nios2-elf/lib/libc.a(lib_a-strtod.o)
                0x000000000200e714                strtof
 .text          0x000000000200e818        0x0 /opt/Altera/QuartusPrime-15.1/nios2eds/bin/gnu/H-x86_64-pc-linux-gnu/bin/../lib/gcc/nios2-elf/4.9.2/../../../../../H-x86_64-pc-linux-gnu/nios2-elf/lib/libc.a(lib_a-strtol.o)
 .text._strtol_r
                0x000000000200e818      0x240 /opt/Altera/QuartusPrime-15.1/nios2eds/bin/gnu/H-x86_64-pc-linux-gnu/bin/../lib/gcc/nios2-elf/4.9.2/../../../../../H-x86_64-pc-linux-gnu/nios2-elf/lib/libc.a(lib_a-strtol.o)
                0x000000000200e818                _strtol_r
 .text.strtol   0x000000000200ea58       0x24 /opt/Altera/QuartusPrime-15.1/nios2eds/bin/gnu/H-x86_64-pc-linux-gnu/bin/../lib/gcc/nios2-elf/4.9.2/../../../../../H-x86_64-pc-linux-gnu/nios2-elf/lib/libc.a(lib_a-strtol.o)
                0x000000000200ea58                strtol
 .text          0x000000000200ea7c        0x0 /opt/Altera/QuartusPrime-15.1/nios2eds/bin/gnu/H-x86_64-pc-linux-gnu/bin/../lib/gcc/nios2-elf/4.9.2/../../../../../H-x86_64-pc-linux-gnu/nios2-elf/lib/libc.a(lib_a-strtoll_r.o)
 .text._strtoll_r
                0x000000000200ea7c      0x2f4 /opt/Altera/QuartusPrime-15.1/nios2eds/bin/gnu/H-x86_64-pc-linux-gnu/bin/../lib/gcc/nios2-elf/4.9.2/../../../../../H-x86_64-pc-linux-gnu/nios2-elf/lib/libc.a(lib_a-strtoll_r.o)
                0x000000000200ea7c                _strtoll_r
 .text          0x000000000200ed70        0x0 /opt/Altera/QuartusPrime-15.1/nios2eds/bin/gnu/H-x86_64-pc-linux-gnu/bin/../lib/gcc/nios2-elf/4.9.2/../../../../../H-x86_64-pc-linux-gnu/nios2-elf/lib/libc.a(lib_a-strtoul.o)
 .text._strtoul_r
                0x000000000200ed70      0x268 /opt/Altera/QuartusPrime-15.1/nios2eds/bin/gnu/H-x86_64-pc-linux-gnu/bin/../lib/gcc/nios2-elf/4.9.2/../../../../../H-x86_64-pc-linux-gnu/nios2-elf/lib/libc.a(lib_a-strtoul.o)
                0x000000000200ed70                _strtoul_r
 .text.strtoul  0x000000000200efd8       0x24 /opt/Altera/QuartusPrime-15.1/nios2eds/bin/gnu/H-x86_64-pc-linux-gnu/bin/../lib/gcc/nios2-elf/4.9.2/../../../../../H-x86_64-pc-linux-gnu/nios2-elf/lib/libc.a(lib_a-strtoul.o)
                0x000000000200efd8                strtoul
 .text          0x000000000200effc        0x0 /opt/Altera/QuartusPrime-15.1/nios2eds/bin/gnu/H-x86_64-pc-linux-gnu/bin/../lib/gcc/nios2-elf/4.9.2/../../../../../H-x86_64-pc-linux-gnu/nios2-elf/lib/libc.a(lib_a-strtoull_r.o)
 .text._strtoull_r
                0x000000000200effc      0x334 /opt/Altera/QuartusPrime-15.1/nios2eds/bin/gnu/H-x86_64-pc-linux-gnu/bin/../lib/gcc/nios2-elf/4.9.2/../../../../../H-x86_64-pc-linux-gnu/nios2-elf/lib/libc.a(lib_a-strtoull_r.o)
                0x000000000200effc                _strtoull_r
 .text          0x000000000200f330        0x0 /opt/Altera/QuartusPrime-15.1/nios2eds/bin/gnu/H-x86_64-pc-linux-gnu/bin/../lib/gcc/nios2-elf/4.9.2/../../../../../H-x86_64-pc-linux-gnu/nios2-elf/lib/libc.a(lib_a-svfprintf.o)
 .text.___svfprintf_internal_r
                0x000000000200f330     0x1f90 /opt/Altera/QuartusPrime-15.1/nios2eds/bin/gnu/H-x86_64-pc-linux-gnu/bin/../lib/gcc/nios2-elf/4.9.2/../../../../../H-x86_64-pc-linux-gnu/nios2-elf/lib/libc.a(lib_a-svfprintf.o)
                0x000000000200f330                ___svfprintf_internal_r
 .text          0x00000000020112c0        0x0 /opt/Altera/QuartusPrime-15.1/nios2eds/bin/gnu/H-x86_64-pc-linux-gnu/bin/../lib/gcc/nios2-elf/4.9.2/../../../../../H-x86_64-pc-linux-gnu/nios2-elf/lib/libc.a(lib_a-ungetc.o)
 .text.__submore
                0x00000000020112c0       0xd4 /opt/Altera/QuartusPrime-15.1/nios2eds/bin/gnu/H-x86_64-pc-linux-gnu/bin/../lib/gcc/nios2-elf/4.9.2/../../../../../H-x86_64-pc-linux-gnu/nios2-elf/lib/libc.a(lib_a-ungetc.o)
                0x00000000020112c0                __submore
 .text._ungetc_r
                0x0000000002011394      0x188 /opt/Altera/QuartusPrime-15.1/nios2eds/bin/gnu/H-x86_64-pc-linux-gnu/bin/../lib/gcc/nios2-elf/4.9.2/../../../../../H-x86_64-pc-linux-gnu/nios2-elf/lib/libc.a(lib_a-ungetc.o)
                0x0000000002011394                _ungetc_r
 .text.ungetc   0x000000000201151c       0x1c /opt/Altera/QuartusPrime-15.1/nios2eds/bin/gnu/H-x86_64-pc-linux-gnu/bin/../lib/gcc/nios2-elf/4.9.2/../../../../../H-x86_64-pc-linux-gnu/nios2-elf/lib/libc.a(lib_a-ungetc.o)
                0x000000000201151c                ungetc
 .text          0x0000000002011538        0x0 /opt/Altera/QuartusPrime-15.1/nios2eds/bin/gnu/H-x86_64-pc-linux-gnu/bin/../lib/gcc/nios2-elf/4.9.2/../../../../../H-x86_64-pc-linux-gnu/nios2-elf/lib/libc.a(lib_a-vfiprintf.o)
 .text.__sprint_r.part.0
                0x0000000002011538       0xfc /opt/Altera/QuartusPrime-15.1/nios2eds/bin/gnu/H-x86_64-pc-linux-gnu/bin/../lib/gcc/nios2-elf/4.9.2/../../../../../H-x86_64-pc-linux-gnu/nios2-elf/lib/libc.a(lib_a-vfiprintf.o)
 .text.__sprint_r
                0x0000000002011634       0x18 /opt/Altera/QuartusPrime-15.1/nios2eds/bin/gnu/H-x86_64-pc-linux-gnu/bin/../lib/gcc/nios2-elf/4.9.2/../../../../../H-x86_64-pc-linux-gnu/nios2-elf/lib/libc.a(lib_a-vfiprintf.o)
                0x0000000002011634                __sprint_r
 .text.___vfiprintf_internal_r
                0x000000000201164c     0x12d0 /opt/Altera/QuartusPrime-15.1/nios2eds/bin/gnu/H-x86_64-pc-linux-gnu/bin/../lib/gcc/nios2-elf/4.9.2/../../../../../H-x86_64-pc-linux-gnu/nios2-elf/lib/libc.a(lib_a-vfiprintf.o)
                0x000000000201164c                ___vfiprintf_internal_r
 .text.__vfiprintf_internal
                0x000000000201291c       0x24 /opt/Altera/QuartusPrime-15.1/nios2eds/bin/gnu/H-x86_64-pc-linux-gnu/bin/../lib/gcc/nios2-elf/4.9.2/../../../../../H-x86_64-pc-linux-gnu/nios2-elf/lib/libc.a(lib_a-vfiprintf.o)
                0x000000000201291c                __vfiprintf_internal
 .text.__sbprintf
                0x0000000002012940       0xbc /opt/Altera/QuartusPrime-15.1/nios2eds/bin/gnu/H-x86_64-pc-linux-gnu/bin/../lib/gcc/nios2-elf/4.9.2/../../../../../H-x86_64-pc-linux-gnu/nios2-elf/lib/libc.a(lib_a-vfiprintf.o)
 .text          0x00000000020129fc        0x0 /opt/Altera/QuartusPrime-15.1/nios2eds/bin/gnu/H-x86_64-pc-linux-gnu/bin/../lib/gcc/nios2-elf/4.9.2/../../../../../H-x86_64-pc-linux-gnu/nios2-elf/lib/libc.a(lib_a-writer.o)
 .text._write_r
                0x00000000020129fc       0x5c /opt/Altera/QuartusPrime-15.1/nios2eds/bin/gnu/H-x86_64-pc-linux-gnu/bin/../lib/gcc/nios2-elf/4.9.2/../../../../../H-x86_64-pc-linux-gnu/nios2-elf/lib/libc.a(lib_a-writer.o)
                0x00000000020129fc                _write_r
 .text          0x0000000002012a58        0x0 /opt/Altera/QuartusPrime-15.1/nios2eds/bin/gnu/H-x86_64-pc-linux-gnu/bin/../lib/gcc/nios2-elf/4.9.2/../../../../../H-x86_64-pc-linux-gnu/nios2-elf/lib/libc.a(closer.o)
 .text._close_r
                0x0000000002012a58       0x54 /opt/Altera/QuartusPrime-15.1/nios2eds/bin/gnu/H-x86_64-pc-linux-gnu/bin/../lib/gcc/nios2-elf/4.9.2/../../../../../H-x86_64-pc-linux-gnu/nios2-elf/lib/libc.a(closer.o)
                0x0000000002012a58                _close_r
 .text          0x0000000002012aac        0x0 /opt/Altera/QuartusPrime-15.1/nios2eds/bin/gnu/H-x86_64-pc-linux-gnu/bin/../lib/gcc/nios2-elf/4.9.2/../../../../../H-x86_64-pc-linux-gnu/nios2-elf/lib/libc.a(lib_a-callocr.o)
 .text._calloc_r
                0x0000000002012aac       0xc4 /opt/Altera/QuartusPrime-15.1/nios2eds/bin/gnu/H-x86_64-pc-linux-gnu/bin/../lib/gcc/nios2-elf/4.9.2/../../../../../H-x86_64-pc-linux-gnu/nios2-elf/lib/libc.a(lib_a-callocr.o)
                0x0000000002012aac                _calloc_r
 .text          0x0000000002012b70        0x0 /opt/Altera/QuartusPrime-15.1/nios2eds/bin/gnu/H-x86_64-pc-linux-gnu/bin/../lib/gcc/nios2-elf/4.9.2/../../../../../H-x86_64-pc-linux-gnu/nios2-elf/lib/libc.a(lib_a-fclose.o)
 .text._fclose_r
                0x0000000002012b70       0xf0 /opt/Altera/QuartusPrime-15.1/nios2eds/bin/gnu/H-x86_64-pc-linux-gnu/bin/../lib/gcc/nios2-elf/4.9.2/../../../../../H-x86_64-pc-linux-gnu/nios2-elf/lib/libc.a(lib_a-fclose.o)
                0x0000000002012b70                _fclose_r
 .text.fclose   0x0000000002012c60       0x14 /opt/Altera/QuartusPrime-15.1/nios2eds/bin/gnu/H-x86_64-pc-linux-gnu/bin/../lib/gcc/nios2-elf/4.9.2/../../../../../H-x86_64-pc-linux-gnu/nios2-elf/lib/libc.a(lib_a-fclose.o)
                0x0000000002012c60                fclose
 .text          0x0000000002012c74        0x0 /opt/Altera/QuartusPrime-15.1/nios2eds/bin/gnu/H-x86_64-pc-linux-gnu/bin/../lib/gcc/nios2-elf/4.9.2/../../../../../H-x86_64-pc-linux-gnu/nios2-elf/lib/libc.a(lib_a-fputwc.o)
 .text._fputwc_r
                0x0000000002012c74      0x184 /opt/Altera/QuartusPrime-15.1/nios2eds/bin/gnu/H-x86_64-pc-linux-gnu/bin/../lib/gcc/nios2-elf/4.9.2/../../../../../H-x86_64-pc-linux-gnu/nios2-elf/lib/libc.a(lib_a-fputwc.o)
                0x0000000002012c74                _fputwc_r
 .text.fputwc   0x0000000002012df8       0x5c /opt/Altera/QuartusPrime-15.1/nios2eds/bin/gnu/H-x86_64-pc-linux-gnu/bin/../lib/gcc/nios2-elf/4.9.2/../../../../../H-x86_64-pc-linux-gnu/nios2-elf/lib/libc.a(lib_a-fputwc.o)
                0x0000000002012df8                fputwc
 .text          0x0000000002012e54        0x0 /opt/Altera/QuartusPrime-15.1/nios2eds/bin/gnu/H-x86_64-pc-linux-gnu/bin/../lib/gcc/nios2-elf/4.9.2/../../../../../H-x86_64-pc-linux-gnu/nios2-elf/lib/libc.a(lib_a-fstatr.o)
 .text._fstat_r
                0x0000000002012e54       0x58 /opt/Altera/QuartusPrime-15.1/nios2eds/bin/gnu/H-x86_64-pc-linux-gnu/bin/../lib/gcc/nios2-elf/4.9.2/../../../../../H-x86_64-pc-linux-gnu/nios2-elf/lib/libc.a(lib_a-fstatr.o)
                0x0000000002012e54                _fstat_r
 .text          0x0000000002012eac        0x0 /opt/Altera/QuartusPrime-15.1/nios2eds/bin/gnu/H-x86_64-pc-linux-gnu/bin/../lib/gcc/nios2-elf/4.9.2/../../../../../H-x86_64-pc-linux-gnu/nios2-elf/lib/libc.a(lib_a-gdtoa-gethex.o)
 .text.rshift   0x0000000002012eac      0x100 /opt/Altera/QuartusPrime-15.1/nios2eds/bin/gnu/H-x86_64-pc-linux-gnu/bin/../lib/gcc/nios2-elf/4.9.2/../../../../../H-x86_64-pc-linux-gnu/nios2-elf/lib/libc.a(lib_a-gdtoa-gethex.o)
 .text.__gethex
                0x0000000002012fac      0x834 /opt/Altera/QuartusPrime-15.1/nios2eds/bin/gnu/H-x86_64-pc-linux-gnu/bin/../lib/gcc/nios2-elf/4.9.2/../../../../../H-x86_64-pc-linux-gnu/nios2-elf/lib/libc.a(lib_a-gdtoa-gethex.o)
                0x0000000002012fac                __gethex
 .text          0x00000000020137e0        0x0 /opt/Altera/QuartusPrime-15.1/nios2eds/bin/gnu/H-x86_64-pc-linux-gnu/bin/../lib/gcc/nios2-elf/4.9.2/../../../../../H-x86_64-pc-linux-gnu/nios2-elf/lib/libc.a(lib_a-gdtoa-hexnan.o)
 .text.__hexnan
                0x00000000020137e0      0x26c /opt/Altera/QuartusPrime-15.1/nios2eds/bin/gnu/H-x86_64-pc-linux-gnu/bin/../lib/gcc/nios2-elf/4.9.2/../../../../../H-x86_64-pc-linux-gnu/nios2-elf/lib/libc.a(lib_a-gdtoa-hexnan.o)
                0x00000000020137e0                __hexnan
 .text          0x0000000002013a4c        0x0 /opt/Altera/QuartusPrime-15.1/nios2eds/bin/gnu/H-x86_64-pc-linux-gnu/bin/../lib/gcc/nios2-elf/4.9.2/../../../../../H-x86_64-pc-linux-gnu/nios2-elf/lib/libc.a(lib_a-isattyr.o)
 .text._isatty_r
                0x0000000002013a4c       0x54 /opt/Altera/QuartusPrime-15.1/nios2eds/bin/gnu/H-x86_64-pc-linux-gnu/bin/../lib/gcc/nios2-elf/4.9.2/../../../../../H-x86_64-pc-linux-gnu/nios2-elf/lib/libc.a(lib_a-isattyr.o)
                0x0000000002013a4c                _isatty_r
 .text          0x0000000002013aa0        0x0 /opt/Altera/QuartusPrime-15.1/nios2eds/bin/gnu/H-x86_64-pc-linux-gnu/bin/../lib/gcc/nios2-elf/4.9.2/../../../../../H-x86_64-pc-linux-gnu/nios2-elf/lib/libc.a(lib_a-lseekr.o)
 .text._lseek_r
                0x0000000002013aa0       0x5c /opt/Altera/QuartusPrime-15.1/nios2eds/bin/gnu/H-x86_64-pc-linux-gnu/bin/../lib/gcc/nios2-elf/4.9.2/../../../../../H-x86_64-pc-linux-gnu/nios2-elf/lib/libc.a(lib_a-lseekr.o)
                0x0000000002013aa0                _lseek_r
 .text          0x0000000002013afc        0x0 /opt/Altera/QuartusPrime-15.1/nios2eds/bin/gnu/H-x86_64-pc-linux-gnu/bin/../lib/gcc/nios2-elf/4.9.2/../../../../../H-x86_64-pc-linux-gnu/nios2-elf/lib/libc.a(lib_a-readr.o)
 .text._read_r  0x0000000002013afc       0x5c /opt/Altera/QuartusPrime-15.1/nios2eds/bin/gnu/H-x86_64-pc-linux-gnu/bin/../lib/gcc/nios2-elf/4.9.2/../../../../../H-x86_64-pc-linux-gnu/nios2-elf/lib/libc.a(lib_a-readr.o)
                0x0000000002013afc                _read_r
 .text          0x0000000002013b58        0x0 /opt/Altera/QuartusPrime-15.1/nios2eds/bin/gnu/H-x86_64-pc-linux-gnu/bin/../lib/gcc/nios2-elf/4.9.2/../../../../../H-x86_64-pc-linux-gnu/nios2-elf/lib/libc.a(lib_a-strncmp.o)
 .text.strncmp  0x0000000002013b58       0xc0 /opt/Altera/QuartusPrime-15.1/nios2eds/bin/gnu/H-x86_64-pc-linux-gnu/bin/../lib/gcc/nios2-elf/4.9.2/../../../../../H-x86_64-pc-linux-gnu/nios2-elf/lib/libc.a(lib_a-strncmp.o)
                0x0000000002013b58                strncmp
 .text          0x0000000002013c18        0x0 /opt/Altera/QuartusPrime-15.1/nios2eds/bin/gnu/H-x86_64-pc-linux-gnu/bin/../lib/gcc/nios2-elf/4.9.2/../../../../../H-x86_64-pc-linux-gnu/nios2-elf/lib/libc.a(lib_a-svfiprintf.o)
 .text.__ssprint_r
                0x0000000002013c18      0x1cc /opt/Altera/QuartusPrime-15.1/nios2eds/bin/gnu/H-x86_64-pc-linux-gnu/bin/../lib/gcc/nios2-elf/4.9.2/../../../../../H-x86_64-pc-linux-gnu/nios2-elf/lib/libc.a(lib_a-svfiprintf.o)
                0x0000000002013c18                __ssprint_r
 .text.___svfiprintf_internal_r
                0x0000000002013de4     0x1038 /opt/Altera/QuartusPrime-15.1/nios2eds/bin/gnu/H-x86_64-pc-linux-gnu/bin/../lib/gcc/nios2-elf/4.9.2/../../../../../H-x86_64-pc-linux-gnu/nios2-elf/lib/libc.a(lib_a-svfiprintf.o)
                0x0000000002013de4                ___svfiprintf_internal_r
 .text          0x0000000002014e1c        0x0 /opt/Altera/QuartusPrime-15.1/nios2eds/bin/gnu/H-x86_64-pc-linux-gnu/bin/../lib/gcc/nios2-elf/4.9.2/../../../../../H-x86_64-pc-linux-gnu/nios2-elf/lib/libc.a(lib_a-wcrtomb.o)
 .text._wcrtomb_r
                0x0000000002014e1c       0x9c /opt/Altera/QuartusPrime-15.1/nios2eds/bin/gnu/H-x86_64-pc-linux-gnu/bin/../lib/gcc/nios2-elf/4.9.2/../../../../../H-x86_64-pc-linux-gnu/nios2-elf/lib/libc.a(lib_a-wcrtomb.o)
                0x0000000002014e1c                _wcrtomb_r
 .text.wcrtomb  0x0000000002014eb8       0xc0 /opt/Altera/QuartusPrime-15.1/nios2eds/bin/gnu/H-x86_64-pc-linux-gnu/bin/../lib/gcc/nios2-elf/4.9.2/../../../../../H-x86_64-pc-linux-gnu/nios2-elf/lib/libc.a(lib_a-wcrtomb.o)
                0x0000000002014eb8                wcrtomb
 .text          0x0000000002014f78        0x0 /opt/Altera/QuartusPrime-15.1/nios2eds/bin/gnu/H-x86_64-pc-linux-gnu/bin/../lib/gcc/nios2-elf/4.9.2/../../../../../H-x86_64-pc-linux-gnu/nios2-elf/lib/libc.a(lib_a-wctomb_r.o)
 .text.__ascii_wctomb
                0x0000000002014f78       0x30 /opt/Altera/QuartusPrime-15.1/nios2eds/bin/gnu/H-x86_64-pc-linux-gnu/bin/../lib/gcc/nios2-elf/4.9.2/../../../../../H-x86_64-pc-linux-gnu/nios2-elf/lib/libc.a(lib_a-wctomb_r.o)
                0x0000000002014f78                __ascii_wctomb
 .text._wctomb_r
                0x0000000002014fa8       0x5c /opt/Altera/QuartusPrime-15.1/nios2eds/bin/gnu/H-x86_64-pc-linux-gnu/bin/../lib/gcc/nios2-elf/4.9.2/../../../../../H-x86_64-pc-linux-gnu/nios2-elf/lib/libc.a(lib_a-wctomb_r.o)
                0x0000000002014fa8                _wctomb_r
 .text          0x0000000002015004       0x60 /opt/Altera/QuartusPrime-15.1/nios2eds/bin/gnu/H-x86_64-pc-linux-gnu/bin/../lib/gcc/nios2-elf/4.9.2/libgcc.a(_muldi3.o)
                0x0000000002015004                __muldi3
 .text          0x0000000002015064       0x74 /opt/Altera/QuartusPrime-15.1/nios2eds/bin/gnu/H-x86_64-pc-linux-gnu/bin/../lib/gcc/nios2-elf/4.9.2/libgcc.a(_fixunsdfsi.o)
                0x0000000002015064                __fixunsdfsi
 .text          0x00000000020150d8      0x5c0 /opt/Altera/QuartusPrime-15.1/nios2eds/bin/gnu/H-x86_64-pc-linux-gnu/bin/../lib/gcc/nios2-elf/4.9.2/libgcc.a(_udivdi3.o)
                0x00000000020150d8                __udivdi3
 .text          0x0000000002015698      0x590 /opt/Altera/QuartusPrime-15.1/nios2eds/bin/gnu/H-x86_64-pc-linux-gnu/bin/../lib/gcc/nios2-elf/4.9.2/libgcc.a(_umoddi3.o)
                0x0000000002015698                __umoddi3
 .text          0x0000000002015c28       0x74 /opt/Altera/QuartusPrime-15.1/nios2eds/bin/gnu/H-x86_64-pc-linux-gnu/bin/../lib/gcc/nios2-elf/4.9.2/libgcc.a(eqsf2.o)
                0x0000000002015c28                __nesf2
                0x0000000002015c28                __eqsf2
 .text          0x0000000002015c9c       0xb8 /opt/Altera/QuartusPrime-15.1/nios2eds/bin/gnu/H-x86_64-pc-linux-gnu/bin/../lib/gcc/nios2-elf/4.9.2/libgcc.a(gesf2.o)
                0x0000000002015c9c                __gtsf2
                0x0000000002015c9c                __gesf2
 .text          0x0000000002015d54       0xb8 /opt/Altera/QuartusPrime-15.1/nios2eds/bin/gnu/H-x86_64-pc-linux-gnu/bin/../lib/gcc/nios2-elf/4.9.2/libgcc.a(lesf2.o)
                0x0000000002015d54                __lesf2
                0x0000000002015d54                __ltsf2
 .text          0x0000000002015e0c      0x89c /opt/Altera/QuartusPrime-15.1/nios2eds/bin/gnu/H-x86_64-pc-linux-gnu/bin/../lib/gcc/nios2-elf/4.9.2/libgcc.a(adddf3.o)
                0x0000000002015e0c                __adddf3
 .text          0x00000000020166a8      0x8cc /opt/Altera/QuartusPrime-15.1/nios2eds/bin/gnu/H-x86_64-pc-linux-gnu/bin/../lib/gcc/nios2-elf/4.9.2/libgcc.a(divdf3.o)
                0x00000000020166a8                __divdf3
 .text          0x0000000002016f74       0x84 /opt/Altera/QuartusPrime-15.1/nios2eds/bin/gnu/H-x86_64-pc-linux-gnu/bin/../lib/gcc/nios2-elf/4.9.2/libgcc.a(eqdf2.o)
                0x0000000002016f74                __eqdf2
                0x0000000002016f74                __nedf2
 .text          0x0000000002016ff8       0xe0 /opt/Altera/QuartusPrime-15.1/nios2eds/bin/gnu/H-x86_64-pc-linux-gnu/bin/../lib/gcc/nios2-elf/4.9.2/libgcc.a(gedf2.o)
                0x0000000002016ff8                __gtdf2
                0x0000000002016ff8                __gedf2
 .text          0x00000000020170d8       0xe0 /opt/Altera/QuartusPrime-15.1/nios2eds/bin/gnu/H-x86_64-pc-linux-gnu/bin/../lib/gcc/nios2-elf/4.9.2/libgcc.a(ledf2.o)
                0x00000000020170d8                __ltdf2
                0x00000000020170d8                __ledf2
 .text          0x00000000020171b8      0x724 /opt/Altera/QuartusPrime-15.1/nios2eds/bin/gnu/H-x86_64-pc-linux-gnu/bin/../lib/gcc/nios2-elf/4.9.2/libgcc.a(muldf3.o)
                0x00000000020171b8                __muldf3
 .text          0x00000000020178dc      0x8d0 /opt/Altera/QuartusPrime-15.1/nios2eds/bin/gnu/H-x86_64-pc-linux-gnu/bin/../lib/gcc/nios2-elf/4.9.2/libgcc.a(subdf3.o)
                0x00000000020178dc                __subdf3
 .text          0x00000000020181ac       0x88 /opt/Altera/QuartusPrime-15.1/nios2eds/bin/gnu/H-x86_64-pc-linux-gnu/bin/../lib/gcc/nios2-elf/4.9.2/libgcc.a(fixdfsi.o)
                0x00000000020181ac                __fixdfsi
 .text          0x0000000002018234       0xd0 /opt/Altera/QuartusPrime-15.1/nios2eds/bin/gnu/H-x86_64-pc-linux-gnu/bin/../lib/gcc/nios2-elf/4.9.2/libgcc.a(floatsidf.o)
                0x0000000002018234                __floatsidf
 .text          0x0000000002018304       0xa4 /opt/Altera/QuartusPrime-15.1/nios2eds/bin/gnu/H-x86_64-pc-linux-gnu/bin/../lib/gcc/nios2-elf/4.9.2/libgcc.a(floatunsidf.o)
                0x0000000002018304                __floatunsidf
 .text          0x00000000020183a8      0x198 /opt/Altera/QuartusPrime-15.1/nios2eds/bin/gnu/H-x86_64-pc-linux-gnu/bin/../lib/gcc/nios2-elf/4.9.2/libgcc.a(truncdfsf2.o)
                0x00000000020183a8                __truncdfsf2
 .text          0x0000000002018540        0x0 /opt/Altera/QuartusPrime-15.1/nios2eds/bin/gnu/H-x86_64-pc-linux-gnu/bin/../lib/gcc/nios2-elf/4.9.2/libgcc.a(_clz.o)
 .text          0x0000000002018540       0x64 /opt/Altera/QuartusPrime-15.1/nios2eds/bin/gnu/H-x86_64-pc-linux-gnu/bin/../lib/gcc/nios2-elf/4.9.2/libgcc.a(_clzsi2.o)
                0x0000000002018540                __clzsi2
 .text          0x00000000020185a4       0xd4 ../BSP//libhal_bsp.a(alt_close.o)
                0x00000000020185a4                close
 .text          0x0000000002018678        0x8 ../BSP//libhal_bsp.a(alt_dev.o)
 .text          0x0000000002018680        0x0 ../BSP//libhal_bsp.a(alt_errno.o)
 .text          0x0000000002018680       0x14 ../BSP//libhal_bsp.a(alt_exit.o)
                0x0000000002018680                _exit
 .text          0x0000000002018694       0x84 ../BSP//libhal_bsp.a(alt_fstat.o)
                0x0000000002018694                fstat
 .text          0x0000000002018718        0x8 ../BSP//libhal_bsp.a(alt_getpid.o)
                0x0000000002018718                getpid
 .text          0x0000000002018720       0x90 ../BSP//libhal_bsp.a(alt_isatty.o)
                0x0000000002018720                isatty
 .text          0x00000000020187b0      0x104 ../BSP//libhal_bsp.a(alt_kill.o)
                0x00000000020187b0                kill
 .text          0x00000000020188b4       0xcc ../BSP//libhal_bsp.a(alt_load.o)
                0x00000000020188b4                alt_load
 .text          0x0000000002018980       0x88 ../BSP//libhal_bsp.a(alt_lseek.o)
                0x0000000002018980                lseek
 .text          0x0000000002018a08       0x54 ../BSP//libhal_bsp.a(alt_main.o)
                0x0000000002018a08                alt_main
 .text          0x0000000002018a5c        0x8 ../BSP//libhal_bsp.a(alt_malloc_lock.o)
                0x0000000002018a5c                __malloc_lock
                0x0000000002018a60                __malloc_unlock
 .text          0x0000000002018a64       0xec ../BSP//libhal_bsp.a(alt_read.o)
                0x0000000002018a64                read
 .text          0x0000000002018b50       0x24 ../BSP//libhal_bsp.a(alt_release_fd.o)
                0x0000000002018b50                alt_release_fd
 .text          0x0000000002018b74       0x4c ../BSP//libhal_bsp.a(alt_sbrk.o)
                0x0000000002018b74                sbrk
 .text          0x0000000002018bc0       0xe8 ../BSP//libhal_bsp.a(alt_write.o)
                0x0000000002018bc0                write
 .text          0x0000000002018ca8       0x9c ../BSP//libhal_bsp.a(alt_sys_init.o)
                0x0000000002018ca8                alt_irq_init
                0x0000000002018cc8                alt_sys_init
 .text          0x0000000002018d44       0x3c ../BSP//libhal_bsp.a(altera_avalon_jtag_uart_fd.o)
                0x0000000002018d44                altera_avalon_jtag_uart_read_fd
                0x0000000002018d54                altera_avalon_jtag_uart_write_fd
                0x0000000002018d64                altera_avalon_jtag_uart_close_fd
                0x0000000002018d74                altera_avalon_jtag_uart_ioctl_fd
 .text          0x0000000002018d80      0x228 ../BSP//libhal_bsp.a(altera_avalon_jtag_uart_init.o)
                0x0000000002018ed8                altera_avalon_jtag_uart_init
                0x0000000002018f58                altera_avalon_jtag_uart_close
 .text          0x0000000002018fa8       0x74 ../BSP//libhal_bsp.a(altera_avalon_jtag_uart_ioctl.o)
                0x0000000002018fa8                altera_avalon_jtag_uart_ioctl
 .text          0x000000000201901c      0x13c ../BSP//libhal_bsp.a(altera_avalon_jtag_uart_read.o)
                0x000000000201901c                altera_avalon_jtag_uart_read
 .text          0x0000000002019158      0x1a0 ../BSP//libhal_bsp.a(altera_avalon_jtag_uart_write.o)
                0x0000000002019158                altera_avalon_jtag_uart_write
 .text          0x00000000020192f8       0x30 ../BSP//libhal_bsp.a(altera_avalon_uart_fd.o)
                0x00000000020192f8                altera_avalon_uart_read_fd
                0x0000000002019308                altera_avalon_uart_write_fd
                0x0000000002019318                altera_avalon_uart_close_fd
 .text          0x0000000002019328      0x1c0 ../BSP//libhal_bsp.a(altera_avalon_uart_init.o)
                0x0000000002019474                altera_avalon_uart_init
                0x00000000020194b4                altera_avalon_uart_close
 .text          0x00000000020194e8      0x1bc ../BSP//libhal_bsp.a(altera_avalon_uart_read.o)
                0x00000000020194e8                altera_avalon_uart_read
 .text          0x00000000020196a4      0x108 ../BSP//libhal_bsp.a(altera_avalon_uart_write.o)
                0x00000000020196a4                altera_avalon_uart_write
 .text          0x00000000020197ac       0x94 ../BSP//libhal_bsp.a(alt_alarm_start.o)
                0x00000000020197ac                alt_alarm_start
 .text          0x0000000002019840       0x18 ../BSP//libhal_bsp.a(alt_dcache_flush_all.o)
                0x0000000002019840                alt_dcache_flush_all
 .text          0x0000000002019858       0x78 ../BSP//libhal_bsp.a(alt_dev_llist_insert.o)
                0x0000000002019858                alt_dev_llist_insert
 .text          0x00000000020198d0        0xc ../BSP//libhal_bsp.a(alt_icache_flush_all.o)
                0x00000000020198d0                alt_icache_flush_all
 .text          0x00000000020198dc       0x9c ../BSP//libhal_bsp.a(alt_iic.o)
                0x00000000020198dc                alt_ic_isr_register
                0x00000000020198e0                alt_ic_irq_enable
                0x0000000002019920                alt_ic_irq_disable
                0x0000000002019960                alt_ic_irq_enabled
 .text          0x0000000002019978       0x68 ../BSP//libhal_bsp.a(alt_iic_isr_register.o)
                0x0000000002019978                alt_iic_isr_register
 .text          0x00000000020199e0      0x110 ../BSP//libhal_bsp.a(alt_io_redirect.o)
                0x00000000020199e0                alt_io_redirect
 .text          0x0000000002019af0        0x0 ../BSP//libhal_bsp.a(alt_irq_entry.o)
 .text          0x0000000002019af0        0x0 ../BSP//libhal_bsp.a(alt_irq_handler.o)
 .text          0x0000000002019af0        0x0 ../BSP//libhal_bsp.a(alt_irq_vars.o)
 .text          0x0000000002019af0      0x1a4 ../BSP//libhal_bsp.a(alt_open.o)
                0x0000000002019af0                open
 .text          0x0000000002019c94      0x12c ../BSP//libhal_bsp.a(alt_tick.o)
                0x0000000002019c94                alt_alarm_stop
                0x0000000002019cc8                alt_tick
 .text          0x0000000002019dc0        0x8 ../BSP//libhal_bsp.a(altera_nios2_gen2_irq.o)
                0x0000000002019dc0                altera_nios2_gen2_irq_init
 .text          0x0000000002019dc8        0x0 ../BSP//libhal_bsp.a(alt_exception_entry.o)
 .text          0x0000000002019dc8       0x78 ../BSP//libhal_bsp.a(alt_find_dev.o)
                0x0000000002019dc8                alt_find_dev
 .text          0x0000000002019e40       0xb0 ../BSP//libhal_bsp.a(alt_find_file.o)
                0x0000000002019e40                alt_find_file
 .text          0x0000000002019ef0       0x50 ../BSP//libhal_bsp.a(alt_get_fd.o)
                0x0000000002019ef0                alt_get_fd
 .text          0x0000000002019f40       0x50 ../BSP//libhal_bsp.a(alt_icache_flush.o)
                0x0000000002019f40                alt_icache_flush
 .text          0x0000000002019f90       0x74 ../BSP//libhal_bsp.a(alt_instruction_exception_entry.o)
                0x0000000002019f90                alt_exception_cause_generated_bad_addr
 .text          0x000000000201a004        0x0 /opt/Altera/QuartusPrime-15.1/nios2eds/bin/gnu/H-x86_64-pc-linux-gnu/bin/../lib/gcc/nios2-elf/4.9.2/../../../../../H-x86_64-pc-linux-gnu/nios2-elf/lib/libc.a(lib_a-exit.o)
 .text.exit     0x000000000201a004       0x38 /opt/Altera/QuartusPrime-15.1/nios2eds/bin/gnu/H-x86_64-pc-linux-gnu/bin/../lib/gcc/nios2-elf/4.9.2/../../../../../H-x86_64-pc-linux-gnu/nios2-elf/lib/libc.a(lib_a-exit.o)
                0x000000000201a004                exit
 .text          0x000000000201a03c        0x0 /opt/Altera/QuartusPrime-15.1/nios2eds/bin/gnu/H-x86_64-pc-linux-gnu/bin/../lib/gcc/nios2-elf/4.9.2/../../../../../H-x86_64-pc-linux-gnu/nios2-elf/lib/libc.a(lib_a-memcmp.o)
 .text.memcmp   0x000000000201a03c       0x7c /opt/Altera/QuartusPrime-15.1/nios2eds/bin/gnu/H-x86_64-pc-linux-gnu/bin/../lib/gcc/nios2-elf/4.9.2/../../../../../H-x86_64-pc-linux-gnu/nios2-elf/lib/libc.a(lib_a-memcmp.o)
                0x000000000201a03c                memcmp
 .text          0x000000000201a0b8        0x0 /opt/Altera/QuartusPrime-15.1/nios2eds/bin/gnu/H-x86_64-pc-linux-gnu/bin/../lib/gcc/nios2-elf/4.9.2/../../../../../H-x86_64-pc-linux-gnu/nios2-elf/lib/libc.a(lib_a-__call_atexit.o)
 .text.__call_exitprocs
                0x000000000201a0b8      0x194 /opt/Altera/QuartusPrime-15.1/nios2eds/bin/gnu/H-x86_64-pc-linux-gnu/bin/../lib/gcc/nios2-elf/4.9.2/../../../../../H-x86_64-pc-linux-gnu/nios2-elf/lib/libc.a(lib_a-__call_atexit.o)
                0x000000000201a0b8                __call_exitprocs
 *(.gnu.warning.*)
 *(.fini)
                0x000000000201a24c                PROVIDE (__etext, ABSOLUTE (.))
                0x000000000201a24c                PROVIDE (_etext, ABSOLUTE (.))
                0x000000000201a24c                PROVIDE (etext, ABSOLUTE (.))
 *(.eh_frame_hdr)
                0x000000000201a24c                . = ALIGN (0x4)
                0x000000000201a24c                PROVIDE (__preinit_array_start, ABSOLUTE (.))
 *(.preinit_array)
                0x000000000201a24c                PROVIDE (__preinit_array_end, ABSOLUTE (.))
                0x000000000201a24c                PROVIDE (__init_array_start, ABSOLUTE (.))
 *(.init_array)
                0x000000000201a24c                PROVIDE (__init_array_end, ABSOLUTE (.))
                0x000000000201a24c                PROVIDE (__fini_array_start, ABSOLUTE (.))
 *(.fini_array)
                0x000000000201a24c                PROVIDE (__fini_array_end, ABSOLUTE (.))
 *(.eh_frame)
 *(.gcc_except_table .gcc_except_table.*)
 *(.dynamic)
                0x000000000201a24c                PROVIDE (__CTOR_LIST__, ABSOLUTE (.))
 *(.ctors)
 *(SORT(.ctors.*))
                0x000000000201a24c                PROVIDE (__CTOR_END__, ABSOLUTE (.))
                0x000000000201a24c                PROVIDE (__DTOR_LIST__, ABSOLUTE (.))
 *(.dtors)
 *(SORT(.dtors.*))
                0x000000000201a24c                PROVIDE (__DTOR_END__, ABSOLUTE (.))
 *(.jcr)
                0x000000000201a24c                . = ALIGN (0x4)

.rodata         0x000000000201a24c      0xbe0
                0x000000000201a24c                PROVIDE (__ram_rodata_start, ABSOLUTE (.))
                0x000000000201a24c                . = ALIGN (0x4)
 *(.rodata .rodata.* .gnu.linkonce.r.*)
 .rodata.str1.4
                0x000000000201a24c      0x184 obj/default/data.o
                                        0x194 (size before relaxing)
 .rodata        0x000000000201a3d0       0x18 obj/default/data.o
 .rodata.str1.4
                0x000000000201a3e8       0x32 obj/default/main.o
                                         0x48 (size before relaxing)
 *fill*         0x000000000201a41a        0x2 
 .rodata.str1.4
                0x000000000201a41c      0x1f3 obj/default/stereo.o
                                        0x1f4 (size before relaxing)
 *fill*         0x000000000201a60f        0x1 
 .rodata        0x000000000201a610       0xa8 obj/default/stereo.o
 .rodata.str1.4
                0x000000000201a6b8       0x3f /opt/Altera/QuartusPrime-15.1/nios2eds/bin/gnu/H-x86_64-pc-linux-gnu/bin/../lib/gcc/nios2-elf/4.9.2/../../../../../H-x86_64-pc-linux-gnu/nios2-elf/lib/libc.a(lib_a-assert.o)
                                         0x44 (size before relaxing)
 *fill*         0x000000000201a6f7        0x1 
 .rodata.str1.4
                0x000000000201a6f8        0x2 /opt/Altera/QuartusPrime-15.1/nios2eds/bin/gnu/H-x86_64-pc-linux-gnu/bin/../lib/gcc/nios2-elf/4.9.2/../../../../../H-x86_64-pc-linux-gnu/nios2-elf/lib/libc.a(lib_a-impure.o)
                                          0x4 (size before relaxing)
 .rodata.str1.4
                0x0000000000000000        0x2 /opt/Altera/QuartusPrime-15.1/nios2eds/bin/gnu/H-x86_64-pc-linux-gnu/bin/../lib/gcc/nios2-elf/4.9.2/../../../../../H-x86_64-pc-linux-gnu/nios2-elf/lib/libc.a(lib_a-puts.o)
                                          0x4 (size before relaxing)
 *fill*         0x000000000201a6fa        0x2 
 .rodata.str1.4
                0x000000000201a6fc       0x3f /opt/Altera/QuartusPrime-15.1/nios2eds/bin/gnu/H-x86_64-pc-linux-gnu/bin/../lib/gcc/nios2-elf/4.9.2/../../../../../H-x86_64-pc-linux-gnu/nios2-elf/lib/libc.a(lib_a-vfprintf.o)
                                         0x44 (size before relaxing)
 .rodata.zeroes.4255
                0x000000000201a73b       0x10 /opt/Altera/QuartusPrime-15.1/nios2eds/bin/gnu/H-x86_64-pc-linux-gnu/bin/../lib/gcc/nios2-elf/4.9.2/../../../../../H-x86_64-pc-linux-gnu/nios2-elf/lib/libc.a(lib_a-vfprintf.o)
 .rodata.blanks.4254
                0x000000000201a74b       0x10 /opt/Altera/QuartusPrime-15.1/nios2eds/bin/gnu/H-x86_64-pc-linux-gnu/bin/../lib/gcc/nios2-elf/4.9.2/../../../../../H-x86_64-pc-linux-gnu/nios2-elf/lib/libc.a(lib_a-vfprintf.o)
 *fill*         0x000000000201a75b        0x1 
 .rodata.str1.4
                0x000000000201a75c        0x5 /opt/Altera/QuartusPrime-15.1/nios2eds/bin/gnu/H-x86_64-pc-linux-gnu/bin/../lib/gcc/nios2-elf/4.9.2/../../../../../H-x86_64-pc-linux-gnu/nios2-elf/lib/libc.a(lib_a-vfscanf.o)
                                          0x8 (size before relaxing)
 *fill*         0x000000000201a761        0x1 
 .rodata.basefix.4210
                0x000000000201a762       0x22 /opt/Altera/QuartusPrime-15.1/nios2eds/bin/gnu/H-x86_64-pc-linux-gnu/bin/../lib/gcc/nios2-elf/4.9.2/../../../../../H-x86_64-pc-linux-gnu/nios2-elf/lib/libc.a(lib_a-vfscanf.o)
 .rodata._ctype_
                0x000000000201a784      0x101 /opt/Altera/QuartusPrime-15.1/nios2eds/bin/gnu/H-x86_64-pc-linux-gnu/bin/../lib/gcc/nios2-elf/4.9.2/../../../../../H-x86_64-pc-linux-gnu/nios2-elf/lib/libc.a(lib_a-ctype_.o)
                0x000000000201a784                _ctype_
 .rodata._ctype_b
                0x000000000201a885      0x180 /opt/Altera/QuartusPrime-15.1/nios2eds/bin/gnu/H-x86_64-pc-linux-gnu/bin/../lib/gcc/nios2-elf/4.9.2/../../../../../H-x86_64-pc-linux-gnu/nios2-elf/lib/libc.a(lib_a-ctype_.o)
 *fill*         0x000000000201aa05        0x3 
 .rodata.str1.4
                0x000000000201aa08       0x10 /opt/Altera/QuartusPrime-15.1/nios2eds/bin/gnu/H-x86_64-pc-linux-gnu/bin/../lib/gcc/nios2-elf/4.9.2/../../../../../H-x86_64-pc-linux-gnu/nios2-elf/lib/libc.a(lib_a-dtoa.o)
                                         0x14 (size before relaxing)
 .rodata.str1.4
                0x000000000201aa18        0x6 /opt/Altera/QuartusPrime-15.1/nios2eds/bin/gnu/H-x86_64-pc-linux-gnu/bin/../lib/gcc/nios2-elf/4.9.2/../../../../../H-x86_64-pc-linux-gnu/nios2-elf/lib/libc.a(lib_a-locale.o)
                                         0x14 (size before relaxing)
 .rodata.str1.4
                0x0000000000000000        0x4 /opt/Altera/QuartusPrime-15.1/nios2eds/bin/gnu/H-x86_64-pc-linux-gnu/bin/../lib/gcc/nios2-elf/4.9.2/../../../../../H-x86_64-pc-linux-gnu/nios2-elf/lib/libc.a(lib_a-mbrtowc.o)
 *fill*         0x000000000201aa1e        0x2 
 .rodata.p05.2710
                0x000000000201aa20        0xc /opt/Altera/QuartusPrime-15.1/nios2eds/bin/gnu/H-x86_64-pc-linux-gnu/bin/../lib/gcc/nios2-elf/4.9.2/../../../../../H-x86_64-pc-linux-gnu/nios2-elf/lib/libc.a(lib_a-mprec.o)
 .rodata.__mprec_tinytens
                0x000000000201aa2c       0x28 /opt/Altera/QuartusPrime-15.1/nios2eds/bin/gnu/H-x86_64-pc-linux-gnu/bin/../lib/gcc/nios2-elf/4.9.2/../../../../../H-x86_64-pc-linux-gnu/nios2-elf/lib/libc.a(lib_a-mprec.o)
                0x000000000201aa2c                __mprec_tinytens
 .rodata.__mprec_bigtens
                0x000000000201aa54       0x28 /opt/Altera/QuartusPrime-15.1/nios2eds/bin/gnu/H-x86_64-pc-linux-gnu/bin/../lib/gcc/nios2-elf/4.9.2/../../../../../H-x86_64-pc-linux-gnu/nios2-elf/lib/libc.a(lib_a-mprec.o)
                0x000000000201aa54                __mprec_bigtens
 .rodata.__mprec_tens
                0x000000000201aa7c       0xc8 /opt/Altera/QuartusPrime-15.1/nios2eds/bin/gnu/H-x86_64-pc-linux-gnu/bin/../lib/gcc/nios2-elf/4.9.2/../../../../../H-x86_64-pc-linux-gnu/nios2-elf/lib/libc.a(lib_a-mprec.o)
                0x000000000201aa7c                __mprec_tens
 .rodata.str1.4
                0x000000000201ab44        0xf /opt/Altera/QuartusPrime-15.1/nios2eds/bin/gnu/H-x86_64-pc-linux-gnu/bin/../lib/gcc/nios2-elf/4.9.2/../../../../../H-x86_64-pc-linux-gnu/nios2-elf/lib/libc.a(lib_a-strtod.o)