Archive member included to satisfy reference by file (symbol)

../BSP//libhal_bsp.a(alt_load.o)
                              ../BSP//obj/HAL/src/crt0.o (alt_load)
../BSP//libhal_bsp.a(alt_main.o)
                              ../BSP//obj/HAL/src/crt0.o (alt_main)
../BSP//libhal_bsp.a(alt_usleep.o)
                              obj/default/main.o (usleep)
../BSP//libhal_bsp.a(alt_sys_init.o)
                              ../BSP//libhal_bsp.a(alt_main.o) (alt_irq_init)
../BSP//libhal_bsp.a(altera_avalon_jtag_uart_fd.o)
                              ../BSP//libhal_bsp.a(alt_sys_init.o) (altera_avalon_jtag_uart_read_fd)
../BSP//libhal_bsp.a(altera_avalon_jtag_uart_init.o)
                              ../BSP//libhal_bsp.a(alt_sys_init.o) (altera_avalon_jtag_uart_init)
../BSP//libhal_bsp.a(altera_avalon_jtag_uart_ioctl.o)
                              ../BSP//libhal_bsp.a(altera_avalon_jtag_uart_fd.o) (altera_avalon_jtag_uart_ioctl)
../BSP//libhal_bsp.a(altera_avalon_jtag_uart_read.o)
                              ../BSP//libhal_bsp.a(altera_avalon_jtag_uart_fd.o) (altera_avalon_jtag_uart_read)
../BSP//libhal_bsp.a(altera_avalon_jtag_uart_write.o)
                              ../BSP//libhal_bsp.a(altera_avalon_jtag_uart_fd.o) (altera_avalon_jtag_uart_write)
../BSP//libhal_bsp.a(altera_avalon_uart_fd.o)
                              ../BSP//libhal_bsp.a(alt_sys_init.o) (altera_avalon_uart_read_fd)
../BSP//libhal_bsp.a(altera_avalon_uart_init.o)
                              ../BSP//libhal_bsp.a(alt_sys_init.o) (altera_avalon_uart_init)
../BSP//libhal_bsp.a(altera_avalon_uart_read.o)
                              ../BSP//libhal_bsp.a(altera_avalon_uart_fd.o) (altera_avalon_uart_read)
../BSP//libhal_bsp.a(altera_avalon_uart_write.o)
                              ../BSP//libhal_bsp.a(altera_avalon_uart_fd.o) (altera_avalon_uart_write)
../BSP//libhal_bsp.a(alt_alarm_start.o)
                              ../BSP//libhal_bsp.a(altera_avalon_jtag_uart_init.o) (alt_alarm_start)
../BSP//libhal_bsp.a(alt_busy_sleep.o)
                              ../BSP//libhal_bsp.a(alt_usleep.o) (alt_busy_sleep)
../BSP//libhal_bsp.a(alt_close.o)
                              ../BSP//libhal_bsp.a(alt_main.o) (close)
../BSP//libhal_bsp.a(alt_dcache_flush_all.o)
                              ../BSP//libhal_bsp.a(alt_load.o) (alt_dcache_flush_all)
../BSP//libhal_bsp.a(alt_dev.o)
                              ../BSP//libhal_bsp.a(alt_sys_init.o) (alt_dev_list)
../BSP//libhal_bsp.a(alt_dev_llist_insert.o)
                              ../BSP//libhal_bsp.a(alt_sys_init.o) (alt_dev_llist_insert)
../BSP//libhal_bsp.a(alt_do_ctors.o)
                              ../BSP//libhal_bsp.a(alt_main.o) (_do_ctors)
../BSP//libhal_bsp.a(alt_do_dtors.o)
                              ../BSP//libhal_bsp.a(alt_main.o) (_do_dtors)
../BSP//libhal_bsp.a(alt_errno.o)
                              ../BSP//libhal_bsp.a(altera_avalon_uart_read.o) (alt_errno)
../BSP//libhal_bsp.a(alt_icache_flush_all.o)
                              ../BSP//libhal_bsp.a(alt_load.o) (alt_icache_flush_all)
../BSP//libhal_bsp.a(alt_iic.o)
                              ../BSP//libhal_bsp.a(altera_avalon_jtag_uart_init.o) (alt_ic_isr_register)
../BSP//libhal_bsp.a(alt_iic_isr_register.o)
                              ../BSP//libhal_bsp.a(alt_iic.o) (alt_iic_isr_register)
../BSP//libhal_bsp.a(alt_io_redirect.o)
                              ../BSP//libhal_bsp.a(alt_main.o) (alt_io_redirect)
../BSP//libhal_bsp.a(alt_irq_entry.o)
                              ../BSP//libhal_bsp.a(alt_iic_isr_register.o) (alt_irq_entry)
../BSP//libhal_bsp.a(alt_irq_handler.o)
                              ../BSP//libhal_bsp.a(alt_iic_isr_register.o) (alt_irq)
../BSP//libhal_bsp.a(alt_irq_vars.o)
                              ../BSP//libhal_bsp.a(alt_iic.o) (alt_irq_active)
../BSP//libhal_bsp.a(alt_open.o)
                              ../BSP//libhal_bsp.a(alt_io_redirect.o) (open)
../BSP//libhal_bsp.a(alt_release_fd.o)
                              ../BSP//libhal_bsp.a(alt_close.o) (alt_release_fd)
../BSP//libhal_bsp.a(alt_tick.o)
                              ../BSP//libhal_bsp.a(altera_avalon_jtag_uart_init.o) (_alt_tick_rate)
../BSP//libhal_bsp.a(altera_nios2_gen2_irq.o)
                              ../BSP//libhal_bsp.a(alt_sys_init.o) (altera_nios2_gen2_irq_init)
../BSP//libhal_bsp.a(alt_exception_entry.o)
                              ../BSP//libhal_bsp.a(alt_irq_entry.o) (alt_exception)
../BSP//libhal_bsp.a(alt_find_dev.o)
                              ../BSP//libhal_bsp.a(alt_open.o) (alt_find_dev)
../BSP//libhal_bsp.a(alt_find_file.o)
                              ../BSP//libhal_bsp.a(alt_open.o) (alt_find_file)
../BSP//libhal_bsp.a(alt_get_fd.o)
                              ../BSP//libhal_bsp.a(alt_open.o) (alt_get_fd)
../BSP//libhal_bsp.a(alt_icache_flush.o)
                              ../BSP//libhal_bsp.a(alt_icache_flush_all.o) (alt_icache_flush)
../BSP//libhal_bsp.a(alt_instruction_exception_entry.o)
                              ../BSP//libhal_bsp.a(alt_exception_entry.o) (alt_instruction_exception_entry)
/opt/Altera/QuartusPrime-15.1/nios2eds/bin/gnu/H-x86_64-pc-linux-gnu/bin/../lib/gcc/nios2-elf/4.9.2/../../../../../H-x86_64-pc-linux-gnu/nios2-elf/lib/libsmallc.a(lib_a-atexit.o)
                              ../BSP//libhal_bsp.a(alt_main.o) (atexit)
/opt/Altera/QuartusPrime-15.1/nios2eds/bin/gnu/H-x86_64-pc-linux-gnu/bin/../lib/gcc/nios2-elf/4.9.2/../../../../../H-x86_64-pc-linux-gnu/nios2-elf/lib/libsmallc.a(lib_a-exit.o)
                              ../BSP//libhal_bsp.a(alt_main.o) (exit)
/opt/Altera/QuartusPrime-15.1/nios2eds/bin/gnu/H-x86_64-pc-linux-gnu/bin/../lib/gcc/nios2-elf/4.9.2/../../../../../H-x86_64-pc-linux-gnu/nios2-elf/lib/libsmallc.a(lib_a-int_errno.o)
                              ../BSP//libhal_bsp.a(altera_avalon_uart_read.o) (errno)
/opt/Altera/QuartusPrime-15.1/nios2eds/bin/gnu/H-x86_64-pc-linux-gnu/bin/../lib/gcc/nios2-elf/4.9.2/../../../../../H-x86_64-pc-linux-gnu/nios2-elf/lib/libsmallc.a(lib_a-memcmp.o)
                              ../BSP//libhal_bsp.a(alt_find_dev.o) (memcmp)
/opt/Altera/QuartusPrime-15.1/nios2eds/bin/gnu/H-x86_64-pc-linux-gnu/bin/../lib/gcc/nios2-elf/4.9.2/../../../../../H-x86_64-pc-linux-gnu/nios2-elf/lib/libsmallc.a(lib_a-memcpy.o)
                              ../BSP//libhal_bsp.a(altera_avalon_jtag_uart_read.o) (memcpy)
/opt/Altera/QuartusPrime-15.1/nios2eds/bin/gnu/H-x86_64-pc-linux-gnu/bin/../lib/gcc/nios2-elf/4.9.2/../../../../../H-x86_64-pc-linux-gnu/nios2-elf/lib/libsmallc.a(lib_a-strlen.o)
                              ../BSP//libhal_bsp.a(alt_find_dev.o) (strlen)
/opt/Altera/QuartusPrime-15.1/nios2eds/bin/gnu/H-x86_64-pc-linux-gnu/bin/../lib/gcc/nios2-elf/4.9.2/../../../../../H-x86_64-pc-linux-gnu/nios2-elf/lib/libsmallc.a(lib_a-__atexit.o)
                              /opt/Altera/QuartusPrime-15.1/nios2eds/bin/gnu/H-x86_64-pc-linux-gnu/bin/../lib/gcc/nios2-elf/4.9.2/../../../../../H-x86_64-pc-linux-gnu/nios2-elf/lib/libsmallc.a(lib_a-atexit.o) (__register_exitproc)
/opt/Altera/QuartusPrime-15.1/nios2eds/bin/gnu/H-x86_64-pc-linux-gnu/bin/../lib/gcc/nios2-elf/4.9.2/../../../../../H-x86_64-pc-linux-gnu/nios2-elf/lib/libsmallc.a(lib_a-__call_atexit.o)
                              /opt/Altera/QuartusPrime-15.1/nios2eds/bin/gnu/H-x86_64-pc-linux-gnu/bin/../lib/gcc/nios2-elf/4.9.2/../../../../../H-x86_64-pc-linux-gnu/nios2-elf/lib/libsmallc.a(lib_a-exit.o) (__call_exitprocs)
/opt/Altera/QuartusPrime-15.1/nios2eds/bin/gnu/H-x86_64-pc-linux-gnu/bin/../lib/gcc/nios2-elf/4.9.2/../../../../../H-x86_64-pc-linux-gnu/nios2-elf/lib/libsmallc.a(lib_a-impure.o)
                              /opt/Altera/QuartusPrime-15.1/nios2eds/bin/gnu/H-x86_64-pc-linux-gnu/bin/../lib/gcc/nios2-elf/4.9.2/../../../../../H-x86_64-pc-linux-gnu/nios2-elf/lib/libsmallc.a(lib_a-__atexit.o) (_global_impure_ptr)
/opt/Altera/QuartusPrime-15.1/nios2eds/bin/gnu/H-x86_64-pc-linux-gnu/bin/../lib/gcc/nios2-elf/4.9.2/libgcc.a(lib2-divmod.o)
                              ../BSP//libhal_bsp.a(alt_busy_sleep.o) (__udivsi3)
../BSP//libhal_bsp.a(alt_exit.o)
                              /opt/Altera/QuartusPrime-15.1/nios2eds/bin/gnu/H-x86_64-pc-linux-gnu/bin/../lib/gcc/nios2-elf/4.9.2/../../../../../H-x86_64-pc-linux-gnu/nios2-elf/lib/libsmallc.a(lib_a-exit.o) (_exit)

Allocating common symbols
Common symbol       size              file

alt_irq             0x100             ../BSP//libhal_bsp.a(alt_irq_handler.o)
errno               0x4               /opt/Altera/QuartusPrime-15.1/nios2eds/bin/gnu/H-x86_64-pc-linux-gnu/bin/../lib/gcc/nios2-elf/4.9.2/../../../../../H-x86_64-pc-linux-gnu/nios2-elf/lib/libsmallc.a(lib_a-int_errno.o)

Memory Configuration

Name             Origin             Length             Attributes
reset            0x0000000000010000 0x0000000000000020
ram              0x0000000000010020 0x0000000000009fe0
*default*        0x0000000000000000 0xffffffffffffffff

Linker script and memory map

LOAD ../BSP//obj/HAL/src/crt0.o
LOAD obj/default/main.o
LOAD /opt/Altera/QuartusPrime-15.1/nios2eds/bin/gnu/H-x86_64-pc-linux-gnu/bin/../lib/gcc/nios2-elf/4.9.2/../../../../../H-x86_64-pc-linux-gnu/nios2-elf/lib/libstdc++.a
LOAD /opt/Altera/QuartusPrime-15.1/nios2eds/bin/gnu/H-x86_64-pc-linux-gnu/bin/../lib/gcc/nios2-elf/4.9.2/../../../../../H-x86_64-pc-linux-gnu/nios2-elf/lib/libm.a
LOAD /opt/Altera/QuartusPrime-15.1/nios2eds/bin/gnu/H-x86_64-pc-linux-gnu/bin/../lib/gcc/nios2-elf/4.9.2/libgcc.a
START GROUP
LOAD /opt/Altera/QuartusPrime-15.1/nios2eds/bin/gnu/H-x86_64-pc-linux-gnu/bin/../lib/gcc/nios2-elf/4.9.2/../../../../../H-x86_64-pc-linux-gnu/nios2-elf/lib/libsmallc.a
LOAD /opt/Altera/QuartusPrime-15.1/nios2eds/bin/gnu/H-x86_64-pc-linux-gnu/bin/../lib/gcc/nios2-elf/4.9.2/libgcc.a
LOAD ../BSP//libhal_bsp.a
LOAD /opt/Altera/QuartusPrime-15.1/nios2eds/bin/gnu/H-x86_64-pc-linux-gnu/bin/../lib/gcc/nios2-elf/4.9.2/../../../../../H-x86_64-pc-linux-gnu/nios2-elf/lib/libm.a
END GROUP
LOAD /opt/Altera/QuartusPrime-15.1/nios2eds/bin/gnu/H-x86_64-pc-linux-gnu/bin/../lib/gcc/nios2-elf/4.9.2/libgcc.a
                0x0000000000010000                __alt_mem_ram = 0x10000

.entry          0x0000000000010000       0x20
 *(.entry)
 .entry         0x0000000000010000       0x20 ../BSP//obj/HAL/src/crt0.o
                0x0000000000010000                __reset

.exceptions     0x0000000000010020      0x220
                0x0000000000010020                PROVIDE (__ram_exceptions_start, ABSOLUTE (.))
                0x0000000000010020                . = ALIGN (0x20)
 *(.irq)
 *(.exceptions.entry.label)
 .exceptions.entry.label
                0x0000000000010020        0x0 ../BSP//libhal_bsp.a(alt_irq_entry.o)
                0x0000000000010020                alt_irq_entry
 .exceptions.entry.label
                0x0000000000010020        0x0 ../BSP//libhal_bsp.a(alt_exception_entry.o)
                0x0000000000010020                alt_exception
 *(.exceptions.entry.user)
 *(.exceptions.entry.ecc_fatal)
 *(.exceptions.entry)
 .exceptions.entry
                0x0000000000010020       0x54 ../BSP//libhal_bsp.a(alt_exception_entry.o)
 *(.exceptions.irqtest.user)
 *(.exceptions.irqtest)
 .exceptions.irqtest
                0x0000000000010074       0x10 ../BSP//libhal_bsp.a(alt_irq_entry.o)
 *(.exceptions.irqhandler.user)
 *(.exceptions.irqhandler)
 .exceptions.irqhandler
                0x0000000000010084        0x4 ../BSP//libhal_bsp.a(alt_irq_entry.o)
 *(.exceptions.irqreturn.user)
 *(.exceptions.irqreturn)
 .exceptions.irqreturn
                0x0000000000010088        0x4 ../BSP//libhal_bsp.a(alt_irq_entry.o)
 *(.exceptions.notirq.label)
 .exceptions.notirq.label
                0x000000000001008c        0x0 ../BSP//libhal_bsp.a(alt_irq_entry.o)
 *(.exceptions.notirq.user)
 *(.exceptions.notirq)
 .exceptions.notirq
                0x000000000001008c        0x8 ../BSP//libhal_bsp.a(alt_exception_entry.o)
 *(.exceptions.soft.user)
 *(.exceptions.soft)
 *(.exceptions.unknown.user)
 *(.exceptions.unknown)
 .exceptions.unknown
                0x0000000000010094       0x14 ../BSP//libhal_bsp.a(alt_exception_entry.o)
 *(.exceptions.exit.label)
 .exceptions.exit.label
                0x00000000000100a8        0x0 ../BSP//libhal_bsp.a(alt_irq_entry.o)
 .exceptions.exit.label
                0x00000000000100a8        0x0 ../BSP//libhal_bsp.a(alt_exception_entry.o)
 *(.exceptions.exit.user)
 *(.exceptions.exit)
 .exceptions.exit
                0x00000000000100a8       0x54 ../BSP//libhal_bsp.a(alt_exception_entry.o)
 *(.exceptions)
 .exceptions    0x00000000000100fc       0xd0 ../BSP//libhal_bsp.a(alt_irq_handler.o)
                0x00000000000100fc                alt_irq_handler
 .exceptions    0x00000000000101cc       0x74 ../BSP//libhal_bsp.a(alt_instruction_exception_entry.o)
                0x00000000000101cc                alt_instruction_exception_entry
                0x0000000000010240                PROVIDE (__ram_exceptions_end, ABSOLUTE (.))
                0x0000000000010020                PROVIDE (__flash_exceptions_start, LOADADDR (.exceptions))

.text           0x0000000000010240     0x2d30
                0x0000000000010240                PROVIDE (stext, ABSOLUTE (.))
 *(.interp)
 *(.hash)
 *(.dynsym)
 *(.dynstr)
 *(.gnu.version)
 *(.gnu.version_d)
 *(.gnu.version_r)
 *(.rel.init)
 *(.rela.init)
 *(.rel.text .rel.text.* .rel.gnu.linkonce.t.*)
 *(.rela.text .rela.text.* .rela.gnu.linkonce.t.*)
 *(.rel.fini)
 *(.rela.fini)
 *(.rel.rodata .rel.rodata.* .rel.gnu.linkonce.r.*)
 *(.rela.rodata .rela.rodata.* .rela.gnu.linkonce.r.*)
 *(.rel.data .rel.data.* .rel.gnu.linkonce.d.*)
 *(.rela.data .rela.data.* .rela.gnu.linkonce.d.*)
 *(.rel.tdata .rel.tdata.* .rel.gnu.linkonce.td.*)
 *(.rela.tdata .rela.tdata.* .rela.gnu.linkonce.td.*)
 *(.rel.tbss .rel.tbss.* .rel.gnu.linkonce.tb.*)
 *(.rela.tbss .rela.tbss.* .rela.gnu.linkonce.tb.*)
 *(.rel.ctors)
 *(.rela.ctors)
 *(.rel.dtors)
 *(.rela.dtors)
 *(.rel.got)
 *(.rela.got)
 *(.rel.sdata .rel.sdata.* .rel.gnu.linkonce.s.*)
 *(.rela.sdata .rela.sdata.* .rela.gnu.linkonce.s.*)
 *(.rel.sbss .rel.sbss.* .rel.gnu.linkonce.sb.*)
 *(.rela.sbss .rela.sbss.* .rela.gnu.linkonce.sb.*)
 *(.rel.sdata2 .rel.sdata2.* .rel.gnu.linkonce.s2.*)
 *(.rela.sdata2 .rela.sdata2.* .rela.gnu.linkonce.s2.*)
 *(.rel.sbss2 .rel.sbss2.* .rel.gnu.linkonce.sb2.*)
 *(.rela.sbss2 .rela.sbss2.* .rela.gnu.linkonce.sb2.*)
 *(.rel.bss .rel.bss.* .rel.gnu.linkonce.b.*)
 *(.rela.bss .rela.bss.* .rela.gnu.linkonce.b.*)
 *(.rel.plt)
 *(.rela.plt)
 *(.rel.dyn)
 *(.init)
 *(.plt)
 *(.text .stub .text.* .gnu.linkonce.t.*)
 .text          0x0000000000010240       0x4c ../BSP//obj/HAL/src/crt0.o
                0x0000000000010240                _start
 .text          0x000000000001028c       0x38 obj/default/main.o
                0x000000000001028c                main
 .text          0x00000000000102c4       0xe4 ../BSP//libhal_bsp.a(alt_load.o)
                0x0000000000010328                alt_load
 .text          0x00000000000103a8       0x78 ../BSP//libhal_bsp.a(alt_main.o)
                0x00000000000103a8                alt_main
 .text          0x0000000000010420       0x30 ../BSP//libhal_bsp.a(alt_usleep.o)
                0x0000000000010420                usleep
 .text          0x0000000000010450       0xd4 ../BSP//libhal_bsp.a(alt_sys_init.o)
                0x0000000000010488                alt_irq_init
                0x00000000000104bc                alt_sys_init
 .text          0x0000000000010524      0x164 ../BSP//libhal_bsp.a(altera_avalon_jtag_uart_fd.o)
                0x0000000000010524                altera_avalon_jtag_uart_read_fd
                0x0000000000010584                altera_avalon_jtag_uart_write_fd
                0x00000000000105e4                altera_avalon_jtag_uart_close_fd
                0x0000000000010634                altera_avalon_jtag_uart_ioctl_fd
 .text          0x0000000000010688      0x3d8 ../BSP//libhal_bsp.a(altera_avalon_jtag_uart_init.o)
                0x0000000000010688                altera_avalon_jtag_uart_init
                0x00000000000109f8                altera_avalon_jtag_uart_close
 .text          0x0000000000010a60       0xec ../BSP//libhal_bsp.a(altera_avalon_jtag_uart_ioctl.o)
                0x0000000000010a60                altera_avalon_jtag_uart_ioctl
 .text          0x0000000000010b4c      0x20c ../BSP//libhal_bsp.a(altera_avalon_jtag_uart_read.o)
                0x0000000000010b4c                altera_avalon_jtag_uart_read
 .text          0x0000000000010d58      0x218 ../BSP//libhal_bsp.a(altera_avalon_jtag_uart_write.o)
                0x0000000000010d58                altera_avalon_jtag_uart_write
 .text          0x0000000000010f70      0x110 ../BSP//libhal_bsp.a(altera_avalon_uart_fd.o)
                0x0000000000010f70                altera_avalon_uart_read_fd
                0x0000000000010fd0                altera_avalon_uart_write_fd
                0x0000000000011030                altera_avalon_uart_close_fd
 .text          0x0000000000011080      0x3b8 ../BSP//libhal_bsp.a(altera_avalon_uart_init.o)
                0x0000000000011080                altera_avalon_uart_init
                0x00000000000113e4                altera_avalon_uart_close
 .text          0x0000000000011438      0x22c ../BSP//libhal_bsp.a(altera_avalon_uart_read.o)
                0x0000000000011488                altera_avalon_uart_read
 .text          0x0000000000011664      0x1fc ../BSP//libhal_bsp.a(altera_avalon_uart_write.o)
                0x00000000000116b4                altera_avalon_uart_write
 .text          0x0000000000011860      0x140 ../BSP//libhal_bsp.a(alt_alarm_start.o)
                0x0000000000011860                alt_alarm_start
 .text          0x00000000000119a0      0x158 ../BSP//libhal_bsp.a(alt_busy_sleep.o)
                0x00000000000119a0                alt_busy_sleep
 .text          0x0000000000011af8      0x120 ../BSP//libhal_bsp.a(alt_close.o)
                0x0000000000011b48                close
 .text          0x0000000000011c18       0x44 ../BSP//libhal_bsp.a(alt_dcache_flush_all.o)
                0x0000000000011c18                alt_dcache_flush_all
 .text          0x0000000000011c5c       0x2c ../BSP//libhal_bsp.a(alt_dev.o)
 .text          0x0000000000011c88       0xf4 ../BSP//libhal_bsp.a(alt_dev_llist_insert.o)
                0x0000000000011cd8                alt_dev_llist_insert
 .text          0x0000000000011d7c       0x5c ../BSP//libhal_bsp.a(alt_do_ctors.o)
                0x0000000000011d7c                _do_ctors
 .text          0x0000000000011dd8       0x5c ../BSP//libhal_bsp.a(alt_do_dtors.o)
                0x0000000000011dd8                _do_dtors
 .text          0x0000000000011e34        0x0 ../BSP//libhal_bsp.a(alt_errno.o)
 .text          0x0000000000011e34       0x30 ../BSP//libhal_bsp.a(alt_icache_flush_all.o)
                0x0000000000011e34                alt_icache_flush_all
 .text          0x0000000000011e64      0x1e0 ../BSP//libhal_bsp.a(alt_iic.o)
                0x0000000000011e64                alt_ic_isr_register
                0x0000000000011eb4                alt_ic_irq_enable
                0x0000000000011f54                alt_ic_irq_disable
                0x0000000000011ff8                alt_ic_irq_enabled
 .text          0x0000000000012044       0xf0 ../BSP//libhal_bsp.a(alt_iic_isr_register.o)
                0x0000000000012044                alt_iic_isr_register
 .text          0x0000000000012134      0x138 ../BSP//libhal_bsp.a(alt_io_redirect.o)
                0x00000000000121f4                alt_io_redirect
 .text          0x000000000001226c        0x0 ../BSP//libhal_bsp.a(alt_irq_entry.o)
 .text          0x000000000001226c        0x0 ../BSP//libhal_bsp.a(alt_irq_handler.o)
 .text          0x000000000001226c        0x0 ../BSP//libhal_bsp.a(alt_irq_vars.o)
 .text          0x000000000001226c      0x274 ../BSP//libhal_bsp.a(alt_open.o)
                0x0000000000012388                open
 .text          0x00000000000124e0       0x60 ../BSP//libhal_bsp.a(alt_release_fd.o)
                0x00000000000124e0                alt_release_fd
 .text          0x0000000000012540      0x19c ../BSP//libhal_bsp.a(alt_tick.o)
                0x0000000000012540                alt_alarm_stop
                0x00000000000125d8                alt_tick
 .text          0x00000000000126dc       0x20 ../BSP//libhal_bsp.a(altera_nios2_gen2_irq.o)
                0x00000000000126dc                altera_nios2_gen2_irq_init
 .text          0x00000000000126fc        0x0 ../BSP//libhal_bsp.a(alt_exception_entry.o)
 .text          0x00000000000126fc       0x90 ../BSP//libhal_bsp.a(alt_find_dev.o)
                0x00000000000126fc                alt_find_dev
 .text          0x000000000001278c      0x114 ../BSP//libhal_bsp.a(alt_find_file.o)
                0x000000000001278c                alt_find_file
 .text          0x00000000000128a0       0xb4 ../BSP//libhal_bsp.a(alt_get_fd.o)
                0x00000000000128a0                alt_get_fd
 .text          0x0000000000012954       0x8c ../BSP//libhal_bsp.a(alt_icache_flush.o)
                0x0000000000012954                alt_icache_flush
 .text          0x00000000000129e0       0x9c ../BSP//libhal_bsp.a(alt_instruction_exception_entry.o)
                0x00000000000129e0                alt_exception_cause_generated_bad_addr
 .text          0x0000000000012a7c        0x0 /opt/Altera/QuartusPrime-15.1/nios2eds/bin/gnu/H-x86_64-pc-linux-gnu/bin/../lib/gcc/nios2-elf/4.9.2/../../../../../H-x86_64-pc-linux-gnu/nios2-elf/lib/libsmallc.a(lib_a-atexit.o)
 .text.atexit   0x0000000000012a7c       0x14 /opt/Altera/QuartusPrime-15.1/nios2eds/bin/gnu/H-x86_64-pc-linux-gnu/bin/../lib/gcc/nios2-elf/4.9.2/../../../../../H-x86_64-pc-linux-gnu/nios2-elf/lib/libsmallc.a(lib_a-atexit.o)
                0x0000000000012a7c                atexit
 .text          0x0000000000012a90        0x0 /opt/Altera/QuartusPrime-15.1/nios2eds/bin/gnu/H-x86_64-pc-linux-gnu/bin/../lib/gcc/nios2-elf/4.9.2/../../../../../H-x86_64-pc-linux-gnu/nios2-elf/lib/libsmallc.a(lib_a-exit.o)
 .text.exit     0x0000000000012a90       0x20 /opt/Altera/QuartusPrime-15.1/nios2eds/bin/gnu/H-x86_64-pc-linux-gnu/bin/../lib/gcc/nios2-elf/4.9.2/../../../../../H-x86_64-pc-linux-gnu/nios2-elf/lib/libsmallc.a(lib_a-exit.o)
                0x0000000000012a90                exit
 .text          0x0000000000012ab0        0x0 /opt/Altera/QuartusPrime-15.1/nios2eds/bin/gnu/H-x86_64-pc-linux-gnu/bin/../lib/gcc/nios2-elf/4.9.2/../../../../../H-x86_64-pc-linux-gnu/nios2-elf/lib/libsmallc.a(lib_a-int_errno.o)
 .text          0x0000000000012ab0        0x0 /opt/Altera/QuartusPrime-15.1/nios2eds/bin/gnu/H-x86_64-pc-linux-gnu/bin/../lib/gcc/nios2-elf/4.9.2/../../../../../H-x86_64-pc-linux-gnu/nios2-elf/lib/libsmallc.a(lib_a-memcmp.o)
 .text.memcmp   0x0000000000012ab0       0x30 /opt/Altera/QuartusPrime-15.1/nios2eds/bin/gnu/H-x86_64-pc-linux-gnu/bin/../lib/gcc/nios2-elf/4.9.2/../../../../../H-x86_64-pc-linux-gnu/nios2-elf/lib/libsmallc.a(lib_a-memcmp.o)
                0x0000000000012ab0                memcmp
 .text          0x0000000000012ae0        0x0 /opt/Altera/QuartusPrime-15.1/nios2eds/bin/gnu/H-x86_64-pc-linux-gnu/bin/../lib/gcc/nios2-elf/4.9.2/../../../../../H-x86_64-pc-linux-gnu/nios2-elf/lib/libsmallc.a(lib_a-memcpy.o)
 .text.memcpy   0x0000000000012ae0       0x28 /opt/Altera/QuartusPrime-15.1/nios2eds/bin/gnu/H-x86_64-pc-linux-gnu/bin/../lib/gcc/nios2-elf/4.9.2/../../../../../H-x86_64-pc-linux-gnu/nios2-elf/lib/libsmallc.a(lib_a-memcpy.o)
                0x0000000000012ae0                memcpy
 .text          0x0000000000012b08        0x0 /opt/Altera/QuartusPrime-15.1/nios2eds/bin/gnu/H-x86_64-pc-linux-gnu/bin/../lib/gcc/nios2-elf/4.9.2/../../../../../H-x86_64-pc-linux-gnu/nios2-elf/lib/libsmallc.a(lib_a-strlen.o)
 .text.strlen   0x0000000000012b08       0x1c /opt/Altera/QuartusPrime-15.1/nios2eds/bin/gnu/H-x86_64-pc-linux-gnu/bin/../lib/gcc/nios2-elf/4.9.2/../../../../../H-x86_64-pc-linux-gnu/nios2-elf/lib/libsmallc.a(lib_a-strlen.o)
                0x0000000000012b08                strlen
 .text          0x0000000000012b24        0x0 /opt/Altera/QuartusPrime-15.1/nios2eds/bin/gnu/H-x86_64-pc-linux-gnu/bin/../lib/gcc/nios2-elf/4.9.2/../../../../../H-x86_64-pc-linux-gnu/nios2-elf/lib/libsmallc.a(lib_a-__atexit.o)
 .text.__register_exitproc
                0x0000000000012b24      0x150 /opt/Altera/QuartusPrime-15.1/nios2eds/bin/gnu/H-x86_64-pc-linux-gnu/bin/../lib/gcc/nios2-elf/4.9.2/../../../../../H-x86_64-pc-linux-gnu/nios2-elf/lib/libsmallc.a(lib_a-__atexit.o)
                0x0000000000012b24                __register_exitproc
 .text          0x0000000000012c74        0x0 /opt/Altera/QuartusPrime-15.1/nios2eds/bin/gnu/H-x86_64-pc-linux-gnu/bin/../lib/gcc/nios2-elf/4.9.2/../../../../../H-x86_64-pc-linux-gnu/nios2-elf/lib/libsmallc.a(lib_a-__call_atexit.o)
 .text.__call_exitprocs
                0x0000000000012c74      0x19c /opt/Altera/QuartusPrime-15.1/nios2eds/bin/gnu/H-x86_64-pc-linux-gnu/bin/../lib/gcc/nios2-elf/4.9.2/../../../../../H-x86_64-pc-linux-gnu/nios2-elf/lib/libsmallc.a(lib_a-__call_atexit.o)
                0x0000000000012c74                __call_exitprocs
 .text          0x0000000000012e10        0x0 /opt/Altera/QuartusPrime-15.1/nios2eds/bin/gnu/H-x86_64-pc-linux-gnu/bin/../lib/gcc/nios2-elf/4.9.2/../../../../../H-x86_64-pc-linux-gnu/nios2-elf/lib/libsmallc.a(lib_a-impure.o)
 .text          0x0000000000012e10      0x12c /opt/Altera/QuartusPrime-15.1/nios2eds/bin/gnu/H-x86_64-pc-linux-gnu/bin/../lib/gcc/nios2-elf/4.9.2/libgcc.a(lib2-divmod.o)
                0x0000000000012e7c                __divsi3
                0x0000000000012ed0                __modsi3
                0x0000000000012f2c                __udivsi3
                0x0000000000012f34                __umodsi3
 .text          0x0000000000012f3c       0x34 ../BSP//libhal_bsp.a(alt_exit.o)
                0x0000000000012f3c                _exit
 *(.gnu.warning.*)
 *(.fini)
                0x0000000000012f70                PROVIDE (__etext, ABSOLUTE (.))
                0x0000000000012f70                PROVIDE (_etext, ABSOLUTE (.))
                0x0000000000012f70                PROVIDE (etext, ABSOLUTE (.))
 *(.eh_frame_hdr)
                0x0000000000012f70                . = ALIGN (0x4)
                0x0000000000012f70                PROVIDE (__preinit_array_start, ABSOLUTE (.))
 *(.preinit_array)
                0x0000000000012f70                PROVIDE (__preinit_array_end, ABSOLUTE (.))
                0x0000000000012f70                PROVIDE (__init_array_start, ABSOLUTE (.))
 *(.init_array)
                0x0000000000012f70                PROVIDE (__init_array_end, ABSOLUTE (.))
                0x0000000000012f70                PROVIDE (__fini_array_start, ABSOLUTE (.))
 *(.fini_array)
                0x0000000000012f70                PROVIDE (__fini_array_end, ABSOLUTE (.))
 *(.eh_frame)
 *(.gcc_except_table .gcc_except_table.*)
 *(.dynamic)
                0x0000000000012f70                PROVIDE (__CTOR_LIST__, ABSOLUTE (.))
 *(.ctors)
 *(SORT(.ctors.*))
                0x0000000000012f70                PROVIDE (__CTOR_END__, ABSOLUTE (.))
                0x0000000000012f70                PROVIDE (__DTOR_LIST__, ABSOLUTE (.))
 *(.dtors)
 *(SORT(.dtors.*))
                0x0000000000012f70                PROVIDE (__DTOR_END__, ABSOLUTE (.))
 *(.jcr)
                0x0000000000012f70                . = ALIGN (0x4)

.rodata         0x0000000000012f70       0x44
                0x0000000000012f70                PROVIDE (__ram_rodata_start, ABSOLUTE (.))
                0x0000000000012f70                . = ALIGN (0x4)
 *(.rodata .rodata.* .gnu.linkonce.r.*)
 .rodata        0x0000000000012f70       0x1c ../BSP//libhal_bsp.a(alt_main.o)
 .rodata        0x0000000000012f8c       0x1c ../BSP//libhal_bsp.a(alt_sys_init.o)
 .rodata        0x0000000000012fa8        0xc ../BSP//libhal_bsp.a(alt_dev.o)
 *(.rodata1)
                0x0000000000012fb4                . = ALIGN (0x4)
                0x0000000000012fb4                PROVIDE (__ram_rodata_end, ABSOLUTE (.))
                0x0000000000012f70                PROVIDE (__flash_rodata_start, LOADADDR (.rodata))

.rwdata         0x0000000000012fb4     0x13d8 load address 0x000000000001438c
                0x0000000000012fb4                PROVIDE (__ram_rwdata_start, ABSOLUTE (.))
                0x0000000000012fb4                . = ALIGN (0x4)
 *(.got.plt)
 *(.got)
 *(.data1)
 *(.data .data.* .gnu.linkonce.d.*)
 .data          0x0000000000012fb4        0x0 ../BSP//obj/HAL/src/crt0.o
 .data          0x0000000000012fb4        0x0 obj/default/main.o
 .data          0x0000000000012fb4        0x0 ../BSP//libhal_bsp.a(alt_load.o)
 .data          0x0000000000012fb4        0x0 ../BSP//libhal_bsp.a(alt_main.o)
 .data          0x0000000000012fb4        0x0 ../BSP//libhal_bsp.a(alt_usleep.o)
 .data          0x0000000000012fb4     0x1124 ../BSP//libhal_bsp.a(alt_sys_init.o)
 .data          0x00000000000140d8        0x0 ../BSP//libhal_bsp.a(altera_avalon_jtag_uart_fd.o)
 .data          0x00000000000140d8        0x0 ../BSP//libhal_bsp.a(altera_avalon_jtag_uart_init.o)
 .data          0x00000000000140d8        0x0 ../BSP//libhal_bsp.a(altera_avalon_jtag_uart_ioctl.o)
 .data          0x00000000000140d8        0x0 ../BSP//libhal_bsp.a(altera_avalon_jtag_uart_read.o)
 .data          0x00000000000140d8        0x0 ../BSP//libhal_bsp.a(altera_avalon_jtag_uart_write.o)
 .data          0x00000000000140d8        0x0 ../BSP//libhal_bsp.a(altera_avalon_uart_fd.o)
 .data          0x00000000000140d8        0x0 ../BSP//libhal_bsp.a(altera_avalon_uart_init.o)
 .data          0x00000000000140d8        0x0 ../BSP//libhal_bsp.a(altera_avalon_uart_read.o)
 .data          0x00000000000140d8        0x0 ../BSP//libhal_bsp.a(altera_avalon_uart_write.o)
 .data          0x00000000000140d8        0x0 ../BSP//libhal_bsp.a(alt_alarm_start.o)
 .data          0x00000000000140d8        0x0 ../BSP//libhal_bsp.a(alt_busy_sleep.o)
 .data          0x00000000000140d8        0x0 ../BSP//libhal_bsp.a(alt_close.o)
 .data          0x00000000000140d8        0x0 ../BSP//libhal_bsp.a(alt_dcache_flush_all.o)
 .data          0x00000000000140d8      0x1a8 ../BSP//libhal_bsp.a(alt_dev.o)
                0x00000000000140d8                alt_dev_null
                0x0000000000014100                alt_fd_list
 .data          0x0000000000014280        0x0 ../BSP//libhal_bsp.a(alt_dev_llist_insert.o)
 .data          0x0000000000014280        0x0 ../BSP//libhal_bsp.a(alt_do_ctors.o)
 .data          0x0000000000014280        0x0 ../BSP//libhal_bsp.a(alt_do_dtors.o)
 .data          0x0000000000014280        0x0 ../BSP//libhal_bsp.a(alt_errno.o)
 .data          0x0000000000014280        0x0 ../BSP//libhal_bsp.a(alt_icache_flush_all.o)
 .data          0x0000000000014280        0x0 ../BSP//libhal_bsp.a(alt_iic.o)
 .data          0x0000000000014280        0x0 ../BSP//libhal_bsp.a(alt_iic_isr_register.o)
 .data          0x0000000000014280        0x0 ../BSP//libhal_bsp.a(alt_io_redirect.o)
 .data          0x0000000000014280        0x0 ../BSP//libhal_bsp.a(alt_irq_entry.o)
 .data          0x0000000000014280        0x0 ../BSP//libhal_bsp.a(alt_irq_handler.o)
 .data          0x0000000000014280        0x0 ../BSP//libhal_bsp.a(alt_irq_vars.o)
 .data          0x0000000000014280        0x0 ../BSP//libhal_bsp.a(alt_open.o)
 .data          0x0000000000014280        0x0 ../BSP//libhal_bsp.a(alt_release_fd.o)
 .data          0x0000000000014280        0x0 ../BSP//libhal_bsp.a(alt_tick.o)
 .data          0x0000000000014280        0x0 ../BSP//libhal_bsp.a(altera_nios2_gen2_irq.o)
 .data          0x0000000000014280        0x0 ../BSP//libhal_bsp.a(alt_exception_entry.o)
 .data          0x0000000000014280        0x0 ../BSP//libhal_bsp.a(alt_find_dev.o)
 .data          0x0000000000014280        0x0 ../BSP//libhal_bsp.a(alt_find_file.o)
 .data          0x0000000000014280        0x0 ../BSP//libhal_bsp.a(alt_get_fd.o)
 .data          0x0000000000014280        0x0 ../BSP//libhal_bsp.a(alt_icache_flush.o)
 .data          0x0000000000014280        0x0 ../BSP//libhal_bsp.a(alt_instruction_exception_entry.o)
 .data          0x0000000000014280        0x0 /opt/Altera/QuartusPrime-15.1/nios2eds/bin/gnu/H-x86_64-pc-linux-gnu/bin/../lib/gcc/nios2-elf/4.9.2/../../../../../H-x86_64-pc-linux-gnu/nios2-elf/lib/libsmallc.a(lib_a-atexit.o)
 .data          0x0000000000014280        0x0 /opt/Altera/QuartusPrime-15.1/nios2eds/bin/gnu/H-x86_64-pc-linux-gnu/bin/../lib/gcc/nios2-elf/4.9.2/../../../../../H-x86_64-pc-linux-gnu/nios2-elf/lib/libsmallc.a(lib_a-exit.o)
 .data          0x0000000000014280        0x0 /opt/Altera/QuartusPrime-15.1/nios2eds/bin/gnu/H-x86_64-pc-linux-gnu/bin/../lib/gcc/nios2-elf/4.9.2/../../../../../H-x86_64-pc-linux-gnu/nios2-elf/lib/libsmallc.a(lib_a-int_errno.o)
 .data          0x0000000000014280        0x0 /opt/Altera/QuartusPrime-15.1/nios2eds/bin/gnu/H-x86_64-pc-linux-gnu/bin/../lib/gcc/nios2-elf/4.9.2/../../../../../H-x86_64-pc-linux-gnu/nios2-elf/lib/libsmallc.a(lib_a-memcmp.o)
 .data          0x0000000000014280        0x0 /opt/Altera/QuartusPrime-15.1/nios2eds/bin/gnu/H-x86_64-pc-linux-gnu/bin/../lib/gcc/nios2-elf/4.9.2/../../../../../H-x86_64-pc-linux-gnu/nios2-elf/lib/libsmallc.a(lib_a-memcpy.o)
 .data          0x0000000000014280        0x0 /opt/Altera/QuartusPrime-15.1/nios2eds/bin/gnu/H-x86_64-pc-linux-gnu/bin/../lib/gcc/nios2-elf/4.9.2/../../../../../H-x86_64-pc-linux-gnu/nios2-elf/lib/libsmallc.a(lib_a-strlen.o)
 .data          0x0000000000014280        0x0 /opt/Altera/QuartusPrime-15.1/nios2eds/bin/gnu/H-x86_64-pc-linux-gnu/bin/../lib/gcc/nios2-elf/4.9.2/../../../../../H-x86_64-pc-linux-gnu/nios2-elf/lib/libsmallc.a(lib_a-__atexit.o)
 .data          0x0000000000014280        0x0 /opt/Altera/QuartusPrime-15.1/nios2eds/bin/gnu/H-x86_64-pc-linux-gnu/bin/../lib/gcc/nios2-elf/4.9.2/../../../../../H-x86_64-pc-linux-gnu/nios2-elf/lib/libsmallc.a(lib_a-__call_atexit.o)
 .data          0x0000000000014280        0x0 /opt/Altera/QuartusPrime-15.1/nios2eds/bin/gnu/H-x86_64-pc-linux-gnu/bin/../lib/gcc/nios2-elf/4.9.2/../../../../../H-x86_64-pc-linux-gnu/nios2-elf/lib/libsmallc.a(lib_a-impure.o)
 .data.impure_data
                0x0000000000014280       0xe0 /opt/Altera/QuartusPrime-15.1/nios2eds/bin/gnu/H-x86_64-pc-linux-gnu/bin/../lib/gcc/nios2-elf/4.9.2/../../../../../H-x86_64-pc-linux-gnu/nios2-elf/lib/libsmallc.a(lib_a-impure.o)
 .data          0x0000000000014360        0x0 /opt/Altera/QuartusPrime-15.1/nios2eds/bin/gnu/H-x86_64-pc-linux-gnu/bin/../lib/gcc/nios2-elf/4.9.2/libgcc.a(lib2-divmod.o)
 .data          0x0000000000014360        0x0 ../BSP//libhal_bsp.a(alt_exit.o)
                0x000000000001c360                _gp = ABSOLUTE ((. + 0x8000))
                0x000000000001c360                PROVIDE (gp, _gp)
 *(.rwdata .rwdata.*)
 *(.sdata .sdata.* .gnu.linkonce.s.*)
 .sdata         0x0000000000014360       0x14 ../BSP//libhal_bsp.a(alt_dev.o)
                0x0000000000014360                alt_fs_list
                0x0000000000014368                alt_dev_list
                0x0000000000014370                alt_max_fd
 .sdata         0x0000000000014374        0x4 ../BSP//libhal_bsp.a(alt_errno.o)
                0x0000000000014374                alt_errno
 .sdata         0x0000000000014378        0x4 ../BSP//libhal_bsp.a(alt_irq_vars.o)
                0x0000000000014378                alt_priority_mask
 .sdata         0x000000000001437c        0x8 ../BSP//libhal_bsp.a(alt_tick.o)
                0x000000000001437c                alt_alarm_list
 .sdata._global_impure_ptr
                0x0000000000014384        0x4 /opt/Altera/QuartusPrime-15.1/nios2eds/bin/gnu/H-x86_64-pc-linux-gnu/bin/../lib/gcc/nios2-elf/4.9.2/../../../../../H-x86_64-pc-linux-gnu/nios2-elf/lib/libsmallc.a(lib_a-impure.o)
                0x0000000000014384                _global_impure_ptr
 .sdata._impure_ptr
                0x0000000000014388        0x4 /opt/Altera/QuartusPrime-15.1/nios2eds/bin/gnu/H-x86_64-pc-linux-gnu/bin/../lib/gcc/nios2-elf/4.9.2/../../../../../H-x86_64-pc-linux-gnu/nios2-elf/lib/libsmallc.a(lib_a-impure.o)
                0x0000000000014388                _impure_ptr
 *(.sdata2 .sdata2.* .gnu.linkonce.s2.*)
                0x000000000001438c                . = ALIGN (0x4)
                0x000000000001438c                _edata = ABSOLUTE (.)
                0x000000000001438c                PROVIDE (edata, ABSOLUTE (.))
                0x000000000001438c                PROVIDE (__ram_rwdata_end, ABSOLUTE (.))
                0x000000000001438c                PROVIDE (__flash_rwdata_start, LOADADDR (.rwdata))

.bss            0x0000000000015764      0x124
                0x0000000000015764                __bss_start = ABSOLUTE (.)
                0x0000000000015764                PROVIDE (__sbss_start, ABSOLUTE (.))
                0x0000000000015764                PROVIDE (___sbss_start, ABSOLUTE (.))
 *(.dynsbss)
 *(.sbss .sbss.* .gnu.linkonce.sb.*)
 .sbss          0x0000000000015764        0x4 obj/default/main.o
                0x0000000000015764                n
 .sbss          0x0000000000015768        0xc ../BSP//libhal_bsp.a(alt_main.o)
                0x0000000000015768                alt_argc
                0x000000000001576c                alt_argv
                0x0000000000015770                alt_envp
 .sbss          0x0000000000015774        0x4 ../BSP//libhal_bsp.a(alt_irq_vars.o)
                0x0000000000015774                alt_irq_active
 .sbss          0x0000000000015778        0x8 ../BSP//libhal_bsp.a(alt_tick.o)
                0x0000000000015778                _alt_tick_rate
                0x000000000001577c                _alt_nticks
 .sbss          0x0000000000015780        0x4 ../BSP//libhal_bsp.a(alt_instruction_exception_entry.o)
                0x0000000000015780                alt_instruction_exception_handler
 .sbss          0x0000000000015784        0x4 /opt/Altera/QuartusPrime-15.1/nios2eds/bin/gnu/H-x86_64-pc-linux-gnu/bin/../lib/gcc/nios2-elf/4.9.2/../../../../../H-x86_64-pc-linux-gnu/nios2-elf/lib/libsmallc.a(lib_a-int_errno.o)
                0x0000000000015784                errno
 *(.sbss2 .sbss2.* .gnu.linkonce.sb2.*)
 *(.scommon)
                0x0000000000015788                PROVIDE (__sbss_end, ABSOLUTE (.))
                0x0000000000015788                PROVIDE (___sbss_end, ABSOLUTE (.))
 *(.dynbss)
 *(.bss .bss.* .gnu.linkonce.b.*)
 .bss           0x0000000000015788        0x0 ../BSP//obj/HAL/src/crt0.o
 .bss           0x0000000000015788        0x0 obj/default/main.o
 .bss           0x0000000000015788        0x0 ../BSP//libhal_bsp.a(alt_load.o)
 .bss           0x0000000000015788        0x0 ../BSP//libhal_bsp.a(alt_main.o)
 .bss           0x0000000000015788        0x0 ../BSP//libhal_bsp.a(alt_usleep.o)
 .bss           0x0000000000015788        0x0 ../BSP//libhal_bsp.a(alt_sys_init.o)
 .bss           0x0000000000015788        0x0 ../BSP//libhal_bsp.a(altera_avalon_jtag_uart_fd.o)
 .bss           0x0000000000015788        0x0 ../BSP//libhal_bsp.a(altera_avalon_jtag_uart_init.o)
 .bss           0x0000000000015788        0x0 ../BSP//libhal_bsp.a(altera_avalon_jtag_uart_ioctl.o)
 .bss           0x0000000000015788        0x0 ../BSP//libhal_bsp.a(altera_avalon_jtag_uart_read.o)
 .bss           0x0000000000015788        0x0 ../BSP//libhal_bsp.a(altera_avalon_jtag_uart_write.o)
 .bss           0x0000000000015788        0x0 ../BSP//libhal_bsp.a(altera_avalon_uart_fd.o)
 .bss           0x0000000000015788        0x0 ../BSP//libhal_bsp.a(altera_avalon_uart_init.o)
 .bss           0x0000000000015788        0x0 ../BSP//libhal_bsp.a(altera_avalon_uart_read.o)
 .bss           0x0000000000015788        0x0 ../BSP//libhal_bsp.a(altera_avalon_uart_write.o)
 .bss           0x0000000000015788        0x0 ../BSP//libhal_bsp.a(alt_alarm_start.o)
 .bss           0x0000000000015788        0x0 ../BSP//libhal_bsp.a(alt_busy_sleep.o)
 .bss           0x0000000000015788        0x0 ../BSP//libhal_bsp.a(alt_close.o)
 .bss           0x0000000000015788        0x0 ../BSP//libhal_bsp.a(alt_dcache_flush_all.o)
 .bss           0x0000000000015788        0x0 ../BSP//libhal_bsp.a(alt_dev.o)
 .bss           0x0000000000015788        0x0 ../BSP//libhal_bsp.a(alt_dev_llist_insert.o)
 .bss           0x0000000000015788        0x0 ../BSP//libhal_bsp.a(alt_do_ctors.o)
 .bss           0x0000000000015788        0x0 ../BSP//libhal_bsp.a(alt_do_dtors.o)
 .bss           0x0000000000015788        0x0 ../BSP//libhal_bsp.a(alt_errno.o)
 .bss           0x0000000000015788        0x0 ../BSP//libhal_bsp.a(alt_icache_flush_all.o)
 .bss           0x0000000000015788        0x0 ../BSP//libhal_bsp.a(alt_iic.o)
 .bss           0x0000000000015788        0x0 ../BSP//libhal_bsp.a(alt_iic_isr_register.o)
 .bss           0x0000000000015788        0x0 ../BSP//libhal_bsp.a(alt_io_redirect.o)
 .bss           0x0000000000015788        0x0 ../BSP//libhal_bsp.a(alt_irq_entry.o)
 .bss           0x0000000000015788        0x0 ../BSP//libhal_bsp.a(alt_irq_handler.o)
 .bss           0x0000000000015788        0x0 ../BSP//libhal_bsp.a(alt_irq_vars.o)
 .bss           0x0000000000015788        0x0 ../BSP//libhal_bsp.a(alt_open.o)
 .bss           0x0000000000015788        0x0 ../BSP//libhal_bsp.a(alt_release_fd.o)
 .bss           0x0000000000015788        0x0 ../BSP//libhal_bsp.a(alt_tick.o)
 .bss           0x0000000000015788        0x0 ../BSP//libhal_bsp.a(altera_nios2_gen2_irq.o)
 .bss           0x0000000000015788        0x0 ../BSP//libhal_bsp.a(alt_exception_entry.o)
 .bss           0x0000000000015788        0x0 ../BSP//libhal_bsp.a(alt_find_dev.o)
 .bss           0x0000000000015788        0x0 ../BSP//libhal_bsp.a(alt_find_file.o)
 .bss           0x0000000000015788        0x0 ../BSP//libhal_bsp.a(alt_get_fd.o)
 .bss           0x0000000000015788        0x0 ../BSP//libhal_bsp.a(alt_icache_flush.o)
 .bss           0x0000000000015788        0x0 ../BSP//libhal_bsp.a(alt_instruction_exception_entry.o)
 .bss           0x0000000000015788        0x0 /opt/Altera/QuartusPrime-15.1/nios2eds/bin/gnu/H-x86_64-pc-linux-gnu/bin/../lib/gcc/nios2-elf/4.9.2/../../../../../H-x86_64-pc-linux-gnu/nios2-elf/lib/libsmallc.a(lib_a-atexit.o)
 .bss           0x0000000000015788        0x0 /opt/Altera/QuartusPrime-15.1/nios2eds/bin/gnu/H-x86_64-pc-linux-gnu/bin/../lib/gcc/nios2-elf/4.9.2/../../../../../H-x86_64-pc-linux-gnu/nios2-elf/lib/libsmallc.a(lib_a-exit.o)
 .bss           0x0000000000015788        0x0 /opt/Altera/QuartusPrime-15.1/nios2eds/bin/gnu/H-x86_64-pc-linux-gnu/bin/../lib/gcc/nios2-elf/4.9.2/../../../../../H-x86_64-pc-linux-gnu/nios2-elf/lib/libsmallc.a(lib_a-int_errno.o)
 .bss           0x0000000000015788        0x0 /opt/Altera/QuartusPrime-15.1/nios2eds/bin/gnu/H-x86_64-pc-linux-gnu/bin/../lib/gcc/nios2-elf/4.9.2/../../../../../H-x86_64-pc-linux-gnu/nios2-elf/lib/libsmallc.a(lib_a-memcmp.o)
 .bss           0x0000000000015788        0x0 /opt/Altera/QuartusPrime-15.1/nios2eds/bin/gnu/H-x86_64-pc-linux-gnu/bin/../lib/gcc/nios2-elf/4.9.2/../../../../../H-x86_64-pc-linux-gnu/nios2-elf/lib/libsmallc.a(lib_a-memcpy.o)
 .bss           0x0000000000015788        0x0 /opt/Altera/QuartusPrime-15.1/nios2eds/bin/gnu/H-x86_64-pc-linux-gnu/bin/../lib/gcc/nios2-elf/4.9.2/../../../../../H-x86_64-pc-linux-gnu/nios2-elf/lib/libsmallc.a(lib_a-strlen.o)
 .bss           0x0000000000015788        0x0 /opt/Altera/QuartusPrime-15.1/nios2eds/bin/gnu/H-x86_64-pc-linux-gnu/bin/../lib/gcc/nios2-elf/4.9.2/../../../../../H-x86_64-pc-linux-gnu/nios2-elf/lib/libsmallc.a(lib_a-__atexit.o)
 .bss           0x0000000000015788        0x0 /opt/Altera/QuartusPrime-15.1/nios2eds/bin/gnu/H-x86_64-pc-linux-gnu/bin/../lib/gcc/nios2-elf/4.9.2/../../../../../H-x86_64-pc-linux-gnu/nios2-elf/lib/libsmallc.a(lib_a-__call_atexit.o)
 .bss           0x0000000000015788        0x0 /opt/Altera/QuartusPrime-15.1/nios2eds/bin/gnu/H-x86_64-pc-linux-gnu/bin/../lib/gcc/nios2-elf/4.9.2/../../../../../H-x86_64-pc-linux-gnu/nios2-elf/lib/libsmallc.a(lib_a-impure.o)
 .bss           0x0000000000015788        0x0 /opt/Altera/QuartusPrime-15.1/nios2eds/bin/gnu/H-x86_64-pc-linux-gnu/bin/../lib/gcc/nios2-elf/4.9.2/libgcc.a(lib2-divmod.o)
 .bss           0x0000000000015788        0x0 ../BSP//libhal_bsp.a(alt_exit.o)
 *(COMMON)
 COMMON         0x0000000000015788      0x100 ../BSP//libhal_bsp.a(alt_irq_handler.o)
                0x0000000000015788                alt_irq
                0x0000000000015888                . = ALIGN (0x4)
                0x0000000000015888                __bss_end = ABSOLUTE (.)

.ram            0x0000000000015888        0x0
                0x0000000000015888                PROVIDE (_alt_partition_ram_start, ABSOLUTE (.))
 *(.ram .ram. ram.*)
                0x0000000000015888                . = ALIGN (0x4)
                0x0000000000015888                PROVIDE (_alt_partition_ram_end, ABSOLUTE (.))
                0x0000000000015888                _end = ABSOLUTE (.)
                0x0000000000015888                end = ABSOLUTE (.)
                0x0000000000015888                __alt_stack_base = ABSOLUTE (.)
                0x0000000000015888                PROVIDE (_alt_partition_ram_load_addr, LOADADDR (.ram))

.stab
 *(.stab)

.stabstr
 *(.stabstr)

.stab.excl
 *(.stab.excl)

.stab.exclstr
 *(.stab.exclstr)

.stab.index
 *(.stab.index)

.stab.indexstr
 *(.stab.indexstr)

.comment        0x0000000000000000       0x23
 *(.comment)
 .comment       0x0000000000000000       0x23 obj/default/main.o
                                         0x24 (size before relaxing)
 .comment       0x0000000000000000       0x24 ../BSP//libhal_bsp.a(alt_load.o)
 .comment       0x0000000000000000       0x24 ../BSP//libhal_bsp.a(alt_main.o)
 .comment       0x0000000000000000       0x24 ../BSP//libhal_bsp.a(alt_usleep.o)
 .comment       0x0000000000000000       0x24 ../BSP//libhal_bsp.a(alt_sys_init.o)
 .comment       0x0000000000000000       0x24 ../BSP//libhal_bsp.a(altera_avalon_jtag_uart_fd.o)
 .comment       0x0000000000000000       0x24 ../BSP//libhal_bsp.a(altera_avalon_jtag_uart_init.o)
 .comment       0x0000000000000000       0x24 ../BSP//libhal_bsp.a(altera_avalon_jtag_uart_ioctl.o)
 .comment       0x0000000000000000       0x24 ../BSP//libhal_bsp.a(altera_avalon_jtag_uart_read.o)
 .comment       0x0000000000000000       0x24 ../BSP//libhal_bsp.a(altera_avalon_jtag_uart_write.o)
 .comment       0x0000000000000000       0x24 ../BSP//libhal_bsp.a(altera_avalon_uart_fd.o)
 .comment       0x0000000000000000       0x24 ../BSP//libhal_bsp.a(altera_avalon_uart_init.o)
 .comment       0x0000000000000000       0x24 ../BSP//libhal_bsp.a(altera_avalon_uart_read.o)
 .comment       0x0000000000000000       0x24 ../BSP//libhal_bsp.a(altera_avalon_uart_write.o)
 .comment       0x0000000000000000       0x24 ../BSP//libhal_bsp.a(alt_alarm_start.o)
 .comment       0x0000000000000000       0x24 ../BSP//libhal_bsp.a(alt_busy_sleep.o)
 .comment       0x0000000000000000       0x24 ../BSP//libhal_bsp.a(alt_close.o)
 .comment       0x0000000000000000       0x24 ../BSP//libhal_bsp.a(alt_dcache_flush_all.o)
 .comment       0x0000000000000000       0x24 ../BSP//libhal_bsp.a(alt_dev.o)
 .comment       0x0000000000000000       0x24 ../BSP//libhal_bsp.a(alt_dev_llist_insert.o)
 .comment       0x0000000000000000       0x24 ../BSP//libhal_bsp.a(alt_do_ctors.o)
 .comment       0x0000000000000000       0x24 ../BSP//libhal_bsp.a(alt_do_dtors.o)
 .comment       0x0000000000000000       0x24 ../BSP//libhal_bsp.a(alt_errno.o)
 .comment       0x0000000000000000       0x24 ../BSP//libhal_bsp.a(alt_icache_flush_all.o)
 .comment       0x0000000000000000       0x24 ../BSP//libhal_bsp.a(alt_iic.o)
 .comment       0x0000000000000000       0x24 ../BSP//libhal_bsp.a(alt_iic_isr_register.o)
 .comment       0x0000000000000000       0x24 ../BSP//libhal_bsp.a(alt_io_redirect.o)
 .comment       0x0000000000000000       0x24 ../BSP//libhal_bsp.a(alt_irq_handler.o)
 .comment       0x0000000000000000       0x24 ../BSP//libhal_bsp.a(alt_irq_vars.o)
 .comment       0x0000000000000000       0x24 ../BSP//libhal_bsp.a(alt_open.o)
 .comment       0x0000000000000000       0x24 ../BSP//libhal_bsp.a(alt_release_fd.o)
 .comment       0x0000000000000000       0x24 ../BSP//libhal_bsp.a(alt_tick.o)
 .comment       0x0000000000000000       0x24 ../BSP//libhal_bsp.a(altera_nios2_gen2_irq.o)
 .comment       0x0000000000000000       0x24 ../BSP//libhal_bsp.a(alt_find_dev.o)
 .comment       0x0000000000000000       0x24 ../BSP//libhal_bsp.a(alt_find_file.o)
 .comment       0x0000000000000000       0x24 ../BSP//libhal_bsp.a(alt_get_fd.o)
 .comment       0x0000000000000000       0x24 ../BSP//libhal_bsp.a(alt_icache_flush.o)
 .comment       0x0000000000000000       0x24 ../BSP//libhal_bsp.a(alt_instruction_exception_entry.o)
 .comment       0x0000000000000000       0x24 /opt/Altera/QuartusPrime-15.1/nios2eds/bin/gnu/H-x86_64-pc-linux-gnu/bin/../lib/gcc/nios2-elf/4.9.2/../../../../../H-x86_64-pc-linux-gnu/nios2-elf/lib/libsmallc.a(lib_a-atexit.o)
 .comment       0x0000000000000000       0x24 /opt/Altera/QuartusPrime-15.1/nios2eds/bin/gnu/H-x86_64-pc-linux-gnu/bin/../lib/gcc/nios2-elf/4.9.2/../../../../../H-x86_64-pc-linux-gnu/nios2-elf/lib/libsmallc.a(lib_a-exit.o)
 .comment       0x0000000000000000       0x24 /opt/Altera/QuartusPrime-15.1/nios2eds/bin/gnu/H-x86_64-pc-linux-gnu/bin/../lib/gcc/nios2-elf/4.9.2/../../../../../H-x86_64-pc-linux-gnu/nios2-elf/lib/libsmallc.a(lib_a-int_errno.o)
 .comment       0x0000000000000000       0x24 /opt/Altera/QuartusPrime-15.1/nios2eds/bin/gnu/H-x86_64-pc-linux-gnu/bin/../lib/gcc/nios2-elf/4.9.2/../../../../../H-x86_64-pc-linux-gnu/nios2-elf/lib/libsmallc.a(lib_a-memcmp.o)
 .comment       0x0000000000000000       0x24 /opt/Altera/QuartusPrime-15.1/nios2eds/bin/gnu/H-x86_64-pc-linux-gnu/bin/../lib/gcc/nios2-elf/4.9.2/../../../../../H-x86_64-pc-linux-gnu/nios2-elf/lib/libsmallc.a(lib_a-memcpy.o)
 .comment       0x0000000000000000       0x24 /opt/Altera/QuartusPrime-15.1/nios2eds/bin/gnu/H-x86_64-pc-linux-gnu/bin/../lib/gcc/nios2-elf/4.9.2/../../../../../H-x86_64-pc-linux-gnu/nios2-elf/lib/libsmallc.a(lib_a-strlen.o)
 .comment       0x0000000000000000       0x24 /opt/Altera/QuartusPrime-15.1/nios2eds/bin/gnu/H-x86_64-pc-linux-gnu/bin/../lib/gcc/nios2-elf/4.9.2/../../../../../H-x86_64-pc-linux-gnu/nios2-elf/lib/libsmallc.a(lib_a-__atexit.o)
 .comment       0x0000000000000000       0x24 /opt/Altera/QuartusPrime-15.1/nios2eds/bin/gnu/H-x86_64-pc-linux-gnu/bin/../lib/gcc/nios2-elf/4.9.2/../../../../../H-x86_64-pc-linux-gnu/nios2-elf/lib/libsmallc.a(lib_a-__call_atexit.o)
 .comment       0x0000000000000000       0x24 /opt/Altera/QuartusPrime-15.1/nios2eds/bin/gnu/H-x86_64-pc-linux-gnu/bin/../lib/gcc/nios2-elf/4.9.2/../../../../../H-x86_64-pc-linux-gnu/nios2-elf/lib/libsmallc.a(lib_a-impure.o)
 .comment       0x0000000000000000       0x24 /opt/Altera/QuartusPrime-15.1/nios2eds/bin/gnu/H-x86_64-pc-linux-gnu/bin/../lib/gcc/nios2-elf/4.9.2/libgcc.a(lib2-divmod.o)
 .comment       0x0000000000000000       0x24 ../BSP//libhal_bsp.a(alt_exit.o)

.debug
 *(.debug)

.line
 *(.line)

.debug_srcinfo
 *(.debug_srcinfo)

.debug_sfnames
 *(.debug_sfnames)

.debug_aranges  0x0000000000000000      0x698
 *(.debug_aranges)
 .debug_aranges
                0x0000000000000000       0x28 ../BSP//obj/HAL/src/crt0.o
 .debug_aranges
                0x0000000000000028       0x20 obj/default/main.o
 .debug_aranges
                0x0000000000000048       0x20 ../BSP//libhal_bsp.a(alt_load.o)
 .debug_aranges
                0x0000000000000068       0x20 ../BSP//libhal_bsp.a(alt_main.o)
 .debug_aranges
                0x0000000000000088       0x20 ../BSP//libhal_bsp.a(alt_usleep.o)
 .debug_aranges
                0x00000000000000a8       0x20 ../BSP//libhal_bsp.a(alt_sys_init.o)
 .debug_aranges
                0x00000000000000c8       0x20 ../BSP//libhal_bsp.a(altera_avalon_jtag_uart_fd.o)
 .debug_aranges
                0x00000000000000e8       0x20 ../BSP//libhal_bsp.a(altera_avalon_jtag_uart_init.o)
 .debug_aranges
                0x0000000000000108       0x20 ../BSP//libhal_bsp.a(altera_avalon_jtag_uart_ioctl.o)
 .debug_aranges
                0x0000000000000128       0x20 ../BSP//libhal_bsp.a(altera_avalon_jtag_uart_read.o)
 .debug_aranges
                0x0000000000000148       0x20 ../BSP//libhal_bsp.a(altera_avalon_jtag_uart_write.o)
 .debug_aranges
                0x0000000000000168       0x20 ../BSP//libhal_bsp.a(altera_avalon_uart_fd.o)
 .debug_aranges
                0x0000000000000188       0x20 ../BSP//libhal_bsp.a(altera_avalon_uart_init.o)
 .debug_aranges
                0x00000000000001a8       0x20 ../BSP//libhal_bsp.a(altera_avalon_uart_read.o)
 .debug_aranges
                0x00000000000001c8       0x20 ../BSP//libhal_bsp.a(altera_avalon_uart_write.o)
 .debug_aranges
                0x00000000000001e8       0x20 ../BSP//libhal_bsp.a(alt_alarm_start.o)
 .debug_aranges
                0x0000000000000208       0x20 ../BSP//libhal_bsp.a(alt_busy_sleep.o)
 .debug_aranges
                0x0000000000000228       0x20 ../BSP//libhal_bsp.a(alt_close.o)
 .debug_aranges
                0x0000000000000248       0x20 ../BSP//libhal_bsp.a(alt_dcache_flush_all.o)
 .debug_aranges
                0x0000000000000268       0x20 ../BSP//libhal_bsp.a(alt_dev.o)
 .debug_aranges
                0x0000000000000288       0x20 ../BSP//libhal_bsp.a(alt_dev_llist_insert.o)
 .debug_aranges
                0x00000000000002a8       0x20 ../BSP//libhal_bsp.a(alt_do_ctors.o)
 .debug_aranges
                0x00000000000002c8       0x20 ../BSP//libhal_bsp.a(alt_do_dtors.o)
 .debug_aranges
                0x00000000000002e8       0x18 ../BSP//libhal_bsp.a(alt_errno.o)
 .debug_aranges
                0x0000000000000300       0x20 ../BSP//libhal_bsp.a(alt_icache_flush_all.o)
 .debug_aranges
                0x0000000000000320       0x20 ../BSP//libhal_bsp.a(alt_iic.o)
 .debug_aranges
                0x0000000000000340       0x20 ../BSP//libhal_bsp.a(alt_iic_isr_register.o)
 .debug_aranges
                0x0000000000000360       0x20 ../BSP//libhal_bsp.a(alt_io_redirect.o)
 .debug_aranges
                0x0000000000000380       0x30 ../BSP//libhal_bsp.a(alt_irq_entry.o)
 .debug_aranges
                0x00000000000003b0       0x20 ../BSP//libhal_bsp.a(alt_irq_handler.o)
 .debug_aranges
                0x00000000000003d0       0x18 ../BSP//libhal_bsp.a(alt_irq_vars.o)
 .debug_aranges
                0x00000000000003e8       0x20 ../BSP//libhal_bsp.a(alt_open.o)
 .debug_aranges
                0x0000000000000408       0x20 ../BSP//libhal_bsp.a(alt_release_fd.o)
 .debug_aranges
                0x0000000000000428       0x20 ../BSP//libhal_bsp.a(alt_tick.o)
 .debug_aranges
                0x0000000000000448       0x20 ../BSP//libhal_bsp.a(altera_nios2_gen2_irq.o)
 .debug_aranges
                0x0000000000000468       0x38 ../BSP//libhal_bsp.a(alt_exception_entry.o)
 .debug_aranges
                0x00000000000004a0       0x20 ../BSP//libhal_bsp.a(alt_find_dev.o)
 .debug_aranges
                0x00000000000004c0       0x20 ../BSP//libhal_bsp.a(alt_find_file.o)
 .debug_aranges
                0x00000000000004e0       0x20 ../BSP//libhal_bsp.a(alt_get_fd.o)
 .debug_aranges
                0x0000000000000500       0x20 ../BSP//libhal_bsp.a(alt_icache_flush.o)
 .debug_aranges
                0x0000000000000520       0x28 ../BSP//libhal_bsp.a(alt_instruction_exception_entry.o)
 .debug_aranges
                0x0000000000000548       0x20 /opt/Altera/QuartusPrime-15.1/nios2eds/bin/gnu/H-x86_64-pc-linux-gnu/bin/../lib/gcc/nios2-elf/4.9.2/../../../../../H-x86_64-pc-linux-gnu/nios2-elf/lib/libsmallc.a(lib_a-atexit.o)
 .debug_aranges
                0x0000000000000568       0x20 /opt/Altera/QuartusPrime-15.1/nios2eds/bin/gnu/H-x86_64-pc-linux-gnu/bin/../lib/gcc/nios2-elf/4.9.2/../../../../../H-x86_64-pc-linux-gnu/nios2-elf/lib/libsmallc.a(lib_a-exit.o)
 .debug_aranges
                0x0000000000000588       0x18 /opt/Altera/QuartusPrime-15.1/nios2eds/bin/gnu/H-x86_64-pc-linux-gnu/bin/../lib/gcc/nios2-elf/4.9.2/../../../../../H-x86_64-pc-linux-gnu/nios2-elf/lib/libsmallc.a(lib_a-int_errno.o)
 .debug_aranges
                0x00000000000005a0       0x20 /opt/Altera/QuartusPrime-15.1/nios2eds/bin/gnu/H-x86_64-pc-linux-gnu/bin/../lib/gcc/nios2-elf/4.9.2/../../../../../H-x86_64-pc-linux-gnu/nios2-elf/lib/libsmallc.a(lib_a-memcmp.o)
 .debug_aranges
                0x00000000000005c0       0x20 /opt/Altera/QuartusPrime-15.1/nios2eds/bin/gnu/H-x86_64-pc-linux-gnu/bin/../lib/gcc/nios2-elf/4.9.2/../../../../../H-x86_64-pc-linux-gnu/nios2-elf/lib/libsmallc.a(lib_a-memcpy.o)
 .debug_aranges
                0x00000000000005e0       0x20 /opt/Altera/QuartusPrime-15.1/nios2eds/bin/gnu/H-x86_64-pc-linux-gnu/bin/../lib/gcc/nios2-elf/4.9.2/../../../../../H-x86_64-pc-linux-gnu/nios2-elf/lib/libsmallc.a(lib_a-strlen.o)
 .debug_aranges
                0x0000000000000600       0x20 /opt/Altera/QuartusPrime-15.1/nios2eds/bin/gnu/H-x86_64-pc-linux-gnu/bin/../lib/gcc/nios2-elf/4.9.2/../../../../../H-x86_64-pc-linux-gnu/nios2-elf/lib/libsmallc.a(lib_a-__atexit.o)
 .debug_aranges
                0x0000000000000620       0x20 /opt/Altera/QuartusPrime-15.1/nios2eds/bin/gnu/H-x86_64-pc-linux-gnu/bin/../lib/gcc/nios2-elf/4.9.2/../../../../../H-x86_64-pc-linux-gnu/nios2-elf/lib/libsmallc.a(lib_a-__call_atexit.o)
 .debug_aranges
                0x0000000000000640       0x18 /opt/Altera/QuartusPrime-15.1/nios2eds/bin/gnu/H-x86_64-pc-linux-gnu/bin/../lib/gcc/nios2-elf/4.9.2/../../../../../H-x86_64-pc-linux-gnu/nios2-elf/lib/libsmallc.a(lib_a-impure.o)
 .debug_aranges
                0x0000000000000658       0x20 /opt/Altera/QuartusPrime-15.1/nios2eds/bin/gnu/H-x86_64-pc-linux-gnu/bin/../lib/gcc/nios2-elf/4.9.2/libgcc.a(lib2-divmod.o)
 .debug_aranges
                0x0000000000000678       0x20 ../BSP//libhal_bsp.a(alt_exit.o)

.debug_pubnames
 *(.debug_pubnames)

.debug_info     0x0000000000000000     0x757f
 *(.debug_info .gnu.linkonce.wi.*)
 .debug_info    0x0000000000000000       0x62 ../BSP//obj/HAL/src/crt0.o
 .debug_info    0x0000000000000062       0xfe obj/default/main.o
 .debug_info    0x0000000000000160      0x13e ../BSP//libhal_bsp.a(alt_load.o)
 .debug_info    0x000000000000029e      0x12a ../BSP//libhal_bsp.a(alt_main.o)
 .debug_info    0x00000000000003c8       0xa9 ../BSP//libhal_bsp.a(alt_usleep.o)
 .debug_info    0x0000000000000471      0x59b ../BSP//libhal_bsp.a(alt_sys_init.o)
 .debug_info    0x0000000000000a0c      0x527 ../BSP//libhal_bsp.a(altera_avalon_jtag_uart_fd.o)
 .debug_info    0x0000000000000f33      0x3a1 ../BSP//libhal_bsp.a(altera_avalon_jtag_uart_init.o)
 .debug_info    0x00000000000012d4      0x279 ../BSP//libhal_bsp.a(altera_avalon_jtag_uart_ioctl.o)
 .debug_info    0x000000000000154d      0x342 ../BSP//libhal_bsp.a(altera_avalon_jtag_uart_read.o)
 .debug_info    0x000000000000188f      0x339 ../BSP//libhal_bsp.a(altera_avalon_jtag_uart_write.o)
 .debug_info    0x0000000000001bc8      0x440 ../BSP//libhal_bsp.a(altera_avalon_uart_fd.o)
 .debug_info    0x0000000000002008      0x32c ../BSP//libhal_bsp.a(altera_avalon_uart_init.o)
 .debug_info    0x0000000000002334      0x312 ../BSP//libhal_bsp.a(altera_avalon_uart_read.o)
 .debug_info    0x0000000000002646      0x317 ../BSP//libhal_bsp.a(altera_avalon_uart_write.o)
 .debug_info    0x000000000000295d      0x2c5 ../BSP//libhal_bsp.a(alt_alarm_start.o)
 .debug_info    0x0000000000002c22       0xd0 ../BSP//libhal_bsp.a(alt_busy_sleep.o)
 .debug_info    0x0000000000002cf2      0x31a ../BSP//libhal_bsp.a(alt_close.o)
 .debug_info    0x000000000000300c       0x9e ../BSP//libhal_bsp.a(alt_dcache_flush_all.o)
 .debug_info    0x00000000000030aa      0x495 ../BSP//libhal_bsp.a(alt_dev.o)
 .debug_info    0x000000000000353f      0x1a2 ../BSP//libhal_bsp.a(alt_dev_llist_insert.o)
 .debug_info    0x00000000000036e1       0x83 ../BSP//libhal_bsp.a(alt_do_ctors.o)
 .debug_info    0x0000000000003764       0x83 ../BSP//libhal_bsp.a(alt_do_dtors.o)
 .debug_info    0x00000000000037e7       0x9f ../BSP//libhal_bsp.a(alt_errno.o)
 .debug_info    0x0000000000003886       0x8b ../BSP//libhal_bsp.a(alt_icache_flush_all.o)
 .debug_info    0x0000000000003911      0x349 ../BSP//libhal_bsp.a(alt_iic.o)
 .debug_info    0x0000000000003c5a      0x1e8 ../BSP//libhal_bsp.a(alt_iic_isr_register.o)
 .debug_info    0x0000000000003e42      0x49e ../BSP//libhal_bsp.a(alt_io_redirect.o)
 .debug_info    0x00000000000042e0       0x6b ../BSP//libhal_bsp.a(alt_irq_entry.o)
 .debug_info    0x000000000000434b      0x180 ../BSP//libhal_bsp.a(alt_irq_handler.o)
 .debug_info    0x00000000000044cb       0x88 ../BSP//libhal_bsp.a(alt_irq_vars.o)
 .debug_info    0x0000000000004553      0x3b4 ../BSP//libhal_bsp.a(alt_open.o)
 .debug_info    0x0000000000004907      0x2b0 ../BSP//libhal_bsp.a(alt_release_fd.o)
 .debug_info    0x0000000000004bb7      0x292 ../BSP//libhal_bsp.a(alt_tick.o)
 .debug_info    0x0000000000004e49       0x8b ../BSP//libhal_bsp.a(altera_nios2_gen2_irq.o)
 .debug_info    0x0000000000004ed4       0x71 ../BSP//libhal_bsp.a(alt_exception_entry.o)
 .debug_info    0x0000000000004f45      0x2e2 ../BSP//libhal_bsp.a(alt_find_dev.o)
 .debug_info    0x0000000000005227      0x2df ../BSP//libhal_bsp.a(alt_find_file.o)
 .debug_info    0x0000000000005506      0x309 ../BSP//libhal_bsp.a(alt_get_fd.o)
 .debug_info    0x000000000000580f       0xd5 ../BSP//libhal_bsp.a(alt_icache_flush.o)
 .debug_info    0x00000000000058e4      0x1d8 ../BSP//libhal_bsp.a(alt_instruction_exception_entry.o)
 .debug_info    0x0000000000005abc      0x10a /opt/Altera/QuartusPrime-15.1/nios2eds/bin/gnu/H-x86_64-pc-linux-gnu/bin/../lib/gcc/nios2-elf/4.9.2/../../../../../H-x86_64-pc-linux-gnu/nios2-elf/lib/libsmallc.a(lib_a-atexit.o)
 .debug_info    0x0000000000005bc6       0xed /opt/Altera/QuartusPrime-15.1/nios2eds/bin/gnu/H-x86_64-pc-linux-gnu/bin/../lib/gcc/nios2-elf/4.9.2/../../../../../H-x86_64-pc-linux-gnu/nios2-elf/lib/libsmallc.a(lib_a-exit.o)
 .debug_info    0x0000000000005cb3       0x83 /opt/Altera/QuartusPrime-15.1/nios2eds/bin/gnu/H-x86_64-pc-linux-gnu/bin/../lib/gcc/nios2-elf/4.9.2/../../../../../H-x86_64-pc-linux-gnu/nios2-elf/lib/libsmallc.a(lib_a-int_errno.o)
 .debug_info    0x0000000000005d36       0xed /opt/Altera/QuartusPrime-15.1/nios2eds/bin/gnu/H-x86_64-pc-linux-gnu/bin/../lib/gcc/nios2-elf/4.9.2/../../../../../H-x86_64-pc-linux-gnu/nios2-elf/lib/libsmallc.a(lib_a-memcmp.o)
 .debug_info    0x0000000000005e23      0x106 /opt/Altera/QuartusPrime-15.1/nios2eds/bin/gnu/H-x86_64-pc-linux-gnu/bin/../lib/gcc/nios2-elf/4.9.2/../../../../../H-x86_64-pc-linux-gnu/nios2-elf/lib/libsmallc.a(lib_a-memcpy.o)
 .debug_info    0x0000000000005f29       0xc2 /opt/Altera/QuartusPrime-15.1/nios2eds/bin/gnu/H-x86_64-pc-linux-gnu/bin/../lib/gcc/nios2-elf/4.9.2/../../../../../H-x86_64-pc-linux-gnu/nios2-elf/lib/libsmallc.a(lib_a-strlen.o)
 .debug_info    0x0000000000005feb      0x655 /opt/Altera/QuartusPrime-15.1/nios2eds/bin/gnu/H-x86_64-pc-linux-gnu/bin/../lib/gcc/nios2-elf/4.9.2/../../../../../H-x86_64-pc-linux-gnu/nios2-elf/lib/libsmallc.a(lib_a-__atexit.o)
 .debug_info    0x0000000000006640      0x67f /opt/Altera/QuartusPrime-15.1/nios2eds/bin/gnu/H-x86_64-pc-linux-gnu/bin/../lib/gcc/nios2-elf/4.9.2/../../../../../H-x86_64-pc-linux-gnu/nios2-elf/lib/libsmallc.a(lib_a-__call_atexit.o)
 .debug_info    0x0000000000006cbf      0x5a7 /opt/Altera/QuartusPrime-15.1/nios2eds/bin/gnu/H-x86_64-pc-linux-gnu/bin/../lib/gcc/nios2-elf/4.9.2/../../../../../H-x86_64-pc-linux-gnu/nios2-elf/lib/libsmallc.a(lib_a-impure.o)
 .debug_info    0x0000000000007266      0x234 /opt/Altera/QuartusPrime-15.1/nios2eds/bin/gnu/H-x86_64-pc-linux-gnu/bin/../lib/gcc/nios2-elf/4.9.2/libgcc.a(lib2-divmod.o)
 .debug_info    0x000000000000749a       0xe5 ../BSP//libhal_bsp.a(alt_exit.o)

.debug_abbrev   0x0000000000000000     0x2ed0
 *(.debug_abbrev)
 .debug_abbrev  0x0000000000000000       0x12 ../BSP//obj/HAL/src/crt0.o
 .debug_abbrev  0x0000000000000012       0x9d obj/default/main.o
 .debug_abbrev  0x00000000000000af       0x9f ../BSP//libhal_bsp.a(alt_load.o)
 .debug_abbrev  0x000000000000014e       0xba ../BSP//libhal_bsp.a(alt_main.o)
 .debug_abbrev  0x0000000000000208       0x60 ../BSP//libhal_bsp.a(alt_usleep.o)
 .debug_abbrev  0x0000000000000268      0x190 ../BSP//libhal_bsp.a(alt_sys_init.o)
 .debug_abbrev  0x00000000000003f8      0x127 ../BSP//libhal_bsp.a(altera_avalon_jtag_uart_fd.o)
 .debug_abbrev  0x000000000000051f      0x197 ../BSP//libhal_bsp.a(altera_avalon_jtag_uart_init.o)
 .debug_abbrev  0x00000000000006b6      0x111 ../BSP//libhal_bsp.a(altera_avalon_jtag_uart_ioctl.o)
 .debug_abbrev  0x00000000000007c7      0x1ac ../BSP//libhal_bsp.a(altera_avalon_jtag_uart_read.o)
 .debug_abbrev  0x0000000000000973      0x1a8 ../BSP//libhal_bsp.a(altera_avalon_jtag_uart_write.o)
 .debug_abbrev  0x0000000000000b1b      0x109 ../BSP//libhal_bsp.a(altera_avalon_uart_fd.o)
 .debug_abbrev  0x0000000000000c24      0x178 ../BSP//libhal_bsp.a(altera_avalon_uart_init.o)
 .debug_abbrev  0x0000000000000d9c      0x183 ../BSP//libhal_bsp.a(altera_avalon_uart_read.o)
 .debug_abbrev  0x0000000000000f1f      0x18a ../BSP//libhal_bsp.a(altera_avalon_uart_write.o)
 .debug_abbrev  0x00000000000010a9      0x162 ../BSP//libhal_bsp.a(alt_alarm_start.o)
 .debug_abbrev  0x000000000000120b       0x7e ../BSP//libhal_bsp.a(alt_busy_sleep.o)
 .debug_abbrev  0x0000000000001289      0x11f ../BSP//libhal_bsp.a(alt_close.o)
 .debug_abbrev  0x00000000000013a8       0x5a ../BSP//libhal_bsp.a(alt_dcache_flush_all.o)
 .debug_abbrev  0x0000000000001402       0xd9 ../BSP//libhal_bsp.a(alt_dev.o)
 .debug_abbrev  0x00000000000014db      0x114 ../BSP//libhal_bsp.a(alt_dev_llist_insert.o)
 .debug_abbrev  0x00000000000015ef       0x79 ../BSP//libhal_bsp.a(alt_do_ctors.o)
 .debug_abbrev  0x0000000000001668       0x79 ../BSP//libhal_bsp.a(alt_do_dtors.o)
 .debug_abbrev  0x00000000000016e1       0x5a ../BSP//libhal_bsp.a(alt_errno.o)
 .debug_abbrev  0x000000000000173b       0x42 ../BSP//libhal_bsp.a(alt_icache_flush_all.o)
 .debug_abbrev  0x000000000000177d      0x163 ../BSP//libhal_bsp.a(alt_iic.o)
 .debug_abbrev  0x00000000000018e0      0x169 ../BSP//libhal_bsp.a(alt_iic_isr_register.o)
 .debug_abbrev  0x0000000000001a49      0x114 ../BSP//libhal_bsp.a(alt_io_redirect.o)
 .debug_abbrev  0x0000000000001b5d       0x12 ../BSP//libhal_bsp.a(alt_irq_entry.o)
 .debug_abbrev  0x0000000000001b6f      0x122 ../BSP//libhal_bsp.a(alt_irq_handler.o)
 .debug_abbrev  0x0000000000001c91       0x40 ../BSP//libhal_bsp.a(alt_irq_vars.o)
 .debug_abbrev  0x0000000000001cd1      0x148 ../BSP//libhal_bsp.a(alt_open.o)
 .debug_abbrev  0x0000000000001e19       0xde ../BSP//libhal_bsp.a(alt_release_fd.o)
 .debug_abbrev  0x0000000000001ef7      0x15a ../BSP//libhal_bsp.a(alt_tick.o)
 .debug_abbrev  0x0000000000002051       0x42 ../BSP//libhal_bsp.a(altera_nios2_gen2_irq.o)
 .debug_abbrev  0x0000000000002093       0x12 ../BSP//libhal_bsp.a(alt_exception_entry.o)
 .debug_abbrev  0x00000000000020a5       0xf0 ../BSP//libhal_bsp.a(alt_find_dev.o)
 .debug_abbrev  0x0000000000002195       0xf0 ../BSP//libhal_bsp.a(alt_find_file.o)
 .debug_abbrev  0x0000000000002285      0x10d ../BSP//libhal_bsp.a(alt_get_fd.o)
 .debug_abbrev  0x0000000000002392       0x8c ../BSP//libhal_bsp.a(alt_icache_flush.o)
 .debug_abbrev  0x000000000000241e       0xd1 ../BSP//libhal_bsp.a(alt_instruction_exception_entry.o)
 .debug_abbrev  0x00000000000024ef       0xb8 /opt/Altera/QuartusPrime-15.1/nios2eds/bin/gnu/H-x86_64-pc-linux-gnu/bin/../lib/gcc/nios2-elf/4.9.2/../../../../../H-x86_64-pc-linux-gnu/nios2-elf/lib/libsmallc.a(lib_a-atexit.o)
 .debug_abbrev  0x00000000000025a7       0xa9 /opt/Altera/QuartusPrime-15.1/nios2eds/bin/gnu/H-x86_64-pc-linux-gnu/bin/../lib/gcc/nios2-elf/4.9.2/../../../../../H-x86_64-pc-linux-gnu/nios2-elf/lib/libsmallc.a(lib_a-exit.o)
 .debug_abbrev  0x0000000000002650       0x37 /opt/Altera/QuartusPrime-15.1/nios2eds/bin/gnu/H-x86_64-pc-linux-gnu/bin/../lib/gcc/nios2-elf/4.9.2/../../../../../H-x86_64-pc-linux-gnu/nios2-elf/lib/libsmallc.a(lib_a-int_errno.o)
 .debug_abbrev  0x0000000000002687       0x7f /opt/Altera/QuartusPrime-15.1/nios2eds/bin/gnu/H-x86_64-pc-linux-gnu/bin/../lib/gcc/nios2-elf/4.9.2/../../../../../H-x86_64-pc-linux-gnu/nios2-elf/lib/libsmallc.a(lib_a-memcmp.o)
 .debug_abbrev  0x0000000000002706       0xa4 /opt/Altera/QuartusPrime-15.1/nios2eds/bin/gnu/H-x86_64-pc-linux-gnu/bin/../lib/gcc/nios2-elf/4.9.2/../../../../../H-x86_64-pc-linux-gnu/nios2-elf/lib/libsmallc.a(lib_a-memcpy.o)
 .debug_abbrev  0x00000000000027aa       0x7f /opt/Altera/QuartusPrime-15.1/nios2eds/bin/gnu/H-x86_64-pc-linux-gnu/bin/../lib/gcc/nios2-elf/4.9.2/../../../../../H-x86_64-pc-linux-gnu/nios2-elf/lib/libsmallc.a(lib_a-strlen.o)
 .debug_abbrev  0x0000000000002829      0x1e6 /opt/Altera/QuartusPrime-15.1/nios2eds/bin/gnu/H-x86_64-pc-linux-gnu/bin/../lib/gcc/nios2-elf/4.9.2/../../../../../H-x86_64-pc-linux-gnu/nios2-elf/lib/libsmallc.a(lib_a-__atexit.o)
 .debug_abbrev  0x0000000000002a0f      0x1f8 /opt/Altera/QuartusPrime-15.1/nios2eds/bin/gnu/H-x86_64-pc-linux-gnu/bin/../lib/gcc/nios2-elf/4.9.2/../../../../../H-x86_64-pc-linux-gnu/nios2-elf/lib/libsmallc.a(lib_a-__call_atexit.o)
 .debug_abbrev  0x0000000000002c07      0x14a /opt/Altera/QuartusPrime-15.1/nios2eds/bin/gnu/H-x86_64-pc-linux-gnu/bin/../lib/gcc/nios2-elf/4.9.2/../../../../../H-x86_64-pc-linux-gnu/nios2-elf/lib/libsmallc.a(lib_a-impure.o)
 .debug_abbrev  0x0000000000002d51       0xd9 /opt/Altera/QuartusPrime-15.1/nios2eds/bin/gnu/H-x86_64-pc-linux-gnu/bin/../lib/gcc/nios2-elf/4.9.2/libgcc.a(lib2-divmod.o)
 .debug_abbrev  0x0000000000002e2a       0xa6 ../BSP//libhal_bsp.a(alt_exit.o)

.debug_line     0x0000000000000000     0x3027
 *(.debug_line)
 .debug_line    0x0000000000000000       0x72 ../BSP//obj/HAL/src/crt0.o
 .debug_line    0x0000000000000072       0x53 obj/default/main.o
 .debug_line    0x00000000000000c5       0x8d ../BSP//libhal_bsp.a(alt_load.o)
 .debug_line    0x0000000000000152       0xa4 ../BSP//libhal_bsp.a(alt_main.o)
 .debug_line    0x00000000000001f6       0xb9 ../BSP//libhal_bsp.a(alt_usleep.o)
 .debug_line    0x00000000000002af      0x16c ../BSP//libhal_bsp.a(alt_sys_init.o)
 .debug_line    0x000000000000041b      0x12f ../BSP//libhal_bsp.a(altera_avalon_jtag_uart_fd.o)
 .debug_line    0x000000000000054a      0x180 ../BSP//libhal_bsp.a(altera_avalon_jtag_uart_init.o)
 .debug_line    0x00000000000006ca      0x12e ../BSP//libhal_bsp.a(altera_avalon_jtag_uart_ioctl.o)
 .debug_line    0x00000000000007f8      0x16a ../BSP//libhal_bsp.a(altera_avalon_jtag_uart_read.o)
 .debug_line    0x0000000000000962      0x16a ../BSP//libhal_bsp.a(altera_avalon_jtag_uart_write.o)
 .debug_line    0x0000000000000acc       0xee ../BSP//libhal_bsp.a(altera_avalon_uart_fd.o)
 .debug_line    0x0000000000000bba      0x18a ../BSP//libhal_bsp.a(altera_avalon_uart_init.o)
 .debug_line    0x0000000000000d44      0x17f ../BSP//libhal_bsp.a(altera_avalon_uart_read.o)
 .debug_line    0x0000000000000ec3      0x166 ../BSP//libhal_bsp.a(altera_avalon_uart_write.o)
 .debug_line    0x0000000000001029       0xfa ../BSP//libhal_bsp.a(alt_alarm_start.o)
 .debug_line    0x0000000000001123       0xa0 ../BSP//libhal_bsp.a(alt_busy_sleep.o)
 .debug_line    0x00000000000011c3      0x172 ../BSP//libhal_bsp.a(alt_close.o)
 .debug_line    0x0000000000001335       0x61 ../BSP//libhal_bsp.a(alt_dcache_flush_all.o)
 .debug_line    0x0000000000001396      0x104 ../BSP//libhal_bsp.a(alt_dev.o)
 .debug_line    0x000000000000149a       0xd0 ../BSP//libhal_bsp.a(alt_dev_llist_insert.o)
 .debug_line    0x000000000000156a       0x59 ../BSP//libhal_bsp.a(alt_do_ctors.o)
 .debug_line    0x00000000000015c3       0x59 ../BSP//libhal_bsp.a(alt_do_dtors.o)
 .debug_line    0x000000000000161c       0x51 ../BSP//libhal_bsp.a(alt_errno.o)
 .debug_line    0x000000000000166d       0x50 ../BSP//libhal_bsp.a(alt_icache_flush_all.o)
 .debug_line    0x00000000000016bd       0xef ../BSP//libhal_bsp.a(alt_iic.o)
 .debug_line    0x00000000000017ac       0xdb ../BSP//libhal_bsp.a(alt_iic_isr_register.o)
 .debug_line    0x0000000000001887      0x13f ../BSP//libhal_bsp.a(alt_io_redirect.o)
 .debug_line    0x00000000000019c6       0x6b ../BSP//libhal_bsp.a(alt_irq_entry.o)
 .debug_line    0x0000000000001a31       0xaa ../BSP//libhal_bsp.a(alt_irq_handler.o)
 .debug_line    0x0000000000001adb       0x50 ../BSP//libhal_bsp.a(alt_irq_vars.o)
 .debug_line    0x0000000000001b2b      0x12a ../BSP//libhal_bsp.a(alt_open.o)
 .debug_line    0x0000000000001c55       0xae ../BSP//libhal_bsp.a(alt_release_fd.o)
 .debug_line    0x0000000000001d03       0xfe ../BSP//libhal_bsp.a(alt_tick.o)
 .debug_line    0x0000000000001e01       0x51 ../BSP//libhal_bsp.a(altera_nios2_gen2_irq.o)
 .debug_line    0x0000000000001e52       0xb3 ../BSP//libhal_bsp.a(alt_exception_entry.o)
 .debug_line    0x0000000000001f05       0xb5 ../BSP//libhal_bsp.a(alt_find_dev.o)
 .debug_line    0x0000000000001fba       0xd1 ../BSP//libhal_bsp.a(alt_find_file.o)
 .debug_line    0x000000000000208b       0xd5 ../BSP//libhal_bsp.a(alt_get_fd.o)
 .debug_line    0x0000000000002160       0x81 ../BSP//libhal_bsp.a(alt_icache_flush.o)
 .debug_line    0x00000000000021e1       0xba ../BSP//libhal_bsp.a(alt_instruction_exception_entry.o)
 .debug_line    0x000000000000229b       0xe5 /opt/Altera/QuartusPrime-15.1/nios2eds/bin/gnu/H-x86_64-pc-linux-gnu/bin/../lib/gcc/nios2-elf/4.9.2/../../../../../H-x86_64-pc-linux-gnu/nios2-elf/lib/libsmallc.a(lib_a-atexit.o)
 .debug_line    0x0000000000002380      0x156 /opt/Altera/QuartusPrime-15.1/nios2eds/bin/gnu/H-x86_64-pc-linux-gnu/bin/../lib/gcc/nios2-elf/4.9.2/../../../../../H-x86_64-pc-linux-gnu/nios2-elf/lib/libsmallc.a(lib_a-exit.o)
 .debug_line    0x00000000000024d6       0x5c /opt/Altera/QuartusPrime-15.1/nios2eds/bin/gnu/H-x86_64-pc-linux-gnu/bin/../lib/gcc/nios2-elf/4.9.2/../../../../../H-x86_64-pc-linux-gnu/nios2-elf/lib/libsmallc.a(lib_a-int_errno.o)
 .debug_line    0x0000000000002532      0x15d /opt/Altera/QuartusPrime-15.1/nios2eds/bin/gnu/H-x86_64-pc-linux-gnu/bin/../lib/gcc/nios2-elf/4.9.2/../../../../../H-x86_64-pc-linux-gnu/nios2-elf/lib/libsmallc.a(lib_a-memcmp.o)
 .debug_line    0x000000000000268f      0x15b /opt/Altera/QuartusPrime-15.1/nios2eds/bin/gnu/H-x86_64-pc-linux-gnu/bin/../lib/gcc/nios2-elf/4.9.2/../../../../../H-x86_64-pc-linux-gnu/nios2-elf/lib/libsmallc.a(lib_a-memcpy.o)
 .debug_line    0x00000000000027ea      0x159 /opt/Altera/QuartusPrime-15.1/nios2eds/bin/gnu/H-x86_64-pc-linux-gnu/bin/../lib/gcc/nios2-elf/4.9.2/../../../../../H-x86_64-pc-linux-gnu/nios2-elf/lib/libsmallc.a(lib_a-strlen.o)
 .debug_line    0x0000000000002943      0x210 /opt/Altera/QuartusPrime-15.1/nios2eds/bin/gnu/H-x86_64-pc-linux-gnu/bin/../lib/gcc/nios2-elf/4.9.2/../../../../../H-x86_64-pc-linux-gnu/nios2-elf/lib/libsmallc.a(lib_a-__atexit.o)
 .debug_line    0x0000000000002b53      0x24c /opt/Altera/QuartusPrime-15.1/nios2eds/bin/gnu/H-x86_64-pc-linux-gnu/bin/../lib/gcc/nios2-elf/4.9.2/../../../../../H-x86_64-pc-linux-gnu/nios2-elf/lib/libsmallc.a(lib_a-__call_atexit.o)
 .debug_line    0x0000000000002d9f      0x153 /opt/Altera/QuartusPrime-15.1/nios2eds/bin/gnu/H-x86_64-pc-linux-gnu/bin/../lib/gcc/nios2-elf/4.9.2/../../../../../H-x86_64-pc-linux-gnu/nios2-elf/lib/libsmallc.a(lib_a-impure.o)
 .debug_line    0x0000000000002ef2       0xc4 /opt/Altera/QuartusPrime-15.1/nios2eds/bin/gnu/H-x86_64-pc-linux-gnu/bin/../lib/gcc/nios2-elf/4.9.2/libgcc.a(lib2-divmod.o)
 .debug_line    0x0000000000002fb6       0x71 ../BSP//libhal_bsp.a(alt_exit.o)

.debug_frame    0x0000000000000000      0xda8
 *(.debug_frame)
 .debug_frame   0x0000000000000000       0x2c obj/default/main.o
 .debug_frame   0x000000000000002c       0x5c ../BSP//libhal_bsp.a(alt_load.o)
 .debug_frame   0x0000000000000088       0x2c ../BSP//libhal_bsp.a(alt_main.o)
 .debug_frame   0x00000000000000b4       0x38 ../BSP//libhal_bsp.a(alt_usleep.o)
 .debug_frame   0x00000000000000ec       0x88 ../BSP//libhal_bsp.a(alt_sys_init.o)
 .debug_frame   0x0000000000000174       0xb0 ../BSP//libhal_bsp.a(altera_avalon_jtag_uart_fd.o)
 .debug_frame   0x0000000000000224       0xa4 ../BSP//libhal_bsp.a(altera_avalon_jtag_uart_init.o)
 .debug_frame   0x00000000000002c8       0x34 ../BSP//libhal_bsp.a(altera_avalon_jtag_uart_ioctl.o)
 .debug_frame   0x00000000000002fc       0x38 ../BSP//libhal_bsp.a(altera_avalon_jtag_uart_read.o)
 .debug_frame   0x0000000000000334       0x38 ../BSP//libhal_bsp.a(altera_avalon_jtag_uart_write.o)
 .debug_frame   0x000000000000036c       0x88 ../BSP//libhal_bsp.a(altera_avalon_uart_fd.o)
 .debug_frame   0x00000000000003f4       0xcc ../BSP//libhal_bsp.a(altera_avalon_uart_init.o)
 .debug_frame   0x00000000000004c0       0x60 ../BSP//libhal_bsp.a(altera_avalon_uart_read.o)
 .debug_frame   0x0000000000000520       0x60 ../BSP//libhal_bsp.a(altera_avalon_uart_write.o)
 .debug_frame   0x0000000000000580       0x34 ../BSP//libhal_bsp.a(alt_alarm_start.o)
 .debug_frame   0x00000000000005b4       0x38 ../BSP//libhal_bsp.a(alt_busy_sleep.o)
 .debug_frame   0x00000000000005ec       0x60 ../BSP//libhal_bsp.a(alt_close.o)
 .debug_frame   0x000000000000064c       0x34 ../BSP//libhal_bsp.a(alt_dcache_flush_all.o)
 .debug_frame   0x0000000000000680       0x34 ../BSP//libhal_bsp.a(alt_dev.o)
 .debug_frame   0x00000000000006b4       0x60 ../BSP//libhal_bsp.a(alt_dev_llist_insert.o)
 .debug_frame   0x0000000000000714       0x38 ../BSP//libhal_bsp.a(alt_do_ctors.o)
 .debug_frame   0x000000000000074c       0x38 ../BSP//libhal_bsp.a(alt_do_dtors.o)
 .debug_frame   0x0000000000000784       0x38 ../BSP//libhal_bsp.a(alt_icache_flush_all.o)
 .debug_frame   0x00000000000007bc       0xa4 ../BSP//libhal_bsp.a(alt_iic.o)
 .debug_frame   0x0000000000000860       0x38 ../BSP//libhal_bsp.a(alt_iic_isr_register.o)
 .debug_frame   0x0000000000000898       0x60 ../BSP//libhal_bsp.a(alt_io_redirect.o)
 .debug_frame   0x00000000000008f8       0x38 ../BSP//libhal_bsp.a(alt_irq_handler.o)
 .debug_frame   0x0000000000000930       0x84 ../BSP//libhal_bsp.a(alt_open.o)
 .debug_frame   0x00000000000009b4       0x34 ../BSP//libhal_bsp.a(alt_release_fd.o)
 .debug_frame   0x00000000000009e8       0x5c ../BSP//libhal_bsp.a(alt_tick.o)
 .debug_frame   0x0000000000000a44       0x34 ../BSP//libhal_bsp.a(altera_nios2_gen2_irq.o)
 .debug_frame   0x0000000000000a78       0x38 ../BSP//libhal_bsp.a(alt_find_dev.o)
 .debug_frame   0x0000000000000ab0       0x38 ../BSP//libhal_bsp.a(alt_find_file.o)
 .debug_frame   0x0000000000000ae8       0x34 ../BSP//libhal_bsp.a(alt_get_fd.o)
 .debug_frame   0x0000000000000b1c       0x34 ../BSP//libhal_bsp.a(alt_icache_flush.o)
 .debug_frame   0x0000000000000b50       0x5c ../BSP//libhal_bsp.a(alt_instruction_exception_entry.o)
 .debug_frame   0x0000000000000bac       0x20 /opt/Altera/QuartusPrime-15.1/nios2eds/bin/gnu/H-x86_64-pc-linux-gnu/bin/../lib/gcc/nios2-elf/4.9.2/../../../../../H-x86_64-pc-linux-gnu/nios2-elf/lib/libsmallc.a(lib_a-atexit.o)
 .debug_frame   0x0000000000000bcc       0x28 /opt/Altera/QuartusPrime-15.1/nios2eds/bin/gnu/H-x86_64-pc-linux-gnu/bin/../lib/gcc/nios2-elf/4.9.2/../../../../../H-x86_64-pc-linux-gnu/nios2-elf/lib/libsmallc.a(lib_a-exit.o)
 .debug_frame   0x0000000000000bf4       0x20 /opt/Altera/QuartusPrime-15.1/nios2eds/bin/gnu/H-x86_64-pc-linux-gnu/bin/../lib/gcc/nios2-elf/4.9.2/../../../../../H-x86_64-pc-linux-gnu/nios2-elf/lib/libsmallc.a(lib_a-memcmp.o)
 .debug_frame   0x0000000000000c14       0x20 /opt/Altera/QuartusPrime-15.1/nios2eds/bin/gnu/H-x86_64-pc-linux-gnu/bin/../lib/gcc/nios2-elf/4.9.2/../../../../../H-x86_64-pc-linux-gnu/nios2-elf/lib/libsmallc.a(lib_a-memcpy.o)
 .debug_frame   0x0000000000000c34       0x20 /opt/Altera/QuartusPrime-15.1/nios2eds/bin/gnu/H-x86_64-pc-linux-gnu/bin/../lib/gcc/nios2-elf/4.9.2/../../../../../H-x86_64-pc-linux-gnu/nios2-elf/lib/libsmallc.a(lib_a-strlen.o)
 .debug_frame   0x0000000000000c54       0x48 /opt/Altera/QuartusPrime-15.1/nios2eds/bin/gnu/H-x86_64-pc-linux-gnu/bin/../lib/gcc/nios2-elf/4.9.2/../../../../../H-x86_64-pc-linux-gnu/nios2-elf/lib/libsmallc.a(lib_a-__atexit.o)
 .debug_frame   0x0000000000000c9c       0x54 /opt/Altera/QuartusPrime-15.1/nios2eds/bin/gnu/H-x86_64-pc-linux-gnu/bin/../lib/gcc/nios2-elf/4.9.2/../../../../../H-x86_64-pc-linux-gnu/nios2-elf/lib/libsmallc.a(lib_a-__call_atexit.o)
 .debug_frame   0x0000000000000cf0       0x8c /opt/Altera/QuartusPrime-15.1/nios2eds/bin/gnu/H-x86_64-pc-linux-gnu/bin/../lib/gcc/nios2-elf/4.9.2/libgcc.a(lib2-divmod.o)
 .debug_frame   0x0000000000000d7c       0x2c ../BSP//libhal_bsp.a(alt_exit.o)

.debug_str      0x0000000000000000     0x1d23
 *(.debug_str)
 .debug_str     0x0000000000000000       0xf9 obj/default/main.o
                                        0x13e (size before relaxing)
 .debug_str     0x00000000000000f9      0x11f ../BSP//libhal_bsp.a(alt_load.o)
                                        0x1e6 (size before relaxing)
 .debug_str     0x0000000000000218       0x70 ../BSP//libhal_bsp.a(alt_main.o)
                                        0x171 (size before relaxing)
 .debug_str     0x0000000000000288       0x20 ../BSP//libhal_bsp.a(alt_usleep.o)
                                        0x11c (size before relaxing)
 .debug_str     0x00000000000002a8      0x22e ../BSP//libhal_bsp.a(alt_sys_init.o)
                                        0x3be (size before relaxing)
 .debug_str     0x00000000000004d6       0xb9 ../BSP//libhal_bsp.a(altera_avalon_jtag_uart_fd.o)
                                        0x378 (size before relaxing)
 .debug_str     0x000000000000058f       0xd1 ../BSP//libhal_bsp.a(altera_avalon_jtag_uart_init.o)
                                        0x30c (size before relaxing)
 .debug_str     0x0000000000000660       0x4a ../BSP//libhal_bsp.a(altera_avalon_jtag_uart_ioctl.o)
                                        0x267 (size before relaxing)
 .debug_str     0x00000000000006aa       0x7f ../BSP//libhal_bsp.a(altera_avalon_jtag_uart_read.o)
                                        0x2bc (size before relaxing)
 .debug_str     0x0000000000000729       0x4a ../BSP//libhal_bsp.a(altera_avalon_jtag_uart_write.o)
                                        0x2bd (size before relaxing)
 .debug_str     0x0000000000000773       0x77 ../BSP//libhal_bsp.a(altera_avalon_uart_fd.o)
                                        0x2c9 (size before relaxing)
 .debug_str     0x00000000000007ea       0xb1 ../BSP//libhal_bsp.a(altera_avalon_uart_init.o)
                                        0x28b (size before relaxing)
 .debug_str     0x000000000000089b       0x5d ../BSP//libhal_bsp.a(altera_avalon_uart_read.o)
                                        0x26c (size before relaxing)
 .debug_str     0x00000000000008f8       0x49 ../BSP//libhal_bsp.a(altera_avalon_uart_write.o)
                                        0x260 (size before relaxing)
 .debug_str     0x0000000000000941       0x59 ../BSP//libhal_bsp.a(alt_alarm_start.o)
                                        0x252 (size before relaxing)
 .debug_str     0x000000000000099a       0x42 ../BSP//libhal_bsp.a(alt_busy_sleep.o)
                                        0x13f (size before relaxing)
 .debug_str     0x00000000000009dc       0x2c ../BSP//libhal_bsp.a(alt_close.o)
                                        0x1df (size before relaxing)
 .debug_str     0x0000000000000a08       0x34 ../BSP//libhal_bsp.a(alt_dcache_flush_all.o)
                                        0x129 (size before relaxing)
 .debug_str     0x0000000000000a3c      0x120 ../BSP//libhal_bsp.a(alt_dev.o)
                                        0x2d9 (size before relaxing)
 .debug_str     0x0000000000000b5c       0x34 ../BSP//libhal_bsp.a(alt_dev_llist_insert.o)
                                        0x1a0 (size before relaxing)
 .debug_str     0x0000000000000b90       0x48 ../BSP//libhal_bsp.a(alt_do_ctors.o)
                                         0xb0 (size before relaxing)
 .debug_str     0x0000000000000bd8       0x4c ../BSP//libhal_bsp.a(alt_do_dtors.o)
                                         0xaf (size before relaxing)
 .debug_str     0x0000000000000c24       0x14 ../BSP//libhal_bsp.a(alt_errno.o)
                                        0x119 (size before relaxing)
 .debug_str     0x0000000000000c38       0x34 ../BSP//libhal_bsp.a(alt_icache_flush_all.o)
                                        0x129 (size before relaxing)
 .debug_str     0x0000000000000c6c       0xbd ../BSP//libhal_bsp.a(alt_iic.o)
                                        0x212 (size before relaxing)
 .debug_str     0x0000000000000d29       0x4c ../BSP//libhal_bsp.a(alt_iic_isr_register.o)
                                        0x1bc (size before relaxing)
 .debug_str     0x0000000000000d75       0x56 ../BSP//libhal_bsp.a(alt_io_redirect.o)
                                        0x2ea (size before relaxing)
 .debug_str     0x0000000000000dcb       0x3a ../BSP//libhal_bsp.a(alt_irq_handler.o)
                                        0x16b (size before relaxing)
 .debug_str     0x0000000000000e05       0x17 ../BSP//libhal_bsp.a(alt_irq_vars.o)
                                        0x11a (size before relaxing)
 .debug_str     0x0000000000000e1c       0x2f ../BSP//libhal_bsp.a(alt_open.o)
                                        0x21f (size before relaxing)
 .debug_str     0x0000000000000e4b       0x28 ../BSP//libhal_bsp.a(alt_release_fd.o)
                                        0x1b3 (size before relaxing)
 .debug_str     0x0000000000000e73       0x4a ../BSP//libhal_bsp.a(alt_tick.o)
                                        0x226 (size before relaxing)
 .debug_str     0x0000000000000ebd       0x3b ../BSP//libhal_bsp.a(altera_nios2_gen2_irq.o)
                                        0x130 (size before relaxing)
 .debug_str     0x0000000000000ef8       0x24 ../BSP//libhal_bsp.a(alt_find_dev.o)
                                        0x1c0 (size before relaxing)
 .debug_str     0x0000000000000f1c       0x26 ../BSP//libhal_bsp.a(alt_find_file.o)
                                        0x1ce (size before relaxing)
 .debug_str     0x0000000000000f42       0x30 ../BSP//libhal_bsp.a(alt_get_fd.o)
                                        0x1f0 (size before relaxing)
 .debug_str     0x0000000000000f72       0x2c ../BSP//libhal_bsp.a(alt_icache_flush.o)
                                        0x12f (size before relaxing)
 .debug_str     0x0000000000000f9e      0x48b ../BSP//libhal_bsp.a(alt_instruction_exception_entry.o)
                                        0x573 (size before relaxing)
 .debug_str     0x0000000000001429      0x15c /opt/Altera/QuartusPrime-15.1/nios2eds/bin/gnu/H-x86_64-pc-linux-gnu/bin/../lib/gcc/nios2-elf/4.9.2/../../../../../H-x86_64-pc-linux-gnu/nios2-elf/lib/libsmallc.a(lib_a-atexit.o)
                                        0x1f5 (size before relaxing)
 .debug_str     0x0000000000001585       0x49 /opt/Altera/QuartusPrime-15.1/nios2eds/bin/gnu/H-x86_64-pc-linux-gnu/bin/../lib/gcc/nios2-elf/4.9.2/../../../../../H-x86_64-pc-linux-gnu/nios2-elf/lib/libsmallc.a(lib_a-exit.o)
                                        0x1c9 (size before relaxing)
 .debug_str     0x00000000000015ce       0xc6 /opt/Altera/QuartusPrime-15.1/nios2eds/bin/gnu/H-x86_64-pc-linux-gnu/bin/../lib/gcc/nios2-elf/4.9.2/../../../../../H-x86_64-pc-linux-gnu/nios2-elf/lib/libsmallc.a(lib_a-int_errno.o)
                                        0x1b1 (size before relaxing)
 .debug_str     0x0000000000001694       0xd3 /opt/Altera/QuartusPrime-15.1/nios2eds/bin/gnu/H-x86_64-pc-linux-gnu/bin/../lib/gcc/nios2-elf/4.9.2/../../../../../H-x86_64-pc-linux-gnu/nios2-elf/lib/libsmallc.a(lib_a-memcmp.o)
                                        0x1b8 (size before relaxing)
 .debug_str     0x0000000000001767       0x55 /opt/Altera/QuartusPrime-15.1/nios2eds/bin/gnu/H-x86_64-pc-linux-gnu/bin/../lib/gcc/nios2-elf/4.9.2/../../../../../H-x86_64-pc-linux-gnu/nios2-elf/lib/libsmallc.a(lib_a-memcpy.o)
                                        0x1cc (size before relaxing)
 .debug_str     0x00000000000017bc       0x41 /opt/Altera/QuartusPrime-15.1/nios2eds/bin/gnu/H-x86_64-pc-linux-gnu/bin/../lib/gcc/nios2-elf/4.9.2/../../../../../H-x86_64-pc-linux-gnu/nios2-elf/lib/libsmallc.a(lib_a-strlen.o)
                                        0x1be (size before relaxing)
 .debug_str     0x00000000000017fd      0x2e9 /opt/Altera/QuartusPrime-15.1/nios2eds/bin/gnu/H-x86_64-pc-linux-gnu/bin/../lib/gcc/nios2-elf/4.9.2/../../../../../H-x86_64-pc-linux-gnu/nios2-elf/lib/libsmallc.a(lib_a-__atexit.o)
                                        0x4df (size before relaxing)
 .debug_str     0x0000000000001ae6       0x62 /opt/Altera/QuartusPrime-15.1/nios2eds/bin/gnu/H-x86_64-pc-linux-gnu/bin/../lib/gcc/nios2-elf/4.9.2/../../../../../H-x86_64-pc-linux-gnu/nios2-elf/lib/libsmallc.a(lib_a-__call_atexit.o)
                                        0x4c4 (size before relaxing)
 .debug_str     0x0000000000001b48       0x45 /opt/Altera/QuartusPrime-15.1/nios2eds/bin/gnu/H-x86_64-pc-linux-gnu/bin/../lib/gcc/nios2-elf/4.9.2/../../../../../H-x86_64-pc-linux-gnu/nios2-elf/lib/libsmallc.a(lib_a-impure.o)
                                        0x497 (size before relaxing)
 .debug_str     0x0000000000001b8d      0x16c /opt/Altera/QuartusPrime-15.1/nios2eds/bin/gnu/H-x86_64-pc-linux-gnu/bin/../lib/gcc/nios2-elf/4.9.2/libgcc.a(lib2-divmod.o)
                                        0x1b7 (size before relaxing)
 .debug_str     0x0000000000001cf9       0x2a ../BSP//libhal_bsp.a(alt_exit.o)
                                        0x125 (size before relaxing)

.debug_loc      0x0000000000000000      0x771
 *(.debug_loc)
 .debug_loc     0x0000000000000000       0x2c /opt/Altera/QuartusPrime-15.1/nios2eds/bin/gnu/H-x86_64-pc-linux-gnu/bin/../lib/gcc/nios2-elf/4.9.2/../../../../../H-x86_64-pc-linux-gnu/nios2-elf/lib/libsmallc.a(lib_a-atexit.o)
 .debug_loc     0x000000000000002c       0x1e /opt/Altera/QuartusPrime-15.1/nios2eds/bin/gnu/H-x86_64-pc-linux-gnu/bin/../lib/gcc/nios2-elf/4.9.2/../../../../../H-x86_64-pc-linux-gnu/nios2-elf/lib/libsmallc.a(lib_a-exit.o)
 .debug_loc     0x000000000000004a       0x94 /opt/Altera/QuartusPrime-15.1/nios2eds/bin/gnu/H-x86_64-pc-linux-gnu/bin/../lib/gcc/nios2-elf/4.9.2/../../../../../H-x86_64-pc-linux-gnu/nios2-elf/lib/libsmallc.a(lib_a-memcmp.o)
 .debug_loc     0x00000000000000de      0x11b /opt/Altera/QuartusPrime-15.1/nios2eds/bin/gnu/H-x86_64-pc-linux-gnu/bin/../lib/gcc/nios2-elf/4.9.2/../../../../../H-x86_64-pc-linux-gnu/nios2-elf/lib/libsmallc.a(lib_a-memcpy.o)
 .debug_loc     0x00000000000001f9       0x1e /opt/Altera/QuartusPrime-15.1/nios2eds/bin/gnu/H-x86_64-pc-linux-gnu/bin/../lib/gcc/nios2-elf/4.9.2/../../../../../H-x86_64-pc-linux-gnu/nios2-elf/lib/libsmallc.a(lib_a-strlen.o)
 .debug_loc     0x0000000000000217      0x1c0 /opt/Altera/QuartusPrime-15.1/nios2eds/bin/gnu/H-x86_64-pc-linux-gnu/bin/../lib/gcc/nios2-elf/4.9.2/../../../../../H-x86_64-pc-linux-gnu/nios2-elf/lib/libsmallc.a(lib_a-__atexit.o)
 .debug_loc     0x00000000000003d7      0x127 /opt/Altera/QuartusPrime-15.1/nios2eds/bin/gnu/H-x86_64-pc-linux-gnu/bin/../lib/gcc/nios2-elf/4.9.2/../../../../../H-x86_64-pc-linux-gnu/nios2-elf/lib/libsmallc.a(lib_a-__call_atexit.o)
 .debug_loc     0x00000000000004fe      0x273 /opt/Altera/QuartusPrime-15.1/nios2eds/bin/gnu/H-x86_64-pc-linux-gnu/bin/../lib/gcc/nios2-elf/4.9.2/libgcc.a(lib2-divmod.o)

.debug_macinfo
 *(.debug_macinfo)

.debug_weaknames
 *(.debug_weaknames)

.debug_funcnames
 *(.debug_funcnames)

.debug_typenames
 *(.debug_typenames)

.debug_varnames
 *(.debug_varnames)

.debug_alt_sim_info
                0x0000000000000000       0x60
 *(.debug_alt_sim_info)
 .debug_alt_sim_info
                0x0000000000000000       0x30 ../BSP//obj/HAL/src/crt0.o
 .debug_alt_sim_info
                0x0000000000000030       0x30 ../BSP//libhal_bsp.a(alt_busy_sleep.o)
                0x000000000001a000                __alt_data_end = 0x1a000
                0x000000000001a000                PROVIDE (__alt_stack_pointer, __alt_data_end)
                0x0000000000015888                PROVIDE (__alt_stack_limit, __alt_stack_base)
                0x0000000000015888                PROVIDE (__alt_heap_start, end)
                0x000000000001a000                PROVIDE (__alt_heap_limit, 0x1a000)
OUTPUT(master.elf elf32-littlenios2)

.debug_ranges   0x0000000000000000      0x110
 .debug_ranges  0x0000000000000000       0x20 ../BSP//obj/HAL/src/crt0.o
 .debug_ranges  0x0000000000000020       0x28 ../BSP//libhal_bsp.a(alt_irq_entry.o)
 .debug_ranges  0x0000000000000048       0x10 ../BSP//libhal_bsp.a(alt_irq_handler.o)
 .debug_ranges  0x0000000000000058       0x30 ../BSP//libhal_bsp.a(alt_exception_entry.o)
 .debug_ranges  0x0000000000000088       0x18 ../BSP//libhal_bsp.a(alt_instruction_exception_entry.o)
 .debug_ranges  0x00000000000000a0       0x10 /opt/Altera/QuartusPrime-15.1/nios2eds/bin/gnu/H-x86_64-pc-linux-gnu/bin/../lib/gcc/nios2-elf/4.9.2/../../../../../H-x86_64-pc-linux-gnu/nios2-elf/lib/libsmallc.a(lib_a-atexit.o)
 .debug_ranges  0x00000000000000b0       0x10 /opt/Altera/QuartusPrime-15.1/nios2eds/bin/gnu/H-x86_64-pc-linux-gnu/bin/../lib/gcc/nios2-elf/4.9.2/../../../../../H-x86_64-pc-linux-gnu/nios2-elf/lib/libsmallc.a(lib_a-exit.o)
 .debug_ranges  0x00000000000000c0       0x10 /opt/Altera/QuartusPrime-15.1/nios2eds/bin/gnu/H-x86_64-pc-linux-gnu/bin/../lib/gcc/nios2-elf/4.9.2/../../../../../H-x86_64-pc-linux-gnu/nios2-elf/lib/libsmallc.a(lib_a-memcmp.o)
 .debug_ranges  0x00000000000000d0       0x10 /opt/Altera/QuartusPrime-15.1/nios2eds/bin/gnu/H-x86_64-pc-linux-gnu/bin/../lib/gcc/nios2-elf/4.9.2/../../../../../H-x86_64-pc-linux-gnu/nios2-elf/lib/libsmallc.a(lib_a-memcpy.o)
 .debug_ranges  0x00000000000000e0       0x10 /opt/Altera/QuartusPrime-15.1/nios2eds/bin/gnu/H-x86_64-pc-linux-gnu/bin/../lib/gcc/nios2-elf/4.9.2/../../../../../H-x86_64-pc-linux-gnu/nios2-elf/lib/libsmallc.a(lib_a-strlen.o)
 .debug_ranges  0x00000000000000f0       0x10 /opt/Altera/QuartusPrime-15.1/nios2eds/bin/gnu/H-x86_64-pc-linux-gnu/bin/../lib/gcc/nios2-elf/4.9.2/../../../../../H-x86_64-pc-linux-gnu/nios2-elf/lib/libsmallc.a(lib_a-__atexit.o)
 .debug_ranges  0x0000000000000100       0x10 /opt/Altera/QuartusPrime-15.1/nios2eds/bin/gnu/H-x86_64-pc-linux-gnu/bin/../lib/gcc/nios2-elf/4.9.2/../../../../../H-x86_64-pc-linux-gnu/nios2-elf/lib/libsmallc.a(lib_a-__call_atexit.o)
